make -C ./src/backend generated-headers
make[1]: Entering directory '/home/postgres/works/my-github/minipg/src/backend'
make -C catalog distprep generated-header-symlinks
make[2]: Entering directory '/home/postgres/works/my-github/minipg/src/backend/catalog'
'/usr/bin/perl' genbki.pl --include-path=../../../src/include/ \
	--set-version=14 ../../../src/include/catalog/pg_proc.h ../../../src/include/catalog/pg_type.h ../../../src/include/catalog/pg_attribute.h ../../../src/include/catalog/pg_class.h ../../../src/include/catalog/pg_attrdef.h ../../../src/include/catalog/pg_constraint.h ../../../src/include/catalog/pg_index.h ../../../src/include/catalog/pg_operator.h ../../../src/include/catalog/pg_opfamily.h ../../../src/include/catalog/pg_opclass.h ../../../src/include/catalog/pg_am.h ../../../src/include/catalog/pg_amop.h ../../../src/include/catalog/pg_amproc.h ../../../src/include/catalog/pg_language.h ../../../src/include/catalog/pg_aggregate.h ../../../src/include/catalog/pg_statistic.h ../../../src/include/catalog/pg_statistic_ext.h ../../../src/include/catalog/pg_statistic_ext_data.h ../../../src/include/catalog/pg_rewrite.h ../../../src/include/catalog/pg_trigger.h ../../../src/include/catalog/pg_cast.h ../../../src/include/catalog/pg_enum.h ../../../src/include/catalog/pg_namespace.h ../../../src/include/catalog/pg_conversion.h ../../../src/include/catalog/pg_depend.h ../../../src/include/catalog/pg_database.h ../../../src/include/catalog/pg_tablespace.h ../../../src/include/catalog/pg_shdepend.h ../../../src/include/catalog/pg_extension.h ../../../src/include/catalog/pg_collation.h ../../../src/include/catalog/pg_range.h ../../../src/include/catalog/pg_transform.h
touch bki-stamp
prereqdir=`cd './' >/dev/null && pwd` && \
cd '../../../src/include/catalog/' && for file in pg_proc_d.h pg_type_d.h pg_attribute_d.h pg_class_d.h pg_attrdef_d.h pg_constraint_d.h pg_index_d.h pg_operator_d.h pg_opfamily_d.h pg_opclass_d.h pg_am_d.h pg_amop_d.h pg_amproc_d.h pg_language_d.h pg_aggregate_d.h pg_statistic_d.h pg_statistic_ext_d.h pg_statistic_ext_data_d.h pg_rewrite_d.h pg_trigger_d.h pg_cast_d.h pg_enum_d.h pg_namespace_d.h pg_conversion_d.h pg_depend_d.h pg_database_d.h pg_tablespace_d.h pg_shdepend_d.h pg_extension_d.h pg_collation_d.h pg_range_d.h pg_transform_d.h schemapg.h system_fk_info.h; do \
  rm -f $file && ln -s "$prereqdir/$file" . ; \
done
touch ../../../src/include/catalog/header-stamp
make[2]: Leaving directory '/home/postgres/works/my-github/minipg/src/backend/catalog'
make -C utils distprep generated-header-symlinks
make[2]: Entering directory '/home/postgres/works/my-github/minipg/src/backend/utils'
'/usr/bin/perl' -I ../../../src/backend/catalog Gen_fmgrtab.pl --include-path=../../../src/include/ ../../../src/include/catalog/pg_proc.dat
touch fmgr-stamp
'/usr/bin/perl' ./generate-errcodes.pl ../../../src/backend/utils/errcodes.txt > errcodes.h
prereqdir=`cd './' >/dev/null && pwd` && \
cd '../../../src/include/utils/' && for file in fmgroids.h fmgrprotos.h errcodes.h; do \
  rm -f $file && ln -s "$prereqdir/$file" . ; \
done
touch ../../../src/include/utils/header-stamp
sed -f ./Gen_dummy_probes.sed probes.d >probes.h
cd '../../../src/include/utils/' && rm -f probes.h && \
    ln -s "../../../src/backend/utils/probes.h" .
make[2]: Leaving directory '/home/postgres/works/my-github/minipg/src/backend/utils'
make -C parser gram.h
make[2]: Entering directory '/home/postgres/works/my-github/minipg/src/backend/parser'
'/usr/bin/perl' ./check_keywords.pl gram.y ../../../src/include/parser/kwlist.h
/usr/bin/bison -Wno-deprecated  -d -o gram.c gram.y
touch gram.h
make[2]: Leaving directory '/home/postgres/works/my-github/minipg/src/backend/parser'
prereqdir=`cd 'parser/' >/dev/null && pwd` && \
  cd '../../src/include/parser/' && rm -f gram.h && \
  ln -s "$prereqdir/gram.h" .
make -C storage/lmgr lwlocknames.h lwlocknames.c
make[2]: Entering directory '/home/postgres/works/my-github/minipg/src/backend/storage/lmgr'
'/usr/bin/perl' ./generate-lwlocknames.pl ../../../../src/backend/storage/lmgr/lwlocknames.txt
make[2]: 'lwlocknames.c' is up to date.
make[2]: Leaving directory '/home/postgres/works/my-github/minipg/src/backend/storage/lmgr'
prereqdir=`cd 'storage/lmgr/' >/dev/null && pwd` && \
  cd '../../src/include/storage/' && rm -f lwlocknames.h && \
  ln -s "$prereqdir/lwlocknames.h" .
make[1]: Leaving directory '/home/postgres/works/my-github/minipg/src/backend'
make -C src all
make[1]: Entering directory '/home/postgres/works/my-github/minipg/src'
make -C common all
make[2]: Entering directory '/home/postgres/works/my-github/minipg/src/common'
gcc -Wall -Wmissing-prototypes -Wpointer-arith -Wdeclaration-after-statement -Werror=vla -Wendif-labels -Wmissing-format-attribute -Wimplicit-fallthrough=3 -Wcast-function-type -Wformat-security -fno-strict-aliasing -fwrapv -fexcess-precision=standard -Wno-format-truncation -Wno-stringop-truncation -g -O2 -DFRONTEND -I. -I../../src/common -I../../src/include -D_GNU_SOURCE  -DVAL_CC="\"gcc\"" -DVAL_CPPFLAGS="\"-D_GNU_SOURCE\"" -DVAL_CFLAGS="\"-Wall -Wmissing-prototypes -Wpointer-arith -Wdeclaration-after-statement -Werror=vla -Wendif-labels -Wmissing-format-attribute -Wimplicit-fallthrough=3 -Wcast-function-type -Wformat-security -fno-strict-aliasing -fwrapv -fexcess-precision=standard -Wno-format-truncation -Wno-stringop-truncation -g -O2\"" -DVAL_CFLAGS_SL="\"-fPIC\"" -DVAL_LDFLAGS="\"-Wl,--as-needed -Wl,-rpath,'/home/postgres/minipg/lib',--enable-new-dtags\"" -DVAL_LDFLAGS_EX="\"\"" -DVAL_LDFLAGS_SL="\"\"" -DVAL_LIBS="\"-lpgcommon -lpgport -lz -lreadline -lm \""  -c -o archive.o archive.c
gcc -Wall -Wmissing-prototypes -Wpointer-arith -Wdeclaration-after-statement -Werror=vla -Wendif-labels -Wmissing-format-attribute -Wimplicit-fallthrough=3 -Wcast-function-type -Wformat-security -fno-strict-aliasing -fwrapv -fexcess-precision=standard -Wno-format-truncation -Wno-stringop-truncation -g -O2 -DFRONTEND -I. -I../../src/common -I../../src/include -D_GNU_SOURCE  -DVAL_CC="\"gcc\"" -DVAL_CPPFLAGS="\"-D_GNU_SOURCE\"" -DVAL_CFLAGS="\"-Wall -Wmissing-prototypes -Wpointer-arith -Wdeclaration-after-statement -Werror=vla -Wendif-labels -Wmissing-format-attribute -Wimplicit-fallthrough=3 -Wcast-function-type -Wformat-security -fno-strict-aliasing -fwrapv -fexcess-precision=standard -Wno-format-truncation -Wno-stringop-truncation -g -O2\"" -DVAL_CFLAGS_SL="\"-fPIC\"" -DVAL_LDFLAGS="\"-Wl,--as-needed -Wl,-rpath,'/home/postgres/minipg/lib',--enable-new-dtags\"" -DVAL_LDFLAGS_EX="\"\"" -DVAL_LDFLAGS_SL="\"\"" -DVAL_LIBS="\"-lpgcommon -lpgport -lz -lreadline -lm \""  -c -o base64.o base64.c
gcc -Wall -Wmissing-prototypes -Wpointer-arith -Wdeclaration-after-statement -Werror=vla -Wendif-labels -Wmissing-format-attribute -Wimplicit-fallthrough=3 -Wcast-function-type -Wformat-security -fno-strict-aliasing -fwrapv -fexcess-precision=standard -Wno-format-truncation -Wno-stringop-truncation -g -O2 -DFRONTEND -I. -I../../src/common -I../../src/include -D_GNU_SOURCE  -DVAL_CC="\"gcc\"" -DVAL_CPPFLAGS="\"-D_GNU_SOURCE\"" -DVAL_CFLAGS="\"-Wall -Wmissing-prototypes -Wpointer-arith -Wdeclaration-after-statement -Werror=vla -Wendif-labels -Wmissing-format-attribute -Wimplicit-fallthrough=3 -Wcast-function-type -Wformat-security -fno-strict-aliasing -fwrapv -fexcess-precision=standard -Wno-format-truncation -Wno-stringop-truncation -g -O2\"" -DVAL_CFLAGS_SL="\"-fPIC\"" -DVAL_LDFLAGS="\"-Wl,--as-needed -Wl,-rpath,'/home/postgres/minipg/lib',--enable-new-dtags\"" -DVAL_LDFLAGS_EX="\"\"" -DVAL_LDFLAGS_SL="\"\"" -DVAL_LIBS="\"-lpgcommon -lpgport -lz -lreadline -lm \""  -c -o checksum_helper.o checksum_helper.c
gcc -Wall -Wmissing-prototypes -Wpointer-arith -Wdeclaration-after-statement -Werror=vla -Wendif-labels -Wmissing-format-attribute -Wimplicit-fallthrough=3 -Wcast-function-type -Wformat-security -fno-strict-aliasing -fwrapv -fexcess-precision=standard -Wno-format-truncation -Wno-stringop-truncation -g -O2 -DFRONTEND -I. -I../../src/common -I../../src/include -D_GNU_SOURCE  -DVAL_CC="\"gcc\"" -DVAL_CPPFLAGS="\"-D_GNU_SOURCE\"" -DVAL_CFLAGS="\"-Wall -Wmissing-prototypes -Wpointer-arith -Wdeclaration-after-statement -Werror=vla -Wendif-labels -Wmissing-format-attribute -Wimplicit-fallthrough=3 -Wcast-function-type -Wformat-security -fno-strict-aliasing -fwrapv -fexcess-precision=standard -Wno-format-truncation -Wno-stringop-truncation -g -O2\"" -DVAL_CFLAGS_SL="\"-fPIC\"" -DVAL_LDFLAGS="\"-Wl,--as-needed -Wl,-rpath,'/home/postgres/minipg/lib',--enable-new-dtags\"" -DVAL_LDFLAGS_EX="\"\"" -DVAL_LDFLAGS_SL="\"\"" -DVAL_LIBS="\"-lpgcommon -lpgport -lz -lreadline -lm \""  -c -o config_info.o config_info.c
gcc -Wall -Wmissing-prototypes -Wpointer-arith -Wdeclaration-after-statement -Werror=vla -Wendif-labels -Wmissing-format-attribute -Wimplicit-fallthrough=3 -Wcast-function-type -Wformat-security -fno-strict-aliasing -fwrapv -fexcess-precision=standard -Wno-format-truncation -Wno-stringop-truncation -g -O2 -DFRONTEND -I. -I../../src/common -I../../src/include -D_GNU_SOURCE  -DVAL_CC="\"gcc\"" -DVAL_CPPFLAGS="\"-D_GNU_SOURCE\"" -DVAL_CFLAGS="\"-Wall -Wmissing-prototypes -Wpointer-arith -Wdeclaration-after-statement -Werror=vla -Wendif-labels -Wmissing-format-attribute -Wimplicit-fallthrough=3 -Wcast-function-type -Wformat-security -fno-strict-aliasing -fwrapv -fexcess-precision=standard -Wno-format-truncation -Wno-stringop-truncation -g -O2\"" -DVAL_CFLAGS_SL="\"-fPIC\"" -DVAL_LDFLAGS="\"-Wl,--as-needed -Wl,-rpath,'/home/postgres/minipg/lib',--enable-new-dtags\"" -DVAL_LDFLAGS_EX="\"\"" -DVAL_LDFLAGS_SL="\"\"" -DVAL_LIBS="\"-lpgcommon -lpgport -lz -lreadline -lm \""  -c -o controldata_utils.o controldata_utils.c
gcc -Wall -Wmissing-prototypes -Wpointer-arith -Wdeclaration-after-statement -Werror=vla -Wendif-labels -Wmissing-format-attribute -Wimplicit-fallthrough=3 -Wcast-function-type -Wformat-security -fno-strict-aliasing -fwrapv -fexcess-precision=standard -Wno-format-truncation -Wno-stringop-truncation -g -O2 -Wno-declaration-after-statement -DFRONTEND -I. -I../../src/common -I../../src/include -D_GNU_SOURCE  -DVAL_CC="\"gcc\"" -DVAL_CPPFLAGS="\"-D_GNU_SOURCE\"" -DVAL_CFLAGS="\"-Wall -Wmissing-prototypes -Wpointer-arith -Wdeclaration-after-statement -Werror=vla -Wendif-labels -Wmissing-format-attribute -Wimplicit-fallthrough=3 -Wcast-function-type -Wformat-security -fno-strict-aliasing -fwrapv -fexcess-precision=standard -Wno-format-truncation -Wno-stringop-truncation -g -O2\"" -DVAL_CFLAGS_SL="\"-fPIC\"" -DVAL_LDFLAGS="\"-Wl,--as-needed -Wl,-rpath,'/home/postgres/minipg/lib',--enable-new-dtags\"" -DVAL_LDFLAGS_EX="\"\"" -DVAL_LDFLAGS_SL="\"\"" -DVAL_LIBS="\"-lpgcommon -lpgport -lz -lreadline -lm \""  -c -o d2s.o d2s.c
gcc -Wall -Wmissing-prototypes -Wpointer-arith -Wdeclaration-after-statement -Werror=vla -Wendif-labels -Wmissing-format-attribute -Wimplicit-fallthrough=3 -Wcast-function-type -Wformat-security -fno-strict-aliasing -fwrapv -fexcess-precision=standard -Wno-format-truncation -Wno-stringop-truncation -g -O2 -DFRONTEND -I. -I../../src/common -I../../src/include -D_GNU_SOURCE  -DVAL_CC="\"gcc\"" -DVAL_CPPFLAGS="\"-D_GNU_SOURCE\"" -DVAL_CFLAGS="\"-Wall -Wmissing-prototypes -Wpointer-arith -Wdeclaration-after-statement -Werror=vla -Wendif-labels -Wmissing-format-attribute -Wimplicit-fallthrough=3 -Wcast-function-type -Wformat-security -fno-strict-aliasing -fwrapv -fexcess-precision=standard -Wno-format-truncation -Wno-stringop-truncation -g -O2\"" -DVAL_CFLAGS_SL="\"-fPIC\"" -DVAL_LDFLAGS="\"-Wl,--as-needed -Wl,-rpath,'/home/postgres/minipg/lib',--enable-new-dtags\"" -DVAL_LDFLAGS_EX="\"\"" -DVAL_LDFLAGS_SL="\"\"" -DVAL_LIBS="\"-lpgcommon -lpgport -lz -lreadline -lm \""  -c -o encnames.o encnames.c
gcc -Wall -Wmissing-prototypes -Wpointer-arith -Wdeclaration-after-statement -Werror=vla -Wendif-labels -Wmissing-format-attribute -Wimplicit-fallthrough=3 -Wcast-function-type -Wformat-security -fno-strict-aliasing -fwrapv -fexcess-precision=standard -Wno-format-truncation -Wno-stringop-truncation -g -O2 -DFRONTEND -I. -I../../src/common -I../../src/include -D_GNU_SOURCE  -DVAL_CC="\"gcc\"" -DVAL_CPPFLAGS="\"-D_GNU_SOURCE\"" -DVAL_CFLAGS="\"-Wall -Wmissing-prototypes -Wpointer-arith -Wdeclaration-after-statement -Werror=vla -Wendif-labels -Wmissing-format-attribute -Wimplicit-fallthrough=3 -Wcast-function-type -Wformat-security -fno-strict-aliasing -fwrapv -fexcess-precision=standard -Wno-format-truncation -Wno-stringop-truncation -g -O2\"" -DVAL_CFLAGS_SL="\"-fPIC\"" -DVAL_LDFLAGS="\"-Wl,--as-needed -Wl,-rpath,'/home/postgres/minipg/lib',--enable-new-dtags\"" -DVAL_LDFLAGS_EX="\"\"" -DVAL_LDFLAGS_SL="\"\"" -DVAL_LIBS="\"-lpgcommon -lpgport -lz -lreadline -lm \""  -c -o exec.o exec.c
gcc -Wall -Wmissing-prototypes -Wpointer-arith -Wdeclaration-after-statement -Werror=vla -Wendif-labels -Wmissing-format-attribute -Wimplicit-fallthrough=3 -Wcast-function-type -Wformat-security -fno-strict-aliasing -fwrapv -fexcess-precision=standard -Wno-format-truncation -Wno-stringop-truncation -g -O2 -Wno-declaration-after-statement -DFRONTEND -I. -I../../src/common -I../../src/include -D_GNU_SOURCE  -DVAL_CC="\"gcc\"" -DVAL_CPPFLAGS="\"-D_GNU_SOURCE\"" -DVAL_CFLAGS="\"-Wall -Wmissing-prototypes -Wpointer-arith -Wdeclaration-after-statement -Werror=vla -Wendif-labels -Wmissing-format-attribute -Wimplicit-fallthrough=3 -Wcast-function-type -Wformat-security -fno-strict-aliasing -fwrapv -fexcess-precision=standard -Wno-format-truncation -Wno-stringop-truncation -g -O2\"" -DVAL_CFLAGS_SL="\"-fPIC\"" -DVAL_LDFLAGS="\"-Wl,--as-needed -Wl,-rpath,'/home/postgres/minipg/lib',--enable-new-dtags\"" -DVAL_LDFLAGS_EX="\"\"" -DVAL_LDFLAGS_SL="\"\"" -DVAL_LIBS="\"-lpgcommon -lpgport -lz -lreadline -lm \""  -c -o f2s.o f2s.c
gcc -Wall -Wmissing-prototypes -Wpointer-arith -Wdeclaration-after-statement -Werror=vla -Wendif-labels -Wmissing-format-attribute -Wimplicit-fallthrough=3 -Wcast-function-type -Wformat-security -fno-strict-aliasing -fwrapv -fexcess-precision=standard -Wno-format-truncation -Wno-stringop-truncation -g -O2 -DFRONTEND -I. -I../../src/common -I../../src/include -D_GNU_SOURCE  -DVAL_CC="\"gcc\"" -DVAL_CPPFLAGS="\"-D_GNU_SOURCE\"" -DVAL_CFLAGS="\"-Wall -Wmissing-prototypes -Wpointer-arith -Wdeclaration-after-statement -Werror=vla -Wendif-labels -Wmissing-format-attribute -Wimplicit-fallthrough=3 -Wcast-function-type -Wformat-security -fno-strict-aliasing -fwrapv -fexcess-precision=standard -Wno-format-truncation -Wno-stringop-truncation -g -O2\"" -DVAL_CFLAGS_SL="\"-fPIC\"" -DVAL_LDFLAGS="\"-Wl,--as-needed -Wl,-rpath,'/home/postgres/minipg/lib',--enable-new-dtags\"" -DVAL_LDFLAGS_EX="\"\"" -DVAL_LDFLAGS_SL="\"\"" -DVAL_LIBS="\"-lpgcommon -lpgport -lz -lreadline -lm \""  -c -o file_perm.o file_perm.c
gcc -Wall -Wmissing-prototypes -Wpointer-arith -Wdeclaration-after-statement -Werror=vla -Wendif-labels -Wmissing-format-attribute -Wimplicit-fallthrough=3 -Wcast-function-type -Wformat-security -fno-strict-aliasing -fwrapv -fexcess-precision=standard -Wno-format-truncation -Wno-stringop-truncation -g -O2 -DFRONTEND -I. -I../../src/common -I../../src/include -D_GNU_SOURCE  -DVAL_CC="\"gcc\"" -DVAL_CPPFLAGS="\"-D_GNU_SOURCE\"" -DVAL_CFLAGS="\"-Wall -Wmissing-prototypes -Wpointer-arith -Wdeclaration-after-statement -Werror=vla -Wendif-labels -Wmissing-format-attribute -Wimplicit-fallthrough=3 -Wcast-function-type -Wformat-security -fno-strict-aliasing -fwrapv -fexcess-precision=standard -Wno-format-truncation -Wno-stringop-truncation -g -O2\"" -DVAL_CFLAGS_SL="\"-fPIC\"" -DVAL_LDFLAGS="\"-Wl,--as-needed -Wl,-rpath,'/home/postgres/minipg/lib',--enable-new-dtags\"" -DVAL_LDFLAGS_EX="\"\"" -DVAL_LDFLAGS_SL="\"\"" -DVAL_LIBS="\"-lpgcommon -lpgport -lz -lreadline -lm \""  -c -o file_utils.o file_utils.c
gcc -Wall -Wmissing-prototypes -Wpointer-arith -Wdeclaration-after-statement -Werror=vla -Wendif-labels -Wmissing-format-attribute -Wimplicit-fallthrough=3 -Wcast-function-type -Wformat-security -fno-strict-aliasing -fwrapv -fexcess-precision=standard -Wno-format-truncation -Wno-stringop-truncation -g -O2 -DFRONTEND -I. -I../../src/common -I../../src/include -D_GNU_SOURCE  -DVAL_CC="\"gcc\"" -DVAL_CPPFLAGS="\"-D_GNU_SOURCE\"" -DVAL_CFLAGS="\"-Wall -Wmissing-prototypes -Wpointer-arith -Wdeclaration-after-statement -Werror=vla -Wendif-labels -Wmissing-format-attribute -Wimplicit-fallthrough=3 -Wcast-function-type -Wformat-security -fno-strict-aliasing -fwrapv -fexcess-precision=standard -Wno-format-truncation -Wno-stringop-truncation -g -O2\"" -DVAL_CFLAGS_SL="\"-fPIC\"" -DVAL_LDFLAGS="\"-Wl,--as-needed -Wl,-rpath,'/home/postgres/minipg/lib',--enable-new-dtags\"" -DVAL_LDFLAGS_EX="\"\"" -DVAL_LDFLAGS_SL="\"\"" -DVAL_LIBS="\"-lpgcommon -lpgport -lz -lreadline -lm \""  -c -o hashfn.o hashfn.c
gcc -Wall -Wmissing-prototypes -Wpointer-arith -Wdeclaration-after-statement -Werror=vla -Wendif-labels -Wmissing-format-attribute -Wimplicit-fallthrough=3 -Wcast-function-type -Wformat-security -fno-strict-aliasing -fwrapv -fexcess-precision=standard -Wno-format-truncation -Wno-stringop-truncation -g -O2 -DFRONTEND -I. -I../../src/common -I../../src/include -D_GNU_SOURCE  -DVAL_CC="\"gcc\"" -DVAL_CPPFLAGS="\"-D_GNU_SOURCE\"" -DVAL_CFLAGS="\"-Wall -Wmissing-prototypes -Wpointer-arith -Wdeclaration-after-statement -Werror=vla -Wendif-labels -Wmissing-format-attribute -Wimplicit-fallthrough=3 -Wcast-function-type -Wformat-security -fno-strict-aliasing -fwrapv -fexcess-precision=standard -Wno-format-truncation -Wno-stringop-truncation -g -O2\"" -DVAL_CFLAGS_SL="\"-fPIC\"" -DVAL_LDFLAGS="\"-Wl,--as-needed -Wl,-rpath,'/home/postgres/minipg/lib',--enable-new-dtags\"" -DVAL_LDFLAGS_EX="\"\"" -DVAL_LDFLAGS_SL="\"\"" -DVAL_LIBS="\"-lpgcommon -lpgport -lz -lreadline -lm \""  -c -o ip.o ip.c
gcc -Wall -Wmissing-prototypes -Wpointer-arith -Wdeclaration-after-statement -Werror=vla -Wendif-labels -Wmissing-format-attribute -Wimplicit-fallthrough=3 -Wcast-function-type -Wformat-security -fno-strict-aliasing -fwrapv -fexcess-precision=standard -Wno-format-truncation -Wno-stringop-truncation -g -O2 -DFRONTEND -I. -I../../src/common -I../../src/include -D_GNU_SOURCE  -DVAL_CC="\"gcc\"" -DVAL_CPPFLAGS="\"-D_GNU_SOURCE\"" -DVAL_CFLAGS="\"-Wall -Wmissing-prototypes -Wpointer-arith -Wdeclaration-after-statement -Werror=vla -Wendif-labels -Wmissing-format-attribute -Wimplicit-fallthrough=3 -Wcast-function-type -Wformat-security -fno-strict-aliasing -fwrapv -fexcess-precision=standard -Wno-format-truncation -Wno-stringop-truncation -g -O2\"" -DVAL_CFLAGS_SL="\"-fPIC\"" -DVAL_LDFLAGS="\"-Wl,--as-needed -Wl,-rpath,'/home/postgres/minipg/lib',--enable-new-dtags\"" -DVAL_LDFLAGS_EX="\"\"" -DVAL_LDFLAGS_SL="\"\"" -DVAL_LIBS="\"-lpgcommon -lpgport -lz -lreadline -lm \""  -c -o jsonapi.o jsonapi.c
'/usr/bin/perl' -I ../../src/tools ../../src/tools/gen_keywordlist.pl --extern ../../src/include/parser/kwlist.h
gcc -Wall -Wmissing-prototypes -Wpointer-arith -Wdeclaration-after-statement -Werror=vla -Wendif-labels -Wmissing-format-attribute -Wimplicit-fallthrough=3 -Wcast-function-type -Wformat-security -fno-strict-aliasing -fwrapv -fexcess-precision=standard -Wno-format-truncation -Wno-stringop-truncation -g -O2 -DFRONTEND -I. -I../../src/common -I../../src/include -D_GNU_SOURCE  -DVAL_CC="\"gcc\"" -DVAL_CPPFLAGS="\"-D_GNU_SOURCE\"" -DVAL_CFLAGS="\"-Wall -Wmissing-prototypes -Wpointer-arith -Wdeclaration-after-statement -Werror=vla -Wendif-labels -Wmissing-format-attribute -Wimplicit-fallthrough=3 -Wcast-function-type -Wformat-security -fno-strict-aliasing -fwrapv -fexcess-precision=standard -Wno-format-truncation -Wno-stringop-truncation -g -O2\"" -DVAL_CFLAGS_SL="\"-fPIC\"" -DVAL_LDFLAGS="\"-Wl,--as-needed -Wl,-rpath,'/home/postgres/minipg/lib',--enable-new-dtags\"" -DVAL_LDFLAGS_EX="\"\"" -DVAL_LDFLAGS_SL="\"\"" -DVAL_LIBS="\"-lpgcommon -lpgport -lz -lreadline -lm \""  -c -o keywords.o keywords.c
gcc -Wall -Wmissing-prototypes -Wpointer-arith -Wdeclaration-after-statement -Werror=vla -Wendif-labels -Wmissing-format-attribute -Wimplicit-fallthrough=3 -Wcast-function-type -Wformat-security -fno-strict-aliasing -fwrapv -fexcess-precision=standard -Wno-format-truncation -Wno-stringop-truncation -g -O2 -DFRONTEND -I. -I../../src/common -I../../src/include -D_GNU_SOURCE  -DVAL_CC="\"gcc\"" -DVAL_CPPFLAGS="\"-D_GNU_SOURCE\"" -DVAL_CFLAGS="\"-Wall -Wmissing-prototypes -Wpointer-arith -Wdeclaration-after-statement -Werror=vla -Wendif-labels -Wmissing-format-attribute -Wimplicit-fallthrough=3 -Wcast-function-type -Wformat-security -fno-strict-aliasing -fwrapv -fexcess-precision=standard -Wno-format-truncation -Wno-stringop-truncation -g -O2\"" -DVAL_CFLAGS_SL="\"-fPIC\"" -DVAL_LDFLAGS="\"-Wl,--as-needed -Wl,-rpath,'/home/postgres/minipg/lib',--enable-new-dtags\"" -DVAL_LDFLAGS_EX="\"\"" -DVAL_LDFLAGS_SL="\"\"" -DVAL_LIBS="\"-lpgcommon -lpgport -lz -lreadline -lm \""  -c -o kwlookup.o kwlookup.c
gcc -Wall -Wmissing-prototypes -Wpointer-arith -Wdeclaration-after-statement -Werror=vla -Wendif-labels -Wmissing-format-attribute -Wimplicit-fallthrough=3 -Wcast-function-type -Wformat-security -fno-strict-aliasing -fwrapv -fexcess-precision=standard -Wno-format-truncation -Wno-stringop-truncation -g -O2 -DFRONTEND -I. -I../../src/common -I../../src/include -D_GNU_SOURCE  -DVAL_CC="\"gcc\"" -DVAL_CPPFLAGS="\"-D_GNU_SOURCE\"" -DVAL_CFLAGS="\"-Wall -Wmissing-prototypes -Wpointer-arith -Wdeclaration-after-statement -Werror=vla -Wendif-labels -Wmissing-format-attribute -Wimplicit-fallthrough=3 -Wcast-function-type -Wformat-security -fno-strict-aliasing -fwrapv -fexcess-precision=standard -Wno-format-truncation -Wno-stringop-truncation -g -O2\"" -DVAL_CFLAGS_SL="\"-fPIC\"" -DVAL_LDFLAGS="\"-Wl,--as-needed -Wl,-rpath,'/home/postgres/minipg/lib',--enable-new-dtags\"" -DVAL_LDFLAGS_EX="\"\"" -DVAL_LDFLAGS_SL="\"\"" -DVAL_LIBS="\"-lpgcommon -lpgport -lz -lreadline -lm \""  -c -o link-canary.o link-canary.c
gcc -Wall -Wmissing-prototypes -Wpointer-arith -Wdeclaration-after-statement -Werror=vla -Wendif-labels -Wmissing-format-attribute -Wimplicit-fallthrough=3 -Wcast-function-type -Wformat-security -fno-strict-aliasing -fwrapv -fexcess-precision=standard -Wno-format-truncation -Wno-stringop-truncation -g -O2 -DFRONTEND -I. -I../../src/common -I../../src/include -D_GNU_SOURCE  -DVAL_CC="\"gcc\"" -DVAL_CPPFLAGS="\"-D_GNU_SOURCE\"" -DVAL_CFLAGS="\"-Wall -Wmissing-prototypes -Wpointer-arith -Wdeclaration-after-statement -Werror=vla -Wendif-labels -Wmissing-format-attribute -Wimplicit-fallthrough=3 -Wcast-function-type -Wformat-security -fno-strict-aliasing -fwrapv -fexcess-precision=standard -Wno-format-truncation -Wno-stringop-truncation -g -O2\"" -DVAL_CFLAGS_SL="\"-fPIC\"" -DVAL_LDFLAGS="\"-Wl,--as-needed -Wl,-rpath,'/home/postgres/minipg/lib',--enable-new-dtags\"" -DVAL_LDFLAGS_EX="\"\"" -DVAL_LDFLAGS_SL="\"\"" -DVAL_LIBS="\"-lpgcommon -lpgport -lz -lreadline -lm \""  -c -o md5_common.o md5_common.c
gcc -Wall -Wmissing-prototypes -Wpointer-arith -Wdeclaration-after-statement -Werror=vla -Wendif-labels -Wmissing-format-attribute -Wimplicit-fallthrough=3 -Wcast-function-type -Wformat-security -fno-strict-aliasing -fwrapv -fexcess-precision=standard -Wno-format-truncation -Wno-stringop-truncation -g -O2 -DFRONTEND -I. -I../../src/common -I../../src/include -D_GNU_SOURCE  -DVAL_CC="\"gcc\"" -DVAL_CPPFLAGS="\"-D_GNU_SOURCE\"" -DVAL_CFLAGS="\"-Wall -Wmissing-prototypes -Wpointer-arith -Wdeclaration-after-statement -Werror=vla -Wendif-labels -Wmissing-format-attribute -Wimplicit-fallthrough=3 -Wcast-function-type -Wformat-security -fno-strict-aliasing -fwrapv -fexcess-precision=standard -Wno-format-truncation -Wno-stringop-truncation -g -O2\"" -DVAL_CFLAGS_SL="\"-fPIC\"" -DVAL_LDFLAGS="\"-Wl,--as-needed -Wl,-rpath,'/home/postgres/minipg/lib',--enable-new-dtags\"" -DVAL_LDFLAGS_EX="\"\"" -DVAL_LDFLAGS_SL="\"\"" -DVAL_LIBS="\"-lpgcommon -lpgport -lz -lreadline -lm \""  -c -o pg_get_line.o pg_get_line.c
gcc -Wall -Wmissing-prototypes -Wpointer-arith -Wdeclaration-after-statement -Werror=vla -Wendif-labels -Wmissing-format-attribute -Wimplicit-fallthrough=3 -Wcast-function-type -Wformat-security -fno-strict-aliasing -fwrapv -fexcess-precision=standard -Wno-format-truncation -Wno-stringop-truncation -g -O2 -DFRONTEND -I. -I../../src/common -I../../src/include -D_GNU_SOURCE  -DVAL_CC="\"gcc\"" -DVAL_CPPFLAGS="\"-D_GNU_SOURCE\"" -DVAL_CFLAGS="\"-Wall -Wmissing-prototypes -Wpointer-arith -Wdeclaration-after-statement -Werror=vla -Wendif-labels -Wmissing-format-attribute -Wimplicit-fallthrough=3 -Wcast-function-type -Wformat-security -fno-strict-aliasing -fwrapv -fexcess-precision=standard -Wno-format-truncation -Wno-stringop-truncation -g -O2\"" -DVAL_CFLAGS_SL="\"-fPIC\"" -DVAL_LDFLAGS="\"-Wl,--as-needed -Wl,-rpath,'/home/postgres/minipg/lib',--enable-new-dtags\"" -DVAL_LDFLAGS_EX="\"\"" -DVAL_LDFLAGS_SL="\"\"" -DVAL_LIBS="\"-lpgcommon -lpgport -lz -lreadline -lm \""  -c -o pg_lzcompress.o pg_lzcompress.c
gcc -Wall -Wmissing-prototypes -Wpointer-arith -Wdeclaration-after-statement -Werror=vla -Wendif-labels -Wmissing-format-attribute -Wimplicit-fallthrough=3 -Wcast-function-type -Wformat-security -fno-strict-aliasing -fwrapv -fexcess-precision=standard -Wno-format-truncation -Wno-stringop-truncation -g -O2 -DFRONTEND -I. -I../../src/common -I../../src/include -D_GNU_SOURCE  -DVAL_CC="\"gcc\"" -DVAL_CPPFLAGS="\"-D_GNU_SOURCE\"" -DVAL_CFLAGS="\"-Wall -Wmissing-prototypes -Wpointer-arith -Wdeclaration-after-statement -Werror=vla -Wendif-labels -Wmissing-format-attribute -Wimplicit-fallthrough=3 -Wcast-function-type -Wformat-security -fno-strict-aliasing -fwrapv -fexcess-precision=standard -Wno-format-truncation -Wno-stringop-truncation -g -O2\"" -DVAL_CFLAGS_SL="\"-fPIC\"" -DVAL_LDFLAGS="\"-Wl,--as-needed -Wl,-rpath,'/home/postgres/minipg/lib',--enable-new-dtags\"" -DVAL_LDFLAGS_EX="\"\"" -DVAL_LDFLAGS_SL="\"\"" -DVAL_LIBS="\"-lpgcommon -lpgport -lz -lreadline -lm \""  -c -o pgfnames.o pgfnames.c
gcc -Wall -Wmissing-prototypes -Wpointer-arith -Wdeclaration-after-statement -Werror=vla -Wendif-labels -Wmissing-format-attribute -Wimplicit-fallthrough=3 -Wcast-function-type -Wformat-security -fno-strict-aliasing -fwrapv -fexcess-precision=standard -Wno-format-truncation -Wno-stringop-truncation -g -O2 -DFRONTEND -I. -I../../src/common -I../../src/include -D_GNU_SOURCE  -DVAL_CC="\"gcc\"" -DVAL_CPPFLAGS="\"-D_GNU_SOURCE\"" -DVAL_CFLAGS="\"-Wall -Wmissing-prototypes -Wpointer-arith -Wdeclaration-after-statement -Werror=vla -Wendif-labels -Wmissing-format-attribute -Wimplicit-fallthrough=3 -Wcast-function-type -Wformat-security -fno-strict-aliasing -fwrapv -fexcess-precision=standard -Wno-format-truncation -Wno-stringop-truncation -g -O2\"" -DVAL_CFLAGS_SL="\"-fPIC\"" -DVAL_LDFLAGS="\"-Wl,--as-needed -Wl,-rpath,'/home/postgres/minipg/lib',--enable-new-dtags\"" -DVAL_LDFLAGS_EX="\"\"" -DVAL_LDFLAGS_SL="\"\"" -DVAL_LIBS="\"-lpgcommon -lpgport -lz -lreadline -lm \""  -c -o psprintf.o psprintf.c
gcc -Wall -Wmissing-prototypes -Wpointer-arith -Wdeclaration-after-statement -Werror=vla -Wendif-labels -Wmissing-format-attribute -Wimplicit-fallthrough=3 -Wcast-function-type -Wformat-security -fno-strict-aliasing -fwrapv -fexcess-precision=standard -Wno-format-truncation -Wno-stringop-truncation -g -O2 -DFRONTEND -I. -I../../src/common -I../../src/include -D_GNU_SOURCE  -DVAL_CC="\"gcc\"" -DVAL_CPPFLAGS="\"-D_GNU_SOURCE\"" -DVAL_CFLAGS="\"-Wall -Wmissing-prototypes -Wpointer-arith -Wdeclaration-after-statement -Werror=vla -Wendif-labels -Wmissing-format-attribute -Wimplicit-fallthrough=3 -Wcast-function-type -Wformat-security -fno-strict-aliasing -fwrapv -fexcess-precision=standard -Wno-format-truncation -Wno-stringop-truncation -g -O2\"" -DVAL_CFLAGS_SL="\"-fPIC\"" -DVAL_LDFLAGS="\"-Wl,--as-needed -Wl,-rpath,'/home/postgres/minipg/lib',--enable-new-dtags\"" -DVAL_LDFLAGS_EX="\"\"" -DVAL_LDFLAGS_SL="\"\"" -DVAL_LIBS="\"-lpgcommon -lpgport -lz -lreadline -lm \""  -c -o relpath.o relpath.c
gcc -Wall -Wmissing-prototypes -Wpointer-arith -Wdeclaration-after-statement -Werror=vla -Wendif-labels -Wmissing-format-attribute -Wimplicit-fallthrough=3 -Wcast-function-type -Wformat-security -fno-strict-aliasing -fwrapv -fexcess-precision=standard -Wno-format-truncation -Wno-stringop-truncation -g -O2 -DFRONTEND -I. -I../../src/common -I../../src/include -D_GNU_SOURCE  -DVAL_CC="\"gcc\"" -DVAL_CPPFLAGS="\"-D_GNU_SOURCE\"" -DVAL_CFLAGS="\"-Wall -Wmissing-prototypes -Wpointer-arith -Wdeclaration-after-statement -Werror=vla -Wendif-labels -Wmissing-format-attribute -Wimplicit-fallthrough=3 -Wcast-function-type -Wformat-security -fno-strict-aliasing -fwrapv -fexcess-precision=standard -Wno-format-truncation -Wno-stringop-truncation -g -O2\"" -DVAL_CFLAGS_SL="\"-fPIC\"" -DVAL_LDFLAGS="\"-Wl,--as-needed -Wl,-rpath,'/home/postgres/minipg/lib',--enable-new-dtags\"" -DVAL_LDFLAGS_EX="\"\"" -DVAL_LDFLAGS_SL="\"\"" -DVAL_LIBS="\"-lpgcommon -lpgport -lz -lreadline -lm \""  -c -o rmtree.o rmtree.c
gcc -Wall -Wmissing-prototypes -Wpointer-arith -Wdeclaration-after-statement -Werror=vla -Wendif-labels -Wmissing-format-attribute -Wimplicit-fallthrough=3 -Wcast-function-type -Wformat-security -fno-strict-aliasing -fwrapv -fexcess-precision=standard -Wno-format-truncation -Wno-stringop-truncation -g -O2 -DFRONTEND -I. -I../../src/common -I../../src/include -D_GNU_SOURCE  -DVAL_CC="\"gcc\"" -DVAL_CPPFLAGS="\"-D_GNU_SOURCE\"" -DVAL_CFLAGS="\"-Wall -Wmissing-prototypes -Wpointer-arith -Wdeclaration-after-statement -Werror=vla -Wendif-labels -Wmissing-format-attribute -Wimplicit-fallthrough=3 -Wcast-function-type -Wformat-security -fno-strict-aliasing -fwrapv -fexcess-precision=standard -Wno-format-truncation -Wno-stringop-truncation -g -O2\"" -DVAL_CFLAGS_SL="\"-fPIC\"" -DVAL_LDFLAGS="\"-Wl,--as-needed -Wl,-rpath,'/home/postgres/minipg/lib',--enable-new-dtags\"" -DVAL_LDFLAGS_EX="\"\"" -DVAL_LDFLAGS_SL="\"\"" -DVAL_LIBS="\"-lpgcommon -lpgport -lz -lreadline -lm \""  -c -o saslprep.o saslprep.c
gcc -Wall -Wmissing-prototypes -Wpointer-arith -Wdeclaration-after-statement -Werror=vla -Wendif-labels -Wmissing-format-attribute -Wimplicit-fallthrough=3 -Wcast-function-type -Wformat-security -fno-strict-aliasing -fwrapv -fexcess-precision=standard -Wno-format-truncation -Wno-stringop-truncation -g -O2 -DFRONTEND -I. -I../../src/common -I../../src/include -D_GNU_SOURCE  -DVAL_CC="\"gcc\"" -DVAL_CPPFLAGS="\"-D_GNU_SOURCE\"" -DVAL_CFLAGS="\"-Wall -Wmissing-prototypes -Wpointer-arith -Wdeclaration-after-statement -Werror=vla -Wendif-labels -Wmissing-format-attribute -Wimplicit-fallthrough=3 -Wcast-function-type -Wformat-security -fno-strict-aliasing -fwrapv -fexcess-precision=standard -Wno-format-truncation -Wno-stringop-truncation -g -O2\"" -DVAL_CFLAGS_SL="\"-fPIC\"" -DVAL_LDFLAGS="\"-Wl,--as-needed -Wl,-rpath,'/home/postgres/minipg/lib',--enable-new-dtags\"" -DVAL_LDFLAGS_EX="\"\"" -DVAL_LDFLAGS_SL="\"\"" -DVAL_LIBS="\"-lpgcommon -lpgport -lz -lreadline -lm \""  -c -o scram-common.o scram-common.c
gcc -Wall -Wmissing-prototypes -Wpointer-arith -Wdeclaration-after-statement -Werror=vla -Wendif-labels -Wmissing-format-attribute -Wimplicit-fallthrough=3 -Wcast-function-type -Wformat-security -fno-strict-aliasing -fwrapv -fexcess-precision=standard -Wno-format-truncation -Wno-stringop-truncation -g -O2 -DFRONTEND -I. -I../../src/common -I../../src/include -D_GNU_SOURCE  -DVAL_CC="\"gcc\"" -DVAL_CPPFLAGS="\"-D_GNU_SOURCE\"" -DVAL_CFLAGS="\"-Wall -Wmissing-prototypes -Wpointer-arith -Wdeclaration-after-statement -Werror=vla -Wendif-labels -Wmissing-format-attribute -Wimplicit-fallthrough=3 -Wcast-function-type -Wformat-security -fno-strict-aliasing -fwrapv -fexcess-precision=standard -Wno-format-truncation -Wno-stringop-truncation -g -O2\"" -DVAL_CFLAGS_SL="\"-fPIC\"" -DVAL_LDFLAGS="\"-Wl,--as-needed -Wl,-rpath,'/home/postgres/minipg/lib',--enable-new-dtags\"" -DVAL_LDFLAGS_EX="\"\"" -DVAL_LDFLAGS_SL="\"\"" -DVAL_LIBS="\"-lpgcommon -lpgport -lz -lreadline -lm \""  -c -o string.o string.c
gcc -Wall -Wmissing-prototypes -Wpointer-arith -Wdeclaration-after-statement -Werror=vla -Wendif-labels -Wmissing-format-attribute -Wimplicit-fallthrough=3 -Wcast-function-type -Wformat-security -fno-strict-aliasing -fwrapv -fexcess-precision=standard -Wno-format-truncation -Wno-stringop-truncation -g -O2 -DFRONTEND -I. -I../../src/common -I../../src/include -D_GNU_SOURCE  -DVAL_CC="\"gcc\"" -DVAL_CPPFLAGS="\"-D_GNU_SOURCE\"" -DVAL_CFLAGS="\"-Wall -Wmissing-prototypes -Wpointer-arith -Wdeclaration-after-statement -Werror=vla -Wendif-labels -Wmissing-format-attribute -Wimplicit-fallthrough=3 -Wcast-function-type -Wformat-security -fno-strict-aliasing -fwrapv -fexcess-precision=standard -Wno-format-truncation -Wno-stringop-truncation -g -O2\"" -DVAL_CFLAGS_SL="\"-fPIC\"" -DVAL_LDFLAGS="\"-Wl,--as-needed -Wl,-rpath,'/home/postgres/minipg/lib',--enable-new-dtags\"" -DVAL_LDFLAGS_EX="\"\"" -DVAL_LDFLAGS_SL="\"\"" -DVAL_LIBS="\"-lpgcommon -lpgport -lz -lreadline -lm \""  -c -o stringinfo.o stringinfo.c
gcc -Wall -Wmissing-prototypes -Wpointer-arith -Wdeclaration-after-statement -Werror=vla -Wendif-labels -Wmissing-format-attribute -Wimplicit-fallthrough=3 -Wcast-function-type -Wformat-security -fno-strict-aliasing -fwrapv -fexcess-precision=standard -Wno-format-truncation -Wno-stringop-truncation -g -O2 -DFRONTEND -I. -I../../src/common -I../../src/include -D_GNU_SOURCE  -DVAL_CC="\"gcc\"" -DVAL_CPPFLAGS="\"-D_GNU_SOURCE\"" -DVAL_CFLAGS="\"-Wall -Wmissing-prototypes -Wpointer-arith -Wdeclaration-after-statement -Werror=vla -Wendif-labels -Wmissing-format-attribute -Wimplicit-fallthrough=3 -Wcast-function-type -Wformat-security -fno-strict-aliasing -fwrapv -fexcess-precision=standard -Wno-format-truncation -Wno-stringop-truncation -g -O2\"" -DVAL_CFLAGS_SL="\"-fPIC\"" -DVAL_LDFLAGS="\"-Wl,--as-needed -Wl,-rpath,'/home/postgres/minipg/lib',--enable-new-dtags\"" -DVAL_LDFLAGS_EX="\"\"" -DVAL_LDFLAGS_SL="\"\"" -DVAL_LIBS="\"-lpgcommon -lpgport -lz -lreadline -lm \""  -c -o unicode_norm.o unicode_norm.c
gcc -Wall -Wmissing-prototypes -Wpointer-arith -Wdeclaration-after-statement -Werror=vla -Wendif-labels -Wmissing-format-attribute -Wimplicit-fallthrough=3 -Wcast-function-type -Wformat-security -fno-strict-aliasing -fwrapv -fexcess-precision=standard -Wno-format-truncation -Wno-stringop-truncation -g -O2 -DFRONTEND -I. -I../../src/common -I../../src/include -D_GNU_SOURCE  -DVAL_CC="\"gcc\"" -DVAL_CPPFLAGS="\"-D_GNU_SOURCE\"" -DVAL_CFLAGS="\"-Wall -Wmissing-prototypes -Wpointer-arith -Wdeclaration-after-statement -Werror=vla -Wendif-labels -Wmissing-format-attribute -Wimplicit-fallthrough=3 -Wcast-function-type -Wformat-security -fno-strict-aliasing -fwrapv -fexcess-precision=standard -Wno-format-truncation -Wno-stringop-truncation -g -O2\"" -DVAL_CFLAGS_SL="\"-fPIC\"" -DVAL_LDFLAGS="\"-Wl,--as-needed -Wl,-rpath,'/home/postgres/minipg/lib',--enable-new-dtags\"" -DVAL_LDFLAGS_EX="\"\"" -DVAL_LDFLAGS_SL="\"\"" -DVAL_LIBS="\"-lpgcommon -lpgport -lz -lreadline -lm \""  -c -o username.o username.c
gcc -Wall -Wmissing-prototypes -Wpointer-arith -Wdeclaration-after-statement -Werror=vla -Wendif-labels -Wmissing-format-attribute -Wimplicit-fallthrough=3 -Wcast-function-type -Wformat-security -fno-strict-aliasing -fwrapv -fexcess-precision=standard -Wno-format-truncation -Wno-stringop-truncation -g -O2 -DFRONTEND -I. -I../../src/common -I../../src/include -D_GNU_SOURCE  -DVAL_CC="\"gcc\"" -DVAL_CPPFLAGS="\"-D_GNU_SOURCE\"" -DVAL_CFLAGS="\"-Wall -Wmissing-prototypes -Wpointer-arith -Wdeclaration-after-statement -Werror=vla -Wendif-labels -Wmissing-format-attribute -Wimplicit-fallthrough=3 -Wcast-function-type -Wformat-security -fno-strict-aliasing -fwrapv -fexcess-precision=standard -Wno-format-truncation -Wno-stringop-truncation -g -O2\"" -DVAL_CFLAGS_SL="\"-fPIC\"" -DVAL_LDFLAGS="\"-Wl,--as-needed -Wl,-rpath,'/home/postgres/minipg/lib',--enable-new-dtags\"" -DVAL_LDFLAGS_EX="\"\"" -DVAL_LDFLAGS_SL="\"\"" -DVAL_LIBS="\"-lpgcommon -lpgport -lz -lreadline -lm \""  -c -o wait_error.o wait_error.c
gcc -Wall -Wmissing-prototypes -Wpointer-arith -Wdeclaration-after-statement -Werror=vla -Wendif-labels -Wmissing-format-attribute -Wimplicit-fallthrough=3 -Wcast-function-type -Wformat-security -fno-strict-aliasing -fwrapv -fexcess-precision=standard -Wno-format-truncation -Wno-stringop-truncation -g -O2 -DFRONTEND -I. -I../../src/common -I../../src/include -D_GNU_SOURCE  -DVAL_CC="\"gcc\"" -DVAL_CPPFLAGS="\"-D_GNU_SOURCE\"" -DVAL_CFLAGS="\"-Wall -Wmissing-prototypes -Wpointer-arith -Wdeclaration-after-statement -Werror=vla -Wendif-labels -Wmissing-format-attribute -Wimplicit-fallthrough=3 -Wcast-function-type -Wformat-security -fno-strict-aliasing -fwrapv -fexcess-precision=standard -Wno-format-truncation -Wno-stringop-truncation -g -O2\"" -DVAL_CFLAGS_SL="\"-fPIC\"" -DVAL_LDFLAGS="\"-Wl,--as-needed -Wl,-rpath,'/home/postgres/minipg/lib',--enable-new-dtags\"" -DVAL_LDFLAGS_EX="\"\"" -DVAL_LDFLAGS_SL="\"\"" -DVAL_LIBS="\"-lpgcommon -lpgport -lz -lreadline -lm \""  -c -o wchar.o wchar.c
gcc -Wall -Wmissing-prototypes -Wpointer-arith -Wdeclaration-after-statement -Werror=vla -Wendif-labels -Wmissing-format-attribute -Wimplicit-fallthrough=3 -Wcast-function-type -Wformat-security -fno-strict-aliasing -fwrapv -fexcess-precision=standard -Wno-format-truncation -Wno-stringop-truncation -g -O2 -DFRONTEND -I. -I../../src/common -I../../src/include -D_GNU_SOURCE  -DVAL_CC="\"gcc\"" -DVAL_CPPFLAGS="\"-D_GNU_SOURCE\"" -DVAL_CFLAGS="\"-Wall -Wmissing-prototypes -Wpointer-arith -Wdeclaration-after-statement -Werror=vla -Wendif-labels -Wmissing-format-attribute -Wimplicit-fallthrough=3 -Wcast-function-type -Wformat-security -fno-strict-aliasing -fwrapv -fexcess-precision=standard -Wno-format-truncation -Wno-stringop-truncation -g -O2\"" -DVAL_CFLAGS_SL="\"-fPIC\"" -DVAL_LDFLAGS="\"-Wl,--as-needed -Wl,-rpath,'/home/postgres/minipg/lib',--enable-new-dtags\"" -DVAL_LDFLAGS_EX="\"\"" -DVAL_LDFLAGS_SL="\"\"" -DVAL_LIBS="\"-lpgcommon -lpgport -lz -lreadline -lm \""  -c -o cryptohash.o cryptohash.c
gcc -Wall -Wmissing-prototypes -Wpointer-arith -Wdeclaration-after-statement -Werror=vla -Wendif-labels -Wmissing-format-attribute -Wimplicit-fallthrough=3 -Wcast-function-type -Wformat-security -fno-strict-aliasing -fwrapv -fexcess-precision=standard -Wno-format-truncation -Wno-stringop-truncation -g -O2 -DFRONTEND -I. -I../../src/common -I../../src/include -D_GNU_SOURCE  -DVAL_CC="\"gcc\"" -DVAL_CPPFLAGS="\"-D_GNU_SOURCE\"" -DVAL_CFLAGS="\"-Wall -Wmissing-prototypes -Wpointer-arith -Wdeclaration-after-statement -Werror=vla -Wendif-labels -Wmissing-format-attribute -Wimplicit-fallthrough=3 -Wcast-function-type -Wformat-security -fno-strict-aliasing -fwrapv -fexcess-precision=standard -Wno-format-truncation -Wno-stringop-truncation -g -O2\"" -DVAL_CFLAGS_SL="\"-fPIC\"" -DVAL_LDFLAGS="\"-Wl,--as-needed -Wl,-rpath,'/home/postgres/minipg/lib',--enable-new-dtags\"" -DVAL_LDFLAGS_EX="\"\"" -DVAL_LDFLAGS_SL="\"\"" -DVAL_LIBS="\"-lpgcommon -lpgport -lz -lreadline -lm \""  -c -o hmac.o hmac.c
gcc -Wall -Wmissing-prototypes -Wpointer-arith -Wdeclaration-after-statement -Werror=vla -Wendif-labels -Wmissing-format-attribute -Wimplicit-fallthrough=3 -Wcast-function-type -Wformat-security -fno-strict-aliasing -fwrapv -fexcess-precision=standard -Wno-format-truncation -Wno-stringop-truncation -g -O2 -DFRONTEND -I. -I../../src/common -I../../src/include -D_GNU_SOURCE  -DVAL_CC="\"gcc\"" -DVAL_CPPFLAGS="\"-D_GNU_SOURCE\"" -DVAL_CFLAGS="\"-Wall -Wmissing-prototypes -Wpointer-arith -Wdeclaration-after-statement -Werror=vla -Wendif-labels -Wmissing-format-attribute -Wimplicit-fallthrough=3 -Wcast-function-type -Wformat-security -fno-strict-aliasing -fwrapv -fexcess-precision=standard -Wno-format-truncation -Wno-stringop-truncation -g -O2\"" -DVAL_CFLAGS_SL="\"-fPIC\"" -DVAL_LDFLAGS="\"-Wl,--as-needed -Wl,-rpath,'/home/postgres/minipg/lib',--enable-new-dtags\"" -DVAL_LDFLAGS_EX="\"\"" -DVAL_LDFLAGS_SL="\"\"" -DVAL_LIBS="\"-lpgcommon -lpgport -lz -lreadline -lm \""  -c -o md5.o md5.c
gcc -Wall -Wmissing-prototypes -Wpointer-arith -Wdeclaration-after-statement -Werror=vla -Wendif-labels -Wmissing-format-attribute -Wimplicit-fallthrough=3 -Wcast-function-type -Wformat-security -fno-strict-aliasing -fwrapv -fexcess-precision=standard -Wno-format-truncation -Wno-stringop-truncation -g -O2 -DFRONTEND -I. -I../../src/common -I../../src/include -D_GNU_SOURCE  -DVAL_CC="\"gcc\"" -DVAL_CPPFLAGS="\"-D_GNU_SOURCE\"" -DVAL_CFLAGS="\"-Wall -Wmissing-prototypes -Wpointer-arith -Wdeclaration-after-statement -Werror=vla -Wendif-labels -Wmissing-format-attribute -Wimplicit-fallthrough=3 -Wcast-function-type -Wformat-security -fno-strict-aliasing -fwrapv -fexcess-precision=standard -Wno-format-truncation -Wno-stringop-truncation -g -O2\"" -DVAL_CFLAGS_SL="\"-fPIC\"" -DVAL_LDFLAGS="\"-Wl,--as-needed -Wl,-rpath,'/home/postgres/minipg/lib',--enable-new-dtags\"" -DVAL_LDFLAGS_EX="\"\"" -DVAL_LDFLAGS_SL="\"\"" -DVAL_LIBS="\"-lpgcommon -lpgport -lz -lreadline -lm \""  -c -o sha1.o sha1.c
gcc -Wall -Wmissing-prototypes -Wpointer-arith -Wdeclaration-after-statement -Werror=vla -Wendif-labels -Wmissing-format-attribute -Wimplicit-fallthrough=3 -Wcast-function-type -Wformat-security -fno-strict-aliasing -fwrapv -fexcess-precision=standard -Wno-format-truncation -Wno-stringop-truncation -g -O2 -DFRONTEND -I. -I../../src/common -I../../src/include -D_GNU_SOURCE  -DVAL_CC="\"gcc\"" -DVAL_CPPFLAGS="\"-D_GNU_SOURCE\"" -DVAL_CFLAGS="\"-Wall -Wmissing-prototypes -Wpointer-arith -Wdeclaration-after-statement -Werror=vla -Wendif-labels -Wmissing-format-attribute -Wimplicit-fallthrough=3 -Wcast-function-type -Wformat-security -fno-strict-aliasing -fwrapv -fexcess-precision=standard -Wno-format-truncation -Wno-stringop-truncation -g -O2\"" -DVAL_CFLAGS_SL="\"-fPIC\"" -DVAL_LDFLAGS="\"-Wl,--as-needed -Wl,-rpath,'/home/postgres/minipg/lib',--enable-new-dtags\"" -DVAL_LDFLAGS_EX="\"\"" -DVAL_LDFLAGS_SL="\"\"" -DVAL_LIBS="\"-lpgcommon -lpgport -lz -lreadline -lm \""  -c -o sha2.o sha2.c
gcc -Wall -Wmissing-prototypes -Wpointer-arith -Wdeclaration-after-statement -Werror=vla -Wendif-labels -Wmissing-format-attribute -Wimplicit-fallthrough=3 -Wcast-function-type -Wformat-security -fno-strict-aliasing -fwrapv -fexcess-precision=standard -Wno-format-truncation -Wno-stringop-truncation -g -O2 -DFRONTEND -I. -I../../src/common -I../../src/include -D_GNU_SOURCE  -DVAL_CC="\"gcc\"" -DVAL_CPPFLAGS="\"-D_GNU_SOURCE\"" -DVAL_CFLAGS="\"-Wall -Wmissing-prototypes -Wpointer-arith -Wdeclaration-after-statement -Werror=vla -Wendif-labels -Wmissing-format-attribute -Wimplicit-fallthrough=3 -Wcast-function-type -Wformat-security -fno-strict-aliasing -fwrapv -fexcess-precision=standard -Wno-format-truncation -Wno-stringop-truncation -g -O2\"" -DVAL_CFLAGS_SL="\"-fPIC\"" -DVAL_LDFLAGS="\"-Wl,--as-needed -Wl,-rpath,'/home/postgres/minipg/lib',--enable-new-dtags\"" -DVAL_LDFLAGS_EX="\"\"" -DVAL_LDFLAGS_SL="\"\"" -DVAL_LIBS="\"-lpgcommon -lpgport -lz -lreadline -lm \""  -c -o fe_memutils.o fe_memutils.c
gcc -Wall -Wmissing-prototypes -Wpointer-arith -Wdeclaration-after-statement -Werror=vla -Wendif-labels -Wmissing-format-attribute -Wimplicit-fallthrough=3 -Wcast-function-type -Wformat-security -fno-strict-aliasing -fwrapv -fexcess-precision=standard -Wno-format-truncation -Wno-stringop-truncation -g -O2 -DFRONTEND -I. -I../../src/common -I../../src/include -D_GNU_SOURCE  -DVAL_CC="\"gcc\"" -DVAL_CPPFLAGS="\"-D_GNU_SOURCE\"" -DVAL_CFLAGS="\"-Wall -Wmissing-prototypes -Wpointer-arith -Wdeclaration-after-statement -Werror=vla -Wendif-labels -Wmissing-format-attribute -Wimplicit-fallthrough=3 -Wcast-function-type -Wformat-security -fno-strict-aliasing -fwrapv -fexcess-precision=standard -Wno-format-truncation -Wno-stringop-truncation -g -O2\"" -DVAL_CFLAGS_SL="\"-fPIC\"" -DVAL_LDFLAGS="\"-Wl,--as-needed -Wl,-rpath,'/home/postgres/minipg/lib',--enable-new-dtags\"" -DVAL_LDFLAGS_EX="\"\"" -DVAL_LDFLAGS_SL="\"\"" -DVAL_LIBS="\"-lpgcommon -lpgport -lz -lreadline -lm \""  -c -o restricted_token.o restricted_token.c
gcc -Wall -Wmissing-prototypes -Wpointer-arith -Wdeclaration-after-statement -Werror=vla -Wendif-labels -Wmissing-format-attribute -Wimplicit-fallthrough=3 -Wcast-function-type -Wformat-security -fno-strict-aliasing -fwrapv -fexcess-precision=standard -Wno-format-truncation -Wno-stringop-truncation -g -O2 -DFRONTEND -I. -I../../src/common -I../../src/include -D_GNU_SOURCE  -DVAL_CC="\"gcc\"" -DVAL_CPPFLAGS="\"-D_GNU_SOURCE\"" -DVAL_CFLAGS="\"-Wall -Wmissing-prototypes -Wpointer-arith -Wdeclaration-after-statement -Werror=vla -Wendif-labels -Wmissing-format-attribute -Wimplicit-fallthrough=3 -Wcast-function-type -Wformat-security -fno-strict-aliasing -fwrapv -fexcess-precision=standard -Wno-format-truncation -Wno-stringop-truncation -g -O2\"" -DVAL_CFLAGS_SL="\"-fPIC\"" -DVAL_LDFLAGS="\"-Wl,--as-needed -Wl,-rpath,'/home/postgres/minipg/lib',--enable-new-dtags\"" -DVAL_LDFLAGS_EX="\"\"" -DVAL_LDFLAGS_SL="\"\"" -DVAL_LIBS="\"-lpgcommon -lpgport -lz -lreadline -lm \""  -c -o sprompt.o sprompt.c
gcc -Wall -Wmissing-prototypes -Wpointer-arith -Wdeclaration-after-statement -Werror=vla -Wendif-labels -Wmissing-format-attribute -Wimplicit-fallthrough=3 -Wcast-function-type -Wformat-security -fno-strict-aliasing -fwrapv -fexcess-precision=standard -Wno-format-truncation -Wno-stringop-truncation -g -O2 -DFRONTEND -I. -I../../src/common -I../../src/include -D_GNU_SOURCE  -DVAL_CC="\"gcc\"" -DVAL_CPPFLAGS="\"-D_GNU_SOURCE\"" -DVAL_CFLAGS="\"-Wall -Wmissing-prototypes -Wpointer-arith -Wdeclaration-after-statement -Werror=vla -Wendif-labels -Wmissing-format-attribute -Wimplicit-fallthrough=3 -Wcast-function-type -Wformat-security -fno-strict-aliasing -fwrapv -fexcess-precision=standard -Wno-format-truncation -Wno-stringop-truncation -g -O2\"" -DVAL_CFLAGS_SL="\"-fPIC\"" -DVAL_LDFLAGS="\"-Wl,--as-needed -Wl,-rpath,'/home/postgres/minipg/lib',--enable-new-dtags\"" -DVAL_LDFLAGS_EX="\"\"" -DVAL_LDFLAGS_SL="\"\"" -DVAL_LIBS="\"-lpgcommon -lpgport -lz -lreadline -lm \""  -c -o logging.o logging.c
rm -f libpgcommon.a
ar crs libpgcommon.a archive.o base64.o checksum_helper.o config_info.o controldata_utils.o d2s.o encnames.o exec.o f2s.o file_perm.o file_utils.o hashfn.o ip.o jsonapi.o keywords.o kwlookup.o link-canary.o md5_common.o pg_get_line.o pg_lzcompress.o pgfnames.o psprintf.o relpath.o rmtree.o saslprep.o scram-common.o string.o stringinfo.o unicode_norm.o username.o wait_error.o wchar.o cryptohash.o hmac.o md5.o sha1.o sha2.o fe_memutils.o restricted_token.o sprompt.o logging.o
gcc -Wall -Wmissing-prototypes -Wpointer-arith -Wdeclaration-after-statement -Werror=vla -Wendif-labels -Wmissing-format-attribute -Wimplicit-fallthrough=3 -Wcast-function-type -Wformat-security -fno-strict-aliasing -fwrapv -fexcess-precision=standard -Wno-format-truncation -Wno-stringop-truncation -g -O2 -fPIC -DFRONTEND -I. -I../../src/common -I../../src/include -D_GNU_SOURCE  -DVAL_CC="\"gcc\"" -DVAL_CPPFLAGS="\"-D_GNU_SOURCE\"" -DVAL_CFLAGS="\"-Wall -Wmissing-prototypes -Wpointer-arith -Wdeclaration-after-statement -Werror=vla -Wendif-labels -Wmissing-format-attribute -Wimplicit-fallthrough=3 -Wcast-function-type -Wformat-security -fno-strict-aliasing -fwrapv -fexcess-precision=standard -Wno-format-truncation -Wno-stringop-truncation -g -O2\"" -DVAL_CFLAGS_SL="\"-fPIC\"" -DVAL_LDFLAGS="\"-Wl,--as-needed -Wl,-rpath,'/home/postgres/minipg/lib',--enable-new-dtags\"" -DVAL_LDFLAGS_EX="\"\"" -DVAL_LDFLAGS_SL="\"\"" -DVAL_LIBS="\"-lpgcommon -lpgport -lz -lreadline -lm \"" -c archive.c -o archive_shlib.o
gcc -Wall -Wmissing-prototypes -Wpointer-arith -Wdeclaration-after-statement -Werror=vla -Wendif-labels -Wmissing-format-attribute -Wimplicit-fallthrough=3 -Wcast-function-type -Wformat-security -fno-strict-aliasing -fwrapv -fexcess-precision=standard -Wno-format-truncation -Wno-stringop-truncation -g -O2 -fPIC -DFRONTEND -I. -I../../src/common -I../../src/include -D_GNU_SOURCE  -DVAL_CC="\"gcc\"" -DVAL_CPPFLAGS="\"-D_GNU_SOURCE\"" -DVAL_CFLAGS="\"-Wall -Wmissing-prototypes -Wpointer-arith -Wdeclaration-after-statement -Werror=vla -Wendif-labels -Wmissing-format-attribute -Wimplicit-fallthrough=3 -Wcast-function-type -Wformat-security -fno-strict-aliasing -fwrapv -fexcess-precision=standard -Wno-format-truncation -Wno-stringop-truncation -g -O2\"" -DVAL_CFLAGS_SL="\"-fPIC\"" -DVAL_LDFLAGS="\"-Wl,--as-needed -Wl,-rpath,'/home/postgres/minipg/lib',--enable-new-dtags\"" -DVAL_LDFLAGS_EX="\"\"" -DVAL_LDFLAGS_SL="\"\"" -DVAL_LIBS="\"-lpgcommon -lpgport -lz -lreadline -lm \"" -c base64.c -o base64_shlib.o
gcc -Wall -Wmissing-prototypes -Wpointer-arith -Wdeclaration-after-statement -Werror=vla -Wendif-labels -Wmissing-format-attribute -Wimplicit-fallthrough=3 -Wcast-function-type -Wformat-security -fno-strict-aliasing -fwrapv -fexcess-precision=standard -Wno-format-truncation -Wno-stringop-truncation -g -O2 -fPIC -DFRONTEND -I. -I../../src/common -I../../src/include -D_GNU_SOURCE  -DVAL_CC="\"gcc\"" -DVAL_CPPFLAGS="\"-D_GNU_SOURCE\"" -DVAL_CFLAGS="\"-Wall -Wmissing-prototypes -Wpointer-arith -Wdeclaration-after-statement -Werror=vla -Wendif-labels -Wmissing-format-attribute -Wimplicit-fallthrough=3 -Wcast-function-type -Wformat-security -fno-strict-aliasing -fwrapv -fexcess-precision=standard -Wno-format-truncation -Wno-stringop-truncation -g -O2\"" -DVAL_CFLAGS_SL="\"-fPIC\"" -DVAL_LDFLAGS="\"-Wl,--as-needed -Wl,-rpath,'/home/postgres/minipg/lib',--enable-new-dtags\"" -DVAL_LDFLAGS_EX="\"\"" -DVAL_LDFLAGS_SL="\"\"" -DVAL_LIBS="\"-lpgcommon -lpgport -lz -lreadline -lm \"" -c checksum_helper.c -o checksum_helper_shlib.o
gcc -Wall -Wmissing-prototypes -Wpointer-arith -Wdeclaration-after-statement -Werror=vla -Wendif-labels -Wmissing-format-attribute -Wimplicit-fallthrough=3 -Wcast-function-type -Wformat-security -fno-strict-aliasing -fwrapv -fexcess-precision=standard -Wno-format-truncation -Wno-stringop-truncation -g -O2 -fPIC -DFRONTEND -I. -I../../src/common -I../../src/include -D_GNU_SOURCE  -DVAL_CC="\"gcc\"" -DVAL_CPPFLAGS="\"-D_GNU_SOURCE\"" -DVAL_CFLAGS="\"-Wall -Wmissing-prototypes -Wpointer-arith -Wdeclaration-after-statement -Werror=vla -Wendif-labels -Wmissing-format-attribute -Wimplicit-fallthrough=3 -Wcast-function-type -Wformat-security -fno-strict-aliasing -fwrapv -fexcess-precision=standard -Wno-format-truncation -Wno-stringop-truncation -g -O2\"" -DVAL_CFLAGS_SL="\"-fPIC\"" -DVAL_LDFLAGS="\"-Wl,--as-needed -Wl,-rpath,'/home/postgres/minipg/lib',--enable-new-dtags\"" -DVAL_LDFLAGS_EX="\"\"" -DVAL_LDFLAGS_SL="\"\"" -DVAL_LIBS="\"-lpgcommon -lpgport -lz -lreadline -lm \"" -c config_info.c -o config_info_shlib.o
gcc -Wall -Wmissing-prototypes -Wpointer-arith -Wdeclaration-after-statement -Werror=vla -Wendif-labels -Wmissing-format-attribute -Wimplicit-fallthrough=3 -Wcast-function-type -Wformat-security -fno-strict-aliasing -fwrapv -fexcess-precision=standard -Wno-format-truncation -Wno-stringop-truncation -g -O2 -fPIC -DFRONTEND -I. -I../../src/common -I../../src/include -D_GNU_SOURCE  -DVAL_CC="\"gcc\"" -DVAL_CPPFLAGS="\"-D_GNU_SOURCE\"" -DVAL_CFLAGS="\"-Wall -Wmissing-prototypes -Wpointer-arith -Wdeclaration-after-statement -Werror=vla -Wendif-labels -Wmissing-format-attribute -Wimplicit-fallthrough=3 -Wcast-function-type -Wformat-security -fno-strict-aliasing -fwrapv -fexcess-precision=standard -Wno-format-truncation -Wno-stringop-truncation -g -O2\"" -DVAL_CFLAGS_SL="\"-fPIC\"" -DVAL_LDFLAGS="\"-Wl,--as-needed -Wl,-rpath,'/home/postgres/minipg/lib',--enable-new-dtags\"" -DVAL_LDFLAGS_EX="\"\"" -DVAL_LDFLAGS_SL="\"\"" -DVAL_LIBS="\"-lpgcommon -lpgport -lz -lreadline -lm \"" -c controldata_utils.c -o controldata_utils_shlib.o
gcc -Wall -Wmissing-prototypes -Wpointer-arith -Wdeclaration-after-statement -Werror=vla -Wendif-labels -Wmissing-format-attribute -Wimplicit-fallthrough=3 -Wcast-function-type -Wformat-security -fno-strict-aliasing -fwrapv -fexcess-precision=standard -Wno-format-truncation -Wno-stringop-truncation -g -O2 -Wno-declaration-after-statement -fPIC -DFRONTEND -I. -I../../src/common -I../../src/include -D_GNU_SOURCE  -DVAL_CC="\"gcc\"" -DVAL_CPPFLAGS="\"-D_GNU_SOURCE\"" -DVAL_CFLAGS="\"-Wall -Wmissing-prototypes -Wpointer-arith -Wdeclaration-after-statement -Werror=vla -Wendif-labels -Wmissing-format-attribute -Wimplicit-fallthrough=3 -Wcast-function-type -Wformat-security -fno-strict-aliasing -fwrapv -fexcess-precision=standard -Wno-format-truncation -Wno-stringop-truncation -g -O2\"" -DVAL_CFLAGS_SL="\"-fPIC\"" -DVAL_LDFLAGS="\"-Wl,--as-needed -Wl,-rpath,'/home/postgres/minipg/lib',--enable-new-dtags\"" -DVAL_LDFLAGS_EX="\"\"" -DVAL_LDFLAGS_SL="\"\"" -DVAL_LIBS="\"-lpgcommon -lpgport -lz -lreadline -lm \"" -c d2s.c -o d2s_shlib.o
gcc -Wall -Wmissing-prototypes -Wpointer-arith -Wdeclaration-after-statement -Werror=vla -Wendif-labels -Wmissing-format-attribute -Wimplicit-fallthrough=3 -Wcast-function-type -Wformat-security -fno-strict-aliasing -fwrapv -fexcess-precision=standard -Wno-format-truncation -Wno-stringop-truncation -g -O2 -fPIC -DFRONTEND -I. -I../../src/common -I../../src/include -D_GNU_SOURCE  -DVAL_CC="\"gcc\"" -DVAL_CPPFLAGS="\"-D_GNU_SOURCE\"" -DVAL_CFLAGS="\"-Wall -Wmissing-prototypes -Wpointer-arith -Wdeclaration-after-statement -Werror=vla -Wendif-labels -Wmissing-format-attribute -Wimplicit-fallthrough=3 -Wcast-function-type -Wformat-security -fno-strict-aliasing -fwrapv -fexcess-precision=standard -Wno-format-truncation -Wno-stringop-truncation -g -O2\"" -DVAL_CFLAGS_SL="\"-fPIC\"" -DVAL_LDFLAGS="\"-Wl,--as-needed -Wl,-rpath,'/home/postgres/minipg/lib',--enable-new-dtags\"" -DVAL_LDFLAGS_EX="\"\"" -DVAL_LDFLAGS_SL="\"\"" -DVAL_LIBS="\"-lpgcommon -lpgport -lz -lreadline -lm \"" -c encnames.c -o encnames_shlib.o
gcc -Wall -Wmissing-prototypes -Wpointer-arith -Wdeclaration-after-statement -Werror=vla -Wendif-labels -Wmissing-format-attribute -Wimplicit-fallthrough=3 -Wcast-function-type -Wformat-security -fno-strict-aliasing -fwrapv -fexcess-precision=standard -Wno-format-truncation -Wno-stringop-truncation -g -O2 -fPIC -DFRONTEND -I. -I../../src/common -I../../src/include -D_GNU_SOURCE  -DVAL_CC="\"gcc\"" -DVAL_CPPFLAGS="\"-D_GNU_SOURCE\"" -DVAL_CFLAGS="\"-Wall -Wmissing-prototypes -Wpointer-arith -Wdeclaration-after-statement -Werror=vla -Wendif-labels -Wmissing-format-attribute -Wimplicit-fallthrough=3 -Wcast-function-type -Wformat-security -fno-strict-aliasing -fwrapv -fexcess-precision=standard -Wno-format-truncation -Wno-stringop-truncation -g -O2\"" -DVAL_CFLAGS_SL="\"-fPIC\"" -DVAL_LDFLAGS="\"-Wl,--as-needed -Wl,-rpath,'/home/postgres/minipg/lib',--enable-new-dtags\"" -DVAL_LDFLAGS_EX="\"\"" -DVAL_LDFLAGS_SL="\"\"" -DVAL_LIBS="\"-lpgcommon -lpgport -lz -lreadline -lm \"" -c exec.c -o exec_shlib.o
gcc -Wall -Wmissing-prototypes -Wpointer-arith -Wdeclaration-after-statement -Werror=vla -Wendif-labels -Wmissing-format-attribute -Wimplicit-fallthrough=3 -Wcast-function-type -Wformat-security -fno-strict-aliasing -fwrapv -fexcess-precision=standard -Wno-format-truncation -Wno-stringop-truncation -g -O2 -Wno-declaration-after-statement -fPIC -DFRONTEND -I. -I../../src/common -I../../src/include -D_GNU_SOURCE  -DVAL_CC="\"gcc\"" -DVAL_CPPFLAGS="\"-D_GNU_SOURCE\"" -DVAL_CFLAGS="\"-Wall -Wmissing-prototypes -Wpointer-arith -Wdeclaration-after-statement -Werror=vla -Wendif-labels -Wmissing-format-attribute -Wimplicit-fallthrough=3 -Wcast-function-type -Wformat-security -fno-strict-aliasing -fwrapv -fexcess-precision=standard -Wno-format-truncation -Wno-stringop-truncation -g -O2\"" -DVAL_CFLAGS_SL="\"-fPIC\"" -DVAL_LDFLAGS="\"-Wl,--as-needed -Wl,-rpath,'/home/postgres/minipg/lib',--enable-new-dtags\"" -DVAL_LDFLAGS_EX="\"\"" -DVAL_LDFLAGS_SL="\"\"" -DVAL_LIBS="\"-lpgcommon -lpgport -lz -lreadline -lm \"" -c f2s.c -o f2s_shlib.o
gcc -Wall -Wmissing-prototypes -Wpointer-arith -Wdeclaration-after-statement -Werror=vla -Wendif-labels -Wmissing-format-attribute -Wimplicit-fallthrough=3 -Wcast-function-type -Wformat-security -fno-strict-aliasing -fwrapv -fexcess-precision=standard -Wno-format-truncation -Wno-stringop-truncation -g -O2 -fPIC -DFRONTEND -I. -I../../src/common -I../../src/include -D_GNU_SOURCE  -DVAL_CC="\"gcc\"" -DVAL_CPPFLAGS="\"-D_GNU_SOURCE\"" -DVAL_CFLAGS="\"-Wall -Wmissing-prototypes -Wpointer-arith -Wdeclaration-after-statement -Werror=vla -Wendif-labels -Wmissing-format-attribute -Wimplicit-fallthrough=3 -Wcast-function-type -Wformat-security -fno-strict-aliasing -fwrapv -fexcess-precision=standard -Wno-format-truncation -Wno-stringop-truncation -g -O2\"" -DVAL_CFLAGS_SL="\"-fPIC\"" -DVAL_LDFLAGS="\"-Wl,--as-needed -Wl,-rpath,'/home/postgres/minipg/lib',--enable-new-dtags\"" -DVAL_LDFLAGS_EX="\"\"" -DVAL_LDFLAGS_SL="\"\"" -DVAL_LIBS="\"-lpgcommon -lpgport -lz -lreadline -lm \"" -c file_perm.c -o file_perm_shlib.o
gcc -Wall -Wmissing-prototypes -Wpointer-arith -Wdeclaration-after-statement -Werror=vla -Wendif-labels -Wmissing-format-attribute -Wimplicit-fallthrough=3 -Wcast-function-type -Wformat-security -fno-strict-aliasing -fwrapv -fexcess-precision=standard -Wno-format-truncation -Wno-stringop-truncation -g -O2 -fPIC -DFRONTEND -I. -I../../src/common -I../../src/include -D_GNU_SOURCE  -DVAL_CC="\"gcc\"" -DVAL_CPPFLAGS="\"-D_GNU_SOURCE\"" -DVAL_CFLAGS="\"-Wall -Wmissing-prototypes -Wpointer-arith -Wdeclaration-after-statement -Werror=vla -Wendif-labels -Wmissing-format-attribute -Wimplicit-fallthrough=3 -Wcast-function-type -Wformat-security -fno-strict-aliasing -fwrapv -fexcess-precision=standard -Wno-format-truncation -Wno-stringop-truncation -g -O2\"" -DVAL_CFLAGS_SL="\"-fPIC\"" -DVAL_LDFLAGS="\"-Wl,--as-needed -Wl,-rpath,'/home/postgres/minipg/lib',--enable-new-dtags\"" -DVAL_LDFLAGS_EX="\"\"" -DVAL_LDFLAGS_SL="\"\"" -DVAL_LIBS="\"-lpgcommon -lpgport -lz -lreadline -lm \"" -c file_utils.c -o file_utils_shlib.o
gcc -Wall -Wmissing-prototypes -Wpointer-arith -Wdeclaration-after-statement -Werror=vla -Wendif-labels -Wmissing-format-attribute -Wimplicit-fallthrough=3 -Wcast-function-type -Wformat-security -fno-strict-aliasing -fwrapv -fexcess-precision=standard -Wno-format-truncation -Wno-stringop-truncation -g -O2 -fPIC -DFRONTEND -I. -I../../src/common -I../../src/include -D_GNU_SOURCE  -DVAL_CC="\"gcc\"" -DVAL_CPPFLAGS="\"-D_GNU_SOURCE\"" -DVAL_CFLAGS="\"-Wall -Wmissing-prototypes -Wpointer-arith -Wdeclaration-after-statement -Werror=vla -Wendif-labels -Wmissing-format-attribute -Wimplicit-fallthrough=3 -Wcast-function-type -Wformat-security -fno-strict-aliasing -fwrapv -fexcess-precision=standard -Wno-format-truncation -Wno-stringop-truncation -g -O2\"" -DVAL_CFLAGS_SL="\"-fPIC\"" -DVAL_LDFLAGS="\"-Wl,--as-needed -Wl,-rpath,'/home/postgres/minipg/lib',--enable-new-dtags\"" -DVAL_LDFLAGS_EX="\"\"" -DVAL_LDFLAGS_SL="\"\"" -DVAL_LIBS="\"-lpgcommon -lpgport -lz -lreadline -lm \"" -c hashfn.c -o hashfn_shlib.o
gcc -Wall -Wmissing-prototypes -Wpointer-arith -Wdeclaration-after-statement -Werror=vla -Wendif-labels -Wmissing-format-attribute -Wimplicit-fallthrough=3 -Wcast-function-type -Wformat-security -fno-strict-aliasing -fwrapv -fexcess-precision=standard -Wno-format-truncation -Wno-stringop-truncation -g -O2 -fPIC -DFRONTEND -I. -I../../src/common -I../../src/include -D_GNU_SOURCE  -DVAL_CC="\"gcc\"" -DVAL_CPPFLAGS="\"-D_GNU_SOURCE\"" -DVAL_CFLAGS="\"-Wall -Wmissing-prototypes -Wpointer-arith -Wdeclaration-after-statement -Werror=vla -Wendif-labels -Wmissing-format-attribute -Wimplicit-fallthrough=3 -Wcast-function-type -Wformat-security -fno-strict-aliasing -fwrapv -fexcess-precision=standard -Wno-format-truncation -Wno-stringop-truncation -g -O2\"" -DVAL_CFLAGS_SL="\"-fPIC\"" -DVAL_LDFLAGS="\"-Wl,--as-needed -Wl,-rpath,'/home/postgres/minipg/lib',--enable-new-dtags\"" -DVAL_LDFLAGS_EX="\"\"" -DVAL_LDFLAGS_SL="\"\"" -DVAL_LIBS="\"-lpgcommon -lpgport -lz -lreadline -lm \"" -c ip.c -o ip_shlib.o
gcc -Wall -Wmissing-prototypes -Wpointer-arith -Wdeclaration-after-statement -Werror=vla -Wendif-labels -Wmissing-format-attribute -Wimplicit-fallthrough=3 -Wcast-function-type -Wformat-security -fno-strict-aliasing -fwrapv -fexcess-precision=standard -Wno-format-truncation -Wno-stringop-truncation -g -O2 -fPIC -DFRONTEND -I. -I../../src/common -I../../src/include -D_GNU_SOURCE  -DVAL_CC="\"gcc\"" -DVAL_CPPFLAGS="\"-D_GNU_SOURCE\"" -DVAL_CFLAGS="\"-Wall -Wmissing-prototypes -Wpointer-arith -Wdeclaration-after-statement -Werror=vla -Wendif-labels -Wmissing-format-attribute -Wimplicit-fallthrough=3 -Wcast-function-type -Wformat-security -fno-strict-aliasing -fwrapv -fexcess-precision=standard -Wno-format-truncation -Wno-stringop-truncation -g -O2\"" -DVAL_CFLAGS_SL="\"-fPIC\"" -DVAL_LDFLAGS="\"-Wl,--as-needed -Wl,-rpath,'/home/postgres/minipg/lib',--enable-new-dtags\"" -DVAL_LDFLAGS_EX="\"\"" -DVAL_LDFLAGS_SL="\"\"" -DVAL_LIBS="\"-lpgcommon -lpgport -lz -lreadline -lm \"" -c jsonapi.c -o jsonapi_shlib.o
gcc -Wall -Wmissing-prototypes -Wpointer-arith -Wdeclaration-after-statement -Werror=vla -Wendif-labels -Wmissing-format-attribute -Wimplicit-fallthrough=3 -Wcast-function-type -Wformat-security -fno-strict-aliasing -fwrapv -fexcess-precision=standard -Wno-format-truncation -Wno-stringop-truncation -g -O2 -fPIC -DFRONTEND -I. -I../../src/common -I../../src/include -D_GNU_SOURCE  -DVAL_CC="\"gcc\"" -DVAL_CPPFLAGS="\"-D_GNU_SOURCE\"" -DVAL_CFLAGS="\"-Wall -Wmissing-prototypes -Wpointer-arith -Wdeclaration-after-statement -Werror=vla -Wendif-labels -Wmissing-format-attribute -Wimplicit-fallthrough=3 -Wcast-function-type -Wformat-security -fno-strict-aliasing -fwrapv -fexcess-precision=standard -Wno-format-truncation -Wno-stringop-truncation -g -O2\"" -DVAL_CFLAGS_SL="\"-fPIC\"" -DVAL_LDFLAGS="\"-Wl,--as-needed -Wl,-rpath,'/home/postgres/minipg/lib',--enable-new-dtags\"" -DVAL_LDFLAGS_EX="\"\"" -DVAL_LDFLAGS_SL="\"\"" -DVAL_LIBS="\"-lpgcommon -lpgport -lz -lreadline -lm \"" -c keywords.c -o keywords_shlib.o
gcc -Wall -Wmissing-prototypes -Wpointer-arith -Wdeclaration-after-statement -Werror=vla -Wendif-labels -Wmissing-format-attribute -Wimplicit-fallthrough=3 -Wcast-function-type -Wformat-security -fno-strict-aliasing -fwrapv -fexcess-precision=standard -Wno-format-truncation -Wno-stringop-truncation -g -O2 -fPIC -DFRONTEND -I. -I../../src/common -I../../src/include -D_GNU_SOURCE  -DVAL_CC="\"gcc\"" -DVAL_CPPFLAGS="\"-D_GNU_SOURCE\"" -DVAL_CFLAGS="\"-Wall -Wmissing-prototypes -Wpointer-arith -Wdeclaration-after-statement -Werror=vla -Wendif-labels -Wmissing-format-attribute -Wimplicit-fallthrough=3 -Wcast-function-type -Wformat-security -fno-strict-aliasing -fwrapv -fexcess-precision=standard -Wno-format-truncation -Wno-stringop-truncation -g -O2\"" -DVAL_CFLAGS_SL="\"-fPIC\"" -DVAL_LDFLAGS="\"-Wl,--as-needed -Wl,-rpath,'/home/postgres/minipg/lib',--enable-new-dtags\"" -DVAL_LDFLAGS_EX="\"\"" -DVAL_LDFLAGS_SL="\"\"" -DVAL_LIBS="\"-lpgcommon -lpgport -lz -lreadline -lm \"" -c kwlookup.c -o kwlookup_shlib.o
gcc -Wall -Wmissing-prototypes -Wpointer-arith -Wdeclaration-after-statement -Werror=vla -Wendif-labels -Wmissing-format-attribute -Wimplicit-fallthrough=3 -Wcast-function-type -Wformat-security -fno-strict-aliasing -fwrapv -fexcess-precision=standard -Wno-format-truncation -Wno-stringop-truncation -g -O2 -fPIC -DFRONTEND -I. -I../../src/common -I../../src/include -D_GNU_SOURCE  -DVAL_CC="\"gcc\"" -DVAL_CPPFLAGS="\"-D_GNU_SOURCE\"" -DVAL_CFLAGS="\"-Wall -Wmissing-prototypes -Wpointer-arith -Wdeclaration-after-statement -Werror=vla -Wendif-labels -Wmissing-format-attribute -Wimplicit-fallthrough=3 -Wcast-function-type -Wformat-security -fno-strict-aliasing -fwrapv -fexcess-precision=standard -Wno-format-truncation -Wno-stringop-truncation -g -O2\"" -DVAL_CFLAGS_SL="\"-fPIC\"" -DVAL_LDFLAGS="\"-Wl,--as-needed -Wl,-rpath,'/home/postgres/minipg/lib',--enable-new-dtags\"" -DVAL_LDFLAGS_EX="\"\"" -DVAL_LDFLAGS_SL="\"\"" -DVAL_LIBS="\"-lpgcommon -lpgport -lz -lreadline -lm \"" -c link-canary.c -o link-canary_shlib.o
gcc -Wall -Wmissing-prototypes -Wpointer-arith -Wdeclaration-after-statement -Werror=vla -Wendif-labels -Wmissing-format-attribute -Wimplicit-fallthrough=3 -Wcast-function-type -Wformat-security -fno-strict-aliasing -fwrapv -fexcess-precision=standard -Wno-format-truncation -Wno-stringop-truncation -g -O2 -fPIC -DFRONTEND -I. -I../../src/common -I../../src/include -D_GNU_SOURCE  -DVAL_CC="\"gcc\"" -DVAL_CPPFLAGS="\"-D_GNU_SOURCE\"" -DVAL_CFLAGS="\"-Wall -Wmissing-prototypes -Wpointer-arith -Wdeclaration-after-statement -Werror=vla -Wendif-labels -Wmissing-format-attribute -Wimplicit-fallthrough=3 -Wcast-function-type -Wformat-security -fno-strict-aliasing -fwrapv -fexcess-precision=standard -Wno-format-truncation -Wno-stringop-truncation -g -O2\"" -DVAL_CFLAGS_SL="\"-fPIC\"" -DVAL_LDFLAGS="\"-Wl,--as-needed -Wl,-rpath,'/home/postgres/minipg/lib',--enable-new-dtags\"" -DVAL_LDFLAGS_EX="\"\"" -DVAL_LDFLAGS_SL="\"\"" -DVAL_LIBS="\"-lpgcommon -lpgport -lz -lreadline -lm \"" -c md5_common.c -o md5_common_shlib.o
gcc -Wall -Wmissing-prototypes -Wpointer-arith -Wdeclaration-after-statement -Werror=vla -Wendif-labels -Wmissing-format-attribute -Wimplicit-fallthrough=3 -Wcast-function-type -Wformat-security -fno-strict-aliasing -fwrapv -fexcess-precision=standard -Wno-format-truncation -Wno-stringop-truncation -g -O2 -fPIC -DFRONTEND -I. -I../../src/common -I../../src/include -D_GNU_SOURCE  -DVAL_CC="\"gcc\"" -DVAL_CPPFLAGS="\"-D_GNU_SOURCE\"" -DVAL_CFLAGS="\"-Wall -Wmissing-prototypes -Wpointer-arith -Wdeclaration-after-statement -Werror=vla -Wendif-labels -Wmissing-format-attribute -Wimplicit-fallthrough=3 -Wcast-function-type -Wformat-security -fno-strict-aliasing -fwrapv -fexcess-precision=standard -Wno-format-truncation -Wno-stringop-truncation -g -O2\"" -DVAL_CFLAGS_SL="\"-fPIC\"" -DVAL_LDFLAGS="\"-Wl,--as-needed -Wl,-rpath,'/home/postgres/minipg/lib',--enable-new-dtags\"" -DVAL_LDFLAGS_EX="\"\"" -DVAL_LDFLAGS_SL="\"\"" -DVAL_LIBS="\"-lpgcommon -lpgport -lz -lreadline -lm \"" -c pg_get_line.c -o pg_get_line_shlib.o
gcc -Wall -Wmissing-prototypes -Wpointer-arith -Wdeclaration-after-statement -Werror=vla -Wendif-labels -Wmissing-format-attribute -Wimplicit-fallthrough=3 -Wcast-function-type -Wformat-security -fno-strict-aliasing -fwrapv -fexcess-precision=standard -Wno-format-truncation -Wno-stringop-truncation -g -O2 -fPIC -DFRONTEND -I. -I../../src/common -I../../src/include -D_GNU_SOURCE  -DVAL_CC="\"gcc\"" -DVAL_CPPFLAGS="\"-D_GNU_SOURCE\"" -DVAL_CFLAGS="\"-Wall -Wmissing-prototypes -Wpointer-arith -Wdeclaration-after-statement -Werror=vla -Wendif-labels -Wmissing-format-attribute -Wimplicit-fallthrough=3 -Wcast-function-type -Wformat-security -fno-strict-aliasing -fwrapv -fexcess-precision=standard -Wno-format-truncation -Wno-stringop-truncation -g -O2\"" -DVAL_CFLAGS_SL="\"-fPIC\"" -DVAL_LDFLAGS="\"-Wl,--as-needed -Wl,-rpath,'/home/postgres/minipg/lib',--enable-new-dtags\"" -DVAL_LDFLAGS_EX="\"\"" -DVAL_LDFLAGS_SL="\"\"" -DVAL_LIBS="\"-lpgcommon -lpgport -lz -lreadline -lm \"" -c pg_lzcompress.c -o pg_lzcompress_shlib.o
gcc -Wall -Wmissing-prototypes -Wpointer-arith -Wdeclaration-after-statement -Werror=vla -Wendif-labels -Wmissing-format-attribute -Wimplicit-fallthrough=3 -Wcast-function-type -Wformat-security -fno-strict-aliasing -fwrapv -fexcess-precision=standard -Wno-format-truncation -Wno-stringop-truncation -g -O2 -fPIC -DFRONTEND -I. -I../../src/common -I../../src/include -D_GNU_SOURCE  -DVAL_CC="\"gcc\"" -DVAL_CPPFLAGS="\"-D_GNU_SOURCE\"" -DVAL_CFLAGS="\"-Wall -Wmissing-prototypes -Wpointer-arith -Wdeclaration-after-statement -Werror=vla -Wendif-labels -Wmissing-format-attribute -Wimplicit-fallthrough=3 -Wcast-function-type -Wformat-security -fno-strict-aliasing -fwrapv -fexcess-precision=standard -Wno-format-truncation -Wno-stringop-truncation -g -O2\"" -DVAL_CFLAGS_SL="\"-fPIC\"" -DVAL_LDFLAGS="\"-Wl,--as-needed -Wl,-rpath,'/home/postgres/minipg/lib',--enable-new-dtags\"" -DVAL_LDFLAGS_EX="\"\"" -DVAL_LDFLAGS_SL="\"\"" -DVAL_LIBS="\"-lpgcommon -lpgport -lz -lreadline -lm \"" -c pgfnames.c -o pgfnames_shlib.o
gcc -Wall -Wmissing-prototypes -Wpointer-arith -Wdeclaration-after-statement -Werror=vla -Wendif-labels -Wmissing-format-attribute -Wimplicit-fallthrough=3 -Wcast-function-type -Wformat-security -fno-strict-aliasing -fwrapv -fexcess-precision=standard -Wno-format-truncation -Wno-stringop-truncation -g -O2 -fPIC -DFRONTEND -I. -I../../src/common -I../../src/include -D_GNU_SOURCE  -DVAL_CC="\"gcc\"" -DVAL_CPPFLAGS="\"-D_GNU_SOURCE\"" -DVAL_CFLAGS="\"-Wall -Wmissing-prototypes -Wpointer-arith -Wdeclaration-after-statement -Werror=vla -Wendif-labels -Wmissing-format-attribute -Wimplicit-fallthrough=3 -Wcast-function-type -Wformat-security -fno-strict-aliasing -fwrapv -fexcess-precision=standard -Wno-format-truncation -Wno-stringop-truncation -g -O2\"" -DVAL_CFLAGS_SL="\"-fPIC\"" -DVAL_LDFLAGS="\"-Wl,--as-needed -Wl,-rpath,'/home/postgres/minipg/lib',--enable-new-dtags\"" -DVAL_LDFLAGS_EX="\"\"" -DVAL_LDFLAGS_SL="\"\"" -DVAL_LIBS="\"-lpgcommon -lpgport -lz -lreadline -lm \"" -c psprintf.c -o psprintf_shlib.o
gcc -Wall -Wmissing-prototypes -Wpointer-arith -Wdeclaration-after-statement -Werror=vla -Wendif-labels -Wmissing-format-attribute -Wimplicit-fallthrough=3 -Wcast-function-type -Wformat-security -fno-strict-aliasing -fwrapv -fexcess-precision=standard -Wno-format-truncation -Wno-stringop-truncation -g -O2 -fPIC -DFRONTEND -I. -I../../src/common -I../../src/include -D_GNU_SOURCE  -DVAL_CC="\"gcc\"" -DVAL_CPPFLAGS="\"-D_GNU_SOURCE\"" -DVAL_CFLAGS="\"-Wall -Wmissing-prototypes -Wpointer-arith -Wdeclaration-after-statement -Werror=vla -Wendif-labels -Wmissing-format-attribute -Wimplicit-fallthrough=3 -Wcast-function-type -Wformat-security -fno-strict-aliasing -fwrapv -fexcess-precision=standard -Wno-format-truncation -Wno-stringop-truncation -g -O2\"" -DVAL_CFLAGS_SL="\"-fPIC\"" -DVAL_LDFLAGS="\"-Wl,--as-needed -Wl,-rpath,'/home/postgres/minipg/lib',--enable-new-dtags\"" -DVAL_LDFLAGS_EX="\"\"" -DVAL_LDFLAGS_SL="\"\"" -DVAL_LIBS="\"-lpgcommon -lpgport -lz -lreadline -lm \"" -c relpath.c -o relpath_shlib.o
gcc -Wall -Wmissing-prototypes -Wpointer-arith -Wdeclaration-after-statement -Werror=vla -Wendif-labels -Wmissing-format-attribute -Wimplicit-fallthrough=3 -Wcast-function-type -Wformat-security -fno-strict-aliasing -fwrapv -fexcess-precision=standard -Wno-format-truncation -Wno-stringop-truncation -g -O2 -fPIC -DFRONTEND -I. -I../../src/common -I../../src/include -D_GNU_SOURCE  -DVAL_CC="\"gcc\"" -DVAL_CPPFLAGS="\"-D_GNU_SOURCE\"" -DVAL_CFLAGS="\"-Wall -Wmissing-prototypes -Wpointer-arith -Wdeclaration-after-statement -Werror=vla -Wendif-labels -Wmissing-format-attribute -Wimplicit-fallthrough=3 -Wcast-function-type -Wformat-security -fno-strict-aliasing -fwrapv -fexcess-precision=standard -Wno-format-truncation -Wno-stringop-truncation -g -O2\"" -DVAL_CFLAGS_SL="\"-fPIC\"" -DVAL_LDFLAGS="\"-Wl,--as-needed -Wl,-rpath,'/home/postgres/minipg/lib',--enable-new-dtags\"" -DVAL_LDFLAGS_EX="\"\"" -DVAL_LDFLAGS_SL="\"\"" -DVAL_LIBS="\"-lpgcommon -lpgport -lz -lreadline -lm \"" -c rmtree.c -o rmtree_shlib.o
gcc -Wall -Wmissing-prototypes -Wpointer-arith -Wdeclaration-after-statement -Werror=vla -Wendif-labels -Wmissing-format-attribute -Wimplicit-fallthrough=3 -Wcast-function-type -Wformat-security -fno-strict-aliasing -fwrapv -fexcess-precision=standard -Wno-format-truncation -Wno-stringop-truncation -g -O2 -fPIC -DFRONTEND -I. -I../../src/common -I../../src/include -D_GNU_SOURCE  -DVAL_CC="\"gcc\"" -DVAL_CPPFLAGS="\"-D_GNU_SOURCE\"" -DVAL_CFLAGS="\"-Wall -Wmissing-prototypes -Wpointer-arith -Wdeclaration-after-statement -Werror=vla -Wendif-labels -Wmissing-format-attribute -Wimplicit-fallthrough=3 -Wcast-function-type -Wformat-security -fno-strict-aliasing -fwrapv -fexcess-precision=standard -Wno-format-truncation -Wno-stringop-truncation -g -O2\"" -DVAL_CFLAGS_SL="\"-fPIC\"" -DVAL_LDFLAGS="\"-Wl,--as-needed -Wl,-rpath,'/home/postgres/minipg/lib',--enable-new-dtags\"" -DVAL_LDFLAGS_EX="\"\"" -DVAL_LDFLAGS_SL="\"\"" -DVAL_LIBS="\"-lpgcommon -lpgport -lz -lreadline -lm \"" -c saslprep.c -o saslprep_shlib.o
gcc -Wall -Wmissing-prototypes -Wpointer-arith -Wdeclaration-after-statement -Werror=vla -Wendif-labels -Wmissing-format-attribute -Wimplicit-fallthrough=3 -Wcast-function-type -Wformat-security -fno-strict-aliasing -fwrapv -fexcess-precision=standard -Wno-format-truncation -Wno-stringop-truncation -g -O2 -fPIC -DFRONTEND -I. -I../../src/common -I../../src/include -D_GNU_SOURCE  -DVAL_CC="\"gcc\"" -DVAL_CPPFLAGS="\"-D_GNU_SOURCE\"" -DVAL_CFLAGS="\"-Wall -Wmissing-prototypes -Wpointer-arith -Wdeclaration-after-statement -Werror=vla -Wendif-labels -Wmissing-format-attribute -Wimplicit-fallthrough=3 -Wcast-function-type -Wformat-security -fno-strict-aliasing -fwrapv -fexcess-precision=standard -Wno-format-truncation -Wno-stringop-truncation -g -O2\"" -DVAL_CFLAGS_SL="\"-fPIC\"" -DVAL_LDFLAGS="\"-Wl,--as-needed -Wl,-rpath,'/home/postgres/minipg/lib',--enable-new-dtags\"" -DVAL_LDFLAGS_EX="\"\"" -DVAL_LDFLAGS_SL="\"\"" -DVAL_LIBS="\"-lpgcommon -lpgport -lz -lreadline -lm \"" -c scram-common.c -o scram-common_shlib.o
gcc -Wall -Wmissing-prototypes -Wpointer-arith -Wdeclaration-after-statement -Werror=vla -Wendif-labels -Wmissing-format-attribute -Wimplicit-fallthrough=3 -Wcast-function-type -Wformat-security -fno-strict-aliasing -fwrapv -fexcess-precision=standard -Wno-format-truncation -Wno-stringop-truncation -g -O2 -fPIC -DFRONTEND -I. -I../../src/common -I../../src/include -D_GNU_SOURCE  -DVAL_CC="\"gcc\"" -DVAL_CPPFLAGS="\"-D_GNU_SOURCE\"" -DVAL_CFLAGS="\"-Wall -Wmissing-prototypes -Wpointer-arith -Wdeclaration-after-statement -Werror=vla -Wendif-labels -Wmissing-format-attribute -Wimplicit-fallthrough=3 -Wcast-function-type -Wformat-security -fno-strict-aliasing -fwrapv -fexcess-precision=standard -Wno-format-truncation -Wno-stringop-truncation -g -O2\"" -DVAL_CFLAGS_SL="\"-fPIC\"" -DVAL_LDFLAGS="\"-Wl,--as-needed -Wl,-rpath,'/home/postgres/minipg/lib',--enable-new-dtags\"" -DVAL_LDFLAGS_EX="\"\"" -DVAL_LDFLAGS_SL="\"\"" -DVAL_LIBS="\"-lpgcommon -lpgport -lz -lreadline -lm \"" -c string.c -o string_shlib.o
gcc -Wall -Wmissing-prototypes -Wpointer-arith -Wdeclaration-after-statement -Werror=vla -Wendif-labels -Wmissing-format-attribute -Wimplicit-fallthrough=3 -Wcast-function-type -Wformat-security -fno-strict-aliasing -fwrapv -fexcess-precision=standard -Wno-format-truncation -Wno-stringop-truncation -g -O2 -fPIC -DFRONTEND -I. -I../../src/common -I../../src/include -D_GNU_SOURCE  -DVAL_CC="\"gcc\"" -DVAL_CPPFLAGS="\"-D_GNU_SOURCE\"" -DVAL_CFLAGS="\"-Wall -Wmissing-prototypes -Wpointer-arith -Wdeclaration-after-statement -Werror=vla -Wendif-labels -Wmissing-format-attribute -Wimplicit-fallthrough=3 -Wcast-function-type -Wformat-security -fno-strict-aliasing -fwrapv -fexcess-precision=standard -Wno-format-truncation -Wno-stringop-truncation -g -O2\"" -DVAL_CFLAGS_SL="\"-fPIC\"" -DVAL_LDFLAGS="\"-Wl,--as-needed -Wl,-rpath,'/home/postgres/minipg/lib',--enable-new-dtags\"" -DVAL_LDFLAGS_EX="\"\"" -DVAL_LDFLAGS_SL="\"\"" -DVAL_LIBS="\"-lpgcommon -lpgport -lz -lreadline -lm \"" -c stringinfo.c -o stringinfo_shlib.o
gcc -Wall -Wmissing-prototypes -Wpointer-arith -Wdeclaration-after-statement -Werror=vla -Wendif-labels -Wmissing-format-attribute -Wimplicit-fallthrough=3 -Wcast-function-type -Wformat-security -fno-strict-aliasing -fwrapv -fexcess-precision=standard -Wno-format-truncation -Wno-stringop-truncation -g -O2 -fPIC -DFRONTEND -I. -I../../src/common -I../../src/include -D_GNU_SOURCE  -DVAL_CC="\"gcc\"" -DVAL_CPPFLAGS="\"-D_GNU_SOURCE\"" -DVAL_CFLAGS="\"-Wall -Wmissing-prototypes -Wpointer-arith -Wdeclaration-after-statement -Werror=vla -Wendif-labels -Wmissing-format-attribute -Wimplicit-fallthrough=3 -Wcast-function-type -Wformat-security -fno-strict-aliasing -fwrapv -fexcess-precision=standard -Wno-format-truncation -Wno-stringop-truncation -g -O2\"" -DVAL_CFLAGS_SL="\"-fPIC\"" -DVAL_LDFLAGS="\"-Wl,--as-needed -Wl,-rpath,'/home/postgres/minipg/lib',--enable-new-dtags\"" -DVAL_LDFLAGS_EX="\"\"" -DVAL_LDFLAGS_SL="\"\"" -DVAL_LIBS="\"-lpgcommon -lpgport -lz -lreadline -lm \"" -c unicode_norm.c -o unicode_norm_shlib.o
gcc -Wall -Wmissing-prototypes -Wpointer-arith -Wdeclaration-after-statement -Werror=vla -Wendif-labels -Wmissing-format-attribute -Wimplicit-fallthrough=3 -Wcast-function-type -Wformat-security -fno-strict-aliasing -fwrapv -fexcess-precision=standard -Wno-format-truncation -Wno-stringop-truncation -g -O2 -fPIC -DFRONTEND -I. -I../../src/common -I../../src/include -D_GNU_SOURCE  -DVAL_CC="\"gcc\"" -DVAL_CPPFLAGS="\"-D_GNU_SOURCE\"" -DVAL_CFLAGS="\"-Wall -Wmissing-prototypes -Wpointer-arith -Wdeclaration-after-statement -Werror=vla -Wendif-labels -Wmissing-format-attribute -Wimplicit-fallthrough=3 -Wcast-function-type -Wformat-security -fno-strict-aliasing -fwrapv -fexcess-precision=standard -Wno-format-truncation -Wno-stringop-truncation -g -O2\"" -DVAL_CFLAGS_SL="\"-fPIC\"" -DVAL_LDFLAGS="\"-Wl,--as-needed -Wl,-rpath,'/home/postgres/minipg/lib',--enable-new-dtags\"" -DVAL_LDFLAGS_EX="\"\"" -DVAL_LDFLAGS_SL="\"\"" -DVAL_LIBS="\"-lpgcommon -lpgport -lz -lreadline -lm \"" -c username.c -o username_shlib.o
gcc -Wall -Wmissing-prototypes -Wpointer-arith -Wdeclaration-after-statement -Werror=vla -Wendif-labels -Wmissing-format-attribute -Wimplicit-fallthrough=3 -Wcast-function-type -Wformat-security -fno-strict-aliasing -fwrapv -fexcess-precision=standard -Wno-format-truncation -Wno-stringop-truncation -g -O2 -fPIC -DFRONTEND -I. -I../../src/common -I../../src/include -D_GNU_SOURCE  -DVAL_CC="\"gcc\"" -DVAL_CPPFLAGS="\"-D_GNU_SOURCE\"" -DVAL_CFLAGS="\"-Wall -Wmissing-prototypes -Wpointer-arith -Wdeclaration-after-statement -Werror=vla -Wendif-labels -Wmissing-format-attribute -Wimplicit-fallthrough=3 -Wcast-function-type -Wformat-security -fno-strict-aliasing -fwrapv -fexcess-precision=standard -Wno-format-truncation -Wno-stringop-truncation -g -O2\"" -DVAL_CFLAGS_SL="\"-fPIC\"" -DVAL_LDFLAGS="\"-Wl,--as-needed -Wl,-rpath,'/home/postgres/minipg/lib',--enable-new-dtags\"" -DVAL_LDFLAGS_EX="\"\"" -DVAL_LDFLAGS_SL="\"\"" -DVAL_LIBS="\"-lpgcommon -lpgport -lz -lreadline -lm \"" -c wait_error.c -o wait_error_shlib.o
gcc -Wall -Wmissing-prototypes -Wpointer-arith -Wdeclaration-after-statement -Werror=vla -Wendif-labels -Wmissing-format-attribute -Wimplicit-fallthrough=3 -Wcast-function-type -Wformat-security -fno-strict-aliasing -fwrapv -fexcess-precision=standard -Wno-format-truncation -Wno-stringop-truncation -g -O2 -fPIC -DFRONTEND -I. -I../../src/common -I../../src/include -D_GNU_SOURCE  -DVAL_CC="\"gcc\"" -DVAL_CPPFLAGS="\"-D_GNU_SOURCE\"" -DVAL_CFLAGS="\"-Wall -Wmissing-prototypes -Wpointer-arith -Wdeclaration-after-statement -Werror=vla -Wendif-labels -Wmissing-format-attribute -Wimplicit-fallthrough=3 -Wcast-function-type -Wformat-security -fno-strict-aliasing -fwrapv -fexcess-precision=standard -Wno-format-truncation -Wno-stringop-truncation -g -O2\"" -DVAL_CFLAGS_SL="\"-fPIC\"" -DVAL_LDFLAGS="\"-Wl,--as-needed -Wl,-rpath,'/home/postgres/minipg/lib',--enable-new-dtags\"" -DVAL_LDFLAGS_EX="\"\"" -DVAL_LDFLAGS_SL="\"\"" -DVAL_LIBS="\"-lpgcommon -lpgport -lz -lreadline -lm \"" -c wchar.c -o wchar_shlib.o
gcc -Wall -Wmissing-prototypes -Wpointer-arith -Wdeclaration-after-statement -Werror=vla -Wendif-labels -Wmissing-format-attribute -Wimplicit-fallthrough=3 -Wcast-function-type -Wformat-security -fno-strict-aliasing -fwrapv -fexcess-precision=standard -Wno-format-truncation -Wno-stringop-truncation -g -O2 -fPIC -DFRONTEND -I. -I../../src/common -I../../src/include -D_GNU_SOURCE  -DVAL_CC="\"gcc\"" -DVAL_CPPFLAGS="\"-D_GNU_SOURCE\"" -DVAL_CFLAGS="\"-Wall -Wmissing-prototypes -Wpointer-arith -Wdeclaration-after-statement -Werror=vla -Wendif-labels -Wmissing-format-attribute -Wimplicit-fallthrough=3 -Wcast-function-type -Wformat-security -fno-strict-aliasing -fwrapv -fexcess-precision=standard -Wno-format-truncation -Wno-stringop-truncation -g -O2\"" -DVAL_CFLAGS_SL="\"-fPIC\"" -DVAL_LDFLAGS="\"-Wl,--as-needed -Wl,-rpath,'/home/postgres/minipg/lib',--enable-new-dtags\"" -DVAL_LDFLAGS_EX="\"\"" -DVAL_LDFLAGS_SL="\"\"" -DVAL_LIBS="\"-lpgcommon -lpgport -lz -lreadline -lm \"" -c cryptohash.c -o cryptohash_shlib.o
gcc -Wall -Wmissing-prototypes -Wpointer-arith -Wdeclaration-after-statement -Werror=vla -Wendif-labels -Wmissing-format-attribute -Wimplicit-fallthrough=3 -Wcast-function-type -Wformat-security -fno-strict-aliasing -fwrapv -fexcess-precision=standard -Wno-format-truncation -Wno-stringop-truncation -g -O2 -fPIC -DFRONTEND -I. -I../../src/common -I../../src/include -D_GNU_SOURCE  -DVAL_CC="\"gcc\"" -DVAL_CPPFLAGS="\"-D_GNU_SOURCE\"" -DVAL_CFLAGS="\"-Wall -Wmissing-prototypes -Wpointer-arith -Wdeclaration-after-statement -Werror=vla -Wendif-labels -Wmissing-format-attribute -Wimplicit-fallthrough=3 -Wcast-function-type -Wformat-security -fno-strict-aliasing -fwrapv -fexcess-precision=standard -Wno-format-truncation -Wno-stringop-truncation -g -O2\"" -DVAL_CFLAGS_SL="\"-fPIC\"" -DVAL_LDFLAGS="\"-Wl,--as-needed -Wl,-rpath,'/home/postgres/minipg/lib',--enable-new-dtags\"" -DVAL_LDFLAGS_EX="\"\"" -DVAL_LDFLAGS_SL="\"\"" -DVAL_LIBS="\"-lpgcommon -lpgport -lz -lreadline -lm \"" -c hmac.c -o hmac_shlib.o
gcc -Wall -Wmissing-prototypes -Wpointer-arith -Wdeclaration-after-statement -Werror=vla -Wendif-labels -Wmissing-format-attribute -Wimplicit-fallthrough=3 -Wcast-function-type -Wformat-security -fno-strict-aliasing -fwrapv -fexcess-precision=standard -Wno-format-truncation -Wno-stringop-truncation -g -O2 -fPIC -DFRONTEND -I. -I../../src/common -I../../src/include -D_GNU_SOURCE  -DVAL_CC="\"gcc\"" -DVAL_CPPFLAGS="\"-D_GNU_SOURCE\"" -DVAL_CFLAGS="\"-Wall -Wmissing-prototypes -Wpointer-arith -Wdeclaration-after-statement -Werror=vla -Wendif-labels -Wmissing-format-attribute -Wimplicit-fallthrough=3 -Wcast-function-type -Wformat-security -fno-strict-aliasing -fwrapv -fexcess-precision=standard -Wno-format-truncation -Wno-stringop-truncation -g -O2\"" -DVAL_CFLAGS_SL="\"-fPIC\"" -DVAL_LDFLAGS="\"-Wl,--as-needed -Wl,-rpath,'/home/postgres/minipg/lib',--enable-new-dtags\"" -DVAL_LDFLAGS_EX="\"\"" -DVAL_LDFLAGS_SL="\"\"" -DVAL_LIBS="\"-lpgcommon -lpgport -lz -lreadline -lm \"" -c md5.c -o md5_shlib.o
gcc -Wall -Wmissing-prototypes -Wpointer-arith -Wdeclaration-after-statement -Werror=vla -Wendif-labels -Wmissing-format-attribute -Wimplicit-fallthrough=3 -Wcast-function-type -Wformat-security -fno-strict-aliasing -fwrapv -fexcess-precision=standard -Wno-format-truncation -Wno-stringop-truncation -g -O2 -fPIC -DFRONTEND -I. -I../../src/common -I../../src/include -D_GNU_SOURCE  -DVAL_CC="\"gcc\"" -DVAL_CPPFLAGS="\"-D_GNU_SOURCE\"" -DVAL_CFLAGS="\"-Wall -Wmissing-prototypes -Wpointer-arith -Wdeclaration-after-statement -Werror=vla -Wendif-labels -Wmissing-format-attribute -Wimplicit-fallthrough=3 -Wcast-function-type -Wformat-security -fno-strict-aliasing -fwrapv -fexcess-precision=standard -Wno-format-truncation -Wno-stringop-truncation -g -O2\"" -DVAL_CFLAGS_SL="\"-fPIC\"" -DVAL_LDFLAGS="\"-Wl,--as-needed -Wl,-rpath,'/home/postgres/minipg/lib',--enable-new-dtags\"" -DVAL_LDFLAGS_EX="\"\"" -DVAL_LDFLAGS_SL="\"\"" -DVAL_LIBS="\"-lpgcommon -lpgport -lz -lreadline -lm \"" -c sha1.c -o sha1_shlib.o
gcc -Wall -Wmissing-prototypes -Wpointer-arith -Wdeclaration-after-statement -Werror=vla -Wendif-labels -Wmissing-format-attribute -Wimplicit-fallthrough=3 -Wcast-function-type -Wformat-security -fno-strict-aliasing -fwrapv -fexcess-precision=standard -Wno-format-truncation -Wno-stringop-truncation -g -O2 -fPIC -DFRONTEND -I. -I../../src/common -I../../src/include -D_GNU_SOURCE  -DVAL_CC="\"gcc\"" -DVAL_CPPFLAGS="\"-D_GNU_SOURCE\"" -DVAL_CFLAGS="\"-Wall -Wmissing-prototypes -Wpointer-arith -Wdeclaration-after-statement -Werror=vla -Wendif-labels -Wmissing-format-attribute -Wimplicit-fallthrough=3 -Wcast-function-type -Wformat-security -fno-strict-aliasing -fwrapv -fexcess-precision=standard -Wno-format-truncation -Wno-stringop-truncation -g -O2\"" -DVAL_CFLAGS_SL="\"-fPIC\"" -DVAL_LDFLAGS="\"-Wl,--as-needed -Wl,-rpath,'/home/postgres/minipg/lib',--enable-new-dtags\"" -DVAL_LDFLAGS_EX="\"\"" -DVAL_LDFLAGS_SL="\"\"" -DVAL_LIBS="\"-lpgcommon -lpgport -lz -lreadline -lm \"" -c sha2.c -o sha2_shlib.o
gcc -Wall -Wmissing-prototypes -Wpointer-arith -Wdeclaration-after-statement -Werror=vla -Wendif-labels -Wmissing-format-attribute -Wimplicit-fallthrough=3 -Wcast-function-type -Wformat-security -fno-strict-aliasing -fwrapv -fexcess-precision=standard -Wno-format-truncation -Wno-stringop-truncation -g -O2 -fPIC -DFRONTEND -I. -I../../src/common -I../../src/include -D_GNU_SOURCE  -DVAL_CC="\"gcc\"" -DVAL_CPPFLAGS="\"-D_GNU_SOURCE\"" -DVAL_CFLAGS="\"-Wall -Wmissing-prototypes -Wpointer-arith -Wdeclaration-after-statement -Werror=vla -Wendif-labels -Wmissing-format-attribute -Wimplicit-fallthrough=3 -Wcast-function-type -Wformat-security -fno-strict-aliasing -fwrapv -fexcess-precision=standard -Wno-format-truncation -Wno-stringop-truncation -g -O2\"" -DVAL_CFLAGS_SL="\"-fPIC\"" -DVAL_LDFLAGS="\"-Wl,--as-needed -Wl,-rpath,'/home/postgres/minipg/lib',--enable-new-dtags\"" -DVAL_LDFLAGS_EX="\"\"" -DVAL_LDFLAGS_SL="\"\"" -DVAL_LIBS="\"-lpgcommon -lpgport -lz -lreadline -lm \"" -c fe_memutils.c -o fe_memutils_shlib.o
gcc -Wall -Wmissing-prototypes -Wpointer-arith -Wdeclaration-after-statement -Werror=vla -Wendif-labels -Wmissing-format-attribute -Wimplicit-fallthrough=3 -Wcast-function-type -Wformat-security -fno-strict-aliasing -fwrapv -fexcess-precision=standard -Wno-format-truncation -Wno-stringop-truncation -g -O2 -fPIC -DFRONTEND -I. -I../../src/common -I../../src/include -D_GNU_SOURCE  -DVAL_CC="\"gcc\"" -DVAL_CPPFLAGS="\"-D_GNU_SOURCE\"" -DVAL_CFLAGS="\"-Wall -Wmissing-prototypes -Wpointer-arith -Wdeclaration-after-statement -Werror=vla -Wendif-labels -Wmissing-format-attribute -Wimplicit-fallthrough=3 -Wcast-function-type -Wformat-security -fno-strict-aliasing -fwrapv -fexcess-precision=standard -Wno-format-truncation -Wno-stringop-truncation -g -O2\"" -DVAL_CFLAGS_SL="\"-fPIC\"" -DVAL_LDFLAGS="\"-Wl,--as-needed -Wl,-rpath,'/home/postgres/minipg/lib',--enable-new-dtags\"" -DVAL_LDFLAGS_EX="\"\"" -DVAL_LDFLAGS_SL="\"\"" -DVAL_LIBS="\"-lpgcommon -lpgport -lz -lreadline -lm \"" -c restricted_token.c -o restricted_token_shlib.o
gcc -Wall -Wmissing-prototypes -Wpointer-arith -Wdeclaration-after-statement -Werror=vla -Wendif-labels -Wmissing-format-attribute -Wimplicit-fallthrough=3 -Wcast-function-type -Wformat-security -fno-strict-aliasing -fwrapv -fexcess-precision=standard -Wno-format-truncation -Wno-stringop-truncation -g -O2 -fPIC -DFRONTEND -I. -I../../src/common -I../../src/include -D_GNU_SOURCE  -DVAL_CC="\"gcc\"" -DVAL_CPPFLAGS="\"-D_GNU_SOURCE\"" -DVAL_CFLAGS="\"-Wall -Wmissing-prototypes -Wpointer-arith -Wdeclaration-after-statement -Werror=vla -Wendif-labels -Wmissing-format-attribute -Wimplicit-fallthrough=3 -Wcast-function-type -Wformat-security -fno-strict-aliasing -fwrapv -fexcess-precision=standard -Wno-format-truncation -Wno-stringop-truncation -g -O2\"" -DVAL_CFLAGS_SL="\"-fPIC\"" -DVAL_LDFLAGS="\"-Wl,--as-needed -Wl,-rpath,'/home/postgres/minipg/lib',--enable-new-dtags\"" -DVAL_LDFLAGS_EX="\"\"" -DVAL_LDFLAGS_SL="\"\"" -DVAL_LIBS="\"-lpgcommon -lpgport -lz -lreadline -lm \"" -c sprompt.c -o sprompt_shlib.o
rm -f libpgcommon_shlib.a
ar crs libpgcommon_shlib.a archive_shlib.o base64_shlib.o checksum_helper_shlib.o config_info_shlib.o controldata_utils_shlib.o d2s_shlib.o encnames_shlib.o exec_shlib.o f2s_shlib.o file_perm_shlib.o file_utils_shlib.o hashfn_shlib.o ip_shlib.o jsonapi_shlib.o keywords_shlib.o kwlookup_shlib.o link-canary_shlib.o md5_common_shlib.o pg_get_line_shlib.o pg_lzcompress_shlib.o pgfnames_shlib.o psprintf_shlib.o relpath_shlib.o rmtree_shlib.o saslprep_shlib.o scram-common_shlib.o string_shlib.o stringinfo_shlib.o unicode_norm_shlib.o username_shlib.o wait_error_shlib.o wchar_shlib.o cryptohash_shlib.o hmac_shlib.o md5_shlib.o sha1_shlib.o sha2_shlib.o fe_memutils_shlib.o restricted_token_shlib.o sprompt_shlib.o
gcc -Wall -Wmissing-prototypes -Wpointer-arith -Wdeclaration-after-statement -Werror=vla -Wendif-labels -Wmissing-format-attribute -Wimplicit-fallthrough=3 -Wcast-function-type -Wformat-security -fno-strict-aliasing -fwrapv -fexcess-precision=standard -Wno-format-truncation -Wno-stringop-truncation -g -O2   -I. -I../../src/common -I../../src/include -D_GNU_SOURCE  -DVAL_CC="\"gcc\"" -DVAL_CPPFLAGS="\"-D_GNU_SOURCE\"" -DVAL_CFLAGS="\"-Wall -Wmissing-prototypes -Wpointer-arith -Wdeclaration-after-statement -Werror=vla -Wendif-labels -Wmissing-format-attribute -Wimplicit-fallthrough=3 -Wcast-function-type -Wformat-security -fno-strict-aliasing -fwrapv -fexcess-precision=standard -Wno-format-truncation -Wno-stringop-truncation -g -O2\"" -DVAL_CFLAGS_SL="\"-fPIC\"" -DVAL_LDFLAGS="\"-Wl,--as-needed -Wl,-rpath,'/home/postgres/minipg/lib',--enable-new-dtags\"" -DVAL_LDFLAGS_EX="\"\"" -DVAL_LDFLAGS_SL="\"\"" -DVAL_LIBS="\"-lpgcommon -lpgport -lz -lreadline -lm \"" -c archive.c -o archive_srv.o
gcc -Wall -Wmissing-prototypes -Wpointer-arith -Wdeclaration-after-statement -Werror=vla -Wendif-labels -Wmissing-format-attribute -Wimplicit-fallthrough=3 -Wcast-function-type -Wformat-security -fno-strict-aliasing -fwrapv -fexcess-precision=standard -Wno-format-truncation -Wno-stringop-truncation -g -O2   -I. -I../../src/common -I../../src/include -D_GNU_SOURCE  -DVAL_CC="\"gcc\"" -DVAL_CPPFLAGS="\"-D_GNU_SOURCE\"" -DVAL_CFLAGS="\"-Wall -Wmissing-prototypes -Wpointer-arith -Wdeclaration-after-statement -Werror=vla -Wendif-labels -Wmissing-format-attribute -Wimplicit-fallthrough=3 -Wcast-function-type -Wformat-security -fno-strict-aliasing -fwrapv -fexcess-precision=standard -Wno-format-truncation -Wno-stringop-truncation -g -O2\"" -DVAL_CFLAGS_SL="\"-fPIC\"" -DVAL_LDFLAGS="\"-Wl,--as-needed -Wl,-rpath,'/home/postgres/minipg/lib',--enable-new-dtags\"" -DVAL_LDFLAGS_EX="\"\"" -DVAL_LDFLAGS_SL="\"\"" -DVAL_LIBS="\"-lpgcommon -lpgport -lz -lreadline -lm \"" -c base64.c -o base64_srv.o
gcc -Wall -Wmissing-prototypes -Wpointer-arith -Wdeclaration-after-statement -Werror=vla -Wendif-labels -Wmissing-format-attribute -Wimplicit-fallthrough=3 -Wcast-function-type -Wformat-security -fno-strict-aliasing -fwrapv -fexcess-precision=standard -Wno-format-truncation -Wno-stringop-truncation -g -O2   -I. -I../../src/common -I../../src/include -D_GNU_SOURCE  -DVAL_CC="\"gcc\"" -DVAL_CPPFLAGS="\"-D_GNU_SOURCE\"" -DVAL_CFLAGS="\"-Wall -Wmissing-prototypes -Wpointer-arith -Wdeclaration-after-statement -Werror=vla -Wendif-labels -Wmissing-format-attribute -Wimplicit-fallthrough=3 -Wcast-function-type -Wformat-security -fno-strict-aliasing -fwrapv -fexcess-precision=standard -Wno-format-truncation -Wno-stringop-truncation -g -O2\"" -DVAL_CFLAGS_SL="\"-fPIC\"" -DVAL_LDFLAGS="\"-Wl,--as-needed -Wl,-rpath,'/home/postgres/minipg/lib',--enable-new-dtags\"" -DVAL_LDFLAGS_EX="\"\"" -DVAL_LDFLAGS_SL="\"\"" -DVAL_LIBS="\"-lpgcommon -lpgport -lz -lreadline -lm \"" -c checksum_helper.c -o checksum_helper_srv.o
gcc -Wall -Wmissing-prototypes -Wpointer-arith -Wdeclaration-after-statement -Werror=vla -Wendif-labels -Wmissing-format-attribute -Wimplicit-fallthrough=3 -Wcast-function-type -Wformat-security -fno-strict-aliasing -fwrapv -fexcess-precision=standard -Wno-format-truncation -Wno-stringop-truncation -g -O2   -I. -I../../src/common -I../../src/include -D_GNU_SOURCE  -DVAL_CC="\"gcc\"" -DVAL_CPPFLAGS="\"-D_GNU_SOURCE\"" -DVAL_CFLAGS="\"-Wall -Wmissing-prototypes -Wpointer-arith -Wdeclaration-after-statement -Werror=vla -Wendif-labels -Wmissing-format-attribute -Wimplicit-fallthrough=3 -Wcast-function-type -Wformat-security -fno-strict-aliasing -fwrapv -fexcess-precision=standard -Wno-format-truncation -Wno-stringop-truncation -g -O2\"" -DVAL_CFLAGS_SL="\"-fPIC\"" -DVAL_LDFLAGS="\"-Wl,--as-needed -Wl,-rpath,'/home/postgres/minipg/lib',--enable-new-dtags\"" -DVAL_LDFLAGS_EX="\"\"" -DVAL_LDFLAGS_SL="\"\"" -DVAL_LIBS="\"-lpgcommon -lpgport -lz -lreadline -lm \"" -c config_info.c -o config_info_srv.o
gcc -Wall -Wmissing-prototypes -Wpointer-arith -Wdeclaration-after-statement -Werror=vla -Wendif-labels -Wmissing-format-attribute -Wimplicit-fallthrough=3 -Wcast-function-type -Wformat-security -fno-strict-aliasing -fwrapv -fexcess-precision=standard -Wno-format-truncation -Wno-stringop-truncation -g -O2   -I. -I../../src/common -I../../src/include -D_GNU_SOURCE  -DVAL_CC="\"gcc\"" -DVAL_CPPFLAGS="\"-D_GNU_SOURCE\"" -DVAL_CFLAGS="\"-Wall -Wmissing-prototypes -Wpointer-arith -Wdeclaration-after-statement -Werror=vla -Wendif-labels -Wmissing-format-attribute -Wimplicit-fallthrough=3 -Wcast-function-type -Wformat-security -fno-strict-aliasing -fwrapv -fexcess-precision=standard -Wno-format-truncation -Wno-stringop-truncation -g -O2\"" -DVAL_CFLAGS_SL="\"-fPIC\"" -DVAL_LDFLAGS="\"-Wl,--as-needed -Wl,-rpath,'/home/postgres/minipg/lib',--enable-new-dtags\"" -DVAL_LDFLAGS_EX="\"\"" -DVAL_LDFLAGS_SL="\"\"" -DVAL_LIBS="\"-lpgcommon -lpgport -lz -lreadline -lm \"" -c controldata_utils.c -o controldata_utils_srv.o
gcc -Wall -Wmissing-prototypes -Wpointer-arith -Wdeclaration-after-statement -Werror=vla -Wendif-labels -Wmissing-format-attribute -Wimplicit-fallthrough=3 -Wcast-function-type -Wformat-security -fno-strict-aliasing -fwrapv -fexcess-precision=standard -Wno-format-truncation -Wno-stringop-truncation -g -O2 -Wno-declaration-after-statement   -I. -I../../src/common -I../../src/include -D_GNU_SOURCE  -DVAL_CC="\"gcc\"" -DVAL_CPPFLAGS="\"-D_GNU_SOURCE\"" -DVAL_CFLAGS="\"-Wall -Wmissing-prototypes -Wpointer-arith -Wdeclaration-after-statement -Werror=vla -Wendif-labels -Wmissing-format-attribute -Wimplicit-fallthrough=3 -Wcast-function-type -Wformat-security -fno-strict-aliasing -fwrapv -fexcess-precision=standard -Wno-format-truncation -Wno-stringop-truncation -g -O2\"" -DVAL_CFLAGS_SL="\"-fPIC\"" -DVAL_LDFLAGS="\"-Wl,--as-needed -Wl,-rpath,'/home/postgres/minipg/lib',--enable-new-dtags\"" -DVAL_LDFLAGS_EX="\"\"" -DVAL_LDFLAGS_SL="\"\"" -DVAL_LIBS="\"-lpgcommon -lpgport -lz -lreadline -lm \"" -c d2s.c -o d2s_srv.o
gcc -Wall -Wmissing-prototypes -Wpointer-arith -Wdeclaration-after-statement -Werror=vla -Wendif-labels -Wmissing-format-attribute -Wimplicit-fallthrough=3 -Wcast-function-type -Wformat-security -fno-strict-aliasing -fwrapv -fexcess-precision=standard -Wno-format-truncation -Wno-stringop-truncation -g -O2   -I. -I../../src/common -I../../src/include -D_GNU_SOURCE  -DVAL_CC="\"gcc\"" -DVAL_CPPFLAGS="\"-D_GNU_SOURCE\"" -DVAL_CFLAGS="\"-Wall -Wmissing-prototypes -Wpointer-arith -Wdeclaration-after-statement -Werror=vla -Wendif-labels -Wmissing-format-attribute -Wimplicit-fallthrough=3 -Wcast-function-type -Wformat-security -fno-strict-aliasing -fwrapv -fexcess-precision=standard -Wno-format-truncation -Wno-stringop-truncation -g -O2\"" -DVAL_CFLAGS_SL="\"-fPIC\"" -DVAL_LDFLAGS="\"-Wl,--as-needed -Wl,-rpath,'/home/postgres/minipg/lib',--enable-new-dtags\"" -DVAL_LDFLAGS_EX="\"\"" -DVAL_LDFLAGS_SL="\"\"" -DVAL_LIBS="\"-lpgcommon -lpgport -lz -lreadline -lm \"" -c encnames.c -o encnames_srv.o
gcc -Wall -Wmissing-prototypes -Wpointer-arith -Wdeclaration-after-statement -Werror=vla -Wendif-labels -Wmissing-format-attribute -Wimplicit-fallthrough=3 -Wcast-function-type -Wformat-security -fno-strict-aliasing -fwrapv -fexcess-precision=standard -Wno-format-truncation -Wno-stringop-truncation -g -O2   -I. -I../../src/common -I../../src/include -D_GNU_SOURCE  -DVAL_CC="\"gcc\"" -DVAL_CPPFLAGS="\"-D_GNU_SOURCE\"" -DVAL_CFLAGS="\"-Wall -Wmissing-prototypes -Wpointer-arith -Wdeclaration-after-statement -Werror=vla -Wendif-labels -Wmissing-format-attribute -Wimplicit-fallthrough=3 -Wcast-function-type -Wformat-security -fno-strict-aliasing -fwrapv -fexcess-precision=standard -Wno-format-truncation -Wno-stringop-truncation -g -O2\"" -DVAL_CFLAGS_SL="\"-fPIC\"" -DVAL_LDFLAGS="\"-Wl,--as-needed -Wl,-rpath,'/home/postgres/minipg/lib',--enable-new-dtags\"" -DVAL_LDFLAGS_EX="\"\"" -DVAL_LDFLAGS_SL="\"\"" -DVAL_LIBS="\"-lpgcommon -lpgport -lz -lreadline -lm \"" -c exec.c -o exec_srv.o
gcc -Wall -Wmissing-prototypes -Wpointer-arith -Wdeclaration-after-statement -Werror=vla -Wendif-labels -Wmissing-format-attribute -Wimplicit-fallthrough=3 -Wcast-function-type -Wformat-security -fno-strict-aliasing -fwrapv -fexcess-precision=standard -Wno-format-truncation -Wno-stringop-truncation -g -O2 -Wno-declaration-after-statement   -I. -I../../src/common -I../../src/include -D_GNU_SOURCE  -DVAL_CC="\"gcc\"" -DVAL_CPPFLAGS="\"-D_GNU_SOURCE\"" -DVAL_CFLAGS="\"-Wall -Wmissing-prototypes -Wpointer-arith -Wdeclaration-after-statement -Werror=vla -Wendif-labels -Wmissing-format-attribute -Wimplicit-fallthrough=3 -Wcast-function-type -Wformat-security -fno-strict-aliasing -fwrapv -fexcess-precision=standard -Wno-format-truncation -Wno-stringop-truncation -g -O2\"" -DVAL_CFLAGS_SL="\"-fPIC\"" -DVAL_LDFLAGS="\"-Wl,--as-needed -Wl,-rpath,'/home/postgres/minipg/lib',--enable-new-dtags\"" -DVAL_LDFLAGS_EX="\"\"" -DVAL_LDFLAGS_SL="\"\"" -DVAL_LIBS="\"-lpgcommon -lpgport -lz -lreadline -lm \"" -c f2s.c -o f2s_srv.o
gcc -Wall -Wmissing-prototypes -Wpointer-arith -Wdeclaration-after-statement -Werror=vla -Wendif-labels -Wmissing-format-attribute -Wimplicit-fallthrough=3 -Wcast-function-type -Wformat-security -fno-strict-aliasing -fwrapv -fexcess-precision=standard -Wno-format-truncation -Wno-stringop-truncation -g -O2   -I. -I../../src/common -I../../src/include -D_GNU_SOURCE  -DVAL_CC="\"gcc\"" -DVAL_CPPFLAGS="\"-D_GNU_SOURCE\"" -DVAL_CFLAGS="\"-Wall -Wmissing-prototypes -Wpointer-arith -Wdeclaration-after-statement -Werror=vla -Wendif-labels -Wmissing-format-attribute -Wimplicit-fallthrough=3 -Wcast-function-type -Wformat-security -fno-strict-aliasing -fwrapv -fexcess-precision=standard -Wno-format-truncation -Wno-stringop-truncation -g -O2\"" -DVAL_CFLAGS_SL="\"-fPIC\"" -DVAL_LDFLAGS="\"-Wl,--as-needed -Wl,-rpath,'/home/postgres/minipg/lib',--enable-new-dtags\"" -DVAL_LDFLAGS_EX="\"\"" -DVAL_LDFLAGS_SL="\"\"" -DVAL_LIBS="\"-lpgcommon -lpgport -lz -lreadline -lm \"" -c file_perm.c -o file_perm_srv.o
gcc -Wall -Wmissing-prototypes -Wpointer-arith -Wdeclaration-after-statement -Werror=vla -Wendif-labels -Wmissing-format-attribute -Wimplicit-fallthrough=3 -Wcast-function-type -Wformat-security -fno-strict-aliasing -fwrapv -fexcess-precision=standard -Wno-format-truncation -Wno-stringop-truncation -g -O2   -I. -I../../src/common -I../../src/include -D_GNU_SOURCE  -DVAL_CC="\"gcc\"" -DVAL_CPPFLAGS="\"-D_GNU_SOURCE\"" -DVAL_CFLAGS="\"-Wall -Wmissing-prototypes -Wpointer-arith -Wdeclaration-after-statement -Werror=vla -Wendif-labels -Wmissing-format-attribute -Wimplicit-fallthrough=3 -Wcast-function-type -Wformat-security -fno-strict-aliasing -fwrapv -fexcess-precision=standard -Wno-format-truncation -Wno-stringop-truncation -g -O2\"" -DVAL_CFLAGS_SL="\"-fPIC\"" -DVAL_LDFLAGS="\"-Wl,--as-needed -Wl,-rpath,'/home/postgres/minipg/lib',--enable-new-dtags\"" -DVAL_LDFLAGS_EX="\"\"" -DVAL_LDFLAGS_SL="\"\"" -DVAL_LIBS="\"-lpgcommon -lpgport -lz -lreadline -lm \"" -c file_utils.c -o file_utils_srv.o
gcc -Wall -Wmissing-prototypes -Wpointer-arith -Wdeclaration-after-statement -Werror=vla -Wendif-labels -Wmissing-format-attribute -Wimplicit-fallthrough=3 -Wcast-function-type -Wformat-security -fno-strict-aliasing -fwrapv -fexcess-precision=standard -Wno-format-truncation -Wno-stringop-truncation -g -O2   -I. -I../../src/common -I../../src/include -D_GNU_SOURCE  -DVAL_CC="\"gcc\"" -DVAL_CPPFLAGS="\"-D_GNU_SOURCE\"" -DVAL_CFLAGS="\"-Wall -Wmissing-prototypes -Wpointer-arith -Wdeclaration-after-statement -Werror=vla -Wendif-labels -Wmissing-format-attribute -Wimplicit-fallthrough=3 -Wcast-function-type -Wformat-security -fno-strict-aliasing -fwrapv -fexcess-precision=standard -Wno-format-truncation -Wno-stringop-truncation -g -O2\"" -DVAL_CFLAGS_SL="\"-fPIC\"" -DVAL_LDFLAGS="\"-Wl,--as-needed -Wl,-rpath,'/home/postgres/minipg/lib',--enable-new-dtags\"" -DVAL_LDFLAGS_EX="\"\"" -DVAL_LDFLAGS_SL="\"\"" -DVAL_LIBS="\"-lpgcommon -lpgport -lz -lreadline -lm \"" -c hashfn.c -o hashfn_srv.o
gcc -Wall -Wmissing-prototypes -Wpointer-arith -Wdeclaration-after-statement -Werror=vla -Wendif-labels -Wmissing-format-attribute -Wimplicit-fallthrough=3 -Wcast-function-type -Wformat-security -fno-strict-aliasing -fwrapv -fexcess-precision=standard -Wno-format-truncation -Wno-stringop-truncation -g -O2   -I. -I../../src/common -I../../src/include -D_GNU_SOURCE  -DVAL_CC="\"gcc\"" -DVAL_CPPFLAGS="\"-D_GNU_SOURCE\"" -DVAL_CFLAGS="\"-Wall -Wmissing-prototypes -Wpointer-arith -Wdeclaration-after-statement -Werror=vla -Wendif-labels -Wmissing-format-attribute -Wimplicit-fallthrough=3 -Wcast-function-type -Wformat-security -fno-strict-aliasing -fwrapv -fexcess-precision=standard -Wno-format-truncation -Wno-stringop-truncation -g -O2\"" -DVAL_CFLAGS_SL="\"-fPIC\"" -DVAL_LDFLAGS="\"-Wl,--as-needed -Wl,-rpath,'/home/postgres/minipg/lib',--enable-new-dtags\"" -DVAL_LDFLAGS_EX="\"\"" -DVAL_LDFLAGS_SL="\"\"" -DVAL_LIBS="\"-lpgcommon -lpgport -lz -lreadline -lm \"" -c ip.c -o ip_srv.o
gcc -Wall -Wmissing-prototypes -Wpointer-arith -Wdeclaration-after-statement -Werror=vla -Wendif-labels -Wmissing-format-attribute -Wimplicit-fallthrough=3 -Wcast-function-type -Wformat-security -fno-strict-aliasing -fwrapv -fexcess-precision=standard -Wno-format-truncation -Wno-stringop-truncation -g -O2   -I. -I../../src/common -I../../src/include -D_GNU_SOURCE  -DVAL_CC="\"gcc\"" -DVAL_CPPFLAGS="\"-D_GNU_SOURCE\"" -DVAL_CFLAGS="\"-Wall -Wmissing-prototypes -Wpointer-arith -Wdeclaration-after-statement -Werror=vla -Wendif-labels -Wmissing-format-attribute -Wimplicit-fallthrough=3 -Wcast-function-type -Wformat-security -fno-strict-aliasing -fwrapv -fexcess-precision=standard -Wno-format-truncation -Wno-stringop-truncation -g -O2\"" -DVAL_CFLAGS_SL="\"-fPIC\"" -DVAL_LDFLAGS="\"-Wl,--as-needed -Wl,-rpath,'/home/postgres/minipg/lib',--enable-new-dtags\"" -DVAL_LDFLAGS_EX="\"\"" -DVAL_LDFLAGS_SL="\"\"" -DVAL_LIBS="\"-lpgcommon -lpgport -lz -lreadline -lm \"" -c jsonapi.c -o jsonapi_srv.o
gcc -Wall -Wmissing-prototypes -Wpointer-arith -Wdeclaration-after-statement -Werror=vla -Wendif-labels -Wmissing-format-attribute -Wimplicit-fallthrough=3 -Wcast-function-type -Wformat-security -fno-strict-aliasing -fwrapv -fexcess-precision=standard -Wno-format-truncation -Wno-stringop-truncation -g -O2   -I. -I../../src/common -I../../src/include -D_GNU_SOURCE  -DVAL_CC="\"gcc\"" -DVAL_CPPFLAGS="\"-D_GNU_SOURCE\"" -DVAL_CFLAGS="\"-Wall -Wmissing-prototypes -Wpointer-arith -Wdeclaration-after-statement -Werror=vla -Wendif-labels -Wmissing-format-attribute -Wimplicit-fallthrough=3 -Wcast-function-type -Wformat-security -fno-strict-aliasing -fwrapv -fexcess-precision=standard -Wno-format-truncation -Wno-stringop-truncation -g -O2\"" -DVAL_CFLAGS_SL="\"-fPIC\"" -DVAL_LDFLAGS="\"-Wl,--as-needed -Wl,-rpath,'/home/postgres/minipg/lib',--enable-new-dtags\"" -DVAL_LDFLAGS_EX="\"\"" -DVAL_LDFLAGS_SL="\"\"" -DVAL_LIBS="\"-lpgcommon -lpgport -lz -lreadline -lm \"" -c keywords.c -o keywords_srv.o
gcc -Wall -Wmissing-prototypes -Wpointer-arith -Wdeclaration-after-statement -Werror=vla -Wendif-labels -Wmissing-format-attribute -Wimplicit-fallthrough=3 -Wcast-function-type -Wformat-security -fno-strict-aliasing -fwrapv -fexcess-precision=standard -Wno-format-truncation -Wno-stringop-truncation -g -O2   -I. -I../../src/common -I../../src/include -D_GNU_SOURCE  -DVAL_CC="\"gcc\"" -DVAL_CPPFLAGS="\"-D_GNU_SOURCE\"" -DVAL_CFLAGS="\"-Wall -Wmissing-prototypes -Wpointer-arith -Wdeclaration-after-statement -Werror=vla -Wendif-labels -Wmissing-format-attribute -Wimplicit-fallthrough=3 -Wcast-function-type -Wformat-security -fno-strict-aliasing -fwrapv -fexcess-precision=standard -Wno-format-truncation -Wno-stringop-truncation -g -O2\"" -DVAL_CFLAGS_SL="\"-fPIC\"" -DVAL_LDFLAGS="\"-Wl,--as-needed -Wl,-rpath,'/home/postgres/minipg/lib',--enable-new-dtags\"" -DVAL_LDFLAGS_EX="\"\"" -DVAL_LDFLAGS_SL="\"\"" -DVAL_LIBS="\"-lpgcommon -lpgport -lz -lreadline -lm \"" -c kwlookup.c -o kwlookup_srv.o
gcc -Wall -Wmissing-prototypes -Wpointer-arith -Wdeclaration-after-statement -Werror=vla -Wendif-labels -Wmissing-format-attribute -Wimplicit-fallthrough=3 -Wcast-function-type -Wformat-security -fno-strict-aliasing -fwrapv -fexcess-precision=standard -Wno-format-truncation -Wno-stringop-truncation -g -O2   -I. -I../../src/common -I../../src/include -D_GNU_SOURCE  -DVAL_CC="\"gcc\"" -DVAL_CPPFLAGS="\"-D_GNU_SOURCE\"" -DVAL_CFLAGS="\"-Wall -Wmissing-prototypes -Wpointer-arith -Wdeclaration-after-statement -Werror=vla -Wendif-labels -Wmissing-format-attribute -Wimplicit-fallthrough=3 -Wcast-function-type -Wformat-security -fno-strict-aliasing -fwrapv -fexcess-precision=standard -Wno-format-truncation -Wno-stringop-truncation -g -O2\"" -DVAL_CFLAGS_SL="\"-fPIC\"" -DVAL_LDFLAGS="\"-Wl,--as-needed -Wl,-rpath,'/home/postgres/minipg/lib',--enable-new-dtags\"" -DVAL_LDFLAGS_EX="\"\"" -DVAL_LDFLAGS_SL="\"\"" -DVAL_LIBS="\"-lpgcommon -lpgport -lz -lreadline -lm \"" -c link-canary.c -o link-canary_srv.o
gcc -Wall -Wmissing-prototypes -Wpointer-arith -Wdeclaration-after-statement -Werror=vla -Wendif-labels -Wmissing-format-attribute -Wimplicit-fallthrough=3 -Wcast-function-type -Wformat-security -fno-strict-aliasing -fwrapv -fexcess-precision=standard -Wno-format-truncation -Wno-stringop-truncation -g -O2   -I. -I../../src/common -I../../src/include -D_GNU_SOURCE  -DVAL_CC="\"gcc\"" -DVAL_CPPFLAGS="\"-D_GNU_SOURCE\"" -DVAL_CFLAGS="\"-Wall -Wmissing-prototypes -Wpointer-arith -Wdeclaration-after-statement -Werror=vla -Wendif-labels -Wmissing-format-attribute -Wimplicit-fallthrough=3 -Wcast-function-type -Wformat-security -fno-strict-aliasing -fwrapv -fexcess-precision=standard -Wno-format-truncation -Wno-stringop-truncation -g -O2\"" -DVAL_CFLAGS_SL="\"-fPIC\"" -DVAL_LDFLAGS="\"-Wl,--as-needed -Wl,-rpath,'/home/postgres/minipg/lib',--enable-new-dtags\"" -DVAL_LDFLAGS_EX="\"\"" -DVAL_LDFLAGS_SL="\"\"" -DVAL_LIBS="\"-lpgcommon -lpgport -lz -lreadline -lm \"" -c md5_common.c -o md5_common_srv.o
gcc -Wall -Wmissing-prototypes -Wpointer-arith -Wdeclaration-after-statement -Werror=vla -Wendif-labels -Wmissing-format-attribute -Wimplicit-fallthrough=3 -Wcast-function-type -Wformat-security -fno-strict-aliasing -fwrapv -fexcess-precision=standard -Wno-format-truncation -Wno-stringop-truncation -g -O2   -I. -I../../src/common -I../../src/include -D_GNU_SOURCE  -DVAL_CC="\"gcc\"" -DVAL_CPPFLAGS="\"-D_GNU_SOURCE\"" -DVAL_CFLAGS="\"-Wall -Wmissing-prototypes -Wpointer-arith -Wdeclaration-after-statement -Werror=vla -Wendif-labels -Wmissing-format-attribute -Wimplicit-fallthrough=3 -Wcast-function-type -Wformat-security -fno-strict-aliasing -fwrapv -fexcess-precision=standard -Wno-format-truncation -Wno-stringop-truncation -g -O2\"" -DVAL_CFLAGS_SL="\"-fPIC\"" -DVAL_LDFLAGS="\"-Wl,--as-needed -Wl,-rpath,'/home/postgres/minipg/lib',--enable-new-dtags\"" -DVAL_LDFLAGS_EX="\"\"" -DVAL_LDFLAGS_SL="\"\"" -DVAL_LIBS="\"-lpgcommon -lpgport -lz -lreadline -lm \"" -c pg_get_line.c -o pg_get_line_srv.o
gcc -Wall -Wmissing-prototypes -Wpointer-arith -Wdeclaration-after-statement -Werror=vla -Wendif-labels -Wmissing-format-attribute -Wimplicit-fallthrough=3 -Wcast-function-type -Wformat-security -fno-strict-aliasing -fwrapv -fexcess-precision=standard -Wno-format-truncation -Wno-stringop-truncation -g -O2   -I. -I../../src/common -I../../src/include -D_GNU_SOURCE  -DVAL_CC="\"gcc\"" -DVAL_CPPFLAGS="\"-D_GNU_SOURCE\"" -DVAL_CFLAGS="\"-Wall -Wmissing-prototypes -Wpointer-arith -Wdeclaration-after-statement -Werror=vla -Wendif-labels -Wmissing-format-attribute -Wimplicit-fallthrough=3 -Wcast-function-type -Wformat-security -fno-strict-aliasing -fwrapv -fexcess-precision=standard -Wno-format-truncation -Wno-stringop-truncation -g -O2\"" -DVAL_CFLAGS_SL="\"-fPIC\"" -DVAL_LDFLAGS="\"-Wl,--as-needed -Wl,-rpath,'/home/postgres/minipg/lib',--enable-new-dtags\"" -DVAL_LDFLAGS_EX="\"\"" -DVAL_LDFLAGS_SL="\"\"" -DVAL_LIBS="\"-lpgcommon -lpgport -lz -lreadline -lm \"" -c pg_lzcompress.c -o pg_lzcompress_srv.o
gcc -Wall -Wmissing-prototypes -Wpointer-arith -Wdeclaration-after-statement -Werror=vla -Wendif-labels -Wmissing-format-attribute -Wimplicit-fallthrough=3 -Wcast-function-type -Wformat-security -fno-strict-aliasing -fwrapv -fexcess-precision=standard -Wno-format-truncation -Wno-stringop-truncation -g -O2   -I. -I../../src/common -I../../src/include -D_GNU_SOURCE  -DVAL_CC="\"gcc\"" -DVAL_CPPFLAGS="\"-D_GNU_SOURCE\"" -DVAL_CFLAGS="\"-Wall -Wmissing-prototypes -Wpointer-arith -Wdeclaration-after-statement -Werror=vla -Wendif-labels -Wmissing-format-attribute -Wimplicit-fallthrough=3 -Wcast-function-type -Wformat-security -fno-strict-aliasing -fwrapv -fexcess-precision=standard -Wno-format-truncation -Wno-stringop-truncation -g -O2\"" -DVAL_CFLAGS_SL="\"-fPIC\"" -DVAL_LDFLAGS="\"-Wl,--as-needed -Wl,-rpath,'/home/postgres/minipg/lib',--enable-new-dtags\"" -DVAL_LDFLAGS_EX="\"\"" -DVAL_LDFLAGS_SL="\"\"" -DVAL_LIBS="\"-lpgcommon -lpgport -lz -lreadline -lm \"" -c pgfnames.c -o pgfnames_srv.o
gcc -Wall -Wmissing-prototypes -Wpointer-arith -Wdeclaration-after-statement -Werror=vla -Wendif-labels -Wmissing-format-attribute -Wimplicit-fallthrough=3 -Wcast-function-type -Wformat-security -fno-strict-aliasing -fwrapv -fexcess-precision=standard -Wno-format-truncation -Wno-stringop-truncation -g -O2   -I. -I../../src/common -I../../src/include -D_GNU_SOURCE  -DVAL_CC="\"gcc\"" -DVAL_CPPFLAGS="\"-D_GNU_SOURCE\"" -DVAL_CFLAGS="\"-Wall -Wmissing-prototypes -Wpointer-arith -Wdeclaration-after-statement -Werror=vla -Wendif-labels -Wmissing-format-attribute -Wimplicit-fallthrough=3 -Wcast-function-type -Wformat-security -fno-strict-aliasing -fwrapv -fexcess-precision=standard -Wno-format-truncation -Wno-stringop-truncation -g -O2\"" -DVAL_CFLAGS_SL="\"-fPIC\"" -DVAL_LDFLAGS="\"-Wl,--as-needed -Wl,-rpath,'/home/postgres/minipg/lib',--enable-new-dtags\"" -DVAL_LDFLAGS_EX="\"\"" -DVAL_LDFLAGS_SL="\"\"" -DVAL_LIBS="\"-lpgcommon -lpgport -lz -lreadline -lm \"" -c psprintf.c -o psprintf_srv.o
gcc -Wall -Wmissing-prototypes -Wpointer-arith -Wdeclaration-after-statement -Werror=vla -Wendif-labels -Wmissing-format-attribute -Wimplicit-fallthrough=3 -Wcast-function-type -Wformat-security -fno-strict-aliasing -fwrapv -fexcess-precision=standard -Wno-format-truncation -Wno-stringop-truncation -g -O2   -I. -I../../src/common -I../../src/include -D_GNU_SOURCE  -DVAL_CC="\"gcc\"" -DVAL_CPPFLAGS="\"-D_GNU_SOURCE\"" -DVAL_CFLAGS="\"-Wall -Wmissing-prototypes -Wpointer-arith -Wdeclaration-after-statement -Werror=vla -Wendif-labels -Wmissing-format-attribute -Wimplicit-fallthrough=3 -Wcast-function-type -Wformat-security -fno-strict-aliasing -fwrapv -fexcess-precision=standard -Wno-format-truncation -Wno-stringop-truncation -g -O2\"" -DVAL_CFLAGS_SL="\"-fPIC\"" -DVAL_LDFLAGS="\"-Wl,--as-needed -Wl,-rpath,'/home/postgres/minipg/lib',--enable-new-dtags\"" -DVAL_LDFLAGS_EX="\"\"" -DVAL_LDFLAGS_SL="\"\"" -DVAL_LIBS="\"-lpgcommon -lpgport -lz -lreadline -lm \"" -c relpath.c -o relpath_srv.o
gcc -Wall -Wmissing-prototypes -Wpointer-arith -Wdeclaration-after-statement -Werror=vla -Wendif-labels -Wmissing-format-attribute -Wimplicit-fallthrough=3 -Wcast-function-type -Wformat-security -fno-strict-aliasing -fwrapv -fexcess-precision=standard -Wno-format-truncation -Wno-stringop-truncation -g -O2   -I. -I../../src/common -I../../src/include -D_GNU_SOURCE  -DVAL_CC="\"gcc\"" -DVAL_CPPFLAGS="\"-D_GNU_SOURCE\"" -DVAL_CFLAGS="\"-Wall -Wmissing-prototypes -Wpointer-arith -Wdeclaration-after-statement -Werror=vla -Wendif-labels -Wmissing-format-attribute -Wimplicit-fallthrough=3 -Wcast-function-type -Wformat-security -fno-strict-aliasing -fwrapv -fexcess-precision=standard -Wno-format-truncation -Wno-stringop-truncation -g -O2\"" -DVAL_CFLAGS_SL="\"-fPIC\"" -DVAL_LDFLAGS="\"-Wl,--as-needed -Wl,-rpath,'/home/postgres/minipg/lib',--enable-new-dtags\"" -DVAL_LDFLAGS_EX="\"\"" -DVAL_LDFLAGS_SL="\"\"" -DVAL_LIBS="\"-lpgcommon -lpgport -lz -lreadline -lm \"" -c rmtree.c -o rmtree_srv.o
gcc -Wall -Wmissing-prototypes -Wpointer-arith -Wdeclaration-after-statement -Werror=vla -Wendif-labels -Wmissing-format-attribute -Wimplicit-fallthrough=3 -Wcast-function-type -Wformat-security -fno-strict-aliasing -fwrapv -fexcess-precision=standard -Wno-format-truncation -Wno-stringop-truncation -g -O2   -I. -I../../src/common -I../../src/include -D_GNU_SOURCE  -DVAL_CC="\"gcc\"" -DVAL_CPPFLAGS="\"-D_GNU_SOURCE\"" -DVAL_CFLAGS="\"-Wall -Wmissing-prototypes -Wpointer-arith -Wdeclaration-after-statement -Werror=vla -Wendif-labels -Wmissing-format-attribute -Wimplicit-fallthrough=3 -Wcast-function-type -Wformat-security -fno-strict-aliasing -fwrapv -fexcess-precision=standard -Wno-format-truncation -Wno-stringop-truncation -g -O2\"" -DVAL_CFLAGS_SL="\"-fPIC\"" -DVAL_LDFLAGS="\"-Wl,--as-needed -Wl,-rpath,'/home/postgres/minipg/lib',--enable-new-dtags\"" -DVAL_LDFLAGS_EX="\"\"" -DVAL_LDFLAGS_SL="\"\"" -DVAL_LIBS="\"-lpgcommon -lpgport -lz -lreadline -lm \"" -c saslprep.c -o saslprep_srv.o
gcc -Wall -Wmissing-prototypes -Wpointer-arith -Wdeclaration-after-statement -Werror=vla -Wendif-labels -Wmissing-format-attribute -Wimplicit-fallthrough=3 -Wcast-function-type -Wformat-security -fno-strict-aliasing -fwrapv -fexcess-precision=standard -Wno-format-truncation -Wno-stringop-truncation -g -O2   -I. -I../../src/common -I../../src/include -D_GNU_SOURCE  -DVAL_CC="\"gcc\"" -DVAL_CPPFLAGS="\"-D_GNU_SOURCE\"" -DVAL_CFLAGS="\"-Wall -Wmissing-prototypes -Wpointer-arith -Wdeclaration-after-statement -Werror=vla -Wendif-labels -Wmissing-format-attribute -Wimplicit-fallthrough=3 -Wcast-function-type -Wformat-security -fno-strict-aliasing -fwrapv -fexcess-precision=standard -Wno-format-truncation -Wno-stringop-truncation -g -O2\"" -DVAL_CFLAGS_SL="\"-fPIC\"" -DVAL_LDFLAGS="\"-Wl,--as-needed -Wl,-rpath,'/home/postgres/minipg/lib',--enable-new-dtags\"" -DVAL_LDFLAGS_EX="\"\"" -DVAL_LDFLAGS_SL="\"\"" -DVAL_LIBS="\"-lpgcommon -lpgport -lz -lreadline -lm \"" -c scram-common.c -o scram-common_srv.o
gcc -Wall -Wmissing-prototypes -Wpointer-arith -Wdeclaration-after-statement -Werror=vla -Wendif-labels -Wmissing-format-attribute -Wimplicit-fallthrough=3 -Wcast-function-type -Wformat-security -fno-strict-aliasing -fwrapv -fexcess-precision=standard -Wno-format-truncation -Wno-stringop-truncation -g -O2   -I. -I../../src/common -I../../src/include -D_GNU_SOURCE  -DVAL_CC="\"gcc\"" -DVAL_CPPFLAGS="\"-D_GNU_SOURCE\"" -DVAL_CFLAGS="\"-Wall -Wmissing-prototypes -Wpointer-arith -Wdeclaration-after-statement -Werror=vla -Wendif-labels -Wmissing-format-attribute -Wimplicit-fallthrough=3 -Wcast-function-type -Wformat-security -fno-strict-aliasing -fwrapv -fexcess-precision=standard -Wno-format-truncation -Wno-stringop-truncation -g -O2\"" -DVAL_CFLAGS_SL="\"-fPIC\"" -DVAL_LDFLAGS="\"-Wl,--as-needed -Wl,-rpath,'/home/postgres/minipg/lib',--enable-new-dtags\"" -DVAL_LDFLAGS_EX="\"\"" -DVAL_LDFLAGS_SL="\"\"" -DVAL_LIBS="\"-lpgcommon -lpgport -lz -lreadline -lm \"" -c string.c -o string_srv.o
gcc -Wall -Wmissing-prototypes -Wpointer-arith -Wdeclaration-after-statement -Werror=vla -Wendif-labels -Wmissing-format-attribute -Wimplicit-fallthrough=3 -Wcast-function-type -Wformat-security -fno-strict-aliasing -fwrapv -fexcess-precision=standard -Wno-format-truncation -Wno-stringop-truncation -g -O2   -I. -I../../src/common -I../../src/include -D_GNU_SOURCE  -DVAL_CC="\"gcc\"" -DVAL_CPPFLAGS="\"-D_GNU_SOURCE\"" -DVAL_CFLAGS="\"-Wall -Wmissing-prototypes -Wpointer-arith -Wdeclaration-after-statement -Werror=vla -Wendif-labels -Wmissing-format-attribute -Wimplicit-fallthrough=3 -Wcast-function-type -Wformat-security -fno-strict-aliasing -fwrapv -fexcess-precision=standard -Wno-format-truncation -Wno-stringop-truncation -g -O2\"" -DVAL_CFLAGS_SL="\"-fPIC\"" -DVAL_LDFLAGS="\"-Wl,--as-needed -Wl,-rpath,'/home/postgres/minipg/lib',--enable-new-dtags\"" -DVAL_LDFLAGS_EX="\"\"" -DVAL_LDFLAGS_SL="\"\"" -DVAL_LIBS="\"-lpgcommon -lpgport -lz -lreadline -lm \"" -c stringinfo.c -o stringinfo_srv.o
gcc -Wall -Wmissing-prototypes -Wpointer-arith -Wdeclaration-after-statement -Werror=vla -Wendif-labels -Wmissing-format-attribute -Wimplicit-fallthrough=3 -Wcast-function-type -Wformat-security -fno-strict-aliasing -fwrapv -fexcess-precision=standard -Wno-format-truncation -Wno-stringop-truncation -g -O2   -I. -I../../src/common -I../../src/include -D_GNU_SOURCE  -DVAL_CC="\"gcc\"" -DVAL_CPPFLAGS="\"-D_GNU_SOURCE\"" -DVAL_CFLAGS="\"-Wall -Wmissing-prototypes -Wpointer-arith -Wdeclaration-after-statement -Werror=vla -Wendif-labels -Wmissing-format-attribute -Wimplicit-fallthrough=3 -Wcast-function-type -Wformat-security -fno-strict-aliasing -fwrapv -fexcess-precision=standard -Wno-format-truncation -Wno-stringop-truncation -g -O2\"" -DVAL_CFLAGS_SL="\"-fPIC\"" -DVAL_LDFLAGS="\"-Wl,--as-needed -Wl,-rpath,'/home/postgres/minipg/lib',--enable-new-dtags\"" -DVAL_LDFLAGS_EX="\"\"" -DVAL_LDFLAGS_SL="\"\"" -DVAL_LIBS="\"-lpgcommon -lpgport -lz -lreadline -lm \"" -c unicode_norm.c -o unicode_norm_srv.o
gcc -Wall -Wmissing-prototypes -Wpointer-arith -Wdeclaration-after-statement -Werror=vla -Wendif-labels -Wmissing-format-attribute -Wimplicit-fallthrough=3 -Wcast-function-type -Wformat-security -fno-strict-aliasing -fwrapv -fexcess-precision=standard -Wno-format-truncation -Wno-stringop-truncation -g -O2   -I. -I../../src/common -I../../src/include -D_GNU_SOURCE  -DVAL_CC="\"gcc\"" -DVAL_CPPFLAGS="\"-D_GNU_SOURCE\"" -DVAL_CFLAGS="\"-Wall -Wmissing-prototypes -Wpointer-arith -Wdeclaration-after-statement -Werror=vla -Wendif-labels -Wmissing-format-attribute -Wimplicit-fallthrough=3 -Wcast-function-type -Wformat-security -fno-strict-aliasing -fwrapv -fexcess-precision=standard -Wno-format-truncation -Wno-stringop-truncation -g -O2\"" -DVAL_CFLAGS_SL="\"-fPIC\"" -DVAL_LDFLAGS="\"-Wl,--as-needed -Wl,-rpath,'/home/postgres/minipg/lib',--enable-new-dtags\"" -DVAL_LDFLAGS_EX="\"\"" -DVAL_LDFLAGS_SL="\"\"" -DVAL_LIBS="\"-lpgcommon -lpgport -lz -lreadline -lm \"" -c username.c -o username_srv.o
gcc -Wall -Wmissing-prototypes -Wpointer-arith -Wdeclaration-after-statement -Werror=vla -Wendif-labels -Wmissing-format-attribute -Wimplicit-fallthrough=3 -Wcast-function-type -Wformat-security -fno-strict-aliasing -fwrapv -fexcess-precision=standard -Wno-format-truncation -Wno-stringop-truncation -g -O2   -I. -I../../src/common -I../../src/include -D_GNU_SOURCE  -DVAL_CC="\"gcc\"" -DVAL_CPPFLAGS="\"-D_GNU_SOURCE\"" -DVAL_CFLAGS="\"-Wall -Wmissing-prototypes -Wpointer-arith -Wdeclaration-after-statement -Werror=vla -Wendif-labels -Wmissing-format-attribute -Wimplicit-fallthrough=3 -Wcast-function-type -Wformat-security -fno-strict-aliasing -fwrapv -fexcess-precision=standard -Wno-format-truncation -Wno-stringop-truncation -g -O2\"" -DVAL_CFLAGS_SL="\"-fPIC\"" -DVAL_LDFLAGS="\"-Wl,--as-needed -Wl,-rpath,'/home/postgres/minipg/lib',--enable-new-dtags\"" -DVAL_LDFLAGS_EX="\"\"" -DVAL_LDFLAGS_SL="\"\"" -DVAL_LIBS="\"-lpgcommon -lpgport -lz -lreadline -lm \"" -c wait_error.c -o wait_error_srv.o
gcc -Wall -Wmissing-prototypes -Wpointer-arith -Wdeclaration-after-statement -Werror=vla -Wendif-labels -Wmissing-format-attribute -Wimplicit-fallthrough=3 -Wcast-function-type -Wformat-security -fno-strict-aliasing -fwrapv -fexcess-precision=standard -Wno-format-truncation -Wno-stringop-truncation -g -O2   -I. -I../../src/common -I../../src/include -D_GNU_SOURCE  -DVAL_CC="\"gcc\"" -DVAL_CPPFLAGS="\"-D_GNU_SOURCE\"" -DVAL_CFLAGS="\"-Wall -Wmissing-prototypes -Wpointer-arith -Wdeclaration-after-statement -Werror=vla -Wendif-labels -Wmissing-format-attribute -Wimplicit-fallthrough=3 -Wcast-function-type -Wformat-security -fno-strict-aliasing -fwrapv -fexcess-precision=standard -Wno-format-truncation -Wno-stringop-truncation -g -O2\"" -DVAL_CFLAGS_SL="\"-fPIC\"" -DVAL_LDFLAGS="\"-Wl,--as-needed -Wl,-rpath,'/home/postgres/minipg/lib',--enable-new-dtags\"" -DVAL_LDFLAGS_EX="\"\"" -DVAL_LDFLAGS_SL="\"\"" -DVAL_LIBS="\"-lpgcommon -lpgport -lz -lreadline -lm \"" -c wchar.c -o wchar_srv.o
gcc -Wall -Wmissing-prototypes -Wpointer-arith -Wdeclaration-after-statement -Werror=vla -Wendif-labels -Wmissing-format-attribute -Wimplicit-fallthrough=3 -Wcast-function-type -Wformat-security -fno-strict-aliasing -fwrapv -fexcess-precision=standard -Wno-format-truncation -Wno-stringop-truncation -g -O2   -I. -I../../src/common -I../../src/include -D_GNU_SOURCE  -DVAL_CC="\"gcc\"" -DVAL_CPPFLAGS="\"-D_GNU_SOURCE\"" -DVAL_CFLAGS="\"-Wall -Wmissing-prototypes -Wpointer-arith -Wdeclaration-after-statement -Werror=vla -Wendif-labels -Wmissing-format-attribute -Wimplicit-fallthrough=3 -Wcast-function-type -Wformat-security -fno-strict-aliasing -fwrapv -fexcess-precision=standard -Wno-format-truncation -Wno-stringop-truncation -g -O2\"" -DVAL_CFLAGS_SL="\"-fPIC\"" -DVAL_LDFLAGS="\"-Wl,--as-needed -Wl,-rpath,'/home/postgres/minipg/lib',--enable-new-dtags\"" -DVAL_LDFLAGS_EX="\"\"" -DVAL_LDFLAGS_SL="\"\"" -DVAL_LIBS="\"-lpgcommon -lpgport -lz -lreadline -lm \"" -c cryptohash.c -o cryptohash_srv.o
gcc -Wall -Wmissing-prototypes -Wpointer-arith -Wdeclaration-after-statement -Werror=vla -Wendif-labels -Wmissing-format-attribute -Wimplicit-fallthrough=3 -Wcast-function-type -Wformat-security -fno-strict-aliasing -fwrapv -fexcess-precision=standard -Wno-format-truncation -Wno-stringop-truncation -g -O2   -I. -I../../src/common -I../../src/include -D_GNU_SOURCE  -DVAL_CC="\"gcc\"" -DVAL_CPPFLAGS="\"-D_GNU_SOURCE\"" -DVAL_CFLAGS="\"-Wall -Wmissing-prototypes -Wpointer-arith -Wdeclaration-after-statement -Werror=vla -Wendif-labels -Wmissing-format-attribute -Wimplicit-fallthrough=3 -Wcast-function-type -Wformat-security -fno-strict-aliasing -fwrapv -fexcess-precision=standard -Wno-format-truncation -Wno-stringop-truncation -g -O2\"" -DVAL_CFLAGS_SL="\"-fPIC\"" -DVAL_LDFLAGS="\"-Wl,--as-needed -Wl,-rpath,'/home/postgres/minipg/lib',--enable-new-dtags\"" -DVAL_LDFLAGS_EX="\"\"" -DVAL_LDFLAGS_SL="\"\"" -DVAL_LIBS="\"-lpgcommon -lpgport -lz -lreadline -lm \"" -c hmac.c -o hmac_srv.o
gcc -Wall -Wmissing-prototypes -Wpointer-arith -Wdeclaration-after-statement -Werror=vla -Wendif-labels -Wmissing-format-attribute -Wimplicit-fallthrough=3 -Wcast-function-type -Wformat-security -fno-strict-aliasing -fwrapv -fexcess-precision=standard -Wno-format-truncation -Wno-stringop-truncation -g -O2   -I. -I../../src/common -I../../src/include -D_GNU_SOURCE  -DVAL_CC="\"gcc\"" -DVAL_CPPFLAGS="\"-D_GNU_SOURCE\"" -DVAL_CFLAGS="\"-Wall -Wmissing-prototypes -Wpointer-arith -Wdeclaration-after-statement -Werror=vla -Wendif-labels -Wmissing-format-attribute -Wimplicit-fallthrough=3 -Wcast-function-type -Wformat-security -fno-strict-aliasing -fwrapv -fexcess-precision=standard -Wno-format-truncation -Wno-stringop-truncation -g -O2\"" -DVAL_CFLAGS_SL="\"-fPIC\"" -DVAL_LDFLAGS="\"-Wl,--as-needed -Wl,-rpath,'/home/postgres/minipg/lib',--enable-new-dtags\"" -DVAL_LDFLAGS_EX="\"\"" -DVAL_LDFLAGS_SL="\"\"" -DVAL_LIBS="\"-lpgcommon -lpgport -lz -lreadline -lm \"" -c md5.c -o md5_srv.o
gcc -Wall -Wmissing-prototypes -Wpointer-arith -Wdeclaration-after-statement -Werror=vla -Wendif-labels -Wmissing-format-attribute -Wimplicit-fallthrough=3 -Wcast-function-type -Wformat-security -fno-strict-aliasing -fwrapv -fexcess-precision=standard -Wno-format-truncation -Wno-stringop-truncation -g -O2   -I. -I../../src/common -I../../src/include -D_GNU_SOURCE  -DVAL_CC="\"gcc\"" -DVAL_CPPFLAGS="\"-D_GNU_SOURCE\"" -DVAL_CFLAGS="\"-Wall -Wmissing-prototypes -Wpointer-arith -Wdeclaration-after-statement -Werror=vla -Wendif-labels -Wmissing-format-attribute -Wimplicit-fallthrough=3 -Wcast-function-type -Wformat-security -fno-strict-aliasing -fwrapv -fexcess-precision=standard -Wno-format-truncation -Wno-stringop-truncation -g -O2\"" -DVAL_CFLAGS_SL="\"-fPIC\"" -DVAL_LDFLAGS="\"-Wl,--as-needed -Wl,-rpath,'/home/postgres/minipg/lib',--enable-new-dtags\"" -DVAL_LDFLAGS_EX="\"\"" -DVAL_LDFLAGS_SL="\"\"" -DVAL_LIBS="\"-lpgcommon -lpgport -lz -lreadline -lm \"" -c sha1.c -o sha1_srv.o
gcc -Wall -Wmissing-prototypes -Wpointer-arith -Wdeclaration-after-statement -Werror=vla -Wendif-labels -Wmissing-format-attribute -Wimplicit-fallthrough=3 -Wcast-function-type -Wformat-security -fno-strict-aliasing -fwrapv -fexcess-precision=standard -Wno-format-truncation -Wno-stringop-truncation -g -O2   -I. -I../../src/common -I../../src/include -D_GNU_SOURCE  -DVAL_CC="\"gcc\"" -DVAL_CPPFLAGS="\"-D_GNU_SOURCE\"" -DVAL_CFLAGS="\"-Wall -Wmissing-prototypes -Wpointer-arith -Wdeclaration-after-statement -Werror=vla -Wendif-labels -Wmissing-format-attribute -Wimplicit-fallthrough=3 -Wcast-function-type -Wformat-security -fno-strict-aliasing -fwrapv -fexcess-precision=standard -Wno-format-truncation -Wno-stringop-truncation -g -O2\"" -DVAL_CFLAGS_SL="\"-fPIC\"" -DVAL_LDFLAGS="\"-Wl,--as-needed -Wl,-rpath,'/home/postgres/minipg/lib',--enable-new-dtags\"" -DVAL_LDFLAGS_EX="\"\"" -DVAL_LDFLAGS_SL="\"\"" -DVAL_LIBS="\"-lpgcommon -lpgport -lz -lreadline -lm \"" -c sha2.c -o sha2_srv.o
rm -f libpgcommon_srv.a
ar crs libpgcommon_srv.a archive_srv.o base64_srv.o checksum_helper_srv.o config_info_srv.o controldata_utils_srv.o d2s_srv.o encnames_srv.o exec_srv.o f2s_srv.o file_perm_srv.o file_utils_srv.o hashfn_srv.o ip_srv.o jsonapi_srv.o keywords_srv.o kwlookup_srv.o link-canary_srv.o md5_common_srv.o pg_get_line_srv.o pg_lzcompress_srv.o pgfnames_srv.o psprintf_srv.o relpath_srv.o rmtree_srv.o saslprep_srv.o scram-common_srv.o string_srv.o stringinfo_srv.o unicode_norm_srv.o username_srv.o wait_error_srv.o wchar_srv.o cryptohash_srv.o hmac_srv.o md5_srv.o sha1_srv.o sha2_srv.o
make[2]: Leaving directory '/home/postgres/works/my-github/minipg/src/common'
make -C port all
make[2]: Entering directory '/home/postgres/works/my-github/minipg/src/port'
gcc -Wall -Wmissing-prototypes -Wpointer-arith -Wdeclaration-after-statement -Werror=vla -Wendif-labels -Wmissing-format-attribute -Wimplicit-fallthrough=3 -Wcast-function-type -Wformat-security -fno-strict-aliasing -fwrapv -fexcess-precision=standard -Wno-format-truncation -Wno-stringop-truncation -g -O2 -I../../src/port -DFRONTEND -I../../src/include -D_GNU_SOURCE   -c -o fls.o fls.c
gcc -Wall -Wmissing-prototypes -Wpointer-arith -Wdeclaration-after-statement -Werror=vla -Wendif-labels -Wmissing-format-attribute -Wimplicit-fallthrough=3 -Wcast-function-type -Wformat-security -fno-strict-aliasing -fwrapv -fexcess-precision=standard -Wno-format-truncation -Wno-stringop-truncation -g -O2 -I../../src/port -DFRONTEND -I../../src/include -D_GNU_SOURCE   -c -o getpeereid.o getpeereid.c
gcc -Wall -Wmissing-prototypes -Wpointer-arith -Wdeclaration-after-statement -Werror=vla -Wendif-labels -Wmissing-format-attribute -Wimplicit-fallthrough=3 -Wcast-function-type -Wformat-security -fno-strict-aliasing -fwrapv -fexcess-precision=standard -Wno-format-truncation -Wno-stringop-truncation -g -O2 -I../../src/port -DFRONTEND -I../../src/include -D_GNU_SOURCE   -c -o timingsafe_bcmp.o timingsafe_bcmp.c
gcc -Wall -Wmissing-prototypes -Wpointer-arith -Wdeclaration-after-statement -Werror=vla -Wendif-labels -Wmissing-format-attribute -Wimplicit-fallthrough=3 -Wcast-function-type -Wformat-security -fno-strict-aliasing -fwrapv -fexcess-precision=standard -Wno-format-truncation -Wno-stringop-truncation -g -O2 -msse4.2 -I../../src/port -DFRONTEND -I../../src/include -D_GNU_SOURCE   -c -o pg_crc32c_sse42.o pg_crc32c_sse42.c
gcc -Wall -Wmissing-prototypes -Wpointer-arith -Wdeclaration-after-statement -Werror=vla -Wendif-labels -Wmissing-format-attribute -Wimplicit-fallthrough=3 -Wcast-function-type -Wformat-security -fno-strict-aliasing -fwrapv -fexcess-precision=standard -Wno-format-truncation -Wno-stringop-truncation -g -O2 -I../../src/port -DFRONTEND -I../../src/include -D_GNU_SOURCE   -c -o pg_crc32c_sb8.o pg_crc32c_sb8.c
gcc -Wall -Wmissing-prototypes -Wpointer-arith -Wdeclaration-after-statement -Werror=vla -Wendif-labels -Wmissing-format-attribute -Wimplicit-fallthrough=3 -Wcast-function-type -Wformat-security -fno-strict-aliasing -fwrapv -fexcess-precision=standard -Wno-format-truncation -Wno-stringop-truncation -g -O2 -I../../src/port -DFRONTEND -I../../src/include -D_GNU_SOURCE   -c -o pg_crc32c_sse42_choose.o pg_crc32c_sse42_choose.c
gcc -Wall -Wmissing-prototypes -Wpointer-arith -Wdeclaration-after-statement -Werror=vla -Wendif-labels -Wmissing-format-attribute -Wimplicit-fallthrough=3 -Wcast-function-type -Wformat-security -fno-strict-aliasing -fwrapv -fexcess-precision=standard -Wno-format-truncation -Wno-stringop-truncation -g -O2 -I../../src/port -DFRONTEND -I../../src/include -D_GNU_SOURCE   -c -o bsearch_arg.o bsearch_arg.c
gcc -Wall -Wmissing-prototypes -Wpointer-arith -Wdeclaration-after-statement -Werror=vla -Wendif-labels -Wmissing-format-attribute -Wimplicit-fallthrough=3 -Wcast-function-type -Wformat-security -fno-strict-aliasing -fwrapv -fexcess-precision=standard -Wno-format-truncation -Wno-stringop-truncation -g -O2 -I../../src/port -DFRONTEND -I../../src/include -D_GNU_SOURCE   -c -o chklocale.o chklocale.c
gcc -Wall -Wmissing-prototypes -Wpointer-arith -Wdeclaration-after-statement -Werror=vla -Wendif-labels -Wmissing-format-attribute -Wimplicit-fallthrough=3 -Wcast-function-type -Wformat-security -fno-strict-aliasing -fwrapv -fexcess-precision=standard -Wno-format-truncation -Wno-stringop-truncation -g -O2 -I../../src/port -DFRONTEND -I../../src/include -D_GNU_SOURCE   -c -o erand48.o erand48.c
gcc -Wall -Wmissing-prototypes -Wpointer-arith -Wdeclaration-after-statement -Werror=vla -Wendif-labels -Wmissing-format-attribute -Wimplicit-fallthrough=3 -Wcast-function-type -Wformat-security -fno-strict-aliasing -fwrapv -fexcess-precision=standard -Wno-format-truncation -Wno-stringop-truncation -g -O2 -I../../src/port -DFRONTEND -I../../src/include -D_GNU_SOURCE   -c -o inet_net_ntop.o inet_net_ntop.c
gcc -Wall -Wmissing-prototypes -Wpointer-arith -Wdeclaration-after-statement -Werror=vla -Wendif-labels -Wmissing-format-attribute -Wimplicit-fallthrough=3 -Wcast-function-type -Wformat-security -fno-strict-aliasing -fwrapv -fexcess-precision=standard -Wno-format-truncation -Wno-stringop-truncation -g -O2 -I../../src/port -DFRONTEND -I../../src/include -D_GNU_SOURCE   -c -o noblock.o noblock.c
echo "#define PGBINDIR \"/home/postgres/minipg/bin\"" >pg_config_paths.h
echo "#define PGSHAREDIR \"/home/postgres/minipg/share\"" >>pg_config_paths.h
echo "#define SYSCONFDIR \"/home/postgres/minipg/etc\"" >>pg_config_paths.h
echo "#define INCLUDEDIR \"/home/postgres/minipg/include\"" >>pg_config_paths.h
echo "#define PKGINCLUDEDIR \"/home/postgres/minipg/include\"" >>pg_config_paths.h
echo "#define INCLUDEDIRSERVER \"/home/postgres/minipg/include/server\"" >>pg_config_paths.h
echo "#define LIBDIR \"/home/postgres/minipg/lib\"" >>pg_config_paths.h
echo "#define PKGLIBDIR \"/home/postgres/minipg/lib\"" >>pg_config_paths.h
echo "#define LOCALEDIR \"/home/postgres/minipg/share/locale\"" >>pg_config_paths.h
echo "#define DOCDIR \"/home/postgres/minipg/share/doc/\"" >>pg_config_paths.h
echo "#define HTMLDIR \"/home/postgres/minipg/share/doc/\"" >>pg_config_paths.h
echo "#define MANDIR \"/home/postgres/minipg/share/man\"" >>pg_config_paths.h
gcc -Wall -Wmissing-prototypes -Wpointer-arith -Wdeclaration-after-statement -Werror=vla -Wendif-labels -Wmissing-format-attribute -Wimplicit-fallthrough=3 -Wcast-function-type -Wformat-security -fno-strict-aliasing -fwrapv -fexcess-precision=standard -Wno-format-truncation -Wno-stringop-truncation -g -O2 -I../../src/port -DFRONTEND -I../../src/include -D_GNU_SOURCE   -c -o path.o path.c
gcc -Wall -Wmissing-prototypes -Wpointer-arith -Wdeclaration-after-statement -Werror=vla -Wendif-labels -Wmissing-format-attribute -Wimplicit-fallthrough=3 -Wcast-function-type -Wformat-security -fno-strict-aliasing -fwrapv -fexcess-precision=standard -Wno-format-truncation -Wno-stringop-truncation -g -O2 -I../../src/port -DFRONTEND -I../../src/include -D_GNU_SOURCE   -c -o pg_bitutils.o pg_bitutils.c
gcc -Wall -Wmissing-prototypes -Wpointer-arith -Wdeclaration-after-statement -Werror=vla -Wendif-labels -Wmissing-format-attribute -Wimplicit-fallthrough=3 -Wcast-function-type -Wformat-security -fno-strict-aliasing -fwrapv -fexcess-precision=standard -Wno-format-truncation -Wno-stringop-truncation -g -O2 -I../../src/port -DFRONTEND -I../../src/include -D_GNU_SOURCE   -c -o pg_strong_random.o pg_strong_random.c
gcc -Wall -Wmissing-prototypes -Wpointer-arith -Wdeclaration-after-statement -Werror=vla -Wendif-labels -Wmissing-format-attribute -Wimplicit-fallthrough=3 -Wcast-function-type -Wformat-security -fno-strict-aliasing -fwrapv -fexcess-precision=standard -Wno-format-truncation -Wno-stringop-truncation -g -O2 -I../../src/port -DFRONTEND -I../../src/include -D_GNU_SOURCE   -c -o pgcheckdir.o pgcheckdir.c
gcc -Wall -Wmissing-prototypes -Wpointer-arith -Wdeclaration-after-statement -Werror=vla -Wendif-labels -Wmissing-format-attribute -Wimplicit-fallthrough=3 -Wcast-function-type -Wformat-security -fno-strict-aliasing -fwrapv -fexcess-precision=standard -Wno-format-truncation -Wno-stringop-truncation -g -O2 -I../../src/port -DFRONTEND -I../../src/include -D_GNU_SOURCE   -c -o pgmkdirp.o pgmkdirp.c
gcc -Wall -Wmissing-prototypes -Wpointer-arith -Wdeclaration-after-statement -Werror=vla -Wendif-labels -Wmissing-format-attribute -Wimplicit-fallthrough=3 -Wcast-function-type -Wformat-security -fno-strict-aliasing -fwrapv -fexcess-precision=standard -Wno-format-truncation -Wno-stringop-truncation -g -O2 -I../../src/port -DFRONTEND -I../../src/include -D_GNU_SOURCE   -c -o pgsleep.o pgsleep.c
gcc -Wall -Wmissing-prototypes -Wpointer-arith -Wdeclaration-after-statement -Werror=vla -Wendif-labels -Wmissing-format-attribute -Wimplicit-fallthrough=3 -Wcast-function-type -Wformat-security -fno-strict-aliasing -fwrapv -fexcess-precision=standard -Wno-format-truncation -Wno-stringop-truncation -g -O2 -I../../src/port -DFRONTEND -I../../src/include -D_GNU_SOURCE   -c -o pgstrcasecmp.o pgstrcasecmp.c
gcc -Wall -Wmissing-prototypes -Wpointer-arith -Wdeclaration-after-statement -Werror=vla -Wendif-labels -Wmissing-format-attribute -Wimplicit-fallthrough=3 -Wcast-function-type -Wformat-security -fno-strict-aliasing -fwrapv -fexcess-precision=standard -Wno-format-truncation -Wno-stringop-truncation -g -O2 -I../../src/port -DFRONTEND -I../../src/include -D_GNU_SOURCE   -c -o pgstrsignal.o pgstrsignal.c
gcc -Wall -Wmissing-prototypes -Wpointer-arith -Wdeclaration-after-statement -Werror=vla -Wendif-labels -Wmissing-format-attribute -Wimplicit-fallthrough=3 -Wcast-function-type -Wformat-security -fno-strict-aliasing -fwrapv -fexcess-precision=standard -Wno-format-truncation -Wno-stringop-truncation -g -O2 -I../../src/port -DFRONTEND -I../../src/include -D_GNU_SOURCE   -c -o pqsignal.o pqsignal.c
gcc -Wall -Wmissing-prototypes -Wpointer-arith -Wdeclaration-after-statement -Werror=vla -Wendif-labels -Wmissing-format-attribute -Wimplicit-fallthrough=3 -Wcast-function-type -Wformat-security -fno-strict-aliasing -fwrapv -fexcess-precision=standard -Wno-format-truncation -Wno-stringop-truncation -g -O2 -I../../src/port -DFRONTEND -I../../src/include -D_GNU_SOURCE   -c -o qsort.o qsort.c
gcc -Wall -Wmissing-prototypes -Wpointer-arith -Wdeclaration-after-statement -Werror=vla -Wendif-labels -Wmissing-format-attribute -Wimplicit-fallthrough=3 -Wcast-function-type -Wformat-security -fno-strict-aliasing -fwrapv -fexcess-precision=standard -Wno-format-truncation -Wno-stringop-truncation -g -O2 -I../../src/port -DFRONTEND -I../../src/include -D_GNU_SOURCE   -c -o qsort_arg.o qsort_arg.c
gcc -Wall -Wmissing-prototypes -Wpointer-arith -Wdeclaration-after-statement -Werror=vla -Wendif-labels -Wmissing-format-attribute -Wimplicit-fallthrough=3 -Wcast-function-type -Wformat-security -fno-strict-aliasing -fwrapv -fexcess-precision=standard -Wno-format-truncation -Wno-stringop-truncation -g -O2 -I../../src/port -DFRONTEND -I../../src/include -D_GNU_SOURCE   -c -o quotes.o quotes.c
gcc -Wall -Wmissing-prototypes -Wpointer-arith -Wdeclaration-after-statement -Werror=vla -Wendif-labels -Wmissing-format-attribute -Wimplicit-fallthrough=3 -Wcast-function-type -Wformat-security -fno-strict-aliasing -fwrapv -fexcess-precision=standard -Wno-format-truncation -Wno-stringop-truncation -g -O2 -I../../src/port -DFRONTEND -I../../src/include -D_GNU_SOURCE   -c -o snprintf.o snprintf.c
gcc -Wall -Wmissing-prototypes -Wpointer-arith -Wdeclaration-after-statement -Werror=vla -Wendif-labels -Wmissing-format-attribute -Wimplicit-fallthrough=3 -Wcast-function-type -Wformat-security -fno-strict-aliasing -fwrapv -fexcess-precision=standard -Wno-format-truncation -Wno-stringop-truncation -g -O2 -I../../src/port -DFRONTEND -I../../src/include -D_GNU_SOURCE   -c -o strerror.o strerror.c
gcc -Wall -Wmissing-prototypes -Wpointer-arith -Wdeclaration-after-statement -Werror=vla -Wendif-labels -Wmissing-format-attribute -Wimplicit-fallthrough=3 -Wcast-function-type -Wformat-security -fno-strict-aliasing -fwrapv -fexcess-precision=standard -Wno-format-truncation -Wno-stringop-truncation -g -O2 -pthread -D_REENTRANT -D_THREAD_SAFE -D_POSIX_PTHREAD_SEMANTICS -I../../src/port -DFRONTEND -I../../src/include -D_GNU_SOURCE   -c -o thread.o thread.c
rm -f libpgport.a
ar crs libpgport.a fls.o getpeereid.o timingsafe_bcmp.o pg_crc32c_sse42.o pg_crc32c_sb8.o pg_crc32c_sse42_choose.o bsearch_arg.o chklocale.o erand48.o inet_net_ntop.o noblock.o path.o pg_bitutils.o pg_strong_random.o pgcheckdir.o pgmkdirp.o pgsleep.o pgstrcasecmp.o pgstrsignal.o pqsignal.o qsort.o qsort_arg.o quotes.o snprintf.o strerror.o thread.o
gcc -Wall -Wmissing-prototypes -Wpointer-arith -Wdeclaration-after-statement -Werror=vla -Wendif-labels -Wmissing-format-attribute -Wimplicit-fallthrough=3 -Wcast-function-type -Wformat-security -fno-strict-aliasing -fwrapv -fexcess-precision=standard -Wno-format-truncation -Wno-stringop-truncation -g -O2 -fPIC -I../../src/port -DFRONTEND -I../../src/include -D_GNU_SOURCE  -c fls.c -o fls_shlib.o
gcc -Wall -Wmissing-prototypes -Wpointer-arith -Wdeclaration-after-statement -Werror=vla -Wendif-labels -Wmissing-format-attribute -Wimplicit-fallthrough=3 -Wcast-function-type -Wformat-security -fno-strict-aliasing -fwrapv -fexcess-precision=standard -Wno-format-truncation -Wno-stringop-truncation -g -O2 -fPIC -I../../src/port -DFRONTEND -I../../src/include -D_GNU_SOURCE  -c getpeereid.c -o getpeereid_shlib.o
gcc -Wall -Wmissing-prototypes -Wpointer-arith -Wdeclaration-after-statement -Werror=vla -Wendif-labels -Wmissing-format-attribute -Wimplicit-fallthrough=3 -Wcast-function-type -Wformat-security -fno-strict-aliasing -fwrapv -fexcess-precision=standard -Wno-format-truncation -Wno-stringop-truncation -g -O2 -fPIC -I../../src/port -DFRONTEND -I../../src/include -D_GNU_SOURCE  -c timingsafe_bcmp.c -o timingsafe_bcmp_shlib.o
gcc -Wall -Wmissing-prototypes -Wpointer-arith -Wdeclaration-after-statement -Werror=vla -Wendif-labels -Wmissing-format-attribute -Wimplicit-fallthrough=3 -Wcast-function-type -Wformat-security -fno-strict-aliasing -fwrapv -fexcess-precision=standard -Wno-format-truncation -Wno-stringop-truncation -g -O2 -msse4.2 -fPIC -I../../src/port -DFRONTEND -I../../src/include -D_GNU_SOURCE  -c pg_crc32c_sse42.c -o pg_crc32c_sse42_shlib.o
gcc -Wall -Wmissing-prototypes -Wpointer-arith -Wdeclaration-after-statement -Werror=vla -Wendif-labels -Wmissing-format-attribute -Wimplicit-fallthrough=3 -Wcast-function-type -Wformat-security -fno-strict-aliasing -fwrapv -fexcess-precision=standard -Wno-format-truncation -Wno-stringop-truncation -g -O2 -fPIC -I../../src/port -DFRONTEND -I../../src/include -D_GNU_SOURCE  -c pg_crc32c_sb8.c -o pg_crc32c_sb8_shlib.o
gcc -Wall -Wmissing-prototypes -Wpointer-arith -Wdeclaration-after-statement -Werror=vla -Wendif-labels -Wmissing-format-attribute -Wimplicit-fallthrough=3 -Wcast-function-type -Wformat-security -fno-strict-aliasing -fwrapv -fexcess-precision=standard -Wno-format-truncation -Wno-stringop-truncation -g -O2 -fPIC -I../../src/port -DFRONTEND -I../../src/include -D_GNU_SOURCE  -c pg_crc32c_sse42_choose.c -o pg_crc32c_sse42_choose_shlib.o
gcc -Wall -Wmissing-prototypes -Wpointer-arith -Wdeclaration-after-statement -Werror=vla -Wendif-labels -Wmissing-format-attribute -Wimplicit-fallthrough=3 -Wcast-function-type -Wformat-security -fno-strict-aliasing -fwrapv -fexcess-precision=standard -Wno-format-truncation -Wno-stringop-truncation -g -O2 -fPIC -I../../src/port -DFRONTEND -I../../src/include -D_GNU_SOURCE  -c bsearch_arg.c -o bsearch_arg_shlib.o
gcc -Wall -Wmissing-prototypes -Wpointer-arith -Wdeclaration-after-statement -Werror=vla -Wendif-labels -Wmissing-format-attribute -Wimplicit-fallthrough=3 -Wcast-function-type -Wformat-security -fno-strict-aliasing -fwrapv -fexcess-precision=standard -Wno-format-truncation -Wno-stringop-truncation -g -O2 -fPIC -I../../src/port -DFRONTEND -I../../src/include -D_GNU_SOURCE  -c chklocale.c -o chklocale_shlib.o
gcc -Wall -Wmissing-prototypes -Wpointer-arith -Wdeclaration-after-statement -Werror=vla -Wendif-labels -Wmissing-format-attribute -Wimplicit-fallthrough=3 -Wcast-function-type -Wformat-security -fno-strict-aliasing -fwrapv -fexcess-precision=standard -Wno-format-truncation -Wno-stringop-truncation -g -O2 -fPIC -I../../src/port -DFRONTEND -I../../src/include -D_GNU_SOURCE  -c erand48.c -o erand48_shlib.o
gcc -Wall -Wmissing-prototypes -Wpointer-arith -Wdeclaration-after-statement -Werror=vla -Wendif-labels -Wmissing-format-attribute -Wimplicit-fallthrough=3 -Wcast-function-type -Wformat-security -fno-strict-aliasing -fwrapv -fexcess-precision=standard -Wno-format-truncation -Wno-stringop-truncation -g -O2 -fPIC -I../../src/port -DFRONTEND -I../../src/include -D_GNU_SOURCE  -c inet_net_ntop.c -o inet_net_ntop_shlib.o
gcc -Wall -Wmissing-prototypes -Wpointer-arith -Wdeclaration-after-statement -Werror=vla -Wendif-labels -Wmissing-format-attribute -Wimplicit-fallthrough=3 -Wcast-function-type -Wformat-security -fno-strict-aliasing -fwrapv -fexcess-precision=standard -Wno-format-truncation -Wno-stringop-truncation -g -O2 -fPIC -I../../src/port -DFRONTEND -I../../src/include -D_GNU_SOURCE  -c noblock.c -o noblock_shlib.o
gcc -Wall -Wmissing-prototypes -Wpointer-arith -Wdeclaration-after-statement -Werror=vla -Wendif-labels -Wmissing-format-attribute -Wimplicit-fallthrough=3 -Wcast-function-type -Wformat-security -fno-strict-aliasing -fwrapv -fexcess-precision=standard -Wno-format-truncation -Wno-stringop-truncation -g -O2 -fPIC -I../../src/port -DFRONTEND -I../../src/include -D_GNU_SOURCE  -c path.c -o path_shlib.o
gcc -Wall -Wmissing-prototypes -Wpointer-arith -Wdeclaration-after-statement -Werror=vla -Wendif-labels -Wmissing-format-attribute -Wimplicit-fallthrough=3 -Wcast-function-type -Wformat-security -fno-strict-aliasing -fwrapv -fexcess-precision=standard -Wno-format-truncation -Wno-stringop-truncation -g -O2 -fPIC -I../../src/port -DFRONTEND -I../../src/include -D_GNU_SOURCE  -c pg_bitutils.c -o pg_bitutils_shlib.o
gcc -Wall -Wmissing-prototypes -Wpointer-arith -Wdeclaration-after-statement -Werror=vla -Wendif-labels -Wmissing-format-attribute -Wimplicit-fallthrough=3 -Wcast-function-type -Wformat-security -fno-strict-aliasing -fwrapv -fexcess-precision=standard -Wno-format-truncation -Wno-stringop-truncation -g -O2 -fPIC -I../../src/port -DFRONTEND -I../../src/include -D_GNU_SOURCE  -c pg_strong_random.c -o pg_strong_random_shlib.o
gcc -Wall -Wmissing-prototypes -Wpointer-arith -Wdeclaration-after-statement -Werror=vla -Wendif-labels -Wmissing-format-attribute -Wimplicit-fallthrough=3 -Wcast-function-type -Wformat-security -fno-strict-aliasing -fwrapv -fexcess-precision=standard -Wno-format-truncation -Wno-stringop-truncation -g -O2 -fPIC -I../../src/port -DFRONTEND -I../../src/include -D_GNU_SOURCE  -c pgcheckdir.c -o pgcheckdir_shlib.o
gcc -Wall -Wmissing-prototypes -Wpointer-arith -Wdeclaration-after-statement -Werror=vla -Wendif-labels -Wmissing-format-attribute -Wimplicit-fallthrough=3 -Wcast-function-type -Wformat-security -fno-strict-aliasing -fwrapv -fexcess-precision=standard -Wno-format-truncation -Wno-stringop-truncation -g -O2 -fPIC -I../../src/port -DFRONTEND -I../../src/include -D_GNU_SOURCE  -c pgmkdirp.c -o pgmkdirp_shlib.o
gcc -Wall -Wmissing-prototypes -Wpointer-arith -Wdeclaration-after-statement -Werror=vla -Wendif-labels -Wmissing-format-attribute -Wimplicit-fallthrough=3 -Wcast-function-type -Wformat-security -fno-strict-aliasing -fwrapv -fexcess-precision=standard -Wno-format-truncation -Wno-stringop-truncation -g -O2 -fPIC -I../../src/port -DFRONTEND -I../../src/include -D_GNU_SOURCE  -c pgsleep.c -o pgsleep_shlib.o
gcc -Wall -Wmissing-prototypes -Wpointer-arith -Wdeclaration-after-statement -Werror=vla -Wendif-labels -Wmissing-format-attribute -Wimplicit-fallthrough=3 -Wcast-function-type -Wformat-security -fno-strict-aliasing -fwrapv -fexcess-precision=standard -Wno-format-truncation -Wno-stringop-truncation -g -O2 -fPIC -I../../src/port -DFRONTEND -I../../src/include -D_GNU_SOURCE  -c pgstrcasecmp.c -o pgstrcasecmp_shlib.o
gcc -Wall -Wmissing-prototypes -Wpointer-arith -Wdeclaration-after-statement -Werror=vla -Wendif-labels -Wmissing-format-attribute -Wimplicit-fallthrough=3 -Wcast-function-type -Wformat-security -fno-strict-aliasing -fwrapv -fexcess-precision=standard -Wno-format-truncation -Wno-stringop-truncation -g -O2 -fPIC -I../../src/port -DFRONTEND -I../../src/include -D_GNU_SOURCE  -c pgstrsignal.c -o pgstrsignal_shlib.o
gcc -Wall -Wmissing-prototypes -Wpointer-arith -Wdeclaration-after-statement -Werror=vla -Wendif-labels -Wmissing-format-attribute -Wimplicit-fallthrough=3 -Wcast-function-type -Wformat-security -fno-strict-aliasing -fwrapv -fexcess-precision=standard -Wno-format-truncation -Wno-stringop-truncation -g -O2 -fPIC -I../../src/port -DFRONTEND -I../../src/include -D_GNU_SOURCE  -c pqsignal.c -o pqsignal_shlib.o
gcc -Wall -Wmissing-prototypes -Wpointer-arith -Wdeclaration-after-statement -Werror=vla -Wendif-labels -Wmissing-format-attribute -Wimplicit-fallthrough=3 -Wcast-function-type -Wformat-security -fno-strict-aliasing -fwrapv -fexcess-precision=standard -Wno-format-truncation -Wno-stringop-truncation -g -O2 -fPIC -I../../src/port -DFRONTEND -I../../src/include -D_GNU_SOURCE  -c qsort.c -o qsort_shlib.o
gcc -Wall -Wmissing-prototypes -Wpointer-arith -Wdeclaration-after-statement -Werror=vla -Wendif-labels -Wmissing-format-attribute -Wimplicit-fallthrough=3 -Wcast-function-type -Wformat-security -fno-strict-aliasing -fwrapv -fexcess-precision=standard -Wno-format-truncation -Wno-stringop-truncation -g -O2 -fPIC -I../../src/port -DFRONTEND -I../../src/include -D_GNU_SOURCE  -c qsort_arg.c -o qsort_arg_shlib.o
gcc -Wall -Wmissing-prototypes -Wpointer-arith -Wdeclaration-after-statement -Werror=vla -Wendif-labels -Wmissing-format-attribute -Wimplicit-fallthrough=3 -Wcast-function-type -Wformat-security -fno-strict-aliasing -fwrapv -fexcess-precision=standard -Wno-format-truncation -Wno-stringop-truncation -g -O2 -fPIC -I../../src/port -DFRONTEND -I../../src/include -D_GNU_SOURCE  -c quotes.c -o quotes_shlib.o
gcc -Wall -Wmissing-prototypes -Wpointer-arith -Wdeclaration-after-statement -Werror=vla -Wendif-labels -Wmissing-format-attribute -Wimplicit-fallthrough=3 -Wcast-function-type -Wformat-security -fno-strict-aliasing -fwrapv -fexcess-precision=standard -Wno-format-truncation -Wno-stringop-truncation -g -O2 -fPIC -I../../src/port -DFRONTEND -I../../src/include -D_GNU_SOURCE  -c snprintf.c -o snprintf_shlib.o
gcc -Wall -Wmissing-prototypes -Wpointer-arith -Wdeclaration-after-statement -Werror=vla -Wendif-labels -Wmissing-format-attribute -Wimplicit-fallthrough=3 -Wcast-function-type -Wformat-security -fno-strict-aliasing -fwrapv -fexcess-precision=standard -Wno-format-truncation -Wno-stringop-truncation -g -O2 -fPIC -I../../src/port -DFRONTEND -I../../src/include -D_GNU_SOURCE  -c strerror.c -o strerror_shlib.o
gcc -Wall -Wmissing-prototypes -Wpointer-arith -Wdeclaration-after-statement -Werror=vla -Wendif-labels -Wmissing-format-attribute -Wimplicit-fallthrough=3 -Wcast-function-type -Wformat-security -fno-strict-aliasing -fwrapv -fexcess-precision=standard -Wno-format-truncation -Wno-stringop-truncation -g -O2 -pthread -D_REENTRANT -D_THREAD_SAFE -D_POSIX_PTHREAD_SEMANTICS -fPIC -I../../src/port -DFRONTEND -I../../src/include -D_GNU_SOURCE  -c thread.c -o thread_shlib.o
rm -f libpgport_shlib.a
ar crs libpgport_shlib.a fls_shlib.o getpeereid_shlib.o timingsafe_bcmp_shlib.o pg_crc32c_sse42_shlib.o pg_crc32c_sb8_shlib.o pg_crc32c_sse42_choose_shlib.o bsearch_arg_shlib.o chklocale_shlib.o erand48_shlib.o inet_net_ntop_shlib.o noblock_shlib.o path_shlib.o pg_bitutils_shlib.o pg_strong_random_shlib.o pgcheckdir_shlib.o pgmkdirp_shlib.o pgsleep_shlib.o pgstrcasecmp_shlib.o pgstrsignal_shlib.o pqsignal_shlib.o qsort_shlib.o qsort_arg_shlib.o quotes_shlib.o snprintf_shlib.o strerror_shlib.o thread_shlib.o
gcc -Wall -Wmissing-prototypes -Wpointer-arith -Wdeclaration-after-statement -Werror=vla -Wendif-labels -Wmissing-format-attribute -Wimplicit-fallthrough=3 -Wcast-function-type -Wformat-security -fno-strict-aliasing -fwrapv -fexcess-precision=standard -Wno-format-truncation -Wno-stringop-truncation -g -O2  -I../../src/port  -I../../src/include -D_GNU_SOURCE  -c fls.c -o fls_srv.o
gcc -Wall -Wmissing-prototypes -Wpointer-arith -Wdeclaration-after-statement -Werror=vla -Wendif-labels -Wmissing-format-attribute -Wimplicit-fallthrough=3 -Wcast-function-type -Wformat-security -fno-strict-aliasing -fwrapv -fexcess-precision=standard -Wno-format-truncation -Wno-stringop-truncation -g -O2  -I../../src/port  -I../../src/include -D_GNU_SOURCE  -c getpeereid.c -o getpeereid_srv.o
gcc -Wall -Wmissing-prototypes -Wpointer-arith -Wdeclaration-after-statement -Werror=vla -Wendif-labels -Wmissing-format-attribute -Wimplicit-fallthrough=3 -Wcast-function-type -Wformat-security -fno-strict-aliasing -fwrapv -fexcess-precision=standard -Wno-format-truncation -Wno-stringop-truncation -g -O2  -I../../src/port  -I../../src/include -D_GNU_SOURCE  -c timingsafe_bcmp.c -o timingsafe_bcmp_srv.o
gcc -Wall -Wmissing-prototypes -Wpointer-arith -Wdeclaration-after-statement -Werror=vla -Wendif-labels -Wmissing-format-attribute -Wimplicit-fallthrough=3 -Wcast-function-type -Wformat-security -fno-strict-aliasing -fwrapv -fexcess-precision=standard -Wno-format-truncation -Wno-stringop-truncation -g -O2 -msse4.2  -I../../src/port  -I../../src/include -D_GNU_SOURCE  -c pg_crc32c_sse42.c -o pg_crc32c_sse42_srv.o
gcc -Wall -Wmissing-prototypes -Wpointer-arith -Wdeclaration-after-statement -Werror=vla -Wendif-labels -Wmissing-format-attribute -Wimplicit-fallthrough=3 -Wcast-function-type -Wformat-security -fno-strict-aliasing -fwrapv -fexcess-precision=standard -Wno-format-truncation -Wno-stringop-truncation -g -O2  -I../../src/port  -I../../src/include -D_GNU_SOURCE  -c pg_crc32c_sb8.c -o pg_crc32c_sb8_srv.o
gcc -Wall -Wmissing-prototypes -Wpointer-arith -Wdeclaration-after-statement -Werror=vla -Wendif-labels -Wmissing-format-attribute -Wimplicit-fallthrough=3 -Wcast-function-type -Wformat-security -fno-strict-aliasing -fwrapv -fexcess-precision=standard -Wno-format-truncation -Wno-stringop-truncation -g -O2  -I../../src/port  -I../../src/include -D_GNU_SOURCE  -c pg_crc32c_sse42_choose.c -o pg_crc32c_sse42_choose_srv.o
gcc -Wall -Wmissing-prototypes -Wpointer-arith -Wdeclaration-after-statement -Werror=vla -Wendif-labels -Wmissing-format-attribute -Wimplicit-fallthrough=3 -Wcast-function-type -Wformat-security -fno-strict-aliasing -fwrapv -fexcess-precision=standard -Wno-format-truncation -Wno-stringop-truncation -g -O2  -I../../src/port  -I../../src/include -D_GNU_SOURCE  -c bsearch_arg.c -o bsearch_arg_srv.o
gcc -Wall -Wmissing-prototypes -Wpointer-arith -Wdeclaration-after-statement -Werror=vla -Wendif-labels -Wmissing-format-attribute -Wimplicit-fallthrough=3 -Wcast-function-type -Wformat-security -fno-strict-aliasing -fwrapv -fexcess-precision=standard -Wno-format-truncation -Wno-stringop-truncation -g -O2  -I../../src/port  -I../../src/include -D_GNU_SOURCE  -c chklocale.c -o chklocale_srv.o
gcc -Wall -Wmissing-prototypes -Wpointer-arith -Wdeclaration-after-statement -Werror=vla -Wendif-labels -Wmissing-format-attribute -Wimplicit-fallthrough=3 -Wcast-function-type -Wformat-security -fno-strict-aliasing -fwrapv -fexcess-precision=standard -Wno-format-truncation -Wno-stringop-truncation -g -O2  -I../../src/port  -I../../src/include -D_GNU_SOURCE  -c erand48.c -o erand48_srv.o
gcc -Wall -Wmissing-prototypes -Wpointer-arith -Wdeclaration-after-statement -Werror=vla -Wendif-labels -Wmissing-format-attribute -Wimplicit-fallthrough=3 -Wcast-function-type -Wformat-security -fno-strict-aliasing -fwrapv -fexcess-precision=standard -Wno-format-truncation -Wno-stringop-truncation -g -O2  -I../../src/port  -I../../src/include -D_GNU_SOURCE  -c inet_net_ntop.c -o inet_net_ntop_srv.o
gcc -Wall -Wmissing-prototypes -Wpointer-arith -Wdeclaration-after-statement -Werror=vla -Wendif-labels -Wmissing-format-attribute -Wimplicit-fallthrough=3 -Wcast-function-type -Wformat-security -fno-strict-aliasing -fwrapv -fexcess-precision=standard -Wno-format-truncation -Wno-stringop-truncation -g -O2  -I../../src/port  -I../../src/include -D_GNU_SOURCE  -c noblock.c -o noblock_srv.o
gcc -Wall -Wmissing-prototypes -Wpointer-arith -Wdeclaration-after-statement -Werror=vla -Wendif-labels -Wmissing-format-attribute -Wimplicit-fallthrough=3 -Wcast-function-type -Wformat-security -fno-strict-aliasing -fwrapv -fexcess-precision=standard -Wno-format-truncation -Wno-stringop-truncation -g -O2  -I../../src/port  -I../../src/include -D_GNU_SOURCE  -c path.c -o path_srv.o
gcc -Wall -Wmissing-prototypes -Wpointer-arith -Wdeclaration-after-statement -Werror=vla -Wendif-labels -Wmissing-format-attribute -Wimplicit-fallthrough=3 -Wcast-function-type -Wformat-security -fno-strict-aliasing -fwrapv -fexcess-precision=standard -Wno-format-truncation -Wno-stringop-truncation -g -O2  -I../../src/port  -I../../src/include -D_GNU_SOURCE  -c pg_bitutils.c -o pg_bitutils_srv.o
gcc -Wall -Wmissing-prototypes -Wpointer-arith -Wdeclaration-after-statement -Werror=vla -Wendif-labels -Wmissing-format-attribute -Wimplicit-fallthrough=3 -Wcast-function-type -Wformat-security -fno-strict-aliasing -fwrapv -fexcess-precision=standard -Wno-format-truncation -Wno-stringop-truncation -g -O2  -I../../src/port  -I../../src/include -D_GNU_SOURCE  -c pg_strong_random.c -o pg_strong_random_srv.o
gcc -Wall -Wmissing-prototypes -Wpointer-arith -Wdeclaration-after-statement -Werror=vla -Wendif-labels -Wmissing-format-attribute -Wimplicit-fallthrough=3 -Wcast-function-type -Wformat-security -fno-strict-aliasing -fwrapv -fexcess-precision=standard -Wno-format-truncation -Wno-stringop-truncation -g -O2  -I../../src/port  -I../../src/include -D_GNU_SOURCE  -c pgcheckdir.c -o pgcheckdir_srv.o
gcc -Wall -Wmissing-prototypes -Wpointer-arith -Wdeclaration-after-statement -Werror=vla -Wendif-labels -Wmissing-format-attribute -Wimplicit-fallthrough=3 -Wcast-function-type -Wformat-security -fno-strict-aliasing -fwrapv -fexcess-precision=standard -Wno-format-truncation -Wno-stringop-truncation -g -O2  -I../../src/port  -I../../src/include -D_GNU_SOURCE  -c pgmkdirp.c -o pgmkdirp_srv.o
gcc -Wall -Wmissing-prototypes -Wpointer-arith -Wdeclaration-after-statement -Werror=vla -Wendif-labels -Wmissing-format-attribute -Wimplicit-fallthrough=3 -Wcast-function-type -Wformat-security -fno-strict-aliasing -fwrapv -fexcess-precision=standard -Wno-format-truncation -Wno-stringop-truncation -g -O2  -I../../src/port  -I../../src/include -D_GNU_SOURCE  -c pgsleep.c -o pgsleep_srv.o
gcc -Wall -Wmissing-prototypes -Wpointer-arith -Wdeclaration-after-statement -Werror=vla -Wendif-labels -Wmissing-format-attribute -Wimplicit-fallthrough=3 -Wcast-function-type -Wformat-security -fno-strict-aliasing -fwrapv -fexcess-precision=standard -Wno-format-truncation -Wno-stringop-truncation -g -O2  -I../../src/port  -I../../src/include -D_GNU_SOURCE  -c pgstrcasecmp.c -o pgstrcasecmp_srv.o
gcc -Wall -Wmissing-prototypes -Wpointer-arith -Wdeclaration-after-statement -Werror=vla -Wendif-labels -Wmissing-format-attribute -Wimplicit-fallthrough=3 -Wcast-function-type -Wformat-security -fno-strict-aliasing -fwrapv -fexcess-precision=standard -Wno-format-truncation -Wno-stringop-truncation -g -O2  -I../../src/port  -I../../src/include -D_GNU_SOURCE  -c pgstrsignal.c -o pgstrsignal_srv.o
gcc -Wall -Wmissing-prototypes -Wpointer-arith -Wdeclaration-after-statement -Werror=vla -Wendif-labels -Wmissing-format-attribute -Wimplicit-fallthrough=3 -Wcast-function-type -Wformat-security -fno-strict-aliasing -fwrapv -fexcess-precision=standard -Wno-format-truncation -Wno-stringop-truncation -g -O2  -I../../src/port  -I../../src/include -D_GNU_SOURCE  -c pqsignal.c -o pqsignal_srv.o
gcc -Wall -Wmissing-prototypes -Wpointer-arith -Wdeclaration-after-statement -Werror=vla -Wendif-labels -Wmissing-format-attribute -Wimplicit-fallthrough=3 -Wcast-function-type -Wformat-security -fno-strict-aliasing -fwrapv -fexcess-precision=standard -Wno-format-truncation -Wno-stringop-truncation -g -O2  -I../../src/port  -I../../src/include -D_GNU_SOURCE  -c qsort.c -o qsort_srv.o
gcc -Wall -Wmissing-prototypes -Wpointer-arith -Wdeclaration-after-statement -Werror=vla -Wendif-labels -Wmissing-format-attribute -Wimplicit-fallthrough=3 -Wcast-function-type -Wformat-security -fno-strict-aliasing -fwrapv -fexcess-precision=standard -Wno-format-truncation -Wno-stringop-truncation -g -O2  -I../../src/port  -I../../src/include -D_GNU_SOURCE  -c qsort_arg.c -o qsort_arg_srv.o
gcc -Wall -Wmissing-prototypes -Wpointer-arith -Wdeclaration-after-statement -Werror=vla -Wendif-labels -Wmissing-format-attribute -Wimplicit-fallthrough=3 -Wcast-function-type -Wformat-security -fno-strict-aliasing -fwrapv -fexcess-precision=standard -Wno-format-truncation -Wno-stringop-truncation -g -O2  -I../../src/port  -I../../src/include -D_GNU_SOURCE  -c quotes.c -o quotes_srv.o
gcc -Wall -Wmissing-prototypes -Wpointer-arith -Wdeclaration-after-statement -Werror=vla -Wendif-labels -Wmissing-format-attribute -Wimplicit-fallthrough=3 -Wcast-function-type -Wformat-security -fno-strict-aliasing -fwrapv -fexcess-precision=standard -Wno-format-truncation -Wno-stringop-truncation -g -O2  -I../../src/port  -I../../src/include -D_GNU_SOURCE  -c snprintf.c -o snprintf_srv.o
gcc -Wall -Wmissing-prototypes -Wpointer-arith -Wdeclaration-after-statement -Werror=vla -Wendif-labels -Wmissing-format-attribute -Wimplicit-fallthrough=3 -Wcast-function-type -Wformat-security -fno-strict-aliasing -fwrapv -fexcess-precision=standard -Wno-format-truncation -Wno-stringop-truncation -g -O2  -I../../src/port  -I../../src/include -D_GNU_SOURCE  -c strerror.c -o strerror_srv.o
gcc -Wall -Wmissing-prototypes -Wpointer-arith -Wdeclaration-after-statement -Werror=vla -Wendif-labels -Wmissing-format-attribute -Wimplicit-fallthrough=3 -Wcast-function-type -Wformat-security -fno-strict-aliasing -fwrapv -fexcess-precision=standard -Wno-format-truncation -Wno-stringop-truncation -g -O2  -I../../src/port  -I../../src/include -D_GNU_SOURCE  -c thread.c -o thread_srv.o
rm -f libpgport_srv.a
ar crs libpgport_srv.a fls_srv.o getpeereid_srv.o timingsafe_bcmp_srv.o pg_crc32c_sse42_srv.o pg_crc32c_sb8_srv.o pg_crc32c_sse42_choose_srv.o bsearch_arg_srv.o chklocale_srv.o erand48_srv.o inet_net_ntop_srv.o noblock_srv.o path_srv.o pg_bitutils_srv.o pg_strong_random_srv.o pgcheckdir_srv.o pgmkdirp_srv.o pgsleep_srv.o pgstrcasecmp_srv.o pgstrsignal_srv.o pqsignal_srv.o qsort_srv.o qsort_arg_srv.o quotes_srv.o snprintf_srv.o strerror_srv.o thread_srv.o
make[2]: Leaving directory '/home/postgres/works/my-github/minipg/src/port'
make -C timezone all
make[2]: Entering directory '/home/postgres/works/my-github/minipg/src/timezone'
make -C ../../src/port all
make[3]: Entering directory '/home/postgres/works/my-github/minipg/src/port'
make[3]: Nothing to be done for 'all'.
make[3]: Leaving directory '/home/postgres/works/my-github/minipg/src/port'
make -C ../../src/common all
make[3]: Entering directory '/home/postgres/works/my-github/minipg/src/common'
make[3]: Nothing to be done for 'all'.
make[3]: Leaving directory '/home/postgres/works/my-github/minipg/src/common'
gcc -Wall -Wmissing-prototypes -Wpointer-arith -Wdeclaration-after-statement -Werror=vla -Wendif-labels -Wmissing-format-attribute -Wimplicit-fallthrough=3 -Wcast-function-type -Wformat-security -fno-strict-aliasing -fwrapv -fexcess-precision=standard -Wno-format-truncation -Wno-stringop-truncation -g -O2 -I../../src/include -D_GNU_SOURCE   -c -o localtime.o localtime.c
gcc -Wall -Wmissing-prototypes -Wpointer-arith -Wdeclaration-after-statement -Werror=vla -Wendif-labels -Wmissing-format-attribute -Wimplicit-fallthrough=3 -Wcast-function-type -Wformat-security -fno-strict-aliasing -fwrapv -fexcess-precision=standard -Wno-format-truncation -Wno-stringop-truncation -g -O2 -I../../src/include -D_GNU_SOURCE   -c -o pgtz.o pgtz.c
gcc -Wall -Wmissing-prototypes -Wpointer-arith -Wdeclaration-after-statement -Werror=vla -Wendif-labels -Wmissing-format-attribute -Wimplicit-fallthrough=3 -Wcast-function-type -Wformat-security -fno-strict-aliasing -fwrapv -fexcess-precision=standard -Wno-format-truncation -Wno-stringop-truncation -g -O2 -I../../src/include -D_GNU_SOURCE   -c -o strftime.o strftime.c
( echo src/timezone/localtime.o src/timezone/pgtz.o src/timezone/strftime.o ) >objfiles.txt
gcc -Wall -Wmissing-prototypes -Wpointer-arith -Wdeclaration-after-statement -Werror=vla -Wendif-labels -Wmissing-format-attribute -Wimplicit-fallthrough=3 -Wcast-function-type -Wformat-security -fno-strict-aliasing -fwrapv -fexcess-precision=standard -Wno-format-truncation -Wno-stringop-truncation -g -O2 -I../../src/include -D_GNU_SOURCE   -c -o zic.o zic.c
gcc -Wall -Wmissing-prototypes -Wpointer-arith -Wdeclaration-after-statement -Werror=vla -Wendif-labels -Wmissing-format-attribute -Wimplicit-fallthrough=3 -Wcast-function-type -Wformat-security -fno-strict-aliasing -fwrapv -fexcess-precision=standard -Wno-format-truncation -Wno-stringop-truncation -g -O2  zic.o -L../../src/port -L../../src/common   -Wl,--as-needed -Wl,-rpath,'/home/postgres/minipg/lib',--enable-new-dtags  -lpgcommon -lpgport -lz -lreadline -lm  -o zic
make[2]: Leaving directory '/home/postgres/works/my-github/minipg/src/timezone'
make -C backend all
make[2]: Entering directory '/home/postgres/works/my-github/minipg/src/backend'
make -C ../../src/port all
make[3]: Entering directory '/home/postgres/works/my-github/minipg/src/port'
make[3]: Nothing to be done for 'all'.
make[3]: Leaving directory '/home/postgres/works/my-github/minipg/src/port'
make -C ../../src/common all
make[3]: Entering directory '/home/postgres/works/my-github/minipg/src/common'
make[3]: Nothing to be done for 'all'.
make[3]: Leaving directory '/home/postgres/works/my-github/minipg/src/common'
make -C catalog distprep generated-header-symlinks
make[3]: Entering directory '/home/postgres/works/my-github/minipg/src/backend/catalog'
make[3]: Nothing to be done for 'distprep'.
make[3]: Nothing to be done for 'generated-header-symlinks'.
make[3]: Leaving directory '/home/postgres/works/my-github/minipg/src/backend/catalog'
make -C utils distprep generated-header-symlinks
make[3]: Entering directory '/home/postgres/works/my-github/minipg/src/backend/utils'
make[3]: Nothing to be done for 'distprep'.
make[3]: Nothing to be done for 'generated-header-symlinks'.
make[3]: Leaving directory '/home/postgres/works/my-github/minipg/src/backend/utils'
make -C access all
make[3]: Entering directory '/home/postgres/works/my-github/minipg/src/backend/access'
make -C common all
make[4]: Entering directory '/home/postgres/works/my-github/minipg/src/backend/access/common'
gcc -Wall -Wmissing-prototypes -Wpointer-arith -Wdeclaration-after-statement -Werror=vla -Wendif-labels -Wmissing-format-attribute -Wimplicit-fallthrough=3 -Wcast-function-type -Wformat-security -fno-strict-aliasing -fwrapv -fexcess-precision=standard -Wno-format-truncation -Wno-stringop-truncation -g -O2 -I../../../../src/include -D_GNU_SOURCE   -c -o attmap.o attmap.c
gcc -Wall -Wmissing-prototypes -Wpointer-arith -Wdeclaration-after-statement -Werror=vla -Wendif-labels -Wmissing-format-attribute -Wimplicit-fallthrough=3 -Wcast-function-type -Wformat-security -fno-strict-aliasing -fwrapv -fexcess-precision=standard -Wno-format-truncation -Wno-stringop-truncation -g -O2 -I../../../../src/include -D_GNU_SOURCE   -c -o bufmask.o bufmask.c
gcc -Wall -Wmissing-prototypes -Wpointer-arith -Wdeclaration-after-statement -Werror=vla -Wendif-labels -Wmissing-format-attribute -Wimplicit-fallthrough=3 -Wcast-function-type -Wformat-security -fno-strict-aliasing -fwrapv -fexcess-precision=standard -Wno-format-truncation -Wno-stringop-truncation -g -O2 -I../../../../src/include -D_GNU_SOURCE   -c -o detoast.o detoast.c
gcc -Wall -Wmissing-prototypes -Wpointer-arith -Wdeclaration-after-statement -Werror=vla -Wendif-labels -Wmissing-format-attribute -Wimplicit-fallthrough=3 -Wcast-function-type -Wformat-security -fno-strict-aliasing -fwrapv -fexcess-precision=standard -Wno-format-truncation -Wno-stringop-truncation -g -O2 -I../../../../src/include -D_GNU_SOURCE   -c -o heaptuple.o heaptuple.c
gcc -Wall -Wmissing-prototypes -Wpointer-arith -Wdeclaration-after-statement -Werror=vla -Wendif-labels -Wmissing-format-attribute -Wimplicit-fallthrough=3 -Wcast-function-type -Wformat-security -fno-strict-aliasing -fwrapv -fexcess-precision=standard -Wno-format-truncation -Wno-stringop-truncation -g -O2 -I../../../../src/include -D_GNU_SOURCE   -c -o indextuple.o indextuple.c
gcc -Wall -Wmissing-prototypes -Wpointer-arith -Wdeclaration-after-statement -Werror=vla -Wendif-labels -Wmissing-format-attribute -Wimplicit-fallthrough=3 -Wcast-function-type -Wformat-security -fno-strict-aliasing -fwrapv -fexcess-precision=standard -Wno-format-truncation -Wno-stringop-truncation -g -O2 -I../../../../src/include -D_GNU_SOURCE   -c -o printsimple.o printsimple.c
gcc -Wall -Wmissing-prototypes -Wpointer-arith -Wdeclaration-after-statement -Werror=vla -Wendif-labels -Wmissing-format-attribute -Wimplicit-fallthrough=3 -Wcast-function-type -Wformat-security -fno-strict-aliasing -fwrapv -fexcess-precision=standard -Wno-format-truncation -Wno-stringop-truncation -g -O2 -I../../../../src/include -D_GNU_SOURCE   -c -o printtup.o printtup.c
gcc -Wall -Wmissing-prototypes -Wpointer-arith -Wdeclaration-after-statement -Werror=vla -Wendif-labels -Wmissing-format-attribute -Wimplicit-fallthrough=3 -Wcast-function-type -Wformat-security -fno-strict-aliasing -fwrapv -fexcess-precision=standard -Wno-format-truncation -Wno-stringop-truncation -g -O2 -I../../../../src/include -D_GNU_SOURCE   -c -o relation.o relation.c
gcc -Wall -Wmissing-prototypes -Wpointer-arith -Wdeclaration-after-statement -Werror=vla -Wendif-labels -Wmissing-format-attribute -Wimplicit-fallthrough=3 -Wcast-function-type -Wformat-security -fno-strict-aliasing -fwrapv -fexcess-precision=standard -Wno-format-truncation -Wno-stringop-truncation -g -O2 -I../../../../src/include -D_GNU_SOURCE   -c -o reloptions.o reloptions.c
gcc -Wall -Wmissing-prototypes -Wpointer-arith -Wdeclaration-after-statement -Werror=vla -Wendif-labels -Wmissing-format-attribute -Wimplicit-fallthrough=3 -Wcast-function-type -Wformat-security -fno-strict-aliasing -fwrapv -fexcess-precision=standard -Wno-format-truncation -Wno-stringop-truncation -g -O2 -I../../../../src/include -D_GNU_SOURCE   -c -o scankey.o scankey.c
gcc -Wall -Wmissing-prototypes -Wpointer-arith -Wdeclaration-after-statement -Werror=vla -Wendif-labels -Wmissing-format-attribute -Wimplicit-fallthrough=3 -Wcast-function-type -Wformat-security -fno-strict-aliasing -fwrapv -fexcess-precision=standard -Wno-format-truncation -Wno-stringop-truncation -g -O2 -I../../../../src/include -D_GNU_SOURCE   -c -o session.o session.c
gcc -Wall -Wmissing-prototypes -Wpointer-arith -Wdeclaration-after-statement -Werror=vla -Wendif-labels -Wmissing-format-attribute -Wimplicit-fallthrough=3 -Wcast-function-type -Wformat-security -fno-strict-aliasing -fwrapv -fexcess-precision=standard -Wno-format-truncation -Wno-stringop-truncation -g -O2 -I../../../../src/include -D_GNU_SOURCE   -c -o syncscan.o syncscan.c
gcc -Wall -Wmissing-prototypes -Wpointer-arith -Wdeclaration-after-statement -Werror=vla -Wendif-labels -Wmissing-format-attribute -Wimplicit-fallthrough=3 -Wcast-function-type -Wformat-security -fno-strict-aliasing -fwrapv -fexcess-precision=standard -Wno-format-truncation -Wno-stringop-truncation -g -O2 -I../../../../src/include -D_GNU_SOURCE   -c -o toast_compression.o toast_compression.c
gcc -Wall -Wmissing-prototypes -Wpointer-arith -Wdeclaration-after-statement -Werror=vla -Wendif-labels -Wmissing-format-attribute -Wimplicit-fallthrough=3 -Wcast-function-type -Wformat-security -fno-strict-aliasing -fwrapv -fexcess-precision=standard -Wno-format-truncation -Wno-stringop-truncation -g -O2 -I../../../../src/include -D_GNU_SOURCE   -c -o toast_internals.o toast_internals.c
gcc -Wall -Wmissing-prototypes -Wpointer-arith -Wdeclaration-after-statement -Werror=vla -Wendif-labels -Wmissing-format-attribute -Wimplicit-fallthrough=3 -Wcast-function-type -Wformat-security -fno-strict-aliasing -fwrapv -fexcess-precision=standard -Wno-format-truncation -Wno-stringop-truncation -g -O2 -I../../../../src/include -D_GNU_SOURCE   -c -o tupconvert.o tupconvert.c
gcc -Wall -Wmissing-prototypes -Wpointer-arith -Wdeclaration-after-statement -Werror=vla -Wendif-labels -Wmissing-format-attribute -Wimplicit-fallthrough=3 -Wcast-function-type -Wformat-security -fno-strict-aliasing -fwrapv -fexcess-precision=standard -Wno-format-truncation -Wno-stringop-truncation -g -O2 -I../../../../src/include -D_GNU_SOURCE   -c -o tupdesc.o tupdesc.c
( echo src/backend/access/common/attmap.o src/backend/access/common/bufmask.o src/backend/access/common/detoast.o src/backend/access/common/heaptuple.o src/backend/access/common/indextuple.o src/backend/access/common/printsimple.o src/backend/access/common/printtup.o src/backend/access/common/relation.o src/backend/access/common/reloptions.o src/backend/access/common/scankey.o src/backend/access/common/session.o src/backend/access/common/syncscan.o src/backend/access/common/toast_compression.o src/backend/access/common/toast_internals.o src/backend/access/common/tupconvert.o src/backend/access/common/tupdesc.o ) >objfiles.txt
make[4]: Leaving directory '/home/postgres/works/my-github/minipg/src/backend/access/common'
make -C hash all
make[4]: Entering directory '/home/postgres/works/my-github/minipg/src/backend/access/hash'
gcc -Wall -Wmissing-prototypes -Wpointer-arith -Wdeclaration-after-statement -Werror=vla -Wendif-labels -Wmissing-format-attribute -Wimplicit-fallthrough=3 -Wcast-function-type -Wformat-security -fno-strict-aliasing -fwrapv -fexcess-precision=standard -Wno-format-truncation -Wno-stringop-truncation -g -O2 -I../../../../src/include -D_GNU_SOURCE   -c -o hash.o hash.c
gcc -Wall -Wmissing-prototypes -Wpointer-arith -Wdeclaration-after-statement -Werror=vla -Wendif-labels -Wmissing-format-attribute -Wimplicit-fallthrough=3 -Wcast-function-type -Wformat-security -fno-strict-aliasing -fwrapv -fexcess-precision=standard -Wno-format-truncation -Wno-stringop-truncation -g -O2 -I../../../../src/include -D_GNU_SOURCE   -c -o hash_xlog.o hash_xlog.c
gcc -Wall -Wmissing-prototypes -Wpointer-arith -Wdeclaration-after-statement -Werror=vla -Wendif-labels -Wmissing-format-attribute -Wimplicit-fallthrough=3 -Wcast-function-type -Wformat-security -fno-strict-aliasing -fwrapv -fexcess-precision=standard -Wno-format-truncation -Wno-stringop-truncation -g -O2 -I../../../../src/include -D_GNU_SOURCE   -c -o hashfunc.o hashfunc.c
gcc -Wall -Wmissing-prototypes -Wpointer-arith -Wdeclaration-after-statement -Werror=vla -Wendif-labels -Wmissing-format-attribute -Wimplicit-fallthrough=3 -Wcast-function-type -Wformat-security -fno-strict-aliasing -fwrapv -fexcess-precision=standard -Wno-format-truncation -Wno-stringop-truncation -g -O2 -I../../../../src/include -D_GNU_SOURCE   -c -o hashinsert.o hashinsert.c
gcc -Wall -Wmissing-prototypes -Wpointer-arith -Wdeclaration-after-statement -Werror=vla -Wendif-labels -Wmissing-format-attribute -Wimplicit-fallthrough=3 -Wcast-function-type -Wformat-security -fno-strict-aliasing -fwrapv -fexcess-precision=standard -Wno-format-truncation -Wno-stringop-truncation -g -O2 -I../../../../src/include -D_GNU_SOURCE   -c -o hashovfl.o hashovfl.c
gcc -Wall -Wmissing-prototypes -Wpointer-arith -Wdeclaration-after-statement -Werror=vla -Wendif-labels -Wmissing-format-attribute -Wimplicit-fallthrough=3 -Wcast-function-type -Wformat-security -fno-strict-aliasing -fwrapv -fexcess-precision=standard -Wno-format-truncation -Wno-stringop-truncation -g -O2 -I../../../../src/include -D_GNU_SOURCE   -c -o hashpage.o hashpage.c
gcc -Wall -Wmissing-prototypes -Wpointer-arith -Wdeclaration-after-statement -Werror=vla -Wendif-labels -Wmissing-format-attribute -Wimplicit-fallthrough=3 -Wcast-function-type -Wformat-security -fno-strict-aliasing -fwrapv -fexcess-precision=standard -Wno-format-truncation -Wno-stringop-truncation -g -O2 -I../../../../src/include -D_GNU_SOURCE   -c -o hashsearch.o hashsearch.c
gcc -Wall -Wmissing-prototypes -Wpointer-arith -Wdeclaration-after-statement -Werror=vla -Wendif-labels -Wmissing-format-attribute -Wimplicit-fallthrough=3 -Wcast-function-type -Wformat-security -fno-strict-aliasing -fwrapv -fexcess-precision=standard -Wno-format-truncation -Wno-stringop-truncation -g -O2 -I../../../../src/include -D_GNU_SOURCE   -c -o hashsort.o hashsort.c
gcc -Wall -Wmissing-prototypes -Wpointer-arith -Wdeclaration-after-statement -Werror=vla -Wendif-labels -Wmissing-format-attribute -Wimplicit-fallthrough=3 -Wcast-function-type -Wformat-security -fno-strict-aliasing -fwrapv -fexcess-precision=standard -Wno-format-truncation -Wno-stringop-truncation -g -O2 -I../../../../src/include -D_GNU_SOURCE   -c -o hashutil.o hashutil.c
gcc -Wall -Wmissing-prototypes -Wpointer-arith -Wdeclaration-after-statement -Werror=vla -Wendif-labels -Wmissing-format-attribute -Wimplicit-fallthrough=3 -Wcast-function-type -Wformat-security -fno-strict-aliasing -fwrapv -fexcess-precision=standard -Wno-format-truncation -Wno-stringop-truncation -g -O2 -I../../../../src/include -D_GNU_SOURCE   -c -o hashvalidate.o hashvalidate.c
( echo src/backend/access/hash/hash.o src/backend/access/hash/hash_xlog.o src/backend/access/hash/hashfunc.o src/backend/access/hash/hashinsert.o src/backend/access/hash/hashovfl.o src/backend/access/hash/hashpage.o src/backend/access/hash/hashsearch.o src/backend/access/hash/hashsort.o src/backend/access/hash/hashutil.o src/backend/access/hash/hashvalidate.o ) >objfiles.txt
make[4]: Leaving directory '/home/postgres/works/my-github/minipg/src/backend/access/hash'
make -C heap all
make[4]: Entering directory '/home/postgres/works/my-github/minipg/src/backend/access/heap'
gcc -Wall -Wmissing-prototypes -Wpointer-arith -Wdeclaration-after-statement -Werror=vla -Wendif-labels -Wmissing-format-attribute -Wimplicit-fallthrough=3 -Wcast-function-type -Wformat-security -fno-strict-aliasing -fwrapv -fexcess-precision=standard -Wno-format-truncation -Wno-stringop-truncation -g -O2 -I../../../../src/include -D_GNU_SOURCE   -c -o heapam.o heapam.c
gcc -Wall -Wmissing-prototypes -Wpointer-arith -Wdeclaration-after-statement -Werror=vla -Wendif-labels -Wmissing-format-attribute -Wimplicit-fallthrough=3 -Wcast-function-type -Wformat-security -fno-strict-aliasing -fwrapv -fexcess-precision=standard -Wno-format-truncation -Wno-stringop-truncation -g -O2 -I../../../../src/include -D_GNU_SOURCE   -c -o heapam_handler.o heapam_handler.c
gcc -Wall -Wmissing-prototypes -Wpointer-arith -Wdeclaration-after-statement -Werror=vla -Wendif-labels -Wmissing-format-attribute -Wimplicit-fallthrough=3 -Wcast-function-type -Wformat-security -fno-strict-aliasing -fwrapv -fexcess-precision=standard -Wno-format-truncation -Wno-stringop-truncation -g -O2 -I../../../../src/include -D_GNU_SOURCE   -c -o heapam_visibility.o heapam_visibility.c
gcc -Wall -Wmissing-prototypes -Wpointer-arith -Wdeclaration-after-statement -Werror=vla -Wendif-labels -Wmissing-format-attribute -Wimplicit-fallthrough=3 -Wcast-function-type -Wformat-security -fno-strict-aliasing -fwrapv -fexcess-precision=standard -Wno-format-truncation -Wno-stringop-truncation -g -O2 -I../../../../src/include -D_GNU_SOURCE   -c -o heaptoast.o heaptoast.c
gcc -Wall -Wmissing-prototypes -Wpointer-arith -Wdeclaration-after-statement -Werror=vla -Wendif-labels -Wmissing-format-attribute -Wimplicit-fallthrough=3 -Wcast-function-type -Wformat-security -fno-strict-aliasing -fwrapv -fexcess-precision=standard -Wno-format-truncation -Wno-stringop-truncation -g -O2 -I../../../../src/include -D_GNU_SOURCE   -c -o hio.o hio.c
gcc -Wall -Wmissing-prototypes -Wpointer-arith -Wdeclaration-after-statement -Werror=vla -Wendif-labels -Wmissing-format-attribute -Wimplicit-fallthrough=3 -Wcast-function-type -Wformat-security -fno-strict-aliasing -fwrapv -fexcess-precision=standard -Wno-format-truncation -Wno-stringop-truncation -g -O2 -I../../../../src/include -D_GNU_SOURCE   -c -o pruneheap.o pruneheap.c
gcc -Wall -Wmissing-prototypes -Wpointer-arith -Wdeclaration-after-statement -Werror=vla -Wendif-labels -Wmissing-format-attribute -Wimplicit-fallthrough=3 -Wcast-function-type -Wformat-security -fno-strict-aliasing -fwrapv -fexcess-precision=standard -Wno-format-truncation -Wno-stringop-truncation -g -O2 -I../../../../src/include -D_GNU_SOURCE   -c -o rewriteheap.o rewriteheap.c
gcc -Wall -Wmissing-prototypes -Wpointer-arith -Wdeclaration-after-statement -Werror=vla -Wendif-labels -Wmissing-format-attribute -Wimplicit-fallthrough=3 -Wcast-function-type -Wformat-security -fno-strict-aliasing -fwrapv -fexcess-precision=standard -Wno-format-truncation -Wno-stringop-truncation -g -O2 -I../../../../src/include -D_GNU_SOURCE   -c -o vacuumlazy.o vacuumlazy.c
gcc -Wall -Wmissing-prototypes -Wpointer-arith -Wdeclaration-after-statement -Werror=vla -Wendif-labels -Wmissing-format-attribute -Wimplicit-fallthrough=3 -Wcast-function-type -Wformat-security -fno-strict-aliasing -fwrapv -fexcess-precision=standard -Wno-format-truncation -Wno-stringop-truncation -g -O2 -I../../../../src/include -D_GNU_SOURCE   -c -o visibilitymap.o visibilitymap.c
( echo src/backend/access/heap/heapam.o src/backend/access/heap/heapam_handler.o src/backend/access/heap/heapam_visibility.o src/backend/access/heap/heaptoast.o src/backend/access/heap/hio.o src/backend/access/heap/pruneheap.o src/backend/access/heap/rewriteheap.o src/backend/access/heap/vacuumlazy.o src/backend/access/heap/visibilitymap.o ) >objfiles.txt
make[4]: Leaving directory '/home/postgres/works/my-github/minipg/src/backend/access/heap'
make -C index all
make[4]: Entering directory '/home/postgres/works/my-github/minipg/src/backend/access/index'
gcc -Wall -Wmissing-prototypes -Wpointer-arith -Wdeclaration-after-statement -Werror=vla -Wendif-labels -Wmissing-format-attribute -Wimplicit-fallthrough=3 -Wcast-function-type -Wformat-security -fno-strict-aliasing -fwrapv -fexcess-precision=standard -Wno-format-truncation -Wno-stringop-truncation -g -O2 -I../../../../src/include -D_GNU_SOURCE   -c -o amapi.o amapi.c
gcc -Wall -Wmissing-prototypes -Wpointer-arith -Wdeclaration-after-statement -Werror=vla -Wendif-labels -Wmissing-format-attribute -Wimplicit-fallthrough=3 -Wcast-function-type -Wformat-security -fno-strict-aliasing -fwrapv -fexcess-precision=standard -Wno-format-truncation -Wno-stringop-truncation -g -O2 -I../../../../src/include -D_GNU_SOURCE   -c -o amvalidate.o amvalidate.c
gcc -Wall -Wmissing-prototypes -Wpointer-arith -Wdeclaration-after-statement -Werror=vla -Wendif-labels -Wmissing-format-attribute -Wimplicit-fallthrough=3 -Wcast-function-type -Wformat-security -fno-strict-aliasing -fwrapv -fexcess-precision=standard -Wno-format-truncation -Wno-stringop-truncation -g -O2 -I../../../../src/include -D_GNU_SOURCE   -c -o genam.o genam.c
gcc -Wall -Wmissing-prototypes -Wpointer-arith -Wdeclaration-after-statement -Werror=vla -Wendif-labels -Wmissing-format-attribute -Wimplicit-fallthrough=3 -Wcast-function-type -Wformat-security -fno-strict-aliasing -fwrapv -fexcess-precision=standard -Wno-format-truncation -Wno-stringop-truncation -g -O2 -I../../../../src/include -D_GNU_SOURCE   -c -o indexam.o indexam.c
( echo src/backend/access/index/amapi.o src/backend/access/index/amvalidate.o src/backend/access/index/genam.o src/backend/access/index/indexam.o ) >objfiles.txt
make[4]: Leaving directory '/home/postgres/works/my-github/minipg/src/backend/access/index'
make -C nbtree all
make[4]: Entering directory '/home/postgres/works/my-github/minipg/src/backend/access/nbtree'
gcc -Wall -Wmissing-prototypes -Wpointer-arith -Wdeclaration-after-statement -Werror=vla -Wendif-labels -Wmissing-format-attribute -Wimplicit-fallthrough=3 -Wcast-function-type -Wformat-security -fno-strict-aliasing -fwrapv -fexcess-precision=standard -Wno-format-truncation -Wno-stringop-truncation -g -O2 -I../../../../src/include -D_GNU_SOURCE   -c -o nbtcompare.o nbtcompare.c
gcc -Wall -Wmissing-prototypes -Wpointer-arith -Wdeclaration-after-statement -Werror=vla -Wendif-labels -Wmissing-format-attribute -Wimplicit-fallthrough=3 -Wcast-function-type -Wformat-security -fno-strict-aliasing -fwrapv -fexcess-precision=standard -Wno-format-truncation -Wno-stringop-truncation -g -O2 -I../../../../src/include -D_GNU_SOURCE   -c -o nbtdedup.o nbtdedup.c
gcc -Wall -Wmissing-prototypes -Wpointer-arith -Wdeclaration-after-statement -Werror=vla -Wendif-labels -Wmissing-format-attribute -Wimplicit-fallthrough=3 -Wcast-function-type -Wformat-security -fno-strict-aliasing -fwrapv -fexcess-precision=standard -Wno-format-truncation -Wno-stringop-truncation -g -O2 -I../../../../src/include -D_GNU_SOURCE   -c -o nbtinsert.o nbtinsert.c
gcc -Wall -Wmissing-prototypes -Wpointer-arith -Wdeclaration-after-statement -Werror=vla -Wendif-labels -Wmissing-format-attribute -Wimplicit-fallthrough=3 -Wcast-function-type -Wformat-security -fno-strict-aliasing -fwrapv -fexcess-precision=standard -Wno-format-truncation -Wno-stringop-truncation -g -O2 -I../../../../src/include -D_GNU_SOURCE   -c -o nbtpage.o nbtpage.c
gcc -Wall -Wmissing-prototypes -Wpointer-arith -Wdeclaration-after-statement -Werror=vla -Wendif-labels -Wmissing-format-attribute -Wimplicit-fallthrough=3 -Wcast-function-type -Wformat-security -fno-strict-aliasing -fwrapv -fexcess-precision=standard -Wno-format-truncation -Wno-stringop-truncation -g -O2 -I../../../../src/include -D_GNU_SOURCE   -c -o nbtree.o nbtree.c
gcc -Wall -Wmissing-prototypes -Wpointer-arith -Wdeclaration-after-statement -Werror=vla -Wendif-labels -Wmissing-format-attribute -Wimplicit-fallthrough=3 -Wcast-function-type -Wformat-security -fno-strict-aliasing -fwrapv -fexcess-precision=standard -Wno-format-truncation -Wno-stringop-truncation -g -O2 -I../../../../src/include -D_GNU_SOURCE   -c -o nbtsearch.o nbtsearch.c
gcc -Wall -Wmissing-prototypes -Wpointer-arith -Wdeclaration-after-statement -Werror=vla -Wendif-labels -Wmissing-format-attribute -Wimplicit-fallthrough=3 -Wcast-function-type -Wformat-security -fno-strict-aliasing -fwrapv -fexcess-precision=standard -Wno-format-truncation -Wno-stringop-truncation -g -O2 -I../../../../src/include -D_GNU_SOURCE   -c -o nbtsort.o nbtsort.c
gcc -Wall -Wmissing-prototypes -Wpointer-arith -Wdeclaration-after-statement -Werror=vla -Wendif-labels -Wmissing-format-attribute -Wimplicit-fallthrough=3 -Wcast-function-type -Wformat-security -fno-strict-aliasing -fwrapv -fexcess-precision=standard -Wno-format-truncation -Wno-stringop-truncation -g -O2 -I../../../../src/include -D_GNU_SOURCE   -c -o nbtsplitloc.o nbtsplitloc.c
gcc -Wall -Wmissing-prototypes -Wpointer-arith -Wdeclaration-after-statement -Werror=vla -Wendif-labels -Wmissing-format-attribute -Wimplicit-fallthrough=3 -Wcast-function-type -Wformat-security -fno-strict-aliasing -fwrapv -fexcess-precision=standard -Wno-format-truncation -Wno-stringop-truncation -g -O2 -I../../../../src/include -D_GNU_SOURCE   -c -o nbtutils.o nbtutils.c
gcc -Wall -Wmissing-prototypes -Wpointer-arith -Wdeclaration-after-statement -Werror=vla -Wendif-labels -Wmissing-format-attribute -Wimplicit-fallthrough=3 -Wcast-function-type -Wformat-security -fno-strict-aliasing -fwrapv -fexcess-precision=standard -Wno-format-truncation -Wno-stringop-truncation -g -O2 -I../../../../src/include -D_GNU_SOURCE   -c -o nbtvalidate.o nbtvalidate.c
gcc -Wall -Wmissing-prototypes -Wpointer-arith -Wdeclaration-after-statement -Werror=vla -Wendif-labels -Wmissing-format-attribute -Wimplicit-fallthrough=3 -Wcast-function-type -Wformat-security -fno-strict-aliasing -fwrapv -fexcess-precision=standard -Wno-format-truncation -Wno-stringop-truncation -g -O2 -I../../../../src/include -D_GNU_SOURCE   -c -o nbtxlog.o nbtxlog.c
( echo src/backend/access/nbtree/nbtcompare.o src/backend/access/nbtree/nbtdedup.o src/backend/access/nbtree/nbtinsert.o src/backend/access/nbtree/nbtpage.o src/backend/access/nbtree/nbtree.o src/backend/access/nbtree/nbtsearch.o src/backend/access/nbtree/nbtsort.o src/backend/access/nbtree/nbtsplitloc.o src/backend/access/nbtree/nbtutils.o src/backend/access/nbtree/nbtvalidate.o src/backend/access/nbtree/nbtxlog.o ) >objfiles.txt
make[4]: Leaving directory '/home/postgres/works/my-github/minipg/src/backend/access/nbtree'
make -C rmgrdesc all
make[4]: Entering directory '/home/postgres/works/my-github/minipg/src/backend/access/rmgrdesc'
gcc -Wall -Wmissing-prototypes -Wpointer-arith -Wdeclaration-after-statement -Werror=vla -Wendif-labels -Wmissing-format-attribute -Wimplicit-fallthrough=3 -Wcast-function-type -Wformat-security -fno-strict-aliasing -fwrapv -fexcess-precision=standard -Wno-format-truncation -Wno-stringop-truncation -g -O2 -I../../../../src/include -D_GNU_SOURCE   -c -o clogdesc.o clogdesc.c
gcc -Wall -Wmissing-prototypes -Wpointer-arith -Wdeclaration-after-statement -Werror=vla -Wendif-labels -Wmissing-format-attribute -Wimplicit-fallthrough=3 -Wcast-function-type -Wformat-security -fno-strict-aliasing -fwrapv -fexcess-precision=standard -Wno-format-truncation -Wno-stringop-truncation -g -O2 -I../../../../src/include -D_GNU_SOURCE   -c -o committsdesc.o committsdesc.c
gcc -Wall -Wmissing-prototypes -Wpointer-arith -Wdeclaration-after-statement -Werror=vla -Wendif-labels -Wmissing-format-attribute -Wimplicit-fallthrough=3 -Wcast-function-type -Wformat-security -fno-strict-aliasing -fwrapv -fexcess-precision=standard -Wno-format-truncation -Wno-stringop-truncation -g -O2 -I../../../../src/include -D_GNU_SOURCE   -c -o dbasedesc.o dbasedesc.c
gcc -Wall -Wmissing-prototypes -Wpointer-arith -Wdeclaration-after-statement -Werror=vla -Wendif-labels -Wmissing-format-attribute -Wimplicit-fallthrough=3 -Wcast-function-type -Wformat-security -fno-strict-aliasing -fwrapv -fexcess-precision=standard -Wno-format-truncation -Wno-stringop-truncation -g -O2 -I../../../../src/include -D_GNU_SOURCE   -c -o genericdesc.o genericdesc.c
gcc -Wall -Wmissing-prototypes -Wpointer-arith -Wdeclaration-after-statement -Werror=vla -Wendif-labels -Wmissing-format-attribute -Wimplicit-fallthrough=3 -Wcast-function-type -Wformat-security -fno-strict-aliasing -fwrapv -fexcess-precision=standard -Wno-format-truncation -Wno-stringop-truncation -g -O2 -I../../../../src/include -D_GNU_SOURCE   -c -o hashdesc.o hashdesc.c
gcc -Wall -Wmissing-prototypes -Wpointer-arith -Wdeclaration-after-statement -Werror=vla -Wendif-labels -Wmissing-format-attribute -Wimplicit-fallthrough=3 -Wcast-function-type -Wformat-security -fno-strict-aliasing -fwrapv -fexcess-precision=standard -Wno-format-truncation -Wno-stringop-truncation -g -O2 -I../../../../src/include -D_GNU_SOURCE   -c -o heapdesc.o heapdesc.c
gcc -Wall -Wmissing-prototypes -Wpointer-arith -Wdeclaration-after-statement -Werror=vla -Wendif-labels -Wmissing-format-attribute -Wimplicit-fallthrough=3 -Wcast-function-type -Wformat-security -fno-strict-aliasing -fwrapv -fexcess-precision=standard -Wno-format-truncation -Wno-stringop-truncation -g -O2 -I../../../../src/include -D_GNU_SOURCE   -c -o mxactdesc.o mxactdesc.c
gcc -Wall -Wmissing-prototypes -Wpointer-arith -Wdeclaration-after-statement -Werror=vla -Wendif-labels -Wmissing-format-attribute -Wimplicit-fallthrough=3 -Wcast-function-type -Wformat-security -fno-strict-aliasing -fwrapv -fexcess-precision=standard -Wno-format-truncation -Wno-stringop-truncation -g -O2 -I../../../../src/include -D_GNU_SOURCE   -c -o nbtdesc.o nbtdesc.c
gcc -Wall -Wmissing-prototypes -Wpointer-arith -Wdeclaration-after-statement -Werror=vla -Wendif-labels -Wmissing-format-attribute -Wimplicit-fallthrough=3 -Wcast-function-type -Wformat-security -fno-strict-aliasing -fwrapv -fexcess-precision=standard -Wno-format-truncation -Wno-stringop-truncation -g -O2 -I../../../../src/include -D_GNU_SOURCE   -c -o relmapdesc.o relmapdesc.c
gcc -Wall -Wmissing-prototypes -Wpointer-arith -Wdeclaration-after-statement -Werror=vla -Wendif-labels -Wmissing-format-attribute -Wimplicit-fallthrough=3 -Wcast-function-type -Wformat-security -fno-strict-aliasing -fwrapv -fexcess-precision=standard -Wno-format-truncation -Wno-stringop-truncation -g -O2 -I../../../../src/include -D_GNU_SOURCE   -c -o smgrdesc.o smgrdesc.c
gcc -Wall -Wmissing-prototypes -Wpointer-arith -Wdeclaration-after-statement -Werror=vla -Wendif-labels -Wmissing-format-attribute -Wimplicit-fallthrough=3 -Wcast-function-type -Wformat-security -fno-strict-aliasing -fwrapv -fexcess-precision=standard -Wno-format-truncation -Wno-stringop-truncation -g -O2 -I../../../../src/include -D_GNU_SOURCE   -c -o standbydesc.o standbydesc.c
gcc -Wall -Wmissing-prototypes -Wpointer-arith -Wdeclaration-after-statement -Werror=vla -Wendif-labels -Wmissing-format-attribute -Wimplicit-fallthrough=3 -Wcast-function-type -Wformat-security -fno-strict-aliasing -fwrapv -fexcess-precision=standard -Wno-format-truncation -Wno-stringop-truncation -g -O2 -I../../../../src/include -D_GNU_SOURCE   -c -o tblspcdesc.o tblspcdesc.c
gcc -Wall -Wmissing-prototypes -Wpointer-arith -Wdeclaration-after-statement -Werror=vla -Wendif-labels -Wmissing-format-attribute -Wimplicit-fallthrough=3 -Wcast-function-type -Wformat-security -fno-strict-aliasing -fwrapv -fexcess-precision=standard -Wno-format-truncation -Wno-stringop-truncation -g -O2 -I../../../../src/include -D_GNU_SOURCE   -c -o xactdesc.o xactdesc.c
gcc -Wall -Wmissing-prototypes -Wpointer-arith -Wdeclaration-after-statement -Werror=vla -Wendif-labels -Wmissing-format-attribute -Wimplicit-fallthrough=3 -Wcast-function-type -Wformat-security -fno-strict-aliasing -fwrapv -fexcess-precision=standard -Wno-format-truncation -Wno-stringop-truncation -g -O2 -I../../../../src/include -D_GNU_SOURCE   -c -o xlogdesc.o xlogdesc.c
( echo src/backend/access/rmgrdesc/clogdesc.o src/backend/access/rmgrdesc/committsdesc.o src/backend/access/rmgrdesc/dbasedesc.o src/backend/access/rmgrdesc/genericdesc.o src/backend/access/rmgrdesc/hashdesc.o src/backend/access/rmgrdesc/heapdesc.o src/backend/access/rmgrdesc/mxactdesc.o src/backend/access/rmgrdesc/nbtdesc.o src/backend/access/rmgrdesc/relmapdesc.o src/backend/access/rmgrdesc/smgrdesc.o src/backend/access/rmgrdesc/standbydesc.o src/backend/access/rmgrdesc/tblspcdesc.o src/backend/access/rmgrdesc/xactdesc.o src/backend/access/rmgrdesc/xlogdesc.o ) >objfiles.txt
make[4]: Leaving directory '/home/postgres/works/my-github/minipg/src/backend/access/rmgrdesc'
make -C table all
make[4]: Entering directory '/home/postgres/works/my-github/minipg/src/backend/access/table'
gcc -Wall -Wmissing-prototypes -Wpointer-arith -Wdeclaration-after-statement -Werror=vla -Wendif-labels -Wmissing-format-attribute -Wimplicit-fallthrough=3 -Wcast-function-type -Wformat-security -fno-strict-aliasing -fwrapv -fexcess-precision=standard -Wno-format-truncation -Wno-stringop-truncation -g -O2 -I../../../../src/include -D_GNU_SOURCE   -c -o table.o table.c
gcc -Wall -Wmissing-prototypes -Wpointer-arith -Wdeclaration-after-statement -Werror=vla -Wendif-labels -Wmissing-format-attribute -Wimplicit-fallthrough=3 -Wcast-function-type -Wformat-security -fno-strict-aliasing -fwrapv -fexcess-precision=standard -Wno-format-truncation -Wno-stringop-truncation -g -O2 -I../../../../src/include -D_GNU_SOURCE   -c -o tableam.o tableam.c
gcc -Wall -Wmissing-prototypes -Wpointer-arith -Wdeclaration-after-statement -Werror=vla -Wendif-labels -Wmissing-format-attribute -Wimplicit-fallthrough=3 -Wcast-function-type -Wformat-security -fno-strict-aliasing -fwrapv -fexcess-precision=standard -Wno-format-truncation -Wno-stringop-truncation -g -O2 -I../../../../src/include -D_GNU_SOURCE   -c -o tableamapi.o tableamapi.c
gcc -Wall -Wmissing-prototypes -Wpointer-arith -Wdeclaration-after-statement -Werror=vla -Wendif-labels -Wmissing-format-attribute -Wimplicit-fallthrough=3 -Wcast-function-type -Wformat-security -fno-strict-aliasing -fwrapv -fexcess-precision=standard -Wno-format-truncation -Wno-stringop-truncation -g -O2 -I../../../../src/include -D_GNU_SOURCE   -c -o toast_helper.o toast_helper.c
( echo src/backend/access/table/table.o src/backend/access/table/tableam.o src/backend/access/table/tableamapi.o src/backend/access/table/toast_helper.o ) >objfiles.txt
make[4]: Leaving directory '/home/postgres/works/my-github/minipg/src/backend/access/table'
make -C tablesample all
make[4]: Entering directory '/home/postgres/works/my-github/minipg/src/backend/access/tablesample'
gcc -Wall -Wmissing-prototypes -Wpointer-arith -Wdeclaration-after-statement -Werror=vla -Wendif-labels -Wmissing-format-attribute -Wimplicit-fallthrough=3 -Wcast-function-type -Wformat-security -fno-strict-aliasing -fwrapv -fexcess-precision=standard -Wno-format-truncation -Wno-stringop-truncation -g -O2 -I../../../../src/include -D_GNU_SOURCE   -c -o bernoulli.o bernoulli.c
gcc -Wall -Wmissing-prototypes -Wpointer-arith -Wdeclaration-after-statement -Werror=vla -Wendif-labels -Wmissing-format-attribute -Wimplicit-fallthrough=3 -Wcast-function-type -Wformat-security -fno-strict-aliasing -fwrapv -fexcess-precision=standard -Wno-format-truncation -Wno-stringop-truncation -g -O2 -I../../../../src/include -D_GNU_SOURCE   -c -o system.o system.c
gcc -Wall -Wmissing-prototypes -Wpointer-arith -Wdeclaration-after-statement -Werror=vla -Wendif-labels -Wmissing-format-attribute -Wimplicit-fallthrough=3 -Wcast-function-type -Wformat-security -fno-strict-aliasing -fwrapv -fexcess-precision=standard -Wno-format-truncation -Wno-stringop-truncation -g -O2 -I../../../../src/include -D_GNU_SOURCE   -c -o tablesample.o tablesample.c
( echo src/backend/access/tablesample/bernoulli.o src/backend/access/tablesample/system.o src/backend/access/tablesample/tablesample.o ) >objfiles.txt
make[4]: Leaving directory '/home/postgres/works/my-github/minipg/src/backend/access/tablesample'
make -C transam all
make[4]: Entering directory '/home/postgres/works/my-github/minipg/src/backend/access/transam'
gcc -Wall -Wmissing-prototypes -Wpointer-arith -Wdeclaration-after-statement -Werror=vla -Wendif-labels -Wmissing-format-attribute -Wimplicit-fallthrough=3 -Wcast-function-type -Wformat-security -fno-strict-aliasing -fwrapv -fexcess-precision=standard -Wno-format-truncation -Wno-stringop-truncation -g -O2 -I../../../../src/include -D_GNU_SOURCE   -c -o clog.o clog.c
gcc -Wall -Wmissing-prototypes -Wpointer-arith -Wdeclaration-after-statement -Werror=vla -Wendif-labels -Wmissing-format-attribute -Wimplicit-fallthrough=3 -Wcast-function-type -Wformat-security -fno-strict-aliasing -fwrapv -fexcess-precision=standard -Wno-format-truncation -Wno-stringop-truncation -g -O2 -I../../../../src/include -D_GNU_SOURCE   -c -o commit_ts.o commit_ts.c
gcc -Wall -Wmissing-prototypes -Wpointer-arith -Wdeclaration-after-statement -Werror=vla -Wendif-labels -Wmissing-format-attribute -Wimplicit-fallthrough=3 -Wcast-function-type -Wformat-security -fno-strict-aliasing -fwrapv -fexcess-precision=standard -Wno-format-truncation -Wno-stringop-truncation -g -O2 -I../../../../src/include -D_GNU_SOURCE   -c -o generic_xlog.o generic_xlog.c
gcc -Wall -Wmissing-prototypes -Wpointer-arith -Wdeclaration-after-statement -Werror=vla -Wendif-labels -Wmissing-format-attribute -Wimplicit-fallthrough=3 -Wcast-function-type -Wformat-security -fno-strict-aliasing -fwrapv -fexcess-precision=standard -Wno-format-truncation -Wno-stringop-truncation -g -O2 -I../../../../src/include -D_GNU_SOURCE   -c -o multixact.o multixact.c
gcc -Wall -Wmissing-prototypes -Wpointer-arith -Wdeclaration-after-statement -Werror=vla -Wendif-labels -Wmissing-format-attribute -Wimplicit-fallthrough=3 -Wcast-function-type -Wformat-security -fno-strict-aliasing -fwrapv -fexcess-precision=standard -Wno-format-truncation -Wno-stringop-truncation -g -O2 -I../../../../src/include -D_GNU_SOURCE   -c -o parallel.o parallel.c
gcc -Wall -Wmissing-prototypes -Wpointer-arith -Wdeclaration-after-statement -Werror=vla -Wendif-labels -Wmissing-format-attribute -Wimplicit-fallthrough=3 -Wcast-function-type -Wformat-security -fno-strict-aliasing -fwrapv -fexcess-precision=standard -Wno-format-truncation -Wno-stringop-truncation -g -O2 -I../../../../src/include -D_GNU_SOURCE   -c -o rmgr.o rmgr.c
gcc -Wall -Wmissing-prototypes -Wpointer-arith -Wdeclaration-after-statement -Werror=vla -Wendif-labels -Wmissing-format-attribute -Wimplicit-fallthrough=3 -Wcast-function-type -Wformat-security -fno-strict-aliasing -fwrapv -fexcess-precision=standard -Wno-format-truncation -Wno-stringop-truncation -g -O2 -I../../../../src/include -D_GNU_SOURCE   -c -o slru.o slru.c
gcc -Wall -Wmissing-prototypes -Wpointer-arith -Wdeclaration-after-statement -Werror=vla -Wendif-labels -Wmissing-format-attribute -Wimplicit-fallthrough=3 -Wcast-function-type -Wformat-security -fno-strict-aliasing -fwrapv -fexcess-precision=standard -Wno-format-truncation -Wno-stringop-truncation -g -O2 -I../../../../src/include -D_GNU_SOURCE   -c -o subtrans.o subtrans.c
gcc -Wall -Wmissing-prototypes -Wpointer-arith -Wdeclaration-after-statement -Werror=vla -Wendif-labels -Wmissing-format-attribute -Wimplicit-fallthrough=3 -Wcast-function-type -Wformat-security -fno-strict-aliasing -fwrapv -fexcess-precision=standard -Wno-format-truncation -Wno-stringop-truncation -g -O2 -I../../../../src/include -D_GNU_SOURCE   -c -o timeline.o timeline.c
gcc -Wall -Wmissing-prototypes -Wpointer-arith -Wdeclaration-after-statement -Werror=vla -Wendif-labels -Wmissing-format-attribute -Wimplicit-fallthrough=3 -Wcast-function-type -Wformat-security -fno-strict-aliasing -fwrapv -fexcess-precision=standard -Wno-format-truncation -Wno-stringop-truncation -g -O2 -I../../../../src/include -D_GNU_SOURCE   -c -o transam.o transam.c
gcc -Wall -Wmissing-prototypes -Wpointer-arith -Wdeclaration-after-statement -Werror=vla -Wendif-labels -Wmissing-format-attribute -Wimplicit-fallthrough=3 -Wcast-function-type -Wformat-security -fno-strict-aliasing -fwrapv -fexcess-precision=standard -Wno-format-truncation -Wno-stringop-truncation -g -O2 -I../../../../src/include -D_GNU_SOURCE   -c -o twophase.o twophase.c
gcc -Wall -Wmissing-prototypes -Wpointer-arith -Wdeclaration-after-statement -Werror=vla -Wendif-labels -Wmissing-format-attribute -Wimplicit-fallthrough=3 -Wcast-function-type -Wformat-security -fno-strict-aliasing -fwrapv -fexcess-precision=standard -Wno-format-truncation -Wno-stringop-truncation -g -O2 -I../../../../src/include -D_GNU_SOURCE   -c -o twophase_rmgr.o twophase_rmgr.c
gcc -Wall -Wmissing-prototypes -Wpointer-arith -Wdeclaration-after-statement -Werror=vla -Wendif-labels -Wmissing-format-attribute -Wimplicit-fallthrough=3 -Wcast-function-type -Wformat-security -fno-strict-aliasing -fwrapv -fexcess-precision=standard -Wno-format-truncation -Wno-stringop-truncation -g -O2 -I../../../../src/include -D_GNU_SOURCE   -c -o varsup.o varsup.c
gcc -Wall -Wmissing-prototypes -Wpointer-arith -Wdeclaration-after-statement -Werror=vla -Wendif-labels -Wmissing-format-attribute -Wimplicit-fallthrough=3 -Wcast-function-type -Wformat-security -fno-strict-aliasing -fwrapv -fexcess-precision=standard -Wno-format-truncation -Wno-stringop-truncation -g -O2 -I../../../../src/include -D_GNU_SOURCE   -c -o xact.o xact.c
gcc -Wall -Wmissing-prototypes -Wpointer-arith -Wdeclaration-after-statement -Werror=vla -Wendif-labels -Wmissing-format-attribute -Wimplicit-fallthrough=3 -Wcast-function-type -Wformat-security -fno-strict-aliasing -fwrapv -fexcess-precision=standard -Wno-format-truncation -Wno-stringop-truncation -g -O2 -I../../../../src/include -D_GNU_SOURCE   -c -o xlog.o xlog.c
gcc -Wall -Wmissing-prototypes -Wpointer-arith -Wdeclaration-after-statement -Werror=vla -Wendif-labels -Wmissing-format-attribute -Wimplicit-fallthrough=3 -Wcast-function-type -Wformat-security -fno-strict-aliasing -fwrapv -fexcess-precision=standard -Wno-format-truncation -Wno-stringop-truncation -g -O2 -I../../../../src/include -D_GNU_SOURCE   -c -o xlogarchive.o xlogarchive.c
gcc -Wall -Wmissing-prototypes -Wpointer-arith -Wdeclaration-after-statement -Werror=vla -Wendif-labels -Wmissing-format-attribute -Wimplicit-fallthrough=3 -Wcast-function-type -Wformat-security -fno-strict-aliasing -fwrapv -fexcess-precision=standard -Wno-format-truncation -Wno-stringop-truncation -g -O2 -I../../../../src/include -D_GNU_SOURCE   -c -o xlogfuncs.o xlogfuncs.c
gcc -Wall -Wmissing-prototypes -Wpointer-arith -Wdeclaration-after-statement -Werror=vla -Wendif-labels -Wmissing-format-attribute -Wimplicit-fallthrough=3 -Wcast-function-type -Wformat-security -fno-strict-aliasing -fwrapv -fexcess-precision=standard -Wno-format-truncation -Wno-stringop-truncation -g -O2 -I../../../../src/include -D_GNU_SOURCE   -c -o xloginsert.o xloginsert.c
gcc -Wall -Wmissing-prototypes -Wpointer-arith -Wdeclaration-after-statement -Werror=vla -Wendif-labels -Wmissing-format-attribute -Wimplicit-fallthrough=3 -Wcast-function-type -Wformat-security -fno-strict-aliasing -fwrapv -fexcess-precision=standard -Wno-format-truncation -Wno-stringop-truncation -g -O2 -I../../../../src/include -D_GNU_SOURCE   -c -o xlogreader.o xlogreader.c
gcc -Wall -Wmissing-prototypes -Wpointer-arith -Wdeclaration-after-statement -Werror=vla -Wendif-labels -Wmissing-format-attribute -Wimplicit-fallthrough=3 -Wcast-function-type -Wformat-security -fno-strict-aliasing -fwrapv -fexcess-precision=standard -Wno-format-truncation -Wno-stringop-truncation -g -O2 -I../../../../src/include -D_GNU_SOURCE   -c -o xlogutils.o xlogutils.c
( echo src/backend/access/transam/clog.o src/backend/access/transam/commit_ts.o src/backend/access/transam/generic_xlog.o src/backend/access/transam/multixact.o src/backend/access/transam/parallel.o src/backend/access/transam/rmgr.o src/backend/access/transam/slru.o src/backend/access/transam/subtrans.o src/backend/access/transam/timeline.o src/backend/access/transam/transam.o src/backend/access/transam/twophase.o src/backend/access/transam/twophase_rmgr.o src/backend/access/transam/varsup.o src/backend/access/transam/xact.o src/backend/access/transam/xlog.o src/backend/access/transam/xlogarchive.o src/backend/access/transam/xlogfuncs.o src/backend/access/transam/xloginsert.o src/backend/access/transam/xlogreader.o src/backend/access/transam/xlogutils.o ) >objfiles.txt
make[4]: Leaving directory '/home/postgres/works/my-github/minipg/src/backend/access/transam'
( cat common/objfiles.txt hash/objfiles.txt heap/objfiles.txt index/objfiles.txt nbtree/objfiles.txt rmgrdesc/objfiles.txt table/objfiles.txt tablesample/objfiles.txt transam/objfiles.txt; echo  ) >objfiles.txt
make[3]: Leaving directory '/home/postgres/works/my-github/minipg/src/backend/access'
make -C bootstrap all
make[3]: Entering directory '/home/postgres/works/my-github/minipg/src/backend/bootstrap'
/usr/bin/bison -Wno-deprecated  -o bootparse.c bootparse.y
/usr/bin/flex   -o'bootscanner.c' bootscanner.l
gcc -Wall -Wmissing-prototypes -Wpointer-arith -Wdeclaration-after-statement -Werror=vla -Wendif-labels -Wmissing-format-attribute -Wimplicit-fallthrough=3 -Wcast-function-type -Wformat-security -fno-strict-aliasing -fwrapv -fexcess-precision=standard -Wno-format-truncation -Wno-stringop-truncation -g -O2 -I. -I. -I../../../src/include -D_GNU_SOURCE   -c -o bootparse.o bootparse.c
gcc -Wall -Wmissing-prototypes -Wpointer-arith -Wdeclaration-after-statement -Werror=vla -Wendif-labels -Wmissing-format-attribute -Wimplicit-fallthrough=3 -Wcast-function-type -Wformat-security -fno-strict-aliasing -fwrapv -fexcess-precision=standard -Wno-format-truncation -Wno-stringop-truncation -g -O2 -I. -I. -I../../../src/include -D_GNU_SOURCE   -c -o bootstrap.o bootstrap.c
( echo src/backend/bootstrap/bootparse.o src/backend/bootstrap/bootstrap.o ) >objfiles.txt
make[3]: Leaving directory '/home/postgres/works/my-github/minipg/src/backend/bootstrap'
make -C catalog all
make[3]: Entering directory '/home/postgres/works/my-github/minipg/src/backend/catalog'
gcc -Wall -Wmissing-prototypes -Wpointer-arith -Wdeclaration-after-statement -Werror=vla -Wendif-labels -Wmissing-format-attribute -Wimplicit-fallthrough=3 -Wcast-function-type -Wformat-security -fno-strict-aliasing -fwrapv -fexcess-precision=standard -Wno-format-truncation -Wno-stringop-truncation -g -O2 -I../../../src/include -D_GNU_SOURCE   -c -o catalog.o catalog.c
gcc -Wall -Wmissing-prototypes -Wpointer-arith -Wdeclaration-after-statement -Werror=vla -Wendif-labels -Wmissing-format-attribute -Wimplicit-fallthrough=3 -Wcast-function-type -Wformat-security -fno-strict-aliasing -fwrapv -fexcess-precision=standard -Wno-format-truncation -Wno-stringop-truncation -g -O2 -I../../../src/include -D_GNU_SOURCE   -c -o dependency.o dependency.c
gcc -Wall -Wmissing-prototypes -Wpointer-arith -Wdeclaration-after-statement -Werror=vla -Wendif-labels -Wmissing-format-attribute -Wimplicit-fallthrough=3 -Wcast-function-type -Wformat-security -fno-strict-aliasing -fwrapv -fexcess-precision=standard -Wno-format-truncation -Wno-stringop-truncation -g -O2 -I../../../src/include -D_GNU_SOURCE   -c -o heap.o heap.c
gcc -Wall -Wmissing-prototypes -Wpointer-arith -Wdeclaration-after-statement -Werror=vla -Wendif-labels -Wmissing-format-attribute -Wimplicit-fallthrough=3 -Wcast-function-type -Wformat-security -fno-strict-aliasing -fwrapv -fexcess-precision=standard -Wno-format-truncation -Wno-stringop-truncation -g -O2 -I../../../src/include -D_GNU_SOURCE   -c -o index.o index.c
gcc -Wall -Wmissing-prototypes -Wpointer-arith -Wdeclaration-after-statement -Werror=vla -Wendif-labels -Wmissing-format-attribute -Wimplicit-fallthrough=3 -Wcast-function-type -Wformat-security -fno-strict-aliasing -fwrapv -fexcess-precision=standard -Wno-format-truncation -Wno-stringop-truncation -g -O2 -I../../../src/include -D_GNU_SOURCE   -c -o indexing.o indexing.c
gcc -Wall -Wmissing-prototypes -Wpointer-arith -Wdeclaration-after-statement -Werror=vla -Wendif-labels -Wmissing-format-attribute -Wimplicit-fallthrough=3 -Wcast-function-type -Wformat-security -fno-strict-aliasing -fwrapv -fexcess-precision=standard -Wno-format-truncation -Wno-stringop-truncation -g -O2 -I../../../src/include -D_GNU_SOURCE   -c -o namespace.o namespace.c
gcc -Wall -Wmissing-prototypes -Wpointer-arith -Wdeclaration-after-statement -Werror=vla -Wendif-labels -Wmissing-format-attribute -Wimplicit-fallthrough=3 -Wcast-function-type -Wformat-security -fno-strict-aliasing -fwrapv -fexcess-precision=standard -Wno-format-truncation -Wno-stringop-truncation -g -O2 -I../../../src/include -D_GNU_SOURCE   -c -o objectaccess.o objectaccess.c
gcc -Wall -Wmissing-prototypes -Wpointer-arith -Wdeclaration-after-statement -Werror=vla -Wendif-labels -Wmissing-format-attribute -Wimplicit-fallthrough=3 -Wcast-function-type -Wformat-security -fno-strict-aliasing -fwrapv -fexcess-precision=standard -Wno-format-truncation -Wno-stringop-truncation -g -O2 -I../../../src/include -D_GNU_SOURCE   -c -o objectaddress.o objectaddress.c
gcc -Wall -Wmissing-prototypes -Wpointer-arith -Wdeclaration-after-statement -Werror=vla -Wendif-labels -Wmissing-format-attribute -Wimplicit-fallthrough=3 -Wcast-function-type -Wformat-security -fno-strict-aliasing -fwrapv -fexcess-precision=standard -Wno-format-truncation -Wno-stringop-truncation -g -O2 -I../../../src/include -D_GNU_SOURCE   -c -o pg_aggregate.o pg_aggregate.c
gcc -Wall -Wmissing-prototypes -Wpointer-arith -Wdeclaration-after-statement -Werror=vla -Wendif-labels -Wmissing-format-attribute -Wimplicit-fallthrough=3 -Wcast-function-type -Wformat-security -fno-strict-aliasing -fwrapv -fexcess-precision=standard -Wno-format-truncation -Wno-stringop-truncation -g -O2 -I../../../src/include -D_GNU_SOURCE   -c -o pg_cast.o pg_cast.c
gcc -Wall -Wmissing-prototypes -Wpointer-arith -Wdeclaration-after-statement -Werror=vla -Wendif-labels -Wmissing-format-attribute -Wimplicit-fallthrough=3 -Wcast-function-type -Wformat-security -fno-strict-aliasing -fwrapv -fexcess-precision=standard -Wno-format-truncation -Wno-stringop-truncation -g -O2 -I../../../src/include -D_GNU_SOURCE   -c -o pg_collation.o pg_collation.c
gcc -Wall -Wmissing-prototypes -Wpointer-arith -Wdeclaration-after-statement -Werror=vla -Wendif-labels -Wmissing-format-attribute -Wimplicit-fallthrough=3 -Wcast-function-type -Wformat-security -fno-strict-aliasing -fwrapv -fexcess-precision=standard -Wno-format-truncation -Wno-stringop-truncation -g -O2 -I../../../src/include -D_GNU_SOURCE   -c -o pg_constraint.o pg_constraint.c
gcc -Wall -Wmissing-prototypes -Wpointer-arith -Wdeclaration-after-statement -Werror=vla -Wendif-labels -Wmissing-format-attribute -Wimplicit-fallthrough=3 -Wcast-function-type -Wformat-security -fno-strict-aliasing -fwrapv -fexcess-precision=standard -Wno-format-truncation -Wno-stringop-truncation -g -O2 -I../../../src/include -D_GNU_SOURCE   -c -o pg_conversion.o pg_conversion.c
gcc -Wall -Wmissing-prototypes -Wpointer-arith -Wdeclaration-after-statement -Werror=vla -Wendif-labels -Wmissing-format-attribute -Wimplicit-fallthrough=3 -Wcast-function-type -Wformat-security -fno-strict-aliasing -fwrapv -fexcess-precision=standard -Wno-format-truncation -Wno-stringop-truncation -g -O2 -I../../../src/include -D_GNU_SOURCE   -c -o pg_depend.o pg_depend.c
gcc -Wall -Wmissing-prototypes -Wpointer-arith -Wdeclaration-after-statement -Werror=vla -Wendif-labels -Wmissing-format-attribute -Wimplicit-fallthrough=3 -Wcast-function-type -Wformat-security -fno-strict-aliasing -fwrapv -fexcess-precision=standard -Wno-format-truncation -Wno-stringop-truncation -g -O2 -I../../../src/include -D_GNU_SOURCE   -c -o pg_enum.o pg_enum.c
gcc -Wall -Wmissing-prototypes -Wpointer-arith -Wdeclaration-after-statement -Werror=vla -Wendif-labels -Wmissing-format-attribute -Wimplicit-fallthrough=3 -Wcast-function-type -Wformat-security -fno-strict-aliasing -fwrapv -fexcess-precision=standard -Wno-format-truncation -Wno-stringop-truncation -g -O2 -I../../../src/include -D_GNU_SOURCE   -c -o pg_namespace.o pg_namespace.c
gcc -Wall -Wmissing-prototypes -Wpointer-arith -Wdeclaration-after-statement -Werror=vla -Wendif-labels -Wmissing-format-attribute -Wimplicit-fallthrough=3 -Wcast-function-type -Wformat-security -fno-strict-aliasing -fwrapv -fexcess-precision=standard -Wno-format-truncation -Wno-stringop-truncation -g -O2 -I../../../src/include -D_GNU_SOURCE   -c -o pg_operator.o pg_operator.c
gcc -Wall -Wmissing-prototypes -Wpointer-arith -Wdeclaration-after-statement -Werror=vla -Wendif-labels -Wmissing-format-attribute -Wimplicit-fallthrough=3 -Wcast-function-type -Wformat-security -fno-strict-aliasing -fwrapv -fexcess-precision=standard -Wno-format-truncation -Wno-stringop-truncation -g -O2 -I../../../src/include -D_GNU_SOURCE   -c -o pg_proc.o pg_proc.c
gcc -Wall -Wmissing-prototypes -Wpointer-arith -Wdeclaration-after-statement -Werror=vla -Wendif-labels -Wmissing-format-attribute -Wimplicit-fallthrough=3 -Wcast-function-type -Wformat-security -fno-strict-aliasing -fwrapv -fexcess-precision=standard -Wno-format-truncation -Wno-stringop-truncation -g -O2 -I../../../src/include -D_GNU_SOURCE   -c -o pg_range.o pg_range.c
gcc -Wall -Wmissing-prototypes -Wpointer-arith -Wdeclaration-after-statement -Werror=vla -Wendif-labels -Wmissing-format-attribute -Wimplicit-fallthrough=3 -Wcast-function-type -Wformat-security -fno-strict-aliasing -fwrapv -fexcess-precision=standard -Wno-format-truncation -Wno-stringop-truncation -g -O2 -I../../../src/include -D_GNU_SOURCE   -c -o pg_shdepend.o pg_shdepend.c
gcc -Wall -Wmissing-prototypes -Wpointer-arith -Wdeclaration-after-statement -Werror=vla -Wendif-labels -Wmissing-format-attribute -Wimplicit-fallthrough=3 -Wcast-function-type -Wformat-security -fno-strict-aliasing -fwrapv -fexcess-precision=standard -Wno-format-truncation -Wno-stringop-truncation -g -O2 -I../../../src/include -D_GNU_SOURCE   -c -o pg_type.o pg_type.c
gcc -Wall -Wmissing-prototypes -Wpointer-arith -Wdeclaration-after-statement -Werror=vla -Wendif-labels -Wmissing-format-attribute -Wimplicit-fallthrough=3 -Wcast-function-type -Wformat-security -fno-strict-aliasing -fwrapv -fexcess-precision=standard -Wno-format-truncation -Wno-stringop-truncation -g -O2 -I../../../src/include -D_GNU_SOURCE   -c -o storage.o storage.c
gcc -Wall -Wmissing-prototypes -Wpointer-arith -Wdeclaration-after-statement -Werror=vla -Wendif-labels -Wmissing-format-attribute -Wimplicit-fallthrough=3 -Wcast-function-type -Wformat-security -fno-strict-aliasing -fwrapv -fexcess-precision=standard -Wno-format-truncation -Wno-stringop-truncation -g -O2 -I../../../src/include -D_GNU_SOURCE   -c -o toasting.o toasting.c
( echo src/backend/catalog/catalog.o src/backend/catalog/dependency.o src/backend/catalog/heap.o src/backend/catalog/index.o src/backend/catalog/indexing.o src/backend/catalog/namespace.o src/backend/catalog/objectaccess.o src/backend/catalog/objectaddress.o src/backend/catalog/pg_aggregate.o src/backend/catalog/pg_cast.o src/backend/catalog/pg_collation.o src/backend/catalog/pg_constraint.o src/backend/catalog/pg_conversion.o src/backend/catalog/pg_depend.o src/backend/catalog/pg_enum.o src/backend/catalog/pg_namespace.o src/backend/catalog/pg_operator.o src/backend/catalog/pg_proc.o src/backend/catalog/pg_range.o src/backend/catalog/pg_shdepend.o src/backend/catalog/pg_type.o src/backend/catalog/storage.o src/backend/catalog/toasting.o ) >objfiles.txt
make[3]: Leaving directory '/home/postgres/works/my-github/minipg/src/backend/catalog'
make -C parser all
make[3]: Entering directory '/home/postgres/works/my-github/minipg/src/backend/parser'
gcc -Wall -Wmissing-prototypes -Wpointer-arith -Wdeclaration-after-statement -Werror=vla -Wendif-labels -Wmissing-format-attribute -Wimplicit-fallthrough=3 -Wcast-function-type -Wformat-security -fno-strict-aliasing -fwrapv -fexcess-precision=standard -Wno-format-truncation -Wno-stringop-truncation -g -O2 -I. -I. -I../../../src/include -D_GNU_SOURCE   -c -o analyze.o analyze.c
gcc -Wall -Wmissing-prototypes -Wpointer-arith -Wdeclaration-after-statement -Werror=vla -Wendif-labels -Wmissing-format-attribute -Wimplicit-fallthrough=3 -Wcast-function-type -Wformat-security -fno-strict-aliasing -fwrapv -fexcess-precision=standard -Wno-format-truncation -Wno-stringop-truncation -g -O2 -I. -I. -I../../../src/include -D_GNU_SOURCE   -c -o gram.o gram.c
gcc -Wall -Wmissing-prototypes -Wpointer-arith -Wdeclaration-after-statement -Werror=vla -Wendif-labels -Wmissing-format-attribute -Wimplicit-fallthrough=3 -Wcast-function-type -Wformat-security -fno-strict-aliasing -fwrapv -fexcess-precision=standard -Wno-format-truncation -Wno-stringop-truncation -g -O2 -I. -I. -I../../../src/include -D_GNU_SOURCE   -c -o parse_agg.o parse_agg.c
gcc -Wall -Wmissing-prototypes -Wpointer-arith -Wdeclaration-after-statement -Werror=vla -Wendif-labels -Wmissing-format-attribute -Wimplicit-fallthrough=3 -Wcast-function-type -Wformat-security -fno-strict-aliasing -fwrapv -fexcess-precision=standard -Wno-format-truncation -Wno-stringop-truncation -g -O2 -I. -I. -I../../../src/include -D_GNU_SOURCE   -c -o parse_clause.o parse_clause.c
gcc -Wall -Wmissing-prototypes -Wpointer-arith -Wdeclaration-after-statement -Werror=vla -Wendif-labels -Wmissing-format-attribute -Wimplicit-fallthrough=3 -Wcast-function-type -Wformat-security -fno-strict-aliasing -fwrapv -fexcess-precision=standard -Wno-format-truncation -Wno-stringop-truncation -g -O2 -I. -I. -I../../../src/include -D_GNU_SOURCE   -c -o parse_coerce.o parse_coerce.c
gcc -Wall -Wmissing-prototypes -Wpointer-arith -Wdeclaration-after-statement -Werror=vla -Wendif-labels -Wmissing-format-attribute -Wimplicit-fallthrough=3 -Wcast-function-type -Wformat-security -fno-strict-aliasing -fwrapv -fexcess-precision=standard -Wno-format-truncation -Wno-stringop-truncation -g -O2 -I. -I. -I../../../src/include -D_GNU_SOURCE   -c -o parse_collate.o parse_collate.c
gcc -Wall -Wmissing-prototypes -Wpointer-arith -Wdeclaration-after-statement -Werror=vla -Wendif-labels -Wmissing-format-attribute -Wimplicit-fallthrough=3 -Wcast-function-type -Wformat-security -fno-strict-aliasing -fwrapv -fexcess-precision=standard -Wno-format-truncation -Wno-stringop-truncation -g -O2 -I. -I. -I../../../src/include -D_GNU_SOURCE   -c -o parse_enr.o parse_enr.c
gcc -Wall -Wmissing-prototypes -Wpointer-arith -Wdeclaration-after-statement -Werror=vla -Wendif-labels -Wmissing-format-attribute -Wimplicit-fallthrough=3 -Wcast-function-type -Wformat-security -fno-strict-aliasing -fwrapv -fexcess-precision=standard -Wno-format-truncation -Wno-stringop-truncation -g -O2 -I. -I. -I../../../src/include -D_GNU_SOURCE   -c -o parse_expr.o parse_expr.c
gcc -Wall -Wmissing-prototypes -Wpointer-arith -Wdeclaration-after-statement -Werror=vla -Wendif-labels -Wmissing-format-attribute -Wimplicit-fallthrough=3 -Wcast-function-type -Wformat-security -fno-strict-aliasing -fwrapv -fexcess-precision=standard -Wno-format-truncation -Wno-stringop-truncation -g -O2 -I. -I. -I../../../src/include -D_GNU_SOURCE   -c -o parse_func.o parse_func.c
gcc -Wall -Wmissing-prototypes -Wpointer-arith -Wdeclaration-after-statement -Werror=vla -Wendif-labels -Wmissing-format-attribute -Wimplicit-fallthrough=3 -Wcast-function-type -Wformat-security -fno-strict-aliasing -fwrapv -fexcess-precision=standard -Wno-format-truncation -Wno-stringop-truncation -g -O2 -I. -I. -I../../../src/include -D_GNU_SOURCE   -c -o parse_node.o parse_node.c
gcc -Wall -Wmissing-prototypes -Wpointer-arith -Wdeclaration-after-statement -Werror=vla -Wendif-labels -Wmissing-format-attribute -Wimplicit-fallthrough=3 -Wcast-function-type -Wformat-security -fno-strict-aliasing -fwrapv -fexcess-precision=standard -Wno-format-truncation -Wno-stringop-truncation -g -O2 -I. -I. -I../../../src/include -D_GNU_SOURCE   -c -o parse_oper.o parse_oper.c
gcc -Wall -Wmissing-prototypes -Wpointer-arith -Wdeclaration-after-statement -Werror=vla -Wendif-labels -Wmissing-format-attribute -Wimplicit-fallthrough=3 -Wcast-function-type -Wformat-security -fno-strict-aliasing -fwrapv -fexcess-precision=standard -Wno-format-truncation -Wno-stringop-truncation -g -O2 -I. -I. -I../../../src/include -D_GNU_SOURCE   -c -o parse_param.o parse_param.c
gcc -Wall -Wmissing-prototypes -Wpointer-arith -Wdeclaration-after-statement -Werror=vla -Wendif-labels -Wmissing-format-attribute -Wimplicit-fallthrough=3 -Wcast-function-type -Wformat-security -fno-strict-aliasing -fwrapv -fexcess-precision=standard -Wno-format-truncation -Wno-stringop-truncation -g -O2 -I. -I. -I../../../src/include -D_GNU_SOURCE   -c -o parse_relation.o parse_relation.c
gcc -Wall -Wmissing-prototypes -Wpointer-arith -Wdeclaration-after-statement -Werror=vla -Wendif-labels -Wmissing-format-attribute -Wimplicit-fallthrough=3 -Wcast-function-type -Wformat-security -fno-strict-aliasing -fwrapv -fexcess-precision=standard -Wno-format-truncation -Wno-stringop-truncation -g -O2 -I. -I. -I../../../src/include -D_GNU_SOURCE   -c -o parse_target.o parse_target.c
gcc -Wall -Wmissing-prototypes -Wpointer-arith -Wdeclaration-after-statement -Werror=vla -Wendif-labels -Wmissing-format-attribute -Wimplicit-fallthrough=3 -Wcast-function-type -Wformat-security -fno-strict-aliasing -fwrapv -fexcess-precision=standard -Wno-format-truncation -Wno-stringop-truncation -g -O2 -I. -I. -I../../../src/include -D_GNU_SOURCE   -c -o parse_type.o parse_type.c
gcc -Wall -Wmissing-prototypes -Wpointer-arith -Wdeclaration-after-statement -Werror=vla -Wendif-labels -Wmissing-format-attribute -Wimplicit-fallthrough=3 -Wcast-function-type -Wformat-security -fno-strict-aliasing -fwrapv -fexcess-precision=standard -Wno-format-truncation -Wno-stringop-truncation -g -O2 -I. -I. -I../../../src/include -D_GNU_SOURCE   -c -o parse_utilcmd.o parse_utilcmd.c
gcc -Wall -Wmissing-prototypes -Wpointer-arith -Wdeclaration-after-statement -Werror=vla -Wendif-labels -Wmissing-format-attribute -Wimplicit-fallthrough=3 -Wcast-function-type -Wformat-security -fno-strict-aliasing -fwrapv -fexcess-precision=standard -Wno-format-truncation -Wno-stringop-truncation -g -O2 -I. -I. -I../../../src/include -D_GNU_SOURCE   -c -o parser.o parser.c
/usr/bin/flex -b -CF -p -p -o'scan.c' scan.l
'/usr/bin/perl' ../../../src/tools/fix-old-flex-code.pl 'scan.c'
gcc -Wall -Wmissing-prototypes -Wpointer-arith -Wdeclaration-after-statement -Werror=vla -Wendif-labels -Wmissing-format-attribute -Wimplicit-fallthrough=3 -Wcast-function-type -Wformat-security -fno-strict-aliasing -fwrapv -fexcess-precision=standard -Wno-format-truncation -Wno-stringop-truncation -g -O2 -I. -I. -I../../../src/include -D_GNU_SOURCE   -c -o scan.o scan.c
gcc -Wall -Wmissing-prototypes -Wpointer-arith -Wdeclaration-after-statement -Werror=vla -Wendif-labels -Wmissing-format-attribute -Wimplicit-fallthrough=3 -Wcast-function-type -Wformat-security -fno-strict-aliasing -fwrapv -fexcess-precision=standard -Wno-format-truncation -Wno-stringop-truncation -g -O2 -I. -I. -I../../../src/include -D_GNU_SOURCE   -c -o scansup.o scansup.c
( echo src/backend/parser/analyze.o src/backend/parser/gram.o src/backend/parser/parse_agg.o src/backend/parser/parse_clause.o src/backend/parser/parse_coerce.o src/backend/parser/parse_collate.o src/backend/parser/parse_enr.o src/backend/parser/parse_expr.o src/backend/parser/parse_func.o src/backend/parser/parse_node.o src/backend/parser/parse_oper.o src/backend/parser/parse_param.o src/backend/parser/parse_relation.o src/backend/parser/parse_target.o src/backend/parser/parse_type.o src/backend/parser/parse_utilcmd.o src/backend/parser/parser.o src/backend/parser/scan.o src/backend/parser/scansup.o ) >objfiles.txt
make[3]: Leaving directory '/home/postgres/works/my-github/minipg/src/backend/parser'
make -C commands all
make[3]: Entering directory '/home/postgres/works/my-github/minipg/src/backend/commands'
gcc -Wall -Wmissing-prototypes -Wpointer-arith -Wdeclaration-after-statement -Werror=vla -Wendif-labels -Wmissing-format-attribute -Wimplicit-fallthrough=3 -Wcast-function-type -Wformat-security -fno-strict-aliasing -fwrapv -fexcess-precision=standard -Wno-format-truncation -Wno-stringop-truncation -g -O2 -I../../../src/include -D_GNU_SOURCE   -c -o aggregatecmds.o aggregatecmds.c
gcc -Wall -Wmissing-prototypes -Wpointer-arith -Wdeclaration-after-statement -Werror=vla -Wendif-labels -Wmissing-format-attribute -Wimplicit-fallthrough=3 -Wcast-function-type -Wformat-security -fno-strict-aliasing -fwrapv -fexcess-precision=standard -Wno-format-truncation -Wno-stringop-truncation -g -O2 -I../../../src/include -D_GNU_SOURCE   -c -o alter.o alter.c
gcc -Wall -Wmissing-prototypes -Wpointer-arith -Wdeclaration-after-statement -Werror=vla -Wendif-labels -Wmissing-format-attribute -Wimplicit-fallthrough=3 -Wcast-function-type -Wformat-security -fno-strict-aliasing -fwrapv -fexcess-precision=standard -Wno-format-truncation -Wno-stringop-truncation -g -O2 -I../../../src/include -D_GNU_SOURCE   -c -o amcmds.o amcmds.c
gcc -Wall -Wmissing-prototypes -Wpointer-arith -Wdeclaration-after-statement -Werror=vla -Wendif-labels -Wmissing-format-attribute -Wimplicit-fallthrough=3 -Wcast-function-type -Wformat-security -fno-strict-aliasing -fwrapv -fexcess-precision=standard -Wno-format-truncation -Wno-stringop-truncation -g -O2 -I../../../src/include -D_GNU_SOURCE   -c -o analyze.o analyze.c
gcc -Wall -Wmissing-prototypes -Wpointer-arith -Wdeclaration-after-statement -Werror=vla -Wendif-labels -Wmissing-format-attribute -Wimplicit-fallthrough=3 -Wcast-function-type -Wformat-security -fno-strict-aliasing -fwrapv -fexcess-precision=standard -Wno-format-truncation -Wno-stringop-truncation -g -O2 -I../../../src/include -D_GNU_SOURCE   -c -o cluster.o cluster.c
gcc -Wall -Wmissing-prototypes -Wpointer-arith -Wdeclaration-after-statement -Werror=vla -Wendif-labels -Wmissing-format-attribute -Wimplicit-fallthrough=3 -Wcast-function-type -Wformat-security -fno-strict-aliasing -fwrapv -fexcess-precision=standard -Wno-format-truncation -Wno-stringop-truncation -g -O2 -I../../../src/include -D_GNU_SOURCE   -c -o collationcmds.o collationcmds.c
gcc -Wall -Wmissing-prototypes -Wpointer-arith -Wdeclaration-after-statement -Werror=vla -Wendif-labels -Wmissing-format-attribute -Wimplicit-fallthrough=3 -Wcast-function-type -Wformat-security -fno-strict-aliasing -fwrapv -fexcess-precision=standard -Wno-format-truncation -Wno-stringop-truncation -g -O2 -I../../../src/include -D_GNU_SOURCE   -c -o constraint.o constraint.c
gcc -Wall -Wmissing-prototypes -Wpointer-arith -Wdeclaration-after-statement -Werror=vla -Wendif-labels -Wmissing-format-attribute -Wimplicit-fallthrough=3 -Wcast-function-type -Wformat-security -fno-strict-aliasing -fwrapv -fexcess-precision=standard -Wno-format-truncation -Wno-stringop-truncation -g -O2 -I../../../src/include -D_GNU_SOURCE   -c -o conversioncmds.o conversioncmds.c
gcc -Wall -Wmissing-prototypes -Wpointer-arith -Wdeclaration-after-statement -Werror=vla -Wendif-labels -Wmissing-format-attribute -Wimplicit-fallthrough=3 -Wcast-function-type -Wformat-security -fno-strict-aliasing -fwrapv -fexcess-precision=standard -Wno-format-truncation -Wno-stringop-truncation -g -O2 -I../../../src/include -D_GNU_SOURCE   -c -o copy.o copy.c
gcc -Wall -Wmissing-prototypes -Wpointer-arith -Wdeclaration-after-statement -Werror=vla -Wendif-labels -Wmissing-format-attribute -Wimplicit-fallthrough=3 -Wcast-function-type -Wformat-security -fno-strict-aliasing -fwrapv -fexcess-precision=standard -Wno-format-truncation -Wno-stringop-truncation -g -O2 -I../../../src/include -D_GNU_SOURCE   -c -o copyfrom.o copyfrom.c
gcc -Wall -Wmissing-prototypes -Wpointer-arith -Wdeclaration-after-statement -Werror=vla -Wendif-labels -Wmissing-format-attribute -Wimplicit-fallthrough=3 -Wcast-function-type -Wformat-security -fno-strict-aliasing -fwrapv -fexcess-precision=standard -Wno-format-truncation -Wno-stringop-truncation -g -O2 -I../../../src/include -D_GNU_SOURCE   -c -o copyfromparse.o copyfromparse.c
gcc -Wall -Wmissing-prototypes -Wpointer-arith -Wdeclaration-after-statement -Werror=vla -Wendif-labels -Wmissing-format-attribute -Wimplicit-fallthrough=3 -Wcast-function-type -Wformat-security -fno-strict-aliasing -fwrapv -fexcess-precision=standard -Wno-format-truncation -Wno-stringop-truncation -g -O2 -I../../../src/include -D_GNU_SOURCE   -c -o copyto.o copyto.c
gcc -Wall -Wmissing-prototypes -Wpointer-arith -Wdeclaration-after-statement -Werror=vla -Wendif-labels -Wmissing-format-attribute -Wimplicit-fallthrough=3 -Wcast-function-type -Wformat-security -fno-strict-aliasing -fwrapv -fexcess-precision=standard -Wno-format-truncation -Wno-stringop-truncation -g -O2 -I../../../src/include -D_GNU_SOURCE   -c -o dbcommands.o dbcommands.c
gcc -Wall -Wmissing-prototypes -Wpointer-arith -Wdeclaration-after-statement -Werror=vla -Wendif-labels -Wmissing-format-attribute -Wimplicit-fallthrough=3 -Wcast-function-type -Wformat-security -fno-strict-aliasing -fwrapv -fexcess-precision=standard -Wno-format-truncation -Wno-stringop-truncation -g -O2 -I../../../src/include -D_GNU_SOURCE   -c -o define.o define.c
gcc -Wall -Wmissing-prototypes -Wpointer-arith -Wdeclaration-after-statement -Werror=vla -Wendif-labels -Wmissing-format-attribute -Wimplicit-fallthrough=3 -Wcast-function-type -Wformat-security -fno-strict-aliasing -fwrapv -fexcess-precision=standard -Wno-format-truncation -Wno-stringop-truncation -g -O2 -I../../../src/include -D_GNU_SOURCE   -c -o discard.o discard.c
gcc -Wall -Wmissing-prototypes -Wpointer-arith -Wdeclaration-after-statement -Werror=vla -Wendif-labels -Wmissing-format-attribute -Wimplicit-fallthrough=3 -Wcast-function-type -Wformat-security -fno-strict-aliasing -fwrapv -fexcess-precision=standard -Wno-format-truncation -Wno-stringop-truncation -g -O2 -I../../../src/include -D_GNU_SOURCE   -c -o dropcmds.o dropcmds.c
gcc -Wall -Wmissing-prototypes -Wpointer-arith -Wdeclaration-after-statement -Werror=vla -Wendif-labels -Wmissing-format-attribute -Wimplicit-fallthrough=3 -Wcast-function-type -Wformat-security -fno-strict-aliasing -fwrapv -fexcess-precision=standard -Wno-format-truncation -Wno-stringop-truncation -g -O2 -I../../../src/include -D_GNU_SOURCE   -c -o explain.o explain.c
gcc -Wall -Wmissing-prototypes -Wpointer-arith -Wdeclaration-after-statement -Werror=vla -Wendif-labels -Wmissing-format-attribute -Wimplicit-fallthrough=3 -Wcast-function-type -Wformat-security -fno-strict-aliasing -fwrapv -fexcess-precision=standard -Wno-format-truncation -Wno-stringop-truncation -g -O2 -I../../../src/include -D_GNU_SOURCE   -c -o extension.o extension.c
gcc -Wall -Wmissing-prototypes -Wpointer-arith -Wdeclaration-after-statement -Werror=vla -Wendif-labels -Wmissing-format-attribute -Wimplicit-fallthrough=3 -Wcast-function-type -Wformat-security -fno-strict-aliasing -fwrapv -fexcess-precision=standard -Wno-format-truncation -Wno-stringop-truncation -g -O2 -I../../../src/include -D_GNU_SOURCE   -c -o functioncmds.o functioncmds.c
gcc -Wall -Wmissing-prototypes -Wpointer-arith -Wdeclaration-after-statement -Werror=vla -Wendif-labels -Wmissing-format-attribute -Wimplicit-fallthrough=3 -Wcast-function-type -Wformat-security -fno-strict-aliasing -fwrapv -fexcess-precision=standard -Wno-format-truncation -Wno-stringop-truncation -g -O2 -I../../../src/include -D_GNU_SOURCE   -c -o indexcmds.o indexcmds.c
gcc -Wall -Wmissing-prototypes -Wpointer-arith -Wdeclaration-after-statement -Werror=vla -Wendif-labels -Wmissing-format-attribute -Wimplicit-fallthrough=3 -Wcast-function-type -Wformat-security -fno-strict-aliasing -fwrapv -fexcess-precision=standard -Wno-format-truncation -Wno-stringop-truncation -g -O2 -I../../../src/include -D_GNU_SOURCE   -c -o lockcmds.o lockcmds.c
gcc -Wall -Wmissing-prototypes -Wpointer-arith -Wdeclaration-after-statement -Werror=vla -Wendif-labels -Wmissing-format-attribute -Wimplicit-fallthrough=3 -Wcast-function-type -Wformat-security -fno-strict-aliasing -fwrapv -fexcess-precision=standard -Wno-format-truncation -Wno-stringop-truncation -g -O2 -I../../../src/include -D_GNU_SOURCE   -c -o opclasscmds.o opclasscmds.c
gcc -Wall -Wmissing-prototypes -Wpointer-arith -Wdeclaration-after-statement -Werror=vla -Wendif-labels -Wmissing-format-attribute -Wimplicit-fallthrough=3 -Wcast-function-type -Wformat-security -fno-strict-aliasing -fwrapv -fexcess-precision=standard -Wno-format-truncation -Wno-stringop-truncation -g -O2 -I../../../src/include -D_GNU_SOURCE   -c -o operatorcmds.o operatorcmds.c
gcc -Wall -Wmissing-prototypes -Wpointer-arith -Wdeclaration-after-statement -Werror=vla -Wendif-labels -Wmissing-format-attribute -Wimplicit-fallthrough=3 -Wcast-function-type -Wformat-security -fno-strict-aliasing -fwrapv -fexcess-precision=standard -Wno-format-truncation -Wno-stringop-truncation -g -O2 -I../../../src/include -D_GNU_SOURCE   -c -o portalcmds.o portalcmds.c
gcc -Wall -Wmissing-prototypes -Wpointer-arith -Wdeclaration-after-statement -Werror=vla -Wendif-labels -Wmissing-format-attribute -Wimplicit-fallthrough=3 -Wcast-function-type -Wformat-security -fno-strict-aliasing -fwrapv -fexcess-precision=standard -Wno-format-truncation -Wno-stringop-truncation -g -O2 -I../../../src/include -D_GNU_SOURCE   -c -o prepare.o prepare.c
gcc -Wall -Wmissing-prototypes -Wpointer-arith -Wdeclaration-after-statement -Werror=vla -Wendif-labels -Wmissing-format-attribute -Wimplicit-fallthrough=3 -Wcast-function-type -Wformat-security -fno-strict-aliasing -fwrapv -fexcess-precision=standard -Wno-format-truncation -Wno-stringop-truncation -g -O2 -I../../../src/include -D_GNU_SOURCE   -c -o proclang.o proclang.c
gcc -Wall -Wmissing-prototypes -Wpointer-arith -Wdeclaration-after-statement -Werror=vla -Wendif-labels -Wmissing-format-attribute -Wimplicit-fallthrough=3 -Wcast-function-type -Wformat-security -fno-strict-aliasing -fwrapv -fexcess-precision=standard -Wno-format-truncation -Wno-stringop-truncation -g -O2 -I../../../src/include -D_GNU_SOURCE   -c -o schemacmds.o schemacmds.c
gcc -Wall -Wmissing-prototypes -Wpointer-arith -Wdeclaration-after-statement -Werror=vla -Wendif-labels -Wmissing-format-attribute -Wimplicit-fallthrough=3 -Wcast-function-type -Wformat-security -fno-strict-aliasing -fwrapv -fexcess-precision=standard -Wno-format-truncation -Wno-stringop-truncation -g -O2 -I../../../src/include -D_GNU_SOURCE   -c -o statscmds.o statscmds.c
gcc -Wall -Wmissing-prototypes -Wpointer-arith -Wdeclaration-after-statement -Werror=vla -Wendif-labels -Wmissing-format-attribute -Wimplicit-fallthrough=3 -Wcast-function-type -Wformat-security -fno-strict-aliasing -fwrapv -fexcess-precision=standard -Wno-format-truncation -Wno-stringop-truncation -g -O2 -I../../../src/include -D_GNU_SOURCE   -c -o tablecmds.o tablecmds.c
gcc -Wall -Wmissing-prototypes -Wpointer-arith -Wdeclaration-after-statement -Werror=vla -Wendif-labels -Wmissing-format-attribute -Wimplicit-fallthrough=3 -Wcast-function-type -Wformat-security -fno-strict-aliasing -fwrapv -fexcess-precision=standard -Wno-format-truncation -Wno-stringop-truncation -g -O2 -I../../../src/include -D_GNU_SOURCE   -c -o tablespace.o tablespace.c
gcc -Wall -Wmissing-prototypes -Wpointer-arith -Wdeclaration-after-statement -Werror=vla -Wendif-labels -Wmissing-format-attribute -Wimplicit-fallthrough=3 -Wcast-function-type -Wformat-security -fno-strict-aliasing -fwrapv -fexcess-precision=standard -Wno-format-truncation -Wno-stringop-truncation -g -O2 -I../../../src/include -D_GNU_SOURCE   -c -o trigger.o trigger.c
gcc -Wall -Wmissing-prototypes -Wpointer-arith -Wdeclaration-after-statement -Werror=vla -Wendif-labels -Wmissing-format-attribute -Wimplicit-fallthrough=3 -Wcast-function-type -Wformat-security -fno-strict-aliasing -fwrapv -fexcess-precision=standard -Wno-format-truncation -Wno-stringop-truncation -g -O2 -I../../../src/include -D_GNU_SOURCE   -c -o typecmds.o typecmds.c
gcc -Wall -Wmissing-prototypes -Wpointer-arith -Wdeclaration-after-statement -Werror=vla -Wendif-labels -Wmissing-format-attribute -Wimplicit-fallthrough=3 -Wcast-function-type -Wformat-security -fno-strict-aliasing -fwrapv -fexcess-precision=standard -Wno-format-truncation -Wno-stringop-truncation -g -O2 -I../../../src/include -D_GNU_SOURCE   -c -o vacuum.o vacuum.c
gcc -Wall -Wmissing-prototypes -Wpointer-arith -Wdeclaration-after-statement -Werror=vla -Wendif-labels -Wmissing-format-attribute -Wimplicit-fallthrough=3 -Wcast-function-type -Wformat-security -fno-strict-aliasing -fwrapv -fexcess-precision=standard -Wno-format-truncation -Wno-stringop-truncation -g -O2 -I../../../src/include -D_GNU_SOURCE   -c -o variable.o variable.c
gcc -Wall -Wmissing-prototypes -Wpointer-arith -Wdeclaration-after-statement -Werror=vla -Wendif-labels -Wmissing-format-attribute -Wimplicit-fallthrough=3 -Wcast-function-type -Wformat-security -fno-strict-aliasing -fwrapv -fexcess-precision=standard -Wno-format-truncation -Wno-stringop-truncation -g -O2 -I../../../src/include -D_GNU_SOURCE   -c -o view.o view.c
( echo src/backend/commands/aggregatecmds.o src/backend/commands/alter.o src/backend/commands/amcmds.o src/backend/commands/analyze.o src/backend/commands/cluster.o src/backend/commands/collationcmds.o src/backend/commands/constraint.o src/backend/commands/conversioncmds.o src/backend/commands/copy.o src/backend/commands/copyfrom.o src/backend/commands/copyfromparse.o src/backend/commands/copyto.o src/backend/commands/dbcommands.o src/backend/commands/define.o src/backend/commands/discard.o src/backend/commands/dropcmds.o src/backend/commands/explain.o src/backend/commands/extension.o src/backend/commands/functioncmds.o src/backend/commands/indexcmds.o src/backend/commands/lockcmds.o src/backend/commands/opclasscmds.o src/backend/commands/operatorcmds.o src/backend/commands/portalcmds.o src/backend/commands/prepare.o src/backend/commands/proclang.o src/backend/commands/schemacmds.o src/backend/commands/statscmds.o src/backend/commands/tablecmds.o src/backend/commands/tablespace.o src/backend/commands/trigger.o src/backend/commands/typecmds.o src/backend/commands/vacuum.o src/backend/commands/variable.o src/backend/commands/view.o ) >objfiles.txt
make[3]: Leaving directory '/home/postgres/works/my-github/minipg/src/backend/commands'
make -C executor all
make[3]: Entering directory '/home/postgres/works/my-github/minipg/src/backend/executor'
gcc -Wall -Wmissing-prototypes -Wpointer-arith -Wdeclaration-after-statement -Werror=vla -Wendif-labels -Wmissing-format-attribute -Wimplicit-fallthrough=3 -Wcast-function-type -Wformat-security -fno-strict-aliasing -fwrapv -fexcess-precision=standard -Wno-format-truncation -Wno-stringop-truncation -g -O2 -I../../../src/include -D_GNU_SOURCE   -c -o execAmi.o execAmi.c
gcc -Wall -Wmissing-prototypes -Wpointer-arith -Wdeclaration-after-statement -Werror=vla -Wendif-labels -Wmissing-format-attribute -Wimplicit-fallthrough=3 -Wcast-function-type -Wformat-security -fno-strict-aliasing -fwrapv -fexcess-precision=standard -Wno-format-truncation -Wno-stringop-truncation -g -O2 -I../../../src/include -D_GNU_SOURCE   -c -o execCurrent.o execCurrent.c
gcc -Wall -Wmissing-prototypes -Wpointer-arith -Wdeclaration-after-statement -Werror=vla -Wendif-labels -Wmissing-format-attribute -Wimplicit-fallthrough=3 -Wcast-function-type -Wformat-security -fno-strict-aliasing -fwrapv -fexcess-precision=standard -Wno-format-truncation -Wno-stringop-truncation -g -O2 -I../../../src/include -D_GNU_SOURCE   -c -o execExpr.o execExpr.c
gcc -Wall -Wmissing-prototypes -Wpointer-arith -Wdeclaration-after-statement -Werror=vla -Wendif-labels -Wmissing-format-attribute -Wimplicit-fallthrough=3 -Wcast-function-type -Wformat-security -fno-strict-aliasing -fwrapv -fexcess-precision=standard -Wno-format-truncation -Wno-stringop-truncation -g -O2 -I../../../src/include -D_GNU_SOURCE   -c -o execExprInterp.o execExprInterp.c
gcc -Wall -Wmissing-prototypes -Wpointer-arith -Wdeclaration-after-statement -Werror=vla -Wendif-labels -Wmissing-format-attribute -Wimplicit-fallthrough=3 -Wcast-function-type -Wformat-security -fno-strict-aliasing -fwrapv -fexcess-precision=standard -Wno-format-truncation -Wno-stringop-truncation -g -O2 -I../../../src/include -D_GNU_SOURCE   -c -o execGrouping.o execGrouping.c
gcc -Wall -Wmissing-prototypes -Wpointer-arith -Wdeclaration-after-statement -Werror=vla -Wendif-labels -Wmissing-format-attribute -Wimplicit-fallthrough=3 -Wcast-function-type -Wformat-security -fno-strict-aliasing -fwrapv -fexcess-precision=standard -Wno-format-truncation -Wno-stringop-truncation -g -O2 -I../../../src/include -D_GNU_SOURCE   -c -o execIndexing.o execIndexing.c
gcc -Wall -Wmissing-prototypes -Wpointer-arith -Wdeclaration-after-statement -Werror=vla -Wendif-labels -Wmissing-format-attribute -Wimplicit-fallthrough=3 -Wcast-function-type -Wformat-security -fno-strict-aliasing -fwrapv -fexcess-precision=standard -Wno-format-truncation -Wno-stringop-truncation -g -O2 -I../../../src/include -D_GNU_SOURCE   -c -o execJunk.o execJunk.c
gcc -Wall -Wmissing-prototypes -Wpointer-arith -Wdeclaration-after-statement -Werror=vla -Wendif-labels -Wmissing-format-attribute -Wimplicit-fallthrough=3 -Wcast-function-type -Wformat-security -fno-strict-aliasing -fwrapv -fexcess-precision=standard -Wno-format-truncation -Wno-stringop-truncation -g -O2 -I../../../src/include -D_GNU_SOURCE   -c -o execMain.o execMain.c
gcc -Wall -Wmissing-prototypes -Wpointer-arith -Wdeclaration-after-statement -Werror=vla -Wendif-labels -Wmissing-format-attribute -Wimplicit-fallthrough=3 -Wcast-function-type -Wformat-security -fno-strict-aliasing -fwrapv -fexcess-precision=standard -Wno-format-truncation -Wno-stringop-truncation -g -O2 -I../../../src/include -D_GNU_SOURCE   -c -o execParallel.o execParallel.c
gcc -Wall -Wmissing-prototypes -Wpointer-arith -Wdeclaration-after-statement -Werror=vla -Wendif-labels -Wmissing-format-attribute -Wimplicit-fallthrough=3 -Wcast-function-type -Wformat-security -fno-strict-aliasing -fwrapv -fexcess-precision=standard -Wno-format-truncation -Wno-stringop-truncation -g -O2 -I../../../src/include -D_GNU_SOURCE   -c -o execProcnode.o execProcnode.c
gcc -Wall -Wmissing-prototypes -Wpointer-arith -Wdeclaration-after-statement -Werror=vla -Wendif-labels -Wmissing-format-attribute -Wimplicit-fallthrough=3 -Wcast-function-type -Wformat-security -fno-strict-aliasing -fwrapv -fexcess-precision=standard -Wno-format-truncation -Wno-stringop-truncation -g -O2 -I../../../src/include -D_GNU_SOURCE   -c -o execSRF.o execSRF.c
gcc -Wall -Wmissing-prototypes -Wpointer-arith -Wdeclaration-after-statement -Werror=vla -Wendif-labels -Wmissing-format-attribute -Wimplicit-fallthrough=3 -Wcast-function-type -Wformat-security -fno-strict-aliasing -fwrapv -fexcess-precision=standard -Wno-format-truncation -Wno-stringop-truncation -g -O2 -I../../../src/include -D_GNU_SOURCE   -c -o execScan.o execScan.c
gcc -Wall -Wmissing-prototypes -Wpointer-arith -Wdeclaration-after-statement -Werror=vla -Wendif-labels -Wmissing-format-attribute -Wimplicit-fallthrough=3 -Wcast-function-type -Wformat-security -fno-strict-aliasing -fwrapv -fexcess-precision=standard -Wno-format-truncation -Wno-stringop-truncation -g -O2 -I../../../src/include -D_GNU_SOURCE   -c -o execTuples.o execTuples.c
gcc -Wall -Wmissing-prototypes -Wpointer-arith -Wdeclaration-after-statement -Werror=vla -Wendif-labels -Wmissing-format-attribute -Wimplicit-fallthrough=3 -Wcast-function-type -Wformat-security -fno-strict-aliasing -fwrapv -fexcess-precision=standard -Wno-format-truncation -Wno-stringop-truncation -g -O2 -I../../../src/include -D_GNU_SOURCE   -c -o execUtils.o execUtils.c
gcc -Wall -Wmissing-prototypes -Wpointer-arith -Wdeclaration-after-statement -Werror=vla -Wendif-labels -Wmissing-format-attribute -Wimplicit-fallthrough=3 -Wcast-function-type -Wformat-security -fno-strict-aliasing -fwrapv -fexcess-precision=standard -Wno-format-truncation -Wno-stringop-truncation -g -O2 -I../../../src/include -D_GNU_SOURCE   -c -o functions.o functions.c
gcc -Wall -Wmissing-prototypes -Wpointer-arith -Wdeclaration-after-statement -Werror=vla -Wendif-labels -Wmissing-format-attribute -Wimplicit-fallthrough=3 -Wcast-function-type -Wformat-security -fno-strict-aliasing -fwrapv -fexcess-precision=standard -Wno-format-truncation -Wno-stringop-truncation -g -O2 -I../../../src/include -D_GNU_SOURCE   -c -o instrument.o instrument.c
gcc -Wall -Wmissing-prototypes -Wpointer-arith -Wdeclaration-after-statement -Werror=vla -Wendif-labels -Wmissing-format-attribute -Wimplicit-fallthrough=3 -Wcast-function-type -Wformat-security -fno-strict-aliasing -fwrapv -fexcess-precision=standard -Wno-format-truncation -Wno-stringop-truncation -g -O2 -I../../../src/include -D_GNU_SOURCE   -c -o nodeAgg.o nodeAgg.c
gcc -Wall -Wmissing-prototypes -Wpointer-arith -Wdeclaration-after-statement -Werror=vla -Wendif-labels -Wmissing-format-attribute -Wimplicit-fallthrough=3 -Wcast-function-type -Wformat-security -fno-strict-aliasing -fwrapv -fexcess-precision=standard -Wno-format-truncation -Wno-stringop-truncation -g -O2 -I../../../src/include -D_GNU_SOURCE   -c -o nodeAppend.o nodeAppend.c
gcc -Wall -Wmissing-prototypes -Wpointer-arith -Wdeclaration-after-statement -Werror=vla -Wendif-labels -Wmissing-format-attribute -Wimplicit-fallthrough=3 -Wcast-function-type -Wformat-security -fno-strict-aliasing -fwrapv -fexcess-precision=standard -Wno-format-truncation -Wno-stringop-truncation -g -O2 -I../../../src/include -D_GNU_SOURCE   -c -o nodeBitmapAnd.o nodeBitmapAnd.c
gcc -Wall -Wmissing-prototypes -Wpointer-arith -Wdeclaration-after-statement -Werror=vla -Wendif-labels -Wmissing-format-attribute -Wimplicit-fallthrough=3 -Wcast-function-type -Wformat-security -fno-strict-aliasing -fwrapv -fexcess-precision=standard -Wno-format-truncation -Wno-stringop-truncation -g -O2 -I../../../src/include -D_GNU_SOURCE   -c -o nodeBitmapHeapscan.o nodeBitmapHeapscan.c
gcc -Wall -Wmissing-prototypes -Wpointer-arith -Wdeclaration-after-statement -Werror=vla -Wendif-labels -Wmissing-format-attribute -Wimplicit-fallthrough=3 -Wcast-function-type -Wformat-security -fno-strict-aliasing -fwrapv -fexcess-precision=standard -Wno-format-truncation -Wno-stringop-truncation -g -O2 -I../../../src/include -D_GNU_SOURCE   -c -o nodeBitmapIndexscan.o nodeBitmapIndexscan.c
gcc -Wall -Wmissing-prototypes -Wpointer-arith -Wdeclaration-after-statement -Werror=vla -Wendif-labels -Wmissing-format-attribute -Wimplicit-fallthrough=3 -Wcast-function-type -Wformat-security -fno-strict-aliasing -fwrapv -fexcess-precision=standard -Wno-format-truncation -Wno-stringop-truncation -g -O2 -I../../../src/include -D_GNU_SOURCE   -c -o nodeBitmapOr.o nodeBitmapOr.c
gcc -Wall -Wmissing-prototypes -Wpointer-arith -Wdeclaration-after-statement -Werror=vla -Wendif-labels -Wmissing-format-attribute -Wimplicit-fallthrough=3 -Wcast-function-type -Wformat-security -fno-strict-aliasing -fwrapv -fexcess-precision=standard -Wno-format-truncation -Wno-stringop-truncation -g -O2 -I../../../src/include -D_GNU_SOURCE   -c -o nodeCustom.o nodeCustom.c
gcc -Wall -Wmissing-prototypes -Wpointer-arith -Wdeclaration-after-statement -Werror=vla -Wendif-labels -Wmissing-format-attribute -Wimplicit-fallthrough=3 -Wcast-function-type -Wformat-security -fno-strict-aliasing -fwrapv -fexcess-precision=standard -Wno-format-truncation -Wno-stringop-truncation -g -O2 -I../../../src/include -D_GNU_SOURCE   -c -o nodeFunctionscan.o nodeFunctionscan.c
gcc -Wall -Wmissing-prototypes -Wpointer-arith -Wdeclaration-after-statement -Werror=vla -Wendif-labels -Wmissing-format-attribute -Wimplicit-fallthrough=3 -Wcast-function-type -Wformat-security -fno-strict-aliasing -fwrapv -fexcess-precision=standard -Wno-format-truncation -Wno-stringop-truncation -g -O2 -I../../../src/include -D_GNU_SOURCE   -c -o nodeGather.o nodeGather.c
gcc -Wall -Wmissing-prototypes -Wpointer-arith -Wdeclaration-after-statement -Werror=vla -Wendif-labels -Wmissing-format-attribute -Wimplicit-fallthrough=3 -Wcast-function-type -Wformat-security -fno-strict-aliasing -fwrapv -fexcess-precision=standard -Wno-format-truncation -Wno-stringop-truncation -g -O2 -I../../../src/include -D_GNU_SOURCE   -c -o nodeGatherMerge.o nodeGatherMerge.c
gcc -Wall -Wmissing-prototypes -Wpointer-arith -Wdeclaration-after-statement -Werror=vla -Wendif-labels -Wmissing-format-attribute -Wimplicit-fallthrough=3 -Wcast-function-type -Wformat-security -fno-strict-aliasing -fwrapv -fexcess-precision=standard -Wno-format-truncation -Wno-stringop-truncation -g -O2 -I../../../src/include -D_GNU_SOURCE   -c -o nodeGroup.o nodeGroup.c
gcc -Wall -Wmissing-prototypes -Wpointer-arith -Wdeclaration-after-statement -Werror=vla -Wendif-labels -Wmissing-format-attribute -Wimplicit-fallthrough=3 -Wcast-function-type -Wformat-security -fno-strict-aliasing -fwrapv -fexcess-precision=standard -Wno-format-truncation -Wno-stringop-truncation -g -O2 -I../../../src/include -D_GNU_SOURCE   -c -o nodeHash.o nodeHash.c
gcc -Wall -Wmissing-prototypes -Wpointer-arith -Wdeclaration-after-statement -Werror=vla -Wendif-labels -Wmissing-format-attribute -Wimplicit-fallthrough=3 -Wcast-function-type -Wformat-security -fno-strict-aliasing -fwrapv -fexcess-precision=standard -Wno-format-truncation -Wno-stringop-truncation -g -O2 -I../../../src/include -D_GNU_SOURCE   -c -o nodeHashjoin.o nodeHashjoin.c
gcc -Wall -Wmissing-prototypes -Wpointer-arith -Wdeclaration-after-statement -Werror=vla -Wendif-labels -Wmissing-format-attribute -Wimplicit-fallthrough=3 -Wcast-function-type -Wformat-security -fno-strict-aliasing -fwrapv -fexcess-precision=standard -Wno-format-truncation -Wno-stringop-truncation -g -O2 -I../../../src/include -D_GNU_SOURCE   -c -o nodeIncrementalSort.o nodeIncrementalSort.c
gcc -Wall -Wmissing-prototypes -Wpointer-arith -Wdeclaration-after-statement -Werror=vla -Wendif-labels -Wmissing-format-attribute -Wimplicit-fallthrough=3 -Wcast-function-type -Wformat-security -fno-strict-aliasing -fwrapv -fexcess-precision=standard -Wno-format-truncation -Wno-stringop-truncation -g -O2 -I../../../src/include -D_GNU_SOURCE   -c -o nodeIndexonlyscan.o nodeIndexonlyscan.c
gcc -Wall -Wmissing-prototypes -Wpointer-arith -Wdeclaration-after-statement -Werror=vla -Wendif-labels -Wmissing-format-attribute -Wimplicit-fallthrough=3 -Wcast-function-type -Wformat-security -fno-strict-aliasing -fwrapv -fexcess-precision=standard -Wno-format-truncation -Wno-stringop-truncation -g -O2 -I../../../src/include -D_GNU_SOURCE   -c -o nodeIndexscan.o nodeIndexscan.c
gcc -Wall -Wmissing-prototypes -Wpointer-arith -Wdeclaration-after-statement -Werror=vla -Wendif-labels -Wmissing-format-attribute -Wimplicit-fallthrough=3 -Wcast-function-type -Wformat-security -fno-strict-aliasing -fwrapv -fexcess-precision=standard -Wno-format-truncation -Wno-stringop-truncation -g -O2 -I../../../src/include -D_GNU_SOURCE   -c -o nodeLimit.o nodeLimit.c
gcc -Wall -Wmissing-prototypes -Wpointer-arith -Wdeclaration-after-statement -Werror=vla -Wendif-labels -Wmissing-format-attribute -Wimplicit-fallthrough=3 -Wcast-function-type -Wformat-security -fno-strict-aliasing -fwrapv -fexcess-precision=standard -Wno-format-truncation -Wno-stringop-truncation -g -O2 -I../../../src/include -D_GNU_SOURCE   -c -o nodeLockRows.o nodeLockRows.c
gcc -Wall -Wmissing-prototypes -Wpointer-arith -Wdeclaration-after-statement -Werror=vla -Wendif-labels -Wmissing-format-attribute -Wimplicit-fallthrough=3 -Wcast-function-type -Wformat-security -fno-strict-aliasing -fwrapv -fexcess-precision=standard -Wno-format-truncation -Wno-stringop-truncation -g -O2 -I../../../src/include -D_GNU_SOURCE   -c -o nodeMaterial.o nodeMaterial.c
gcc -Wall -Wmissing-prototypes -Wpointer-arith -Wdeclaration-after-statement -Werror=vla -Wendif-labels -Wmissing-format-attribute -Wimplicit-fallthrough=3 -Wcast-function-type -Wformat-security -fno-strict-aliasing -fwrapv -fexcess-precision=standard -Wno-format-truncation -Wno-stringop-truncation -g -O2 -I../../../src/include -D_GNU_SOURCE   -c -o nodeMemoize.o nodeMemoize.c
gcc -Wall -Wmissing-prototypes -Wpointer-arith -Wdeclaration-after-statement -Werror=vla -Wendif-labels -Wmissing-format-attribute -Wimplicit-fallthrough=3 -Wcast-function-type -Wformat-security -fno-strict-aliasing -fwrapv -fexcess-precision=standard -Wno-format-truncation -Wno-stringop-truncation -g -O2 -I../../../src/include -D_GNU_SOURCE   -c -o nodeMergeAppend.o nodeMergeAppend.c
gcc -Wall -Wmissing-prototypes -Wpointer-arith -Wdeclaration-after-statement -Werror=vla -Wendif-labels -Wmissing-format-attribute -Wimplicit-fallthrough=3 -Wcast-function-type -Wformat-security -fno-strict-aliasing -fwrapv -fexcess-precision=standard -Wno-format-truncation -Wno-stringop-truncation -g -O2 -I../../../src/include -D_GNU_SOURCE   -c -o nodeMergejoin.o nodeMergejoin.c
gcc -Wall -Wmissing-prototypes -Wpointer-arith -Wdeclaration-after-statement -Werror=vla -Wendif-labels -Wmissing-format-attribute -Wimplicit-fallthrough=3 -Wcast-function-type -Wformat-security -fno-strict-aliasing -fwrapv -fexcess-precision=standard -Wno-format-truncation -Wno-stringop-truncation -g -O2 -I../../../src/include -D_GNU_SOURCE   -c -o nodeModifyTable.o nodeModifyTable.c
gcc -Wall -Wmissing-prototypes -Wpointer-arith -Wdeclaration-after-statement -Werror=vla -Wendif-labels -Wmissing-format-attribute -Wimplicit-fallthrough=3 -Wcast-function-type -Wformat-security -fno-strict-aliasing -fwrapv -fexcess-precision=standard -Wno-format-truncation -Wno-stringop-truncation -g -O2 -I../../../src/include -D_GNU_SOURCE   -c -o nodeNamedtuplestorescan.o nodeNamedtuplestorescan.c
gcc -Wall -Wmissing-prototypes -Wpointer-arith -Wdeclaration-after-statement -Werror=vla -Wendif-labels -Wmissing-format-attribute -Wimplicit-fallthrough=3 -Wcast-function-type -Wformat-security -fno-strict-aliasing -fwrapv -fexcess-precision=standard -Wno-format-truncation -Wno-stringop-truncation -g -O2 -I../../../src/include -D_GNU_SOURCE   -c -o nodeNestloop.o nodeNestloop.c
gcc -Wall -Wmissing-prototypes -Wpointer-arith -Wdeclaration-after-statement -Werror=vla -Wendif-labels -Wmissing-format-attribute -Wimplicit-fallthrough=3 -Wcast-function-type -Wformat-security -fno-strict-aliasing -fwrapv -fexcess-precision=standard -Wno-format-truncation -Wno-stringop-truncation -g -O2 -I../../../src/include -D_GNU_SOURCE   -c -o nodeProjectSet.o nodeProjectSet.c
gcc -Wall -Wmissing-prototypes -Wpointer-arith -Wdeclaration-after-statement -Werror=vla -Wendif-labels -Wmissing-format-attribute -Wimplicit-fallthrough=3 -Wcast-function-type -Wformat-security -fno-strict-aliasing -fwrapv -fexcess-precision=standard -Wno-format-truncation -Wno-stringop-truncation -g -O2 -I../../../src/include -D_GNU_SOURCE   -c -o nodeResult.o nodeResult.c
gcc -Wall -Wmissing-prototypes -Wpointer-arith -Wdeclaration-after-statement -Werror=vla -Wendif-labels -Wmissing-format-attribute -Wimplicit-fallthrough=3 -Wcast-function-type -Wformat-security -fno-strict-aliasing -fwrapv -fexcess-precision=standard -Wno-format-truncation -Wno-stringop-truncation -g -O2 -I../../../src/include -D_GNU_SOURCE   -c -o nodeSamplescan.o nodeSamplescan.c
gcc -Wall -Wmissing-prototypes -Wpointer-arith -Wdeclaration-after-statement -Werror=vla -Wendif-labels -Wmissing-format-attribute -Wimplicit-fallthrough=3 -Wcast-function-type -Wformat-security -fno-strict-aliasing -fwrapv -fexcess-precision=standard -Wno-format-truncation -Wno-stringop-truncation -g -O2 -I../../../src/include -D_GNU_SOURCE   -c -o nodeSeqscan.o nodeSeqscan.c
gcc -Wall -Wmissing-prototypes -Wpointer-arith -Wdeclaration-after-statement -Werror=vla -Wendif-labels -Wmissing-format-attribute -Wimplicit-fallthrough=3 -Wcast-function-type -Wformat-security -fno-strict-aliasing -fwrapv -fexcess-precision=standard -Wno-format-truncation -Wno-stringop-truncation -g -O2 -I../../../src/include -D_GNU_SOURCE   -c -o spi.o spi.c
gcc -Wall -Wmissing-prototypes -Wpointer-arith -Wdeclaration-after-statement -Werror=vla -Wendif-labels -Wmissing-format-attribute -Wimplicit-fallthrough=3 -Wcast-function-type -Wformat-security -fno-strict-aliasing -fwrapv -fexcess-precision=standard -Wno-format-truncation -Wno-stringop-truncation -g -O2 -I../../../src/include -D_GNU_SOURCE   -c -o nodeSort.o nodeSort.c
gcc -Wall -Wmissing-prototypes -Wpointer-arith -Wdeclaration-after-statement -Werror=vla -Wendif-labels -Wmissing-format-attribute -Wimplicit-fallthrough=3 -Wcast-function-type -Wformat-security -fno-strict-aliasing -fwrapv -fexcess-precision=standard -Wno-format-truncation -Wno-stringop-truncation -g -O2 -I../../../src/include -D_GNU_SOURCE   -c -o nodeSubplan.o nodeSubplan.c
gcc -Wall -Wmissing-prototypes -Wpointer-arith -Wdeclaration-after-statement -Werror=vla -Wendif-labels -Wmissing-format-attribute -Wimplicit-fallthrough=3 -Wcast-function-type -Wformat-security -fno-strict-aliasing -fwrapv -fexcess-precision=standard -Wno-format-truncation -Wno-stringop-truncation -g -O2 -I../../../src/include -D_GNU_SOURCE   -c -o nodeSubqueryscan.o nodeSubqueryscan.c
gcc -Wall -Wmissing-prototypes -Wpointer-arith -Wdeclaration-after-statement -Werror=vla -Wendif-labels -Wmissing-format-attribute -Wimplicit-fallthrough=3 -Wcast-function-type -Wformat-security -fno-strict-aliasing -fwrapv -fexcess-precision=standard -Wno-format-truncation -Wno-stringop-truncation -g -O2 -I../../../src/include -D_GNU_SOURCE   -c -o nodeTidrangescan.o nodeTidrangescan.c
gcc -Wall -Wmissing-prototypes -Wpointer-arith -Wdeclaration-after-statement -Werror=vla -Wendif-labels -Wmissing-format-attribute -Wimplicit-fallthrough=3 -Wcast-function-type -Wformat-security -fno-strict-aliasing -fwrapv -fexcess-precision=standard -Wno-format-truncation -Wno-stringop-truncation -g -O2 -I../../../src/include -D_GNU_SOURCE   -c -o nodeTidscan.o nodeTidscan.c
gcc -Wall -Wmissing-prototypes -Wpointer-arith -Wdeclaration-after-statement -Werror=vla -Wendif-labels -Wmissing-format-attribute -Wimplicit-fallthrough=3 -Wcast-function-type -Wformat-security -fno-strict-aliasing -fwrapv -fexcess-precision=standard -Wno-format-truncation -Wno-stringop-truncation -g -O2 -I../../../src/include -D_GNU_SOURCE   -c -o nodeUnique.o nodeUnique.c
gcc -Wall -Wmissing-prototypes -Wpointer-arith -Wdeclaration-after-statement -Werror=vla -Wendif-labels -Wmissing-format-attribute -Wimplicit-fallthrough=3 -Wcast-function-type -Wformat-security -fno-strict-aliasing -fwrapv -fexcess-precision=standard -Wno-format-truncation -Wno-stringop-truncation -g -O2 -I../../../src/include -D_GNU_SOURCE   -c -o nodeValuesscan.o nodeValuesscan.c
gcc -Wall -Wmissing-prototypes -Wpointer-arith -Wdeclaration-after-statement -Werror=vla -Wendif-labels -Wmissing-format-attribute -Wimplicit-fallthrough=3 -Wcast-function-type -Wformat-security -fno-strict-aliasing -fwrapv -fexcess-precision=standard -Wno-format-truncation -Wno-stringop-truncation -g -O2 -I../../../src/include -D_GNU_SOURCE   -c -o tqueue.o tqueue.c
gcc -Wall -Wmissing-prototypes -Wpointer-arith -Wdeclaration-after-statement -Werror=vla -Wendif-labels -Wmissing-format-attribute -Wimplicit-fallthrough=3 -Wcast-function-type -Wformat-security -fno-strict-aliasing -fwrapv -fexcess-precision=standard -Wno-format-truncation -Wno-stringop-truncation -g -O2 -I../../../src/include -D_GNU_SOURCE   -c -o tstoreReceiver.o tstoreReceiver.c
( echo src/backend/executor/execAmi.o src/backend/executor/execCurrent.o src/backend/executor/execExpr.o src/backend/executor/execExprInterp.o src/backend/executor/execGrouping.o src/backend/executor/execIndexing.o src/backend/executor/execJunk.o src/backend/executor/execMain.o src/backend/executor/execParallel.o src/backend/executor/execProcnode.o src/backend/executor/execSRF.o src/backend/executor/execScan.o src/backend/executor/execTuples.o src/backend/executor/execUtils.o src/backend/executor/functions.o src/backend/executor/instrument.o src/backend/executor/nodeAgg.o src/backend/executor/nodeAppend.o src/backend/executor/nodeBitmapAnd.o src/backend/executor/nodeBitmapHeapscan.o src/backend/executor/nodeBitmapIndexscan.o src/backend/executor/nodeBitmapOr.o src/backend/executor/nodeCustom.o src/backend/executor/nodeFunctionscan.o src/backend/executor/nodeGather.o src/backend/executor/nodeGatherMerge.o src/backend/executor/nodeGroup.o src/backend/executor/nodeHash.o src/backend/executor/nodeHashjoin.o src/backend/executor/nodeIncrementalSort.o src/backend/executor/nodeIndexonlyscan.o src/backend/executor/nodeIndexscan.o src/backend/executor/nodeLimit.o src/backend/executor/nodeLockRows.o src/backend/executor/nodeMaterial.o src/backend/executor/nodeMemoize.o src/backend/executor/nodeMergeAppend.o src/backend/executor/nodeMergejoin.o src/backend/executor/nodeModifyTable.o src/backend/executor/nodeNamedtuplestorescan.o src/backend/executor/nodeNestloop.o src/backend/executor/nodeProjectSet.o src/backend/executor/nodeResult.o src/backend/executor/nodeSamplescan.o src/backend/executor/nodeSeqscan.o src/backend/executor/spi.o src/backend/executor/nodeSort.o src/backend/executor/nodeSubplan.o src/backend/executor/nodeSubqueryscan.o src/backend/executor/nodeTidrangescan.o src/backend/executor/nodeTidscan.o src/backend/executor/nodeUnique.o src/backend/executor/nodeValuesscan.o src/backend/executor/tqueue.o src/backend/executor/tstoreReceiver.o ) >objfiles.txt
make[3]: Leaving directory '/home/postgres/works/my-github/minipg/src/backend/executor'
make -C lib all
make[3]: Entering directory '/home/postgres/works/my-github/minipg/src/backend/lib'
gcc -Wall -Wmissing-prototypes -Wpointer-arith -Wdeclaration-after-statement -Werror=vla -Wendif-labels -Wmissing-format-attribute -Wimplicit-fallthrough=3 -Wcast-function-type -Wformat-security -fno-strict-aliasing -fwrapv -fexcess-precision=standard -Wno-format-truncation -Wno-stringop-truncation -g -O2 -I../../../src/include -D_GNU_SOURCE   -c -o binaryheap.o binaryheap.c
gcc -Wall -Wmissing-prototypes -Wpointer-arith -Wdeclaration-after-statement -Werror=vla -Wendif-labels -Wmissing-format-attribute -Wimplicit-fallthrough=3 -Wcast-function-type -Wformat-security -fno-strict-aliasing -fwrapv -fexcess-precision=standard -Wno-format-truncation -Wno-stringop-truncation -g -O2 -I../../../src/include -D_GNU_SOURCE   -c -o bipartite_match.o bipartite_match.c
gcc -Wall -Wmissing-prototypes -Wpointer-arith -Wdeclaration-after-statement -Werror=vla -Wendif-labels -Wmissing-format-attribute -Wimplicit-fallthrough=3 -Wcast-function-type -Wformat-security -fno-strict-aliasing -fwrapv -fexcess-precision=standard -Wno-format-truncation -Wno-stringop-truncation -g -O2 -I../../../src/include -D_GNU_SOURCE   -c -o bloomfilter.o bloomfilter.c
gcc -Wall -Wmissing-prototypes -Wpointer-arith -Wdeclaration-after-statement -Werror=vla -Wendif-labels -Wmissing-format-attribute -Wimplicit-fallthrough=3 -Wcast-function-type -Wformat-security -fno-strict-aliasing -fwrapv -fexcess-precision=standard -Wno-format-truncation -Wno-stringop-truncation -g -O2 -I../../../src/include -D_GNU_SOURCE   -c -o dshash.o dshash.c
gcc -Wall -Wmissing-prototypes -Wpointer-arith -Wdeclaration-after-statement -Werror=vla -Wendif-labels -Wmissing-format-attribute -Wimplicit-fallthrough=3 -Wcast-function-type -Wformat-security -fno-strict-aliasing -fwrapv -fexcess-precision=standard -Wno-format-truncation -Wno-stringop-truncation -g -O2 -I../../../src/include -D_GNU_SOURCE   -c -o hyperloglog.o hyperloglog.c
gcc -Wall -Wmissing-prototypes -Wpointer-arith -Wdeclaration-after-statement -Werror=vla -Wendif-labels -Wmissing-format-attribute -Wimplicit-fallthrough=3 -Wcast-function-type -Wformat-security -fno-strict-aliasing -fwrapv -fexcess-precision=standard -Wno-format-truncation -Wno-stringop-truncation -g -O2 -I../../../src/include -D_GNU_SOURCE   -c -o ilist.o ilist.c
gcc -Wall -Wmissing-prototypes -Wpointer-arith -Wdeclaration-after-statement -Werror=vla -Wendif-labels -Wmissing-format-attribute -Wimplicit-fallthrough=3 -Wcast-function-type -Wformat-security -fno-strict-aliasing -fwrapv -fexcess-precision=standard -Wno-format-truncation -Wno-stringop-truncation -g -O2 -I../../../src/include -D_GNU_SOURCE   -c -o integerset.o integerset.c
gcc -Wall -Wmissing-prototypes -Wpointer-arith -Wdeclaration-after-statement -Werror=vla -Wendif-labels -Wmissing-format-attribute -Wimplicit-fallthrough=3 -Wcast-function-type -Wformat-security -fno-strict-aliasing -fwrapv -fexcess-precision=standard -Wno-format-truncation -Wno-stringop-truncation -g -O2 -I../../../src/include -D_GNU_SOURCE   -c -o knapsack.o knapsack.c
gcc -Wall -Wmissing-prototypes -Wpointer-arith -Wdeclaration-after-statement -Werror=vla -Wendif-labels -Wmissing-format-attribute -Wimplicit-fallthrough=3 -Wcast-function-type -Wformat-security -fno-strict-aliasing -fwrapv -fexcess-precision=standard -Wno-format-truncation -Wno-stringop-truncation -g -O2 -I../../../src/include -D_GNU_SOURCE   -c -o pairingheap.o pairingheap.c
gcc -Wall -Wmissing-prototypes -Wpointer-arith -Wdeclaration-after-statement -Werror=vla -Wendif-labels -Wmissing-format-attribute -Wimplicit-fallthrough=3 -Wcast-function-type -Wformat-security -fno-strict-aliasing -fwrapv -fexcess-precision=standard -Wno-format-truncation -Wno-stringop-truncation -g -O2 -I../../../src/include -D_GNU_SOURCE   -c -o rbtree.o rbtree.c
( echo src/backend/lib/binaryheap.o src/backend/lib/bipartite_match.o src/backend/lib/bloomfilter.o src/backend/lib/dshash.o src/backend/lib/hyperloglog.o src/backend/lib/ilist.o src/backend/lib/integerset.o src/backend/lib/knapsack.o src/backend/lib/pairingheap.o src/backend/lib/rbtree.o ) >objfiles.txt
make[3]: Leaving directory '/home/postgres/works/my-github/minipg/src/backend/lib'
make -C libpq all
make[3]: Entering directory '/home/postgres/works/my-github/minipg/src/backend/libpq'
gcc -Wall -Wmissing-prototypes -Wpointer-arith -Wdeclaration-after-statement -Werror=vla -Wendif-labels -Wmissing-format-attribute -Wimplicit-fallthrough=3 -Wcast-function-type -Wformat-security -fno-strict-aliasing -fwrapv -fexcess-precision=standard -Wno-format-truncation -Wno-stringop-truncation -g -O2 -I../../../src/include -D_GNU_SOURCE   -c -o auth.o auth.c
gcc -Wall -Wmissing-prototypes -Wpointer-arith -Wdeclaration-after-statement -Werror=vla -Wendif-labels -Wmissing-format-attribute -Wimplicit-fallthrough=3 -Wcast-function-type -Wformat-security -fno-strict-aliasing -fwrapv -fexcess-precision=standard -Wno-format-truncation -Wno-stringop-truncation -g -O2 -I../../../src/include -D_GNU_SOURCE   -c -o be-secure.o be-secure.c
gcc -Wall -Wmissing-prototypes -Wpointer-arith -Wdeclaration-after-statement -Werror=vla -Wendif-labels -Wmissing-format-attribute -Wimplicit-fallthrough=3 -Wcast-function-type -Wformat-security -fno-strict-aliasing -fwrapv -fexcess-precision=standard -Wno-format-truncation -Wno-stringop-truncation -g -O2 -I../../../src/include -D_GNU_SOURCE   -c -o ifaddr.o ifaddr.c
gcc -Wall -Wmissing-prototypes -Wpointer-arith -Wdeclaration-after-statement -Werror=vla -Wendif-labels -Wmissing-format-attribute -Wimplicit-fallthrough=3 -Wcast-function-type -Wformat-security -fno-strict-aliasing -fwrapv -fexcess-precision=standard -Wno-format-truncation -Wno-stringop-truncation -g -O2 -I../../../src/include -D_GNU_SOURCE   -c -o pqcomm.o pqcomm.c
gcc -Wall -Wmissing-prototypes -Wpointer-arith -Wdeclaration-after-statement -Werror=vla -Wendif-labels -Wmissing-format-attribute -Wimplicit-fallthrough=3 -Wcast-function-type -Wformat-security -fno-strict-aliasing -fwrapv -fexcess-precision=standard -Wno-format-truncation -Wno-stringop-truncation -g -O2 -I../../../src/include -D_GNU_SOURCE   -c -o pqformat.o pqformat.c
gcc -Wall -Wmissing-prototypes -Wpointer-arith -Wdeclaration-after-statement -Werror=vla -Wendif-labels -Wmissing-format-attribute -Wimplicit-fallthrough=3 -Wcast-function-type -Wformat-security -fno-strict-aliasing -fwrapv -fexcess-precision=standard -Wno-format-truncation -Wno-stringop-truncation -g -O2 -I../../../src/include -D_GNU_SOURCE   -c -o pqmq.o pqmq.c
gcc -Wall -Wmissing-prototypes -Wpointer-arith -Wdeclaration-after-statement -Werror=vla -Wendif-labels -Wmissing-format-attribute -Wimplicit-fallthrough=3 -Wcast-function-type -Wformat-security -fno-strict-aliasing -fwrapv -fexcess-precision=standard -Wno-format-truncation -Wno-stringop-truncation -g -O2 -I../../../src/include -D_GNU_SOURCE   -c -o pqsignal.o pqsignal.c
( echo src/backend/libpq/auth.o src/backend/libpq/be-secure.o src/backend/libpq/ifaddr.o src/backend/libpq/pqcomm.o src/backend/libpq/pqformat.o src/backend/libpq/pqmq.o src/backend/libpq/pqsignal.o ) >objfiles.txt
make[3]: Leaving directory '/home/postgres/works/my-github/minipg/src/backend/libpq'
make -C main all
make[3]: Entering directory '/home/postgres/works/my-github/minipg/src/backend/main'
gcc -Wall -Wmissing-prototypes -Wpointer-arith -Wdeclaration-after-statement -Werror=vla -Wendif-labels -Wmissing-format-attribute -Wimplicit-fallthrough=3 -Wcast-function-type -Wformat-security -fno-strict-aliasing -fwrapv -fexcess-precision=standard -Wno-format-truncation -Wno-stringop-truncation -g -O2 -I../../../src/include -D_GNU_SOURCE   -c -o main.o main.c
( echo src/backend/main/main.o ) >objfiles.txt
make[3]: Leaving directory '/home/postgres/works/my-github/minipg/src/backend/main'
make -C nodes all
make[3]: Entering directory '/home/postgres/works/my-github/minipg/src/backend/nodes'
gcc -Wall -Wmissing-prototypes -Wpointer-arith -Wdeclaration-after-statement -Werror=vla -Wendif-labels -Wmissing-format-attribute -Wimplicit-fallthrough=3 -Wcast-function-type -Wformat-security -fno-strict-aliasing -fwrapv -fexcess-precision=standard -Wno-format-truncation -Wno-stringop-truncation -g -O2 -I../../../src/include -D_GNU_SOURCE   -c -o bitmapset.o bitmapset.c
gcc -Wall -Wmissing-prototypes -Wpointer-arith -Wdeclaration-after-statement -Werror=vla -Wendif-labels -Wmissing-format-attribute -Wimplicit-fallthrough=3 -Wcast-function-type -Wformat-security -fno-strict-aliasing -fwrapv -fexcess-precision=standard -Wno-format-truncation -Wno-stringop-truncation -g -O2 -I../../../src/include -D_GNU_SOURCE   -c -o copyfuncs.o copyfuncs.c
gcc -Wall -Wmissing-prototypes -Wpointer-arith -Wdeclaration-after-statement -Werror=vla -Wendif-labels -Wmissing-format-attribute -Wimplicit-fallthrough=3 -Wcast-function-type -Wformat-security -fno-strict-aliasing -fwrapv -fexcess-precision=standard -Wno-format-truncation -Wno-stringop-truncation -g -O2 -I../../../src/include -D_GNU_SOURCE   -c -o equalfuncs.o equalfuncs.c
gcc -Wall -Wmissing-prototypes -Wpointer-arith -Wdeclaration-after-statement -Werror=vla -Wendif-labels -Wmissing-format-attribute -Wimplicit-fallthrough=3 -Wcast-function-type -Wformat-security -fno-strict-aliasing -fwrapv -fexcess-precision=standard -Wno-format-truncation -Wno-stringop-truncation -g -O2 -I../../../src/include -D_GNU_SOURCE   -c -o extensible.o extensible.c
gcc -Wall -Wmissing-prototypes -Wpointer-arith -Wdeclaration-after-statement -Werror=vla -Wendif-labels -Wmissing-format-attribute -Wimplicit-fallthrough=3 -Wcast-function-type -Wformat-security -fno-strict-aliasing -fwrapv -fexcess-precision=standard -Wno-format-truncation -Wno-stringop-truncation -g -O2 -I../../../src/include -D_GNU_SOURCE   -c -o list.o list.c
gcc -Wall -Wmissing-prototypes -Wpointer-arith -Wdeclaration-after-statement -Werror=vla -Wendif-labels -Wmissing-format-attribute -Wimplicit-fallthrough=3 -Wcast-function-type -Wformat-security -fno-strict-aliasing -fwrapv -fexcess-precision=standard -Wno-format-truncation -Wno-stringop-truncation -g -O2 -I../../../src/include -D_GNU_SOURCE   -c -o makefuncs.o makefuncs.c
gcc -Wall -Wmissing-prototypes -Wpointer-arith -Wdeclaration-after-statement -Werror=vla -Wendif-labels -Wmissing-format-attribute -Wimplicit-fallthrough=3 -Wcast-function-type -Wformat-security -fno-strict-aliasing -fwrapv -fexcess-precision=standard -Wno-format-truncation -Wno-stringop-truncation -g -O2 -I../../../src/include -D_GNU_SOURCE   -c -o nodeFuncs.o nodeFuncs.c
gcc -Wall -Wmissing-prototypes -Wpointer-arith -Wdeclaration-after-statement -Werror=vla -Wendif-labels -Wmissing-format-attribute -Wimplicit-fallthrough=3 -Wcast-function-type -Wformat-security -fno-strict-aliasing -fwrapv -fexcess-precision=standard -Wno-format-truncation -Wno-stringop-truncation -g -O2 -I../../../src/include -D_GNU_SOURCE   -c -o nodes.o nodes.c
gcc -Wall -Wmissing-prototypes -Wpointer-arith -Wdeclaration-after-statement -Werror=vla -Wendif-labels -Wmissing-format-attribute -Wimplicit-fallthrough=3 -Wcast-function-type -Wformat-security -fno-strict-aliasing -fwrapv -fexcess-precision=standard -Wno-format-truncation -Wno-stringop-truncation -g -O2 -I../../../src/include -D_GNU_SOURCE   -c -o outfuncs.o outfuncs.c
gcc -Wall -Wmissing-prototypes -Wpointer-arith -Wdeclaration-after-statement -Werror=vla -Wendif-labels -Wmissing-format-attribute -Wimplicit-fallthrough=3 -Wcast-function-type -Wformat-security -fno-strict-aliasing -fwrapv -fexcess-precision=standard -Wno-format-truncation -Wno-stringop-truncation -g -O2 -I../../../src/include -D_GNU_SOURCE   -c -o params.o params.c
gcc -Wall -Wmissing-prototypes -Wpointer-arith -Wdeclaration-after-statement -Werror=vla -Wendif-labels -Wmissing-format-attribute -Wimplicit-fallthrough=3 -Wcast-function-type -Wformat-security -fno-strict-aliasing -fwrapv -fexcess-precision=standard -Wno-format-truncation -Wno-stringop-truncation -g -O2 -I../../../src/include -D_GNU_SOURCE   -c -o print.o print.c
gcc -Wall -Wmissing-prototypes -Wpointer-arith -Wdeclaration-after-statement -Werror=vla -Wendif-labels -Wmissing-format-attribute -Wimplicit-fallthrough=3 -Wcast-function-type -Wformat-security -fno-strict-aliasing -fwrapv -fexcess-precision=standard -Wno-format-truncation -Wno-stringop-truncation -g -O2 -I../../../src/include -D_GNU_SOURCE   -c -o read.o read.c
gcc -Wall -Wmissing-prototypes -Wpointer-arith -Wdeclaration-after-statement -Werror=vla -Wendif-labels -Wmissing-format-attribute -Wimplicit-fallthrough=3 -Wcast-function-type -Wformat-security -fno-strict-aliasing -fwrapv -fexcess-precision=standard -Wno-format-truncation -Wno-stringop-truncation -g -O2 -I../../../src/include -D_GNU_SOURCE   -c -o readfuncs.o readfuncs.c
gcc -Wall -Wmissing-prototypes -Wpointer-arith -Wdeclaration-after-statement -Werror=vla -Wendif-labels -Wmissing-format-attribute -Wimplicit-fallthrough=3 -Wcast-function-type -Wformat-security -fno-strict-aliasing -fwrapv -fexcess-precision=standard -Wno-format-truncation -Wno-stringop-truncation -g -O2 -I../../../src/include -D_GNU_SOURCE   -c -o tidbitmap.o tidbitmap.c
gcc -Wall -Wmissing-prototypes -Wpointer-arith -Wdeclaration-after-statement -Werror=vla -Wendif-labels -Wmissing-format-attribute -Wimplicit-fallthrough=3 -Wcast-function-type -Wformat-security -fno-strict-aliasing -fwrapv -fexcess-precision=standard -Wno-format-truncation -Wno-stringop-truncation -g -O2 -I../../../src/include -D_GNU_SOURCE   -c -o value.o value.c
( echo src/backend/nodes/bitmapset.o src/backend/nodes/copyfuncs.o src/backend/nodes/equalfuncs.o src/backend/nodes/extensible.o src/backend/nodes/list.o src/backend/nodes/makefuncs.o src/backend/nodes/nodeFuncs.o src/backend/nodes/nodes.o src/backend/nodes/outfuncs.o src/backend/nodes/params.o src/backend/nodes/print.o src/backend/nodes/read.o src/backend/nodes/readfuncs.o src/backend/nodes/tidbitmap.o src/backend/nodes/value.o ) >objfiles.txt
make[3]: Leaving directory '/home/postgres/works/my-github/minipg/src/backend/nodes'
make -C optimizer all
make[3]: Entering directory '/home/postgres/works/my-github/minipg/src/backend/optimizer'
make -C path all
make[4]: Entering directory '/home/postgres/works/my-github/minipg/src/backend/optimizer/path'
gcc -Wall -Wmissing-prototypes -Wpointer-arith -Wdeclaration-after-statement -Werror=vla -Wendif-labels -Wmissing-format-attribute -Wimplicit-fallthrough=3 -Wcast-function-type -Wformat-security -fno-strict-aliasing -fwrapv -fexcess-precision=standard -Wno-format-truncation -Wno-stringop-truncation -g -O2 -I../../../../src/include -D_GNU_SOURCE   -c -o allpaths.o allpaths.c
gcc -Wall -Wmissing-prototypes -Wpointer-arith -Wdeclaration-after-statement -Werror=vla -Wendif-labels -Wmissing-format-attribute -Wimplicit-fallthrough=3 -Wcast-function-type -Wformat-security -fno-strict-aliasing -fwrapv -fexcess-precision=standard -Wno-format-truncation -Wno-stringop-truncation -g -O2 -I../../../../src/include -D_GNU_SOURCE   -c -o clausesel.o clausesel.c
gcc -Wall -Wmissing-prototypes -Wpointer-arith -Wdeclaration-after-statement -Werror=vla -Wendif-labels -Wmissing-format-attribute -Wimplicit-fallthrough=3 -Wcast-function-type -Wformat-security -fno-strict-aliasing -fwrapv -fexcess-precision=standard -Wno-format-truncation -Wno-stringop-truncation -g -O2 -I../../../../src/include -D_GNU_SOURCE   -c -o costsize.o costsize.c
gcc -Wall -Wmissing-prototypes -Wpointer-arith -Wdeclaration-after-statement -Werror=vla -Wendif-labels -Wmissing-format-attribute -Wimplicit-fallthrough=3 -Wcast-function-type -Wformat-security -fno-strict-aliasing -fwrapv -fexcess-precision=standard -Wno-format-truncation -Wno-stringop-truncation -g -O2 -I../../../../src/include -D_GNU_SOURCE   -c -o equivclass.o equivclass.c
gcc -Wall -Wmissing-prototypes -Wpointer-arith -Wdeclaration-after-statement -Werror=vla -Wendif-labels -Wmissing-format-attribute -Wimplicit-fallthrough=3 -Wcast-function-type -Wformat-security -fno-strict-aliasing -fwrapv -fexcess-precision=standard -Wno-format-truncation -Wno-stringop-truncation -g -O2 -I../../../../src/include -D_GNU_SOURCE   -c -o indxpath.o indxpath.c
gcc -Wall -Wmissing-prototypes -Wpointer-arith -Wdeclaration-after-statement -Werror=vla -Wendif-labels -Wmissing-format-attribute -Wimplicit-fallthrough=3 -Wcast-function-type -Wformat-security -fno-strict-aliasing -fwrapv -fexcess-precision=standard -Wno-format-truncation -Wno-stringop-truncation -g -O2 -I../../../../src/include -D_GNU_SOURCE   -c -o joinpath.o joinpath.c
gcc -Wall -Wmissing-prototypes -Wpointer-arith -Wdeclaration-after-statement -Werror=vla -Wendif-labels -Wmissing-format-attribute -Wimplicit-fallthrough=3 -Wcast-function-type -Wformat-security -fno-strict-aliasing -fwrapv -fexcess-precision=standard -Wno-format-truncation -Wno-stringop-truncation -g -O2 -I../../../../src/include -D_GNU_SOURCE   -c -o joinrels.o joinrels.c
gcc -Wall -Wmissing-prototypes -Wpointer-arith -Wdeclaration-after-statement -Werror=vla -Wendif-labels -Wmissing-format-attribute -Wimplicit-fallthrough=3 -Wcast-function-type -Wformat-security -fno-strict-aliasing -fwrapv -fexcess-precision=standard -Wno-format-truncation -Wno-stringop-truncation -g -O2 -I../../../../src/include -D_GNU_SOURCE   -c -o pathkeys.o pathkeys.c
gcc -Wall -Wmissing-prototypes -Wpointer-arith -Wdeclaration-after-statement -Werror=vla -Wendif-labels -Wmissing-format-attribute -Wimplicit-fallthrough=3 -Wcast-function-type -Wformat-security -fno-strict-aliasing -fwrapv -fexcess-precision=standard -Wno-format-truncation -Wno-stringop-truncation -g -O2 -I../../../../src/include -D_GNU_SOURCE   -c -o tidpath.o tidpath.c
( echo src/backend/optimizer/path/allpaths.o src/backend/optimizer/path/clausesel.o src/backend/optimizer/path/costsize.o src/backend/optimizer/path/equivclass.o src/backend/optimizer/path/indxpath.o src/backend/optimizer/path/joinpath.o src/backend/optimizer/path/joinrels.o src/backend/optimizer/path/pathkeys.o src/backend/optimizer/path/tidpath.o ) >objfiles.txt
make[4]: Leaving directory '/home/postgres/works/my-github/minipg/src/backend/optimizer/path'
make -C plan all
make[4]: Entering directory '/home/postgres/works/my-github/minipg/src/backend/optimizer/plan'
gcc -Wall -Wmissing-prototypes -Wpointer-arith -Wdeclaration-after-statement -Werror=vla -Wendif-labels -Wmissing-format-attribute -Wimplicit-fallthrough=3 -Wcast-function-type -Wformat-security -fno-strict-aliasing -fwrapv -fexcess-precision=standard -Wno-format-truncation -Wno-stringop-truncation -g -O2 -I../../../../src/include -D_GNU_SOURCE   -c -o analyzejoins.o analyzejoins.c
gcc -Wall -Wmissing-prototypes -Wpointer-arith -Wdeclaration-after-statement -Werror=vla -Wendif-labels -Wmissing-format-attribute -Wimplicit-fallthrough=3 -Wcast-function-type -Wformat-security -fno-strict-aliasing -fwrapv -fexcess-precision=standard -Wno-format-truncation -Wno-stringop-truncation -g -O2 -I../../../../src/include -D_GNU_SOURCE   -c -o createplan.o createplan.c
gcc -Wall -Wmissing-prototypes -Wpointer-arith -Wdeclaration-after-statement -Werror=vla -Wendif-labels -Wmissing-format-attribute -Wimplicit-fallthrough=3 -Wcast-function-type -Wformat-security -fno-strict-aliasing -fwrapv -fexcess-precision=standard -Wno-format-truncation -Wno-stringop-truncation -g -O2 -I../../../../src/include -D_GNU_SOURCE   -c -o initsplan.o initsplan.c
gcc -Wall -Wmissing-prototypes -Wpointer-arith -Wdeclaration-after-statement -Werror=vla -Wendif-labels -Wmissing-format-attribute -Wimplicit-fallthrough=3 -Wcast-function-type -Wformat-security -fno-strict-aliasing -fwrapv -fexcess-precision=standard -Wno-format-truncation -Wno-stringop-truncation -g -O2 -I../../../../src/include -D_GNU_SOURCE   -c -o planagg.o planagg.c
gcc -Wall -Wmissing-prototypes -Wpointer-arith -Wdeclaration-after-statement -Werror=vla -Wendif-labels -Wmissing-format-attribute -Wimplicit-fallthrough=3 -Wcast-function-type -Wformat-security -fno-strict-aliasing -fwrapv -fexcess-precision=standard -Wno-format-truncation -Wno-stringop-truncation -g -O2 -I../../../../src/include -D_GNU_SOURCE   -c -o planmain.o planmain.c
gcc -Wall -Wmissing-prototypes -Wpointer-arith -Wdeclaration-after-statement -Werror=vla -Wendif-labels -Wmissing-format-attribute -Wimplicit-fallthrough=3 -Wcast-function-type -Wformat-security -fno-strict-aliasing -fwrapv -fexcess-precision=standard -Wno-format-truncation -Wno-stringop-truncation -g -O2 -I../../../../src/include -D_GNU_SOURCE   -c -o planner.o planner.c
gcc -Wall -Wmissing-prototypes -Wpointer-arith -Wdeclaration-after-statement -Werror=vla -Wendif-labels -Wmissing-format-attribute -Wimplicit-fallthrough=3 -Wcast-function-type -Wformat-security -fno-strict-aliasing -fwrapv -fexcess-precision=standard -Wno-format-truncation -Wno-stringop-truncation -g -O2 -I../../../../src/include -D_GNU_SOURCE   -c -o setrefs.o setrefs.c
gcc -Wall -Wmissing-prototypes -Wpointer-arith -Wdeclaration-after-statement -Werror=vla -Wendif-labels -Wmissing-format-attribute -Wimplicit-fallthrough=3 -Wcast-function-type -Wformat-security -fno-strict-aliasing -fwrapv -fexcess-precision=standard -Wno-format-truncation -Wno-stringop-truncation -g -O2 -I../../../../src/include -D_GNU_SOURCE   -c -o subselect.o subselect.c
( echo src/backend/optimizer/plan/analyzejoins.o src/backend/optimizer/plan/createplan.o src/backend/optimizer/plan/initsplan.o src/backend/optimizer/plan/planagg.o src/backend/optimizer/plan/planmain.o src/backend/optimizer/plan/planner.o src/backend/optimizer/plan/setrefs.o src/backend/optimizer/plan/subselect.o ) >objfiles.txt
make[4]: Leaving directory '/home/postgres/works/my-github/minipg/src/backend/optimizer/plan'
make -C prep all
make[4]: Entering directory '/home/postgres/works/my-github/minipg/src/backend/optimizer/prep'
gcc -Wall -Wmissing-prototypes -Wpointer-arith -Wdeclaration-after-statement -Werror=vla -Wendif-labels -Wmissing-format-attribute -Wimplicit-fallthrough=3 -Wcast-function-type -Wformat-security -fno-strict-aliasing -fwrapv -fexcess-precision=standard -Wno-format-truncation -Wno-stringop-truncation -g -O2 -I../../../../src/include -D_GNU_SOURCE   -c -o prepagg.o prepagg.c
gcc -Wall -Wmissing-prototypes -Wpointer-arith -Wdeclaration-after-statement -Werror=vla -Wendif-labels -Wmissing-format-attribute -Wimplicit-fallthrough=3 -Wcast-function-type -Wformat-security -fno-strict-aliasing -fwrapv -fexcess-precision=standard -Wno-format-truncation -Wno-stringop-truncation -g -O2 -I../../../../src/include -D_GNU_SOURCE   -c -o prepjointree.o prepjointree.c
gcc -Wall -Wmissing-prototypes -Wpointer-arith -Wdeclaration-after-statement -Werror=vla -Wendif-labels -Wmissing-format-attribute -Wimplicit-fallthrough=3 -Wcast-function-type -Wformat-security -fno-strict-aliasing -fwrapv -fexcess-precision=standard -Wno-format-truncation -Wno-stringop-truncation -g -O2 -I../../../../src/include -D_GNU_SOURCE   -c -o prepqual.o prepqual.c
gcc -Wall -Wmissing-prototypes -Wpointer-arith -Wdeclaration-after-statement -Werror=vla -Wendif-labels -Wmissing-format-attribute -Wimplicit-fallthrough=3 -Wcast-function-type -Wformat-security -fno-strict-aliasing -fwrapv -fexcess-precision=standard -Wno-format-truncation -Wno-stringop-truncation -g -O2 -I../../../../src/include -D_GNU_SOURCE   -c -o preptlist.o preptlist.c
( echo src/backend/optimizer/prep/prepagg.o src/backend/optimizer/prep/prepjointree.o src/backend/optimizer/prep/prepqual.o src/backend/optimizer/prep/preptlist.o ) >objfiles.txt
make[4]: Leaving directory '/home/postgres/works/my-github/minipg/src/backend/optimizer/prep'
make -C util all
make[4]: Entering directory '/home/postgres/works/my-github/minipg/src/backend/optimizer/util'
gcc -Wall -Wmissing-prototypes -Wpointer-arith -Wdeclaration-after-statement -Werror=vla -Wendif-labels -Wmissing-format-attribute -Wimplicit-fallthrough=3 -Wcast-function-type -Wformat-security -fno-strict-aliasing -fwrapv -fexcess-precision=standard -Wno-format-truncation -Wno-stringop-truncation -g -O2 -I../../../../src/include -D_GNU_SOURCE   -c -o appendinfo.o appendinfo.c
gcc -Wall -Wmissing-prototypes -Wpointer-arith -Wdeclaration-after-statement -Werror=vla -Wendif-labels -Wmissing-format-attribute -Wimplicit-fallthrough=3 -Wcast-function-type -Wformat-security -fno-strict-aliasing -fwrapv -fexcess-precision=standard -Wno-format-truncation -Wno-stringop-truncation -g -O2 -I../../../../src/include -D_GNU_SOURCE   -c -o clauses.o clauses.c
gcc -Wall -Wmissing-prototypes -Wpointer-arith -Wdeclaration-after-statement -Werror=vla -Wendif-labels -Wmissing-format-attribute -Wimplicit-fallthrough=3 -Wcast-function-type -Wformat-security -fno-strict-aliasing -fwrapv -fexcess-precision=standard -Wno-format-truncation -Wno-stringop-truncation -g -O2 -I../../../../src/include -D_GNU_SOURCE   -c -o joininfo.o joininfo.c
gcc -Wall -Wmissing-prototypes -Wpointer-arith -Wdeclaration-after-statement -Werror=vla -Wendif-labels -Wmissing-format-attribute -Wimplicit-fallthrough=3 -Wcast-function-type -Wformat-security -fno-strict-aliasing -fwrapv -fexcess-precision=standard -Wno-format-truncation -Wno-stringop-truncation -g -O2 -I../../../../src/include -D_GNU_SOURCE   -c -o orclauses.o orclauses.c
gcc -Wall -Wmissing-prototypes -Wpointer-arith -Wdeclaration-after-statement -Werror=vla -Wendif-labels -Wmissing-format-attribute -Wimplicit-fallthrough=3 -Wcast-function-type -Wformat-security -fno-strict-aliasing -fwrapv -fexcess-precision=standard -Wno-format-truncation -Wno-stringop-truncation -g -O2 -I../../../../src/include -D_GNU_SOURCE   -c -o paramassign.o paramassign.c
gcc -Wall -Wmissing-prototypes -Wpointer-arith -Wdeclaration-after-statement -Werror=vla -Wendif-labels -Wmissing-format-attribute -Wimplicit-fallthrough=3 -Wcast-function-type -Wformat-security -fno-strict-aliasing -fwrapv -fexcess-precision=standard -Wno-format-truncation -Wno-stringop-truncation -g -O2 -I../../../../src/include -D_GNU_SOURCE   -c -o pathnode.o pathnode.c
gcc -Wall -Wmissing-prototypes -Wpointer-arith -Wdeclaration-after-statement -Werror=vla -Wendif-labels -Wmissing-format-attribute -Wimplicit-fallthrough=3 -Wcast-function-type -Wformat-security -fno-strict-aliasing -fwrapv -fexcess-precision=standard -Wno-format-truncation -Wno-stringop-truncation -g -O2 -I../../../../src/include -D_GNU_SOURCE   -c -o placeholder.o placeholder.c
gcc -Wall -Wmissing-prototypes -Wpointer-arith -Wdeclaration-after-statement -Werror=vla -Wendif-labels -Wmissing-format-attribute -Wimplicit-fallthrough=3 -Wcast-function-type -Wformat-security -fno-strict-aliasing -fwrapv -fexcess-precision=standard -Wno-format-truncation -Wno-stringop-truncation -g -O2 -I../../../../src/include -D_GNU_SOURCE   -c -o plancat.o plancat.c
gcc -Wall -Wmissing-prototypes -Wpointer-arith -Wdeclaration-after-statement -Werror=vla -Wendif-labels -Wmissing-format-attribute -Wimplicit-fallthrough=3 -Wcast-function-type -Wformat-security -fno-strict-aliasing -fwrapv -fexcess-precision=standard -Wno-format-truncation -Wno-stringop-truncation -g -O2 -I../../../../src/include -D_GNU_SOURCE   -c -o predtest.o predtest.c
gcc -Wall -Wmissing-prototypes -Wpointer-arith -Wdeclaration-after-statement -Werror=vla -Wendif-labels -Wmissing-format-attribute -Wimplicit-fallthrough=3 -Wcast-function-type -Wformat-security -fno-strict-aliasing -fwrapv -fexcess-precision=standard -Wno-format-truncation -Wno-stringop-truncation -g -O2 -I../../../../src/include -D_GNU_SOURCE   -c -o relnode.o relnode.c
gcc -Wall -Wmissing-prototypes -Wpointer-arith -Wdeclaration-after-statement -Werror=vla -Wendif-labels -Wmissing-format-attribute -Wimplicit-fallthrough=3 -Wcast-function-type -Wformat-security -fno-strict-aliasing -fwrapv -fexcess-precision=standard -Wno-format-truncation -Wno-stringop-truncation -g -O2 -I../../../../src/include -D_GNU_SOURCE   -c -o restrictinfo.o restrictinfo.c
gcc -Wall -Wmissing-prototypes -Wpointer-arith -Wdeclaration-after-statement -Werror=vla -Wendif-labels -Wmissing-format-attribute -Wimplicit-fallthrough=3 -Wcast-function-type -Wformat-security -fno-strict-aliasing -fwrapv -fexcess-precision=standard -Wno-format-truncation -Wno-stringop-truncation -g -O2 -I../../../../src/include -D_GNU_SOURCE   -c -o tlist.o tlist.c
gcc -Wall -Wmissing-prototypes -Wpointer-arith -Wdeclaration-after-statement -Werror=vla -Wendif-labels -Wmissing-format-attribute -Wimplicit-fallthrough=3 -Wcast-function-type -Wformat-security -fno-strict-aliasing -fwrapv -fexcess-precision=standard -Wno-format-truncation -Wno-stringop-truncation -g -O2 -I../../../../src/include -D_GNU_SOURCE   -c -o var.o var.c
( echo src/backend/optimizer/util/appendinfo.o src/backend/optimizer/util/clauses.o src/backend/optimizer/util/joininfo.o src/backend/optimizer/util/orclauses.o src/backend/optimizer/util/paramassign.o src/backend/optimizer/util/pathnode.o src/backend/optimizer/util/placeholder.o src/backend/optimizer/util/plancat.o src/backend/optimizer/util/predtest.o src/backend/optimizer/util/relnode.o src/backend/optimizer/util/restrictinfo.o src/backend/optimizer/util/tlist.o src/backend/optimizer/util/var.o ) >objfiles.txt
make[4]: Leaving directory '/home/postgres/works/my-github/minipg/src/backend/optimizer/util'
( cat path/objfiles.txt plan/objfiles.txt prep/objfiles.txt util/objfiles.txt; echo  ) >objfiles.txt
make[3]: Leaving directory '/home/postgres/works/my-github/minipg/src/backend/optimizer'
make -C port all
make[3]: Entering directory '/home/postgres/works/my-github/minipg/src/backend/port'
gcc -Wall -Wmissing-prototypes -Wpointer-arith -Wdeclaration-after-statement -Werror=vla -Wendif-labels -Wmissing-format-attribute -Wimplicit-fallthrough=3 -Wcast-function-type -Wformat-security -fno-strict-aliasing -fwrapv -fexcess-precision=standard -Wno-format-truncation -Wno-stringop-truncation -g -O2 -I../../../src/include -D_GNU_SOURCE   -c -o atomics.o atomics.c
gcc -Wall -Wmissing-prototypes -Wpointer-arith -Wdeclaration-after-statement -Werror=vla -Wendif-labels -Wmissing-format-attribute -Wimplicit-fallthrough=3 -Wcast-function-type -Wformat-security -fno-strict-aliasing -fwrapv -fexcess-precision=standard -Wno-format-truncation -Wno-stringop-truncation -g -O2 -I../../../src/include -D_GNU_SOURCE   -c -o pg_sema.o pg_sema.c
gcc -Wall -Wmissing-prototypes -Wpointer-arith -Wdeclaration-after-statement -Werror=vla -Wendif-labels -Wmissing-format-attribute -Wimplicit-fallthrough=3 -Wcast-function-type -Wformat-security -fno-strict-aliasing -fwrapv -fexcess-precision=standard -Wno-format-truncation -Wno-stringop-truncation -g -O2 -I../../../src/include -D_GNU_SOURCE   -c -o pg_shmem.o pg_shmem.c
( echo src/backend/port/atomics.o src/backend/port/pg_sema.o src/backend/port/pg_shmem.o ) >objfiles.txt
make[3]: Leaving directory '/home/postgres/works/my-github/minipg/src/backend/port'
make -C postmaster all
make[3]: Entering directory '/home/postgres/works/my-github/minipg/src/backend/postmaster'
gcc -Wall -Wmissing-prototypes -Wpointer-arith -Wdeclaration-after-statement -Werror=vla -Wendif-labels -Wmissing-format-attribute -Wimplicit-fallthrough=3 -Wcast-function-type -Wformat-security -fno-strict-aliasing -fwrapv -fexcess-precision=standard -Wno-format-truncation -Wno-stringop-truncation -g -O2 -I../../../src/include -D_GNU_SOURCE   -c -o autovacuum.o autovacuum.c
gcc -Wall -Wmissing-prototypes -Wpointer-arith -Wdeclaration-after-statement -Werror=vla -Wendif-labels -Wmissing-format-attribute -Wimplicit-fallthrough=3 -Wcast-function-type -Wformat-security -fno-strict-aliasing -fwrapv -fexcess-precision=standard -Wno-format-truncation -Wno-stringop-truncation -g -O2 -I../../../src/include -D_GNU_SOURCE   -c -o bgworker.o bgworker.c
gcc -Wall -Wmissing-prototypes -Wpointer-arith -Wdeclaration-after-statement -Werror=vla -Wendif-labels -Wmissing-format-attribute -Wimplicit-fallthrough=3 -Wcast-function-type -Wformat-security -fno-strict-aliasing -fwrapv -fexcess-precision=standard -Wno-format-truncation -Wno-stringop-truncation -g -O2 -I../../../src/include -D_GNU_SOURCE   -c -o bgwriter.o bgwriter.c
gcc -Wall -Wmissing-prototypes -Wpointer-arith -Wdeclaration-after-statement -Werror=vla -Wendif-labels -Wmissing-format-attribute -Wimplicit-fallthrough=3 -Wcast-function-type -Wformat-security -fno-strict-aliasing -fwrapv -fexcess-precision=standard -Wno-format-truncation -Wno-stringop-truncation -g -O2 -I../../../src/include -D_GNU_SOURCE   -c -o checkpointer.o checkpointer.c
gcc -Wall -Wmissing-prototypes -Wpointer-arith -Wdeclaration-after-statement -Werror=vla -Wendif-labels -Wmissing-format-attribute -Wimplicit-fallthrough=3 -Wcast-function-type -Wformat-security -fno-strict-aliasing -fwrapv -fexcess-precision=standard -Wno-format-truncation -Wno-stringop-truncation -g -O2 -I../../../src/include -D_GNU_SOURCE   -c -o fork_process.o fork_process.c
gcc -Wall -Wmissing-prototypes -Wpointer-arith -Wdeclaration-after-statement -Werror=vla -Wendif-labels -Wmissing-format-attribute -Wimplicit-fallthrough=3 -Wcast-function-type -Wformat-security -fno-strict-aliasing -fwrapv -fexcess-precision=standard -Wno-format-truncation -Wno-stringop-truncation -g -O2 -I../../../src/include -D_GNU_SOURCE   -c -o interrupt.o interrupt.c
gcc -Wall -Wmissing-prototypes -Wpointer-arith -Wdeclaration-after-statement -Werror=vla -Wendif-labels -Wmissing-format-attribute -Wimplicit-fallthrough=3 -Wcast-function-type -Wformat-security -fno-strict-aliasing -fwrapv -fexcess-precision=standard -Wno-format-truncation -Wno-stringop-truncation -g -O2 -I../../../src/include -D_GNU_SOURCE   -c -o pgstat.o pgstat.c
gcc -Wall -Wmissing-prototypes -Wpointer-arith -Wdeclaration-after-statement -Werror=vla -Wendif-labels -Wmissing-format-attribute -Wimplicit-fallthrough=3 -Wcast-function-type -Wformat-security -fno-strict-aliasing -fwrapv -fexcess-precision=standard -Wno-format-truncation -Wno-stringop-truncation -g -O2 -I../../../src/include -D_GNU_SOURCE   -c -o postmaster.o postmaster.c
gcc -Wall -Wmissing-prototypes -Wpointer-arith -Wdeclaration-after-statement -Werror=vla -Wendif-labels -Wmissing-format-attribute -Wimplicit-fallthrough=3 -Wcast-function-type -Wformat-security -fno-strict-aliasing -fwrapv -fexcess-precision=standard -Wno-format-truncation -Wno-stringop-truncation -g -O2 -I../../../src/include -D_GNU_SOURCE   -c -o startup.o startup.c
gcc -Wall -Wmissing-prototypes -Wpointer-arith -Wdeclaration-after-statement -Werror=vla -Wendif-labels -Wmissing-format-attribute -Wimplicit-fallthrough=3 -Wcast-function-type -Wformat-security -fno-strict-aliasing -fwrapv -fexcess-precision=standard -Wno-format-truncation -Wno-stringop-truncation -g -O2 -I../../../src/include -D_GNU_SOURCE   -c -o syslogger.o syslogger.c
gcc -Wall -Wmissing-prototypes -Wpointer-arith -Wdeclaration-after-statement -Werror=vla -Wendif-labels -Wmissing-format-attribute -Wimplicit-fallthrough=3 -Wcast-function-type -Wformat-security -fno-strict-aliasing -fwrapv -fexcess-precision=standard -Wno-format-truncation -Wno-stringop-truncation -g -O2 -I../../../src/include -D_GNU_SOURCE   -c -o walwriter.o walwriter.c
( echo src/backend/postmaster/autovacuum.o src/backend/postmaster/bgworker.o src/backend/postmaster/bgwriter.o src/backend/postmaster/checkpointer.o src/backend/postmaster/fork_process.o src/backend/postmaster/interrupt.o src/backend/postmaster/pgstat.o src/backend/postmaster/postmaster.o src/backend/postmaster/startup.o src/backend/postmaster/syslogger.o src/backend/postmaster/walwriter.o ) >objfiles.txt
make[3]: Leaving directory '/home/postgres/works/my-github/minipg/src/backend/postmaster'
make -C rewrite all
make[3]: Entering directory '/home/postgres/works/my-github/minipg/src/backend/rewrite'
gcc -Wall -Wmissing-prototypes -Wpointer-arith -Wdeclaration-after-statement -Werror=vla -Wendif-labels -Wmissing-format-attribute -Wimplicit-fallthrough=3 -Wcast-function-type -Wformat-security -fno-strict-aliasing -fwrapv -fexcess-precision=standard -Wno-format-truncation -Wno-stringop-truncation -g -O2 -I../../../src/include -D_GNU_SOURCE   -c -o rewriteDefine.o rewriteDefine.c
gcc -Wall -Wmissing-prototypes -Wpointer-arith -Wdeclaration-after-statement -Werror=vla -Wendif-labels -Wmissing-format-attribute -Wimplicit-fallthrough=3 -Wcast-function-type -Wformat-security -fno-strict-aliasing -fwrapv -fexcess-precision=standard -Wno-format-truncation -Wno-stringop-truncation -g -O2 -I../../../src/include -D_GNU_SOURCE   -c -o rewriteHandler.o rewriteHandler.c
gcc -Wall -Wmissing-prototypes -Wpointer-arith -Wdeclaration-after-statement -Werror=vla -Wendif-labels -Wmissing-format-attribute -Wimplicit-fallthrough=3 -Wcast-function-type -Wformat-security -fno-strict-aliasing -fwrapv -fexcess-precision=standard -Wno-format-truncation -Wno-stringop-truncation -g -O2 -I../../../src/include -D_GNU_SOURCE   -c -o rewriteManip.o rewriteManip.c
gcc -Wall -Wmissing-prototypes -Wpointer-arith -Wdeclaration-after-statement -Werror=vla -Wendif-labels -Wmissing-format-attribute -Wimplicit-fallthrough=3 -Wcast-function-type -Wformat-security -fno-strict-aliasing -fwrapv -fexcess-precision=standard -Wno-format-truncation -Wno-stringop-truncation -g -O2 -I../../../src/include -D_GNU_SOURCE   -c -o rewriteRemove.o rewriteRemove.c
gcc -Wall -Wmissing-prototypes -Wpointer-arith -Wdeclaration-after-statement -Werror=vla -Wendif-labels -Wmissing-format-attribute -Wimplicit-fallthrough=3 -Wcast-function-type -Wformat-security -fno-strict-aliasing -fwrapv -fexcess-precision=standard -Wno-format-truncation -Wno-stringop-truncation -g -O2 -I../../../src/include -D_GNU_SOURCE   -c -o rewriteSupport.o rewriteSupport.c
( echo src/backend/rewrite/rewriteDefine.o src/backend/rewrite/rewriteHandler.o src/backend/rewrite/rewriteManip.o src/backend/rewrite/rewriteRemove.o src/backend/rewrite/rewriteSupport.o ) >objfiles.txt
make[3]: Leaving directory '/home/postgres/works/my-github/minipg/src/backend/rewrite'
make -C statistics all
make[3]: Entering directory '/home/postgres/works/my-github/minipg/src/backend/statistics'
gcc -Wall -Wmissing-prototypes -Wpointer-arith -Wdeclaration-after-statement -Werror=vla -Wendif-labels -Wmissing-format-attribute -Wimplicit-fallthrough=3 -Wcast-function-type -Wformat-security -fno-strict-aliasing -fwrapv -fexcess-precision=standard -Wno-format-truncation -Wno-stringop-truncation -g -O2 -I../../../src/include -D_GNU_SOURCE   -c -o dependencies.o dependencies.c
gcc -Wall -Wmissing-prototypes -Wpointer-arith -Wdeclaration-after-statement -Werror=vla -Wendif-labels -Wmissing-format-attribute -Wimplicit-fallthrough=3 -Wcast-function-type -Wformat-security -fno-strict-aliasing -fwrapv -fexcess-precision=standard -Wno-format-truncation -Wno-stringop-truncation -g -O2 -I../../../src/include -D_GNU_SOURCE   -c -o extended_stats.o extended_stats.c
gcc -Wall -Wmissing-prototypes -Wpointer-arith -Wdeclaration-after-statement -Werror=vla -Wendif-labels -Wmissing-format-attribute -Wimplicit-fallthrough=3 -Wcast-function-type -Wformat-security -fno-strict-aliasing -fwrapv -fexcess-precision=standard -Wno-format-truncation -Wno-stringop-truncation -g -O2 -I../../../src/include -D_GNU_SOURCE   -c -o mcv.o mcv.c
gcc -Wall -Wmissing-prototypes -Wpointer-arith -Wdeclaration-after-statement -Werror=vla -Wendif-labels -Wmissing-format-attribute -Wimplicit-fallthrough=3 -Wcast-function-type -Wformat-security -fno-strict-aliasing -fwrapv -fexcess-precision=standard -Wno-format-truncation -Wno-stringop-truncation -g -O2 -I../../../src/include -D_GNU_SOURCE   -c -o mvdistinct.o mvdistinct.c
( echo src/backend/statistics/dependencies.o src/backend/statistics/extended_stats.o src/backend/statistics/mcv.o src/backend/statistics/mvdistinct.o ) >objfiles.txt
make[3]: Leaving directory '/home/postgres/works/my-github/minipg/src/backend/statistics'
make -C storage all
make[3]: Entering directory '/home/postgres/works/my-github/minipg/src/backend/storage'
make -C buffer all
make[4]: Entering directory '/home/postgres/works/my-github/minipg/src/backend/storage/buffer'
gcc -Wall -Wmissing-prototypes -Wpointer-arith -Wdeclaration-after-statement -Werror=vla -Wendif-labels -Wmissing-format-attribute -Wimplicit-fallthrough=3 -Wcast-function-type -Wformat-security -fno-strict-aliasing -fwrapv -fexcess-precision=standard -Wno-format-truncation -Wno-stringop-truncation -g -O2 -I../../../../src/include -D_GNU_SOURCE   -c -o buf_init.o buf_init.c
gcc -Wall -Wmissing-prototypes -Wpointer-arith -Wdeclaration-after-statement -Werror=vla -Wendif-labels -Wmissing-format-attribute -Wimplicit-fallthrough=3 -Wcast-function-type -Wformat-security -fno-strict-aliasing -fwrapv -fexcess-precision=standard -Wno-format-truncation -Wno-stringop-truncation -g -O2 -I../../../../src/include -D_GNU_SOURCE   -c -o buf_table.o buf_table.c
gcc -Wall -Wmissing-prototypes -Wpointer-arith -Wdeclaration-after-statement -Werror=vla -Wendif-labels -Wmissing-format-attribute -Wimplicit-fallthrough=3 -Wcast-function-type -Wformat-security -fno-strict-aliasing -fwrapv -fexcess-precision=standard -Wno-format-truncation -Wno-stringop-truncation -g -O2 -I../../../../src/include -D_GNU_SOURCE   -c -o bufmgr.o bufmgr.c
gcc -Wall -Wmissing-prototypes -Wpointer-arith -Wdeclaration-after-statement -Werror=vla -Wendif-labels -Wmissing-format-attribute -Wimplicit-fallthrough=3 -Wcast-function-type -Wformat-security -fno-strict-aliasing -fwrapv -fexcess-precision=standard -Wno-format-truncation -Wno-stringop-truncation -g -O2 -I../../../../src/include -D_GNU_SOURCE   -c -o freelist.o freelist.c
gcc -Wall -Wmissing-prototypes -Wpointer-arith -Wdeclaration-after-statement -Werror=vla -Wendif-labels -Wmissing-format-attribute -Wimplicit-fallthrough=3 -Wcast-function-type -Wformat-security -fno-strict-aliasing -fwrapv -fexcess-precision=standard -Wno-format-truncation -Wno-stringop-truncation -g -O2 -I../../../../src/include -D_GNU_SOURCE   -c -o localbuf.o localbuf.c
( echo src/backend/storage/buffer/buf_init.o src/backend/storage/buffer/buf_table.o src/backend/storage/buffer/bufmgr.o src/backend/storage/buffer/freelist.o src/backend/storage/buffer/localbuf.o ) >objfiles.txt
make[4]: Leaving directory '/home/postgres/works/my-github/minipg/src/backend/storage/buffer'
make -C file all
make[4]: Entering directory '/home/postgres/works/my-github/minipg/src/backend/storage/file'
gcc -Wall -Wmissing-prototypes -Wpointer-arith -Wdeclaration-after-statement -Werror=vla -Wendif-labels -Wmissing-format-attribute -Wimplicit-fallthrough=3 -Wcast-function-type -Wformat-security -fno-strict-aliasing -fwrapv -fexcess-precision=standard -Wno-format-truncation -Wno-stringop-truncation -g -O2 -I../../../../src/include -D_GNU_SOURCE   -c -o buffile.o buffile.c
gcc -Wall -Wmissing-prototypes -Wpointer-arith -Wdeclaration-after-statement -Werror=vla -Wendif-labels -Wmissing-format-attribute -Wimplicit-fallthrough=3 -Wcast-function-type -Wformat-security -fno-strict-aliasing -fwrapv -fexcess-precision=standard -Wno-format-truncation -Wno-stringop-truncation -g -O2 -I../../../../src/include -D_GNU_SOURCE   -c -o copydir.o copydir.c
gcc -Wall -Wmissing-prototypes -Wpointer-arith -Wdeclaration-after-statement -Werror=vla -Wendif-labels -Wmissing-format-attribute -Wimplicit-fallthrough=3 -Wcast-function-type -Wformat-security -fno-strict-aliasing -fwrapv -fexcess-precision=standard -Wno-format-truncation -Wno-stringop-truncation -g -O2 -I../../../../src/include -D_GNU_SOURCE   -c -o fd.o fd.c
gcc -Wall -Wmissing-prototypes -Wpointer-arith -Wdeclaration-after-statement -Werror=vla -Wendif-labels -Wmissing-format-attribute -Wimplicit-fallthrough=3 -Wcast-function-type -Wformat-security -fno-strict-aliasing -fwrapv -fexcess-precision=standard -Wno-format-truncation -Wno-stringop-truncation -g -O2 -I../../../../src/include -D_GNU_SOURCE   -c -o reinit.o reinit.c
gcc -Wall -Wmissing-prototypes -Wpointer-arith -Wdeclaration-after-statement -Werror=vla -Wendif-labels -Wmissing-format-attribute -Wimplicit-fallthrough=3 -Wcast-function-type -Wformat-security -fno-strict-aliasing -fwrapv -fexcess-precision=standard -Wno-format-truncation -Wno-stringop-truncation -g -O2 -I../../../../src/include -D_GNU_SOURCE   -c -o sharedfileset.o sharedfileset.c
( echo src/backend/storage/file/buffile.o src/backend/storage/file/copydir.o src/backend/storage/file/fd.o src/backend/storage/file/reinit.o src/backend/storage/file/sharedfileset.o ) >objfiles.txt
make[4]: Leaving directory '/home/postgres/works/my-github/minipg/src/backend/storage/file'
make -C freespace all
make[4]: Entering directory '/home/postgres/works/my-github/minipg/src/backend/storage/freespace'
gcc -Wall -Wmissing-prototypes -Wpointer-arith -Wdeclaration-after-statement -Werror=vla -Wendif-labels -Wmissing-format-attribute -Wimplicit-fallthrough=3 -Wcast-function-type -Wformat-security -fno-strict-aliasing -fwrapv -fexcess-precision=standard -Wno-format-truncation -Wno-stringop-truncation -g -O2 -I../../../../src/include -D_GNU_SOURCE   -c -o freespace.o freespace.c
gcc -Wall -Wmissing-prototypes -Wpointer-arith -Wdeclaration-after-statement -Werror=vla -Wendif-labels -Wmissing-format-attribute -Wimplicit-fallthrough=3 -Wcast-function-type -Wformat-security -fno-strict-aliasing -fwrapv -fexcess-precision=standard -Wno-format-truncation -Wno-stringop-truncation -g -O2 -I../../../../src/include -D_GNU_SOURCE   -c -o fsmpage.o fsmpage.c
gcc -Wall -Wmissing-prototypes -Wpointer-arith -Wdeclaration-after-statement -Werror=vla -Wendif-labels -Wmissing-format-attribute -Wimplicit-fallthrough=3 -Wcast-function-type -Wformat-security -fno-strict-aliasing -fwrapv -fexcess-precision=standard -Wno-format-truncation -Wno-stringop-truncation -g -O2 -I../../../../src/include -D_GNU_SOURCE   -c -o indexfsm.o indexfsm.c
( echo src/backend/storage/freespace/freespace.o src/backend/storage/freespace/fsmpage.o src/backend/storage/freespace/indexfsm.o ) >objfiles.txt
make[4]: Leaving directory '/home/postgres/works/my-github/minipg/src/backend/storage/freespace'
make -C ipc all
make[4]: Entering directory '/home/postgres/works/my-github/minipg/src/backend/storage/ipc'
gcc -Wall -Wmissing-prototypes -Wpointer-arith -Wdeclaration-after-statement -Werror=vla -Wendif-labels -Wmissing-format-attribute -Wimplicit-fallthrough=3 -Wcast-function-type -Wformat-security -fno-strict-aliasing -fwrapv -fexcess-precision=standard -Wno-format-truncation -Wno-stringop-truncation -g -O2 -I../../../../src/include -D_GNU_SOURCE   -c -o barrier.o barrier.c
gcc -Wall -Wmissing-prototypes -Wpointer-arith -Wdeclaration-after-statement -Werror=vla -Wendif-labels -Wmissing-format-attribute -Wimplicit-fallthrough=3 -Wcast-function-type -Wformat-security -fno-strict-aliasing -fwrapv -fexcess-precision=standard -Wno-format-truncation -Wno-stringop-truncation -g -O2 -I../../../../src/include -D_GNU_SOURCE   -c -o dsm.o dsm.c
gcc -Wall -Wmissing-prototypes -Wpointer-arith -Wdeclaration-after-statement -Werror=vla -Wendif-labels -Wmissing-format-attribute -Wimplicit-fallthrough=3 -Wcast-function-type -Wformat-security -fno-strict-aliasing -fwrapv -fexcess-precision=standard -Wno-format-truncation -Wno-stringop-truncation -g -O2 -I../../../../src/include -D_GNU_SOURCE   -c -o dsm_impl.o dsm_impl.c
gcc -Wall -Wmissing-prototypes -Wpointer-arith -Wdeclaration-after-statement -Werror=vla -Wendif-labels -Wmissing-format-attribute -Wimplicit-fallthrough=3 -Wcast-function-type -Wformat-security -fno-strict-aliasing -fwrapv -fexcess-precision=standard -Wno-format-truncation -Wno-stringop-truncation -g -O2 -I../../../../src/include -D_GNU_SOURCE   -c -o ipc.o ipc.c
gcc -Wall -Wmissing-prototypes -Wpointer-arith -Wdeclaration-after-statement -Werror=vla -Wendif-labels -Wmissing-format-attribute -Wimplicit-fallthrough=3 -Wcast-function-type -Wformat-security -fno-strict-aliasing -fwrapv -fexcess-precision=standard -Wno-format-truncation -Wno-stringop-truncation -g -O2 -I../../../../src/include -D_GNU_SOURCE   -c -o ipci.o ipci.c
gcc -Wall -Wmissing-prototypes -Wpointer-arith -Wdeclaration-after-statement -Werror=vla -Wendif-labels -Wmissing-format-attribute -Wimplicit-fallthrough=3 -Wcast-function-type -Wformat-security -fno-strict-aliasing -fwrapv -fexcess-precision=standard -Wno-format-truncation -Wno-stringop-truncation -g -O2 -I../../../../src/include -D_GNU_SOURCE   -c -o latch.o latch.c
gcc -Wall -Wmissing-prototypes -Wpointer-arith -Wdeclaration-after-statement -Werror=vla -Wendif-labels -Wmissing-format-attribute -Wimplicit-fallthrough=3 -Wcast-function-type -Wformat-security -fno-strict-aliasing -fwrapv -fexcess-precision=standard -Wno-format-truncation -Wno-stringop-truncation -g -O2 -I../../../../src/include -D_GNU_SOURCE   -c -o pmsignal.o pmsignal.c
gcc -Wall -Wmissing-prototypes -Wpointer-arith -Wdeclaration-after-statement -Werror=vla -Wendif-labels -Wmissing-format-attribute -Wimplicit-fallthrough=3 -Wcast-function-type -Wformat-security -fno-strict-aliasing -fwrapv -fexcess-precision=standard -Wno-format-truncation -Wno-stringop-truncation -g -O2 -I../../../../src/include -D_GNU_SOURCE   -c -o procarray.o procarray.c
gcc -Wall -Wmissing-prototypes -Wpointer-arith -Wdeclaration-after-statement -Werror=vla -Wendif-labels -Wmissing-format-attribute -Wimplicit-fallthrough=3 -Wcast-function-type -Wformat-security -fno-strict-aliasing -fwrapv -fexcess-precision=standard -Wno-format-truncation -Wno-stringop-truncation -g -O2 -I../../../../src/include -D_GNU_SOURCE   -c -o procsignal.o procsignal.c
gcc -Wall -Wmissing-prototypes -Wpointer-arith -Wdeclaration-after-statement -Werror=vla -Wendif-labels -Wmissing-format-attribute -Wimplicit-fallthrough=3 -Wcast-function-type -Wformat-security -fno-strict-aliasing -fwrapv -fexcess-precision=standard -Wno-format-truncation -Wno-stringop-truncation -g -O2 -I../../../../src/include -D_GNU_SOURCE   -c -o shm_mq.o shm_mq.c
gcc -Wall -Wmissing-prototypes -Wpointer-arith -Wdeclaration-after-statement -Werror=vla -Wendif-labels -Wmissing-format-attribute -Wimplicit-fallthrough=3 -Wcast-function-type -Wformat-security -fno-strict-aliasing -fwrapv -fexcess-precision=standard -Wno-format-truncation -Wno-stringop-truncation -g -O2 -I../../../../src/include -D_GNU_SOURCE   -c -o shm_toc.o shm_toc.c
gcc -Wall -Wmissing-prototypes -Wpointer-arith -Wdeclaration-after-statement -Werror=vla -Wendif-labels -Wmissing-format-attribute -Wimplicit-fallthrough=3 -Wcast-function-type -Wformat-security -fno-strict-aliasing -fwrapv -fexcess-precision=standard -Wno-format-truncation -Wno-stringop-truncation -g -O2 -I../../../../src/include -D_GNU_SOURCE   -c -o shmem.o shmem.c
gcc -Wall -Wmissing-prototypes -Wpointer-arith -Wdeclaration-after-statement -Werror=vla -Wendif-labels -Wmissing-format-attribute -Wimplicit-fallthrough=3 -Wcast-function-type -Wformat-security -fno-strict-aliasing -fwrapv -fexcess-precision=standard -Wno-format-truncation -Wno-stringop-truncation -g -O2 -I../../../../src/include -D_GNU_SOURCE   -c -o shmqueue.o shmqueue.c
gcc -Wall -Wmissing-prototypes -Wpointer-arith -Wdeclaration-after-statement -Werror=vla -Wendif-labels -Wmissing-format-attribute -Wimplicit-fallthrough=3 -Wcast-function-type -Wformat-security -fno-strict-aliasing -fwrapv -fexcess-precision=standard -Wno-format-truncation -Wno-stringop-truncation -g -O2 -I../../../../src/include -D_GNU_SOURCE   -c -o signalfuncs.o signalfuncs.c
gcc -Wall -Wmissing-prototypes -Wpointer-arith -Wdeclaration-after-statement -Werror=vla -Wendif-labels -Wmissing-format-attribute -Wimplicit-fallthrough=3 -Wcast-function-type -Wformat-security -fno-strict-aliasing -fwrapv -fexcess-precision=standard -Wno-format-truncation -Wno-stringop-truncation -g -O2 -I../../../../src/include -D_GNU_SOURCE   -c -o sinval.o sinval.c
gcc -Wall -Wmissing-prototypes -Wpointer-arith -Wdeclaration-after-statement -Werror=vla -Wendif-labels -Wmissing-format-attribute -Wimplicit-fallthrough=3 -Wcast-function-type -Wformat-security -fno-strict-aliasing -fwrapv -fexcess-precision=standard -Wno-format-truncation -Wno-stringop-truncation -g -O2 -I../../../../src/include -D_GNU_SOURCE   -c -o sinvaladt.o sinvaladt.c
gcc -Wall -Wmissing-prototypes -Wpointer-arith -Wdeclaration-after-statement -Werror=vla -Wendif-labels -Wmissing-format-attribute -Wimplicit-fallthrough=3 -Wcast-function-type -Wformat-security -fno-strict-aliasing -fwrapv -fexcess-precision=standard -Wno-format-truncation -Wno-stringop-truncation -g -O2 -I../../../../src/include -D_GNU_SOURCE   -c -o standby.o standby.c
( echo src/backend/storage/ipc/barrier.o src/backend/storage/ipc/dsm.o src/backend/storage/ipc/dsm_impl.o src/backend/storage/ipc/ipc.o src/backend/storage/ipc/ipci.o src/backend/storage/ipc/latch.o src/backend/storage/ipc/pmsignal.o src/backend/storage/ipc/procarray.o src/backend/storage/ipc/procsignal.o src/backend/storage/ipc/shm_mq.o src/backend/storage/ipc/shm_toc.o src/backend/storage/ipc/shmem.o src/backend/storage/ipc/shmqueue.o src/backend/storage/ipc/signalfuncs.o src/backend/storage/ipc/sinval.o src/backend/storage/ipc/sinvaladt.o src/backend/storage/ipc/standby.o ) >objfiles.txt
make[4]: Leaving directory '/home/postgres/works/my-github/minipg/src/backend/storage/ipc'
make -C lmgr all
make[4]: Entering directory '/home/postgres/works/my-github/minipg/src/backend/storage/lmgr'
gcc -Wall -Wmissing-prototypes -Wpointer-arith -Wdeclaration-after-statement -Werror=vla -Wendif-labels -Wmissing-format-attribute -Wimplicit-fallthrough=3 -Wcast-function-type -Wformat-security -fno-strict-aliasing -fwrapv -fexcess-precision=standard -Wno-format-truncation -Wno-stringop-truncation -g -O2 -I../../../../src/include -D_GNU_SOURCE   -c -o condition_variable.o condition_variable.c
gcc -Wall -Wmissing-prototypes -Wpointer-arith -Wdeclaration-after-statement -Werror=vla -Wendif-labels -Wmissing-format-attribute -Wimplicit-fallthrough=3 -Wcast-function-type -Wformat-security -fno-strict-aliasing -fwrapv -fexcess-precision=standard -Wno-format-truncation -Wno-stringop-truncation -g -O2 -I../../../../src/include -D_GNU_SOURCE   -c -o deadlock.o deadlock.c
gcc -Wall -Wmissing-prototypes -Wpointer-arith -Wdeclaration-after-statement -Werror=vla -Wendif-labels -Wmissing-format-attribute -Wimplicit-fallthrough=3 -Wcast-function-type -Wformat-security -fno-strict-aliasing -fwrapv -fexcess-precision=standard -Wno-format-truncation -Wno-stringop-truncation -g -O2 -I../../../../src/include -D_GNU_SOURCE   -c -o lmgr.o lmgr.c
gcc -Wall -Wmissing-prototypes -Wpointer-arith -Wdeclaration-after-statement -Werror=vla -Wendif-labels -Wmissing-format-attribute -Wimplicit-fallthrough=3 -Wcast-function-type -Wformat-security -fno-strict-aliasing -fwrapv -fexcess-precision=standard -Wno-format-truncation -Wno-stringop-truncation -g -O2 -I../../../../src/include -D_GNU_SOURCE   -c -o lock.o lock.c
gcc -Wall -Wmissing-prototypes -Wpointer-arith -Wdeclaration-after-statement -Werror=vla -Wendif-labels -Wmissing-format-attribute -Wimplicit-fallthrough=3 -Wcast-function-type -Wformat-security -fno-strict-aliasing -fwrapv -fexcess-precision=standard -Wno-format-truncation -Wno-stringop-truncation -g -O2 -I../../../../src/include -D_GNU_SOURCE   -c -o lwlock.o lwlock.c
gcc -Wall -Wmissing-prototypes -Wpointer-arith -Wdeclaration-after-statement -Werror=vla -Wendif-labels -Wmissing-format-attribute -Wimplicit-fallthrough=3 -Wcast-function-type -Wformat-security -fno-strict-aliasing -fwrapv -fexcess-precision=standard -Wno-format-truncation -Wno-stringop-truncation -g -O2 -I../../../../src/include -D_GNU_SOURCE   -c -o lwlocknames.o lwlocknames.c
gcc -Wall -Wmissing-prototypes -Wpointer-arith -Wdeclaration-after-statement -Werror=vla -Wendif-labels -Wmissing-format-attribute -Wimplicit-fallthrough=3 -Wcast-function-type -Wformat-security -fno-strict-aliasing -fwrapv -fexcess-precision=standard -Wno-format-truncation -Wno-stringop-truncation -g -O2 -I../../../../src/include -D_GNU_SOURCE   -c -o predicate.o predicate.c
gcc -Wall -Wmissing-prototypes -Wpointer-arith -Wdeclaration-after-statement -Werror=vla -Wendif-labels -Wmissing-format-attribute -Wimplicit-fallthrough=3 -Wcast-function-type -Wformat-security -fno-strict-aliasing -fwrapv -fexcess-precision=standard -Wno-format-truncation -Wno-stringop-truncation -g -O2 -I../../../../src/include -D_GNU_SOURCE   -c -o proc.o proc.c
gcc -Wall -Wmissing-prototypes -Wpointer-arith -Wdeclaration-after-statement -Werror=vla -Wendif-labels -Wmissing-format-attribute -Wimplicit-fallthrough=3 -Wcast-function-type -Wformat-security -fno-strict-aliasing -fwrapv -fexcess-precision=standard -Wno-format-truncation -Wno-stringop-truncation -g -O2 -I../../../../src/include -D_GNU_SOURCE   -c -o s_lock.o s_lock.c
gcc -Wall -Wmissing-prototypes -Wpointer-arith -Wdeclaration-after-statement -Werror=vla -Wendif-labels -Wmissing-format-attribute -Wimplicit-fallthrough=3 -Wcast-function-type -Wformat-security -fno-strict-aliasing -fwrapv -fexcess-precision=standard -Wno-format-truncation -Wno-stringop-truncation -g -O2 -I../../../../src/include -D_GNU_SOURCE   -c -o spin.o spin.c
( echo src/backend/storage/lmgr/condition_variable.o src/backend/storage/lmgr/deadlock.o src/backend/storage/lmgr/lmgr.o src/backend/storage/lmgr/lock.o src/backend/storage/lmgr/lwlock.o src/backend/storage/lmgr/lwlocknames.o src/backend/storage/lmgr/predicate.o src/backend/storage/lmgr/proc.o src/backend/storage/lmgr/s_lock.o src/backend/storage/lmgr/spin.o ) >objfiles.txt
make[4]: Leaving directory '/home/postgres/works/my-github/minipg/src/backend/storage/lmgr'
make -C page all
make[4]: Entering directory '/home/postgres/works/my-github/minipg/src/backend/storage/page'
gcc -Wall -Wmissing-prototypes -Wpointer-arith -Wdeclaration-after-statement -Werror=vla -Wendif-labels -Wmissing-format-attribute -Wimplicit-fallthrough=3 -Wcast-function-type -Wformat-security -fno-strict-aliasing -fwrapv -fexcess-precision=standard -Wno-format-truncation -Wno-stringop-truncation -g -O2 -I../../../../src/include -D_GNU_SOURCE   -c -o bufpage.o bufpage.c
gcc -Wall -Wmissing-prototypes -Wpointer-arith -Wdeclaration-after-statement -Werror=vla -Wendif-labels -Wmissing-format-attribute -Wimplicit-fallthrough=3 -Wcast-function-type -Wformat-security -fno-strict-aliasing -fwrapv -fexcess-precision=standard -Wno-format-truncation -Wno-stringop-truncation -g -O2 -funroll-loops -ftree-vectorize -I../../../../src/include -D_GNU_SOURCE   -c -o checksum.o checksum.c
gcc -Wall -Wmissing-prototypes -Wpointer-arith -Wdeclaration-after-statement -Werror=vla -Wendif-labels -Wmissing-format-attribute -Wimplicit-fallthrough=3 -Wcast-function-type -Wformat-security -fno-strict-aliasing -fwrapv -fexcess-precision=standard -Wno-format-truncation -Wno-stringop-truncation -g -O2 -I../../../../src/include -D_GNU_SOURCE   -c -o itemptr.o itemptr.c
( echo src/backend/storage/page/bufpage.o src/backend/storage/page/checksum.o src/backend/storage/page/itemptr.o ) >objfiles.txt
make[4]: Leaving directory '/home/postgres/works/my-github/minipg/src/backend/storage/page'
make -C smgr all
make[4]: Entering directory '/home/postgres/works/my-github/minipg/src/backend/storage/smgr'
gcc -Wall -Wmissing-prototypes -Wpointer-arith -Wdeclaration-after-statement -Werror=vla -Wendif-labels -Wmissing-format-attribute -Wimplicit-fallthrough=3 -Wcast-function-type -Wformat-security -fno-strict-aliasing -fwrapv -fexcess-precision=standard -Wno-format-truncation -Wno-stringop-truncation -g -O2 -I../../../../src/include -D_GNU_SOURCE   -c -o md.o md.c
gcc -Wall -Wmissing-prototypes -Wpointer-arith -Wdeclaration-after-statement -Werror=vla -Wendif-labels -Wmissing-format-attribute -Wimplicit-fallthrough=3 -Wcast-function-type -Wformat-security -fno-strict-aliasing -fwrapv -fexcess-precision=standard -Wno-format-truncation -Wno-stringop-truncation -g -O2 -I../../../../src/include -D_GNU_SOURCE   -c -o smgr.o smgr.c
( echo src/backend/storage/smgr/md.o src/backend/storage/smgr/smgr.o ) >objfiles.txt
make[4]: Leaving directory '/home/postgres/works/my-github/minipg/src/backend/storage/smgr'
make -C sync all
make[4]: Entering directory '/home/postgres/works/my-github/minipg/src/backend/storage/sync'
gcc -Wall -Wmissing-prototypes -Wpointer-arith -Wdeclaration-after-statement -Werror=vla -Wendif-labels -Wmissing-format-attribute -Wimplicit-fallthrough=3 -Wcast-function-type -Wformat-security -fno-strict-aliasing -fwrapv -fexcess-precision=standard -Wno-format-truncation -Wno-stringop-truncation -g -O2 -I../../../../src/include -D_GNU_SOURCE   -c -o sync.o sync.c
( echo src/backend/storage/sync/sync.o ) >objfiles.txt
make[4]: Leaving directory '/home/postgres/works/my-github/minipg/src/backend/storage/sync'
( cat buffer/objfiles.txt file/objfiles.txt freespace/objfiles.txt ipc/objfiles.txt lmgr/objfiles.txt page/objfiles.txt smgr/objfiles.txt sync/objfiles.txt; echo  ) >objfiles.txt
make[3]: Leaving directory '/home/postgres/works/my-github/minipg/src/backend/storage'
make -C tcop all
make[3]: Entering directory '/home/postgres/works/my-github/minipg/src/backend/tcop'
gcc -Wall -Wmissing-prototypes -Wpointer-arith -Wdeclaration-after-statement -Werror=vla -Wendif-labels -Wmissing-format-attribute -Wimplicit-fallthrough=3 -Wcast-function-type -Wformat-security -fno-strict-aliasing -fwrapv -fexcess-precision=standard -Wno-format-truncation -Wno-stringop-truncation -g -O2 -I../../../src/include -D_GNU_SOURCE   -c -o cmdtag.o cmdtag.c
gcc -Wall -Wmissing-prototypes -Wpointer-arith -Wdeclaration-after-statement -Werror=vla -Wendif-labels -Wmissing-format-attribute -Wimplicit-fallthrough=3 -Wcast-function-type -Wformat-security -fno-strict-aliasing -fwrapv -fexcess-precision=standard -Wno-format-truncation -Wno-stringop-truncation -g -O2 -I../../../src/include -D_GNU_SOURCE   -c -o dest.o dest.c
gcc -Wall -Wmissing-prototypes -Wpointer-arith -Wdeclaration-after-statement -Werror=vla -Wendif-labels -Wmissing-format-attribute -Wimplicit-fallthrough=3 -Wcast-function-type -Wformat-security -fno-strict-aliasing -fwrapv -fexcess-precision=standard -Wno-format-truncation -Wno-stringop-truncation -g -O2 -I../../../src/include -D_GNU_SOURCE   -c -o fastpath.o fastpath.c
gcc -Wall -Wmissing-prototypes -Wpointer-arith -Wdeclaration-after-statement -Werror=vla -Wendif-labels -Wmissing-format-attribute -Wimplicit-fallthrough=3 -Wcast-function-type -Wformat-security -fno-strict-aliasing -fwrapv -fexcess-precision=standard -Wno-format-truncation -Wno-stringop-truncation -g -O2 -I../../../src/include -D_GNU_SOURCE   -c -o postgres.o postgres.c
gcc -Wall -Wmissing-prototypes -Wpointer-arith -Wdeclaration-after-statement -Werror=vla -Wendif-labels -Wmissing-format-attribute -Wimplicit-fallthrough=3 -Wcast-function-type -Wformat-security -fno-strict-aliasing -fwrapv -fexcess-precision=standard -Wno-format-truncation -Wno-stringop-truncation -g -O2 -I../../../src/include -D_GNU_SOURCE   -c -o pquery.o pquery.c
gcc -Wall -Wmissing-prototypes -Wpointer-arith -Wdeclaration-after-statement -Werror=vla -Wendif-labels -Wmissing-format-attribute -Wimplicit-fallthrough=3 -Wcast-function-type -Wformat-security -fno-strict-aliasing -fwrapv -fexcess-precision=standard -Wno-format-truncation -Wno-stringop-truncation -g -O2 -I../../../src/include -D_GNU_SOURCE   -c -o utility.o utility.c
( echo src/backend/tcop/cmdtag.o src/backend/tcop/dest.o src/backend/tcop/fastpath.o src/backend/tcop/postgres.o src/backend/tcop/pquery.o src/backend/tcop/utility.o ) >objfiles.txt
make[3]: Leaving directory '/home/postgres/works/my-github/minipg/src/backend/tcop'
make -C utils all
make[3]: Entering directory '/home/postgres/works/my-github/minipg/src/backend/utils'
make -C activity all
make[4]: Entering directory '/home/postgres/works/my-github/minipg/src/backend/utils/activity'
gcc -Wall -Wmissing-prototypes -Wpointer-arith -Wdeclaration-after-statement -Werror=vla -Wendif-labels -Wmissing-format-attribute -Wimplicit-fallthrough=3 -Wcast-function-type -Wformat-security -fno-strict-aliasing -fwrapv -fexcess-precision=standard -Wno-format-truncation -Wno-stringop-truncation -g -O2 -I../../../../src/include -D_GNU_SOURCE   -c -o backend_progress.o backend_progress.c
gcc -Wall -Wmissing-prototypes -Wpointer-arith -Wdeclaration-after-statement -Werror=vla -Wendif-labels -Wmissing-format-attribute -Wimplicit-fallthrough=3 -Wcast-function-type -Wformat-security -fno-strict-aliasing -fwrapv -fexcess-precision=standard -Wno-format-truncation -Wno-stringop-truncation -g -O2 -I../../../../src/include -D_GNU_SOURCE   -c -o backend_status.o backend_status.c
gcc -Wall -Wmissing-prototypes -Wpointer-arith -Wdeclaration-after-statement -Werror=vla -Wendif-labels -Wmissing-format-attribute -Wimplicit-fallthrough=3 -Wcast-function-type -Wformat-security -fno-strict-aliasing -fwrapv -fexcess-precision=standard -Wno-format-truncation -Wno-stringop-truncation -g -O2 -I../../../../src/include -D_GNU_SOURCE   -c -o wait_event.o wait_event.c
( echo src/backend/utils/activity/backend_progress.o src/backend/utils/activity/backend_status.o src/backend/utils/activity/wait_event.o ) >objfiles.txt
make[4]: Leaving directory '/home/postgres/works/my-github/minipg/src/backend/utils/activity'
make -C adt all
make[4]: Entering directory '/home/postgres/works/my-github/minipg/src/backend/utils/adt'
gcc -Wall -Wmissing-prototypes -Wpointer-arith -Wdeclaration-after-statement -Werror=vla -Wendif-labels -Wmissing-format-attribute -Wimplicit-fallthrough=3 -Wcast-function-type -Wformat-security -fno-strict-aliasing -fwrapv -fexcess-precision=standard -Wno-format-truncation -Wno-stringop-truncation -g -O2 -I. -I. -I../../../../src/include -D_GNU_SOURCE   -c -o amutils.o amutils.c
gcc -Wall -Wmissing-prototypes -Wpointer-arith -Wdeclaration-after-statement -Werror=vla -Wendif-labels -Wmissing-format-attribute -Wimplicit-fallthrough=3 -Wcast-function-type -Wformat-security -fno-strict-aliasing -fwrapv -fexcess-precision=standard -Wno-format-truncation -Wno-stringop-truncation -g -O2 -I. -I. -I../../../../src/include -D_GNU_SOURCE   -c -o array_expanded.o array_expanded.c
gcc -Wall -Wmissing-prototypes -Wpointer-arith -Wdeclaration-after-statement -Werror=vla -Wendif-labels -Wmissing-format-attribute -Wimplicit-fallthrough=3 -Wcast-function-type -Wformat-security -fno-strict-aliasing -fwrapv -fexcess-precision=standard -Wno-format-truncation -Wno-stringop-truncation -g -O2 -I. -I. -I../../../../src/include -D_GNU_SOURCE   -c -o array_selfuncs.o array_selfuncs.c
gcc -Wall -Wmissing-prototypes -Wpointer-arith -Wdeclaration-after-statement -Werror=vla -Wendif-labels -Wmissing-format-attribute -Wimplicit-fallthrough=3 -Wcast-function-type -Wformat-security -fno-strict-aliasing -fwrapv -fexcess-precision=standard -Wno-format-truncation -Wno-stringop-truncation -g -O2 -I. -I. -I../../../../src/include -D_GNU_SOURCE   -c -o array_typanalyze.o array_typanalyze.c
gcc -Wall -Wmissing-prototypes -Wpointer-arith -Wdeclaration-after-statement -Werror=vla -Wendif-labels -Wmissing-format-attribute -Wimplicit-fallthrough=3 -Wcast-function-type -Wformat-security -fno-strict-aliasing -fwrapv -fexcess-precision=standard -Wno-format-truncation -Wno-stringop-truncation -g -O2 -I. -I. -I../../../../src/include -D_GNU_SOURCE   -c -o array_userfuncs.o array_userfuncs.c
gcc -Wall -Wmissing-prototypes -Wpointer-arith -Wdeclaration-after-statement -Werror=vla -Wendif-labels -Wmissing-format-attribute -Wimplicit-fallthrough=3 -Wcast-function-type -Wformat-security -fno-strict-aliasing -fwrapv -fexcess-precision=standard -Wno-format-truncation -Wno-stringop-truncation -g -O2 -I. -I. -I../../../../src/include -D_GNU_SOURCE   -c -o arrayfuncs.o arrayfuncs.c
gcc -Wall -Wmissing-prototypes -Wpointer-arith -Wdeclaration-after-statement -Werror=vla -Wendif-labels -Wmissing-format-attribute -Wimplicit-fallthrough=3 -Wcast-function-type -Wformat-security -fno-strict-aliasing -fwrapv -fexcess-precision=standard -Wno-format-truncation -Wno-stringop-truncation -g -O2 -I. -I. -I../../../../src/include -D_GNU_SOURCE   -c -o arraysubs.o arraysubs.c
gcc -Wall -Wmissing-prototypes -Wpointer-arith -Wdeclaration-after-statement -Werror=vla -Wendif-labels -Wmissing-format-attribute -Wimplicit-fallthrough=3 -Wcast-function-type -Wformat-security -fno-strict-aliasing -fwrapv -fexcess-precision=standard -Wno-format-truncation -Wno-stringop-truncation -g -O2 -I. -I. -I../../../../src/include -D_GNU_SOURCE   -c -o arrayutils.o arrayutils.c
gcc -Wall -Wmissing-prototypes -Wpointer-arith -Wdeclaration-after-statement -Werror=vla -Wendif-labels -Wmissing-format-attribute -Wimplicit-fallthrough=3 -Wcast-function-type -Wformat-security -fno-strict-aliasing -fwrapv -fexcess-precision=standard -Wno-format-truncation -Wno-stringop-truncation -g -O2 -I. -I. -I../../../../src/include -D_GNU_SOURCE   -c -o ascii.o ascii.c
gcc -Wall -Wmissing-prototypes -Wpointer-arith -Wdeclaration-after-statement -Werror=vla -Wendif-labels -Wmissing-format-attribute -Wimplicit-fallthrough=3 -Wcast-function-type -Wformat-security -fno-strict-aliasing -fwrapv -fexcess-precision=standard -Wno-format-truncation -Wno-stringop-truncation -g -O2 -I. -I. -I../../../../src/include -D_GNU_SOURCE   -c -o bool.o bool.c
gcc -Wall -Wmissing-prototypes -Wpointer-arith -Wdeclaration-after-statement -Werror=vla -Wendif-labels -Wmissing-format-attribute -Wimplicit-fallthrough=3 -Wcast-function-type -Wformat-security -fno-strict-aliasing -fwrapv -fexcess-precision=standard -Wno-format-truncation -Wno-stringop-truncation -g -O2 -I. -I. -I../../../../src/include -D_GNU_SOURCE   -c -o char.o char.c
gcc -Wall -Wmissing-prototypes -Wpointer-arith -Wdeclaration-after-statement -Werror=vla -Wendif-labels -Wmissing-format-attribute -Wimplicit-fallthrough=3 -Wcast-function-type -Wformat-security -fno-strict-aliasing -fwrapv -fexcess-precision=standard -Wno-format-truncation -Wno-stringop-truncation -g -O2 -I. -I. -I../../../../src/include -D_GNU_SOURCE   -c -o cryptohashfuncs.o cryptohashfuncs.c
gcc -Wall -Wmissing-prototypes -Wpointer-arith -Wdeclaration-after-statement -Werror=vla -Wendif-labels -Wmissing-format-attribute -Wimplicit-fallthrough=3 -Wcast-function-type -Wformat-security -fno-strict-aliasing -fwrapv -fexcess-precision=standard -Wno-format-truncation -Wno-stringop-truncation -g -O2 -I. -I. -I../../../../src/include -D_GNU_SOURCE   -c -o date.o date.c
gcc -Wall -Wmissing-prototypes -Wpointer-arith -Wdeclaration-after-statement -Werror=vla -Wendif-labels -Wmissing-format-attribute -Wimplicit-fallthrough=3 -Wcast-function-type -Wformat-security -fno-strict-aliasing -fwrapv -fexcess-precision=standard -Wno-format-truncation -Wno-stringop-truncation -g -O2 -I. -I. -I../../../../src/include -D_GNU_SOURCE   -c -o datetime.o datetime.c
gcc -Wall -Wmissing-prototypes -Wpointer-arith -Wdeclaration-after-statement -Werror=vla -Wendif-labels -Wmissing-format-attribute -Wimplicit-fallthrough=3 -Wcast-function-type -Wformat-security -fno-strict-aliasing -fwrapv -fexcess-precision=standard -Wno-format-truncation -Wno-stringop-truncation -g -O2 -I. -I. -I../../../../src/include -D_GNU_SOURCE   -c -o datum.o datum.c
gcc -Wall -Wmissing-prototypes -Wpointer-arith -Wdeclaration-after-statement -Werror=vla -Wendif-labels -Wmissing-format-attribute -Wimplicit-fallthrough=3 -Wcast-function-type -Wformat-security -fno-strict-aliasing -fwrapv -fexcess-precision=standard -Wno-format-truncation -Wno-stringop-truncation -g -O2 -I. -I. -I../../../../src/include -D_GNU_SOURCE   -c -o dbsize.o dbsize.c
gcc -Wall -Wmissing-prototypes -Wpointer-arith -Wdeclaration-after-statement -Werror=vla -Wendif-labels -Wmissing-format-attribute -Wimplicit-fallthrough=3 -Wcast-function-type -Wformat-security -fno-strict-aliasing -fwrapv -fexcess-precision=standard -Wno-format-truncation -Wno-stringop-truncation -g -O2 -I. -I. -I../../../../src/include -D_GNU_SOURCE   -c -o domains.o domains.c
gcc -Wall -Wmissing-prototypes -Wpointer-arith -Wdeclaration-after-statement -Werror=vla -Wendif-labels -Wmissing-format-attribute -Wimplicit-fallthrough=3 -Wcast-function-type -Wformat-security -fno-strict-aliasing -fwrapv -fexcess-precision=standard -Wno-format-truncation -Wno-stringop-truncation -g -O2 -I. -I. -I../../../../src/include -D_GNU_SOURCE   -c -o encode.o encode.c
gcc -Wall -Wmissing-prototypes -Wpointer-arith -Wdeclaration-after-statement -Werror=vla -Wendif-labels -Wmissing-format-attribute -Wimplicit-fallthrough=3 -Wcast-function-type -Wformat-security -fno-strict-aliasing -fwrapv -fexcess-precision=standard -Wno-format-truncation -Wno-stringop-truncation -g -O2 -I. -I. -I../../../../src/include -D_GNU_SOURCE   -c -o enum.o enum.c
gcc -Wall -Wmissing-prototypes -Wpointer-arith -Wdeclaration-after-statement -Werror=vla -Wendif-labels -Wmissing-format-attribute -Wimplicit-fallthrough=3 -Wcast-function-type -Wformat-security -fno-strict-aliasing -fwrapv -fexcess-precision=standard -Wno-format-truncation -Wno-stringop-truncation -g -O2 -I. -I. -I../../../../src/include -D_GNU_SOURCE   -c -o expandeddatum.o expandeddatum.c
gcc -Wall -Wmissing-prototypes -Wpointer-arith -Wdeclaration-after-statement -Werror=vla -Wendif-labels -Wmissing-format-attribute -Wimplicit-fallthrough=3 -Wcast-function-type -Wformat-security -fno-strict-aliasing -fwrapv -fexcess-precision=standard -Wno-format-truncation -Wno-stringop-truncation -g -O2 -I. -I. -I../../../../src/include -D_GNU_SOURCE   -c -o expandedrecord.o expandedrecord.c
gcc -Wall -Wmissing-prototypes -Wpointer-arith -Wdeclaration-after-statement -Werror=vla -Wendif-labels -Wmissing-format-attribute -Wimplicit-fallthrough=3 -Wcast-function-type -Wformat-security -fno-strict-aliasing -fwrapv -fexcess-precision=standard -Wno-format-truncation -Wno-stringop-truncation -g -O2 -I. -I. -I../../../../src/include -D_GNU_SOURCE   -c -o float.o float.c
gcc -Wall -Wmissing-prototypes -Wpointer-arith -Wdeclaration-after-statement -Werror=vla -Wendif-labels -Wmissing-format-attribute -Wimplicit-fallthrough=3 -Wcast-function-type -Wformat-security -fno-strict-aliasing -fwrapv -fexcess-precision=standard -Wno-format-truncation -Wno-stringop-truncation -g -O2 -I. -I. -I../../../../src/include -D_GNU_SOURCE   -c -o format_type.o format_type.c
gcc -Wall -Wmissing-prototypes -Wpointer-arith -Wdeclaration-after-statement -Werror=vla -Wendif-labels -Wmissing-format-attribute -Wimplicit-fallthrough=3 -Wcast-function-type -Wformat-security -fno-strict-aliasing -fwrapv -fexcess-precision=standard -Wno-format-truncation -Wno-stringop-truncation -g -O2 -I. -I. -I../../../../src/include -D_GNU_SOURCE   -c -o formatting.o formatting.c
gcc -Wall -Wmissing-prototypes -Wpointer-arith -Wdeclaration-after-statement -Werror=vla -Wendif-labels -Wmissing-format-attribute -Wimplicit-fallthrough=3 -Wcast-function-type -Wformat-security -fno-strict-aliasing -fwrapv -fexcess-precision=standard -Wno-format-truncation -Wno-stringop-truncation -g -O2 -I. -I. -I../../../../src/include -D_GNU_SOURCE   -c -o genfile.o genfile.c
gcc -Wall -Wmissing-prototypes -Wpointer-arith -Wdeclaration-after-statement -Werror=vla -Wendif-labels -Wmissing-format-attribute -Wimplicit-fallthrough=3 -Wcast-function-type -Wformat-security -fno-strict-aliasing -fwrapv -fexcess-precision=standard -Wno-format-truncation -Wno-stringop-truncation -g -O2 -I. -I. -I../../../../src/include -D_GNU_SOURCE   -c -o int.o int.c
gcc -Wall -Wmissing-prototypes -Wpointer-arith -Wdeclaration-after-statement -Werror=vla -Wendif-labels -Wmissing-format-attribute -Wimplicit-fallthrough=3 -Wcast-function-type -Wformat-security -fno-strict-aliasing -fwrapv -fexcess-precision=standard -Wno-format-truncation -Wno-stringop-truncation -g -O2 -I. -I. -I../../../../src/include -D_GNU_SOURCE   -c -o int8.o int8.c
gcc -Wall -Wmissing-prototypes -Wpointer-arith -Wdeclaration-after-statement -Werror=vla -Wendif-labels -Wmissing-format-attribute -Wimplicit-fallthrough=3 -Wcast-function-type -Wformat-security -fno-strict-aliasing -fwrapv -fexcess-precision=standard -Wno-format-truncation -Wno-stringop-truncation -g -O2 -I. -I. -I../../../../src/include -D_GNU_SOURCE   -c -o json_escape.o json_escape.c
gcc -Wall -Wmissing-prototypes -Wpointer-arith -Wdeclaration-after-statement -Werror=vla -Wendif-labels -Wmissing-format-attribute -Wimplicit-fallthrough=3 -Wcast-function-type -Wformat-security -fno-strict-aliasing -fwrapv -fexcess-precision=standard -Wno-format-truncation -Wno-stringop-truncation -g -O2 -I. -I. -I../../../../src/include -D_GNU_SOURCE   -c -o like.o like.c
gcc -Wall -Wmissing-prototypes -Wpointer-arith -Wdeclaration-after-statement -Werror=vla -Wendif-labels -Wmissing-format-attribute -Wimplicit-fallthrough=3 -Wcast-function-type -Wformat-security -fno-strict-aliasing -fwrapv -fexcess-precision=standard -Wno-format-truncation -Wno-stringop-truncation -g -O2 -I. -I. -I../../../../src/include -D_GNU_SOURCE   -c -o like_support.o like_support.c
gcc -Wall -Wmissing-prototypes -Wpointer-arith -Wdeclaration-after-statement -Werror=vla -Wendif-labels -Wmissing-format-attribute -Wimplicit-fallthrough=3 -Wcast-function-type -Wformat-security -fno-strict-aliasing -fwrapv -fexcess-precision=standard -Wno-format-truncation -Wno-stringop-truncation -g -O2 -I. -I. -I../../../../src/include -D_GNU_SOURCE   -c -o lockfuncs.o lockfuncs.c
gcc -Wall -Wmissing-prototypes -Wpointer-arith -Wdeclaration-after-statement -Werror=vla -Wendif-labels -Wmissing-format-attribute -Wimplicit-fallthrough=3 -Wcast-function-type -Wformat-security -fno-strict-aliasing -fwrapv -fexcess-precision=standard -Wno-format-truncation -Wno-stringop-truncation -g -O2 -I. -I. -I../../../../src/include -D_GNU_SOURCE   -c -o mcxtfuncs.o mcxtfuncs.c
gcc -Wall -Wmissing-prototypes -Wpointer-arith -Wdeclaration-after-statement -Werror=vla -Wendif-labels -Wmissing-format-attribute -Wimplicit-fallthrough=3 -Wcast-function-type -Wformat-security -fno-strict-aliasing -fwrapv -fexcess-precision=standard -Wno-format-truncation -Wno-stringop-truncation -g -O2 -I. -I. -I../../../../src/include -D_GNU_SOURCE   -c -o misc.o misc.c
gcc -Wall -Wmissing-prototypes -Wpointer-arith -Wdeclaration-after-statement -Werror=vla -Wendif-labels -Wmissing-format-attribute -Wimplicit-fallthrough=3 -Wcast-function-type -Wformat-security -fno-strict-aliasing -fwrapv -fexcess-precision=standard -Wno-format-truncation -Wno-stringop-truncation -g -O2 -I. -I. -I../../../../src/include -D_GNU_SOURCE   -c -o name.o name.c
gcc -Wall -Wmissing-prototypes -Wpointer-arith -Wdeclaration-after-statement -Werror=vla -Wendif-labels -Wmissing-format-attribute -Wimplicit-fallthrough=3 -Wcast-function-type -Wformat-security -fno-strict-aliasing -fwrapv -fexcess-precision=standard -Wno-format-truncation -Wno-stringop-truncation -g -O2 -ftree-vectorize -I. -I. -I../../../../src/include -D_GNU_SOURCE   -c -o numeric.o numeric.c
gcc -Wall -Wmissing-prototypes -Wpointer-arith -Wdeclaration-after-statement -Werror=vla -Wendif-labels -Wmissing-format-attribute -Wimplicit-fallthrough=3 -Wcast-function-type -Wformat-security -fno-strict-aliasing -fwrapv -fexcess-precision=standard -Wno-format-truncation -Wno-stringop-truncation -g -O2 -I. -I. -I../../../../src/include -D_GNU_SOURCE   -c -o numutils.o numutils.c
gcc -Wall -Wmissing-prototypes -Wpointer-arith -Wdeclaration-after-statement -Werror=vla -Wendif-labels -Wmissing-format-attribute -Wimplicit-fallthrough=3 -Wcast-function-type -Wformat-security -fno-strict-aliasing -fwrapv -fexcess-precision=standard -Wno-format-truncation -Wno-stringop-truncation -g -O2 -I. -I. -I../../../../src/include -D_GNU_SOURCE   -c -o oid.o oid.c
gcc -Wall -Wmissing-prototypes -Wpointer-arith -Wdeclaration-after-statement -Werror=vla -Wendif-labels -Wmissing-format-attribute -Wimplicit-fallthrough=3 -Wcast-function-type -Wformat-security -fno-strict-aliasing -fwrapv -fexcess-precision=standard -Wno-format-truncation -Wno-stringop-truncation -g -O2 -I. -I. -I../../../../src/include -D_GNU_SOURCE   -c -o oracle_compat.o oracle_compat.c
gcc -Wall -Wmissing-prototypes -Wpointer-arith -Wdeclaration-after-statement -Werror=vla -Wendif-labels -Wmissing-format-attribute -Wimplicit-fallthrough=3 -Wcast-function-type -Wformat-security -fno-strict-aliasing -fwrapv -fexcess-precision=standard -Wno-format-truncation -Wno-stringop-truncation -g -O2 -I. -I. -I../../../../src/include -D_GNU_SOURCE   -c -o orderedsetaggs.o orderedsetaggs.c
gcc -Wall -Wmissing-prototypes -Wpointer-arith -Wdeclaration-after-statement -Werror=vla -Wendif-labels -Wmissing-format-attribute -Wimplicit-fallthrough=3 -Wcast-function-type -Wformat-security -fno-strict-aliasing -fwrapv -fexcess-precision=standard -Wno-format-truncation -Wno-stringop-truncation -g -O2 -I. -I. -I../../../../src/include -D_GNU_SOURCE   -c -o multirangetypes.o multirangetypes.c
gcc -Wall -Wmissing-prototypes -Wpointer-arith -Wdeclaration-after-statement -Werror=vla -Wendif-labels -Wmissing-format-attribute -Wimplicit-fallthrough=3 -Wcast-function-type -Wformat-security -fno-strict-aliasing -fwrapv -fexcess-precision=standard -Wno-format-truncation -Wno-stringop-truncation -g -O2 -I. -I. -I../../../../src/include -D_GNU_SOURCE   -c -o multirangetypes_selfuncs.o multirangetypes_selfuncs.c
gcc -Wall -Wmissing-prototypes -Wpointer-arith -Wdeclaration-after-statement -Werror=vla -Wendif-labels -Wmissing-format-attribute -Wimplicit-fallthrough=3 -Wcast-function-type -Wformat-security -fno-strict-aliasing -fwrapv -fexcess-precision=standard -Wno-format-truncation -Wno-stringop-truncation -g -O2 -I. -I. -I../../../../src/include -D_GNU_SOURCE   -c -o pg_locale.o pg_locale.c
gcc -Wall -Wmissing-prototypes -Wpointer-arith -Wdeclaration-after-statement -Werror=vla -Wendif-labels -Wmissing-format-attribute -Wimplicit-fallthrough=3 -Wcast-function-type -Wformat-security -fno-strict-aliasing -fwrapv -fexcess-precision=standard -Wno-format-truncation -Wno-stringop-truncation -g -O2 -I. -I. -I../../../../src/include -D_GNU_SOURCE   -c -o pg_lsn.o pg_lsn.c
gcc -Wall -Wmissing-prototypes -Wpointer-arith -Wdeclaration-after-statement -Werror=vla -Wendif-labels -Wmissing-format-attribute -Wimplicit-fallthrough=3 -Wcast-function-type -Wformat-security -fno-strict-aliasing -fwrapv -fexcess-precision=standard -Wno-format-truncation -Wno-stringop-truncation -g -O2 -I. -I. -I../../../../src/include -D_GNU_SOURCE   -c -o pgstatfuncs.o pgstatfuncs.c
gcc -Wall -Wmissing-prototypes -Wpointer-arith -Wdeclaration-after-statement -Werror=vla -Wendif-labels -Wmissing-format-attribute -Wimplicit-fallthrough=3 -Wcast-function-type -Wformat-security -fno-strict-aliasing -fwrapv -fexcess-precision=standard -Wno-format-truncation -Wno-stringop-truncation -g -O2 -I. -I. -I../../../../src/include -D_GNU_SOURCE   -c -o pseudotypes.o pseudotypes.c
gcc -Wall -Wmissing-prototypes -Wpointer-arith -Wdeclaration-after-statement -Werror=vla -Wendif-labels -Wmissing-format-attribute -Wimplicit-fallthrough=3 -Wcast-function-type -Wformat-security -fno-strict-aliasing -fwrapv -fexcess-precision=standard -Wno-format-truncation -Wno-stringop-truncation -g -O2 -I. -I. -I../../../../src/include -D_GNU_SOURCE   -c -o quote.o quote.c
gcc -Wall -Wmissing-prototypes -Wpointer-arith -Wdeclaration-after-statement -Werror=vla -Wendif-labels -Wmissing-format-attribute -Wimplicit-fallthrough=3 -Wcast-function-type -Wformat-security -fno-strict-aliasing -fwrapv -fexcess-precision=standard -Wno-format-truncation -Wno-stringop-truncation -g -O2 -I. -I. -I../../../../src/include -D_GNU_SOURCE   -c -o regproc.o regproc.c
gcc -Wall -Wmissing-prototypes -Wpointer-arith -Wdeclaration-after-statement -Werror=vla -Wendif-labels -Wmissing-format-attribute -Wimplicit-fallthrough=3 -Wcast-function-type -Wformat-security -fno-strict-aliasing -fwrapv -fexcess-precision=standard -Wno-format-truncation -Wno-stringop-truncation -g -O2 -I. -I. -I../../../../src/include -D_GNU_SOURCE   -c -o rowtypes.o rowtypes.c
gcc -Wall -Wmissing-prototypes -Wpointer-arith -Wdeclaration-after-statement -Werror=vla -Wendif-labels -Wmissing-format-attribute -Wimplicit-fallthrough=3 -Wcast-function-type -Wformat-security -fno-strict-aliasing -fwrapv -fexcess-precision=standard -Wno-format-truncation -Wno-stringop-truncation -g -O2 -I. -I. -I../../../../src/include -D_GNU_SOURCE   -c -o ruleutils.o ruleutils.c
gcc -Wall -Wmissing-prototypes -Wpointer-arith -Wdeclaration-after-statement -Werror=vla -Wendif-labels -Wmissing-format-attribute -Wimplicit-fallthrough=3 -Wcast-function-type -Wformat-security -fno-strict-aliasing -fwrapv -fexcess-precision=standard -Wno-format-truncation -Wno-stringop-truncation -g -O2 -I. -I. -I../../../../src/include -D_GNU_SOURCE   -c -o rangetypes.o rangetypes.c
gcc -Wall -Wmissing-prototypes -Wpointer-arith -Wdeclaration-after-statement -Werror=vla -Wendif-labels -Wmissing-format-attribute -Wimplicit-fallthrough=3 -Wcast-function-type -Wformat-security -fno-strict-aliasing -fwrapv -fexcess-precision=standard -Wno-format-truncation -Wno-stringop-truncation -g -O2 -I. -I. -I../../../../src/include -D_GNU_SOURCE   -c -o rangetypes_selfuncs.o rangetypes_selfuncs.c
gcc -Wall -Wmissing-prototypes -Wpointer-arith -Wdeclaration-after-statement -Werror=vla -Wendif-labels -Wmissing-format-attribute -Wimplicit-fallthrough=3 -Wcast-function-type -Wformat-security -fno-strict-aliasing -fwrapv -fexcess-precision=standard -Wno-format-truncation -Wno-stringop-truncation -g -O2 -I. -I. -I../../../../src/include -D_GNU_SOURCE   -c -o rangetypes_typanalyze.o rangetypes_typanalyze.c
gcc -Wall -Wmissing-prototypes -Wpointer-arith -Wdeclaration-after-statement -Werror=vla -Wendif-labels -Wmissing-format-attribute -Wimplicit-fallthrough=3 -Wcast-function-type -Wformat-security -fno-strict-aliasing -fwrapv -fexcess-precision=standard -Wno-format-truncation -Wno-stringop-truncation -g -O2 -I. -I. -I../../../../src/include -D_GNU_SOURCE   -c -o selfuncs_geo.o selfuncs_geo.c
gcc -Wall -Wmissing-prototypes -Wpointer-arith -Wdeclaration-after-statement -Werror=vla -Wendif-labels -Wmissing-format-attribute -Wimplicit-fallthrough=3 -Wcast-function-type -Wformat-security -fno-strict-aliasing -fwrapv -fexcess-precision=standard -Wno-format-truncation -Wno-stringop-truncation -g -O2 -I. -I. -I../../../../src/include -D_GNU_SOURCE   -c -o selfuncs.o selfuncs.c
gcc -Wall -Wmissing-prototypes -Wpointer-arith -Wdeclaration-after-statement -Werror=vla -Wendif-labels -Wmissing-format-attribute -Wimplicit-fallthrough=3 -Wcast-function-type -Wformat-security -fno-strict-aliasing -fwrapv -fexcess-precision=standard -Wno-format-truncation -Wno-stringop-truncation -g -O2 -I. -I. -I../../../../src/include -D_GNU_SOURCE   -c -o tid.o tid.c
gcc -Wall -Wmissing-prototypes -Wpointer-arith -Wdeclaration-after-statement -Werror=vla -Wendif-labels -Wmissing-format-attribute -Wimplicit-fallthrough=3 -Wcast-function-type -Wformat-security -fno-strict-aliasing -fwrapv -fexcess-precision=standard -Wno-format-truncation -Wno-stringop-truncation -g -O2 -I. -I. -I../../../../src/include -D_GNU_SOURCE   -c -o timestamp.o timestamp.c
gcc -Wall -Wmissing-prototypes -Wpointer-arith -Wdeclaration-after-statement -Werror=vla -Wendif-labels -Wmissing-format-attribute -Wimplicit-fallthrough=3 -Wcast-function-type -Wformat-security -fno-strict-aliasing -fwrapv -fexcess-precision=standard -Wno-format-truncation -Wno-stringop-truncation -g -O2 -I. -I. -I../../../../src/include -D_GNU_SOURCE   -c -o trigfuncs.o trigfuncs.c
gcc -Wall -Wmissing-prototypes -Wpointer-arith -Wdeclaration-after-statement -Werror=vla -Wendif-labels -Wmissing-format-attribute -Wimplicit-fallthrough=3 -Wcast-function-type -Wformat-security -fno-strict-aliasing -fwrapv -fexcess-precision=standard -Wno-format-truncation -Wno-stringop-truncation -g -O2 -I. -I. -I../../../../src/include -D_GNU_SOURCE   -c -o varbit.o varbit.c
gcc -Wall -Wmissing-prototypes -Wpointer-arith -Wdeclaration-after-statement -Werror=vla -Wendif-labels -Wmissing-format-attribute -Wimplicit-fallthrough=3 -Wcast-function-type -Wformat-security -fno-strict-aliasing -fwrapv -fexcess-precision=standard -Wno-format-truncation -Wno-stringop-truncation -g -O2 -I. -I. -I../../../../src/include -D_GNU_SOURCE   -c -o varchar.o varchar.c
gcc -Wall -Wmissing-prototypes -Wpointer-arith -Wdeclaration-after-statement -Werror=vla -Wendif-labels -Wmissing-format-attribute -Wimplicit-fallthrough=3 -Wcast-function-type -Wformat-security -fno-strict-aliasing -fwrapv -fexcess-precision=standard -Wno-format-truncation -Wno-stringop-truncation -g -O2 -I. -I. -I../../../../src/include -D_GNU_SOURCE   -c -o varlena.o varlena.c
gcc -Wall -Wmissing-prototypes -Wpointer-arith -Wdeclaration-after-statement -Werror=vla -Wendif-labels -Wmissing-format-attribute -Wimplicit-fallthrough=3 -Wcast-function-type -Wformat-security -fno-strict-aliasing -fwrapv -fexcess-precision=standard -Wno-format-truncation -Wno-stringop-truncation -g -O2 -I. -I. -I../../../../src/include -D_GNU_SOURCE   -c -o version.o version.c
gcc -Wall -Wmissing-prototypes -Wpointer-arith -Wdeclaration-after-statement -Werror=vla -Wendif-labels -Wmissing-format-attribute -Wimplicit-fallthrough=3 -Wcast-function-type -Wformat-security -fno-strict-aliasing -fwrapv -fexcess-precision=standard -Wno-format-truncation -Wno-stringop-truncation -g -O2 -I. -I. -I../../../../src/include -D_GNU_SOURCE   -c -o xid.o xid.c
gcc -Wall -Wmissing-prototypes -Wpointer-arith -Wdeclaration-after-statement -Werror=vla -Wendif-labels -Wmissing-format-attribute -Wimplicit-fallthrough=3 -Wcast-function-type -Wformat-security -fno-strict-aliasing -fwrapv -fexcess-precision=standard -Wno-format-truncation -Wno-stringop-truncation -g -O2 -I. -I. -I../../../../src/include -D_GNU_SOURCE   -c -o xid8funcs.o xid8funcs.c
( echo src/backend/utils/adt/amutils.o src/backend/utils/adt/array_expanded.o src/backend/utils/adt/array_selfuncs.o src/backend/utils/adt/array_typanalyze.o src/backend/utils/adt/array_userfuncs.o src/backend/utils/adt/arrayfuncs.o src/backend/utils/adt/arraysubs.o src/backend/utils/adt/arrayutils.o src/backend/utils/adt/ascii.o src/backend/utils/adt/bool.o src/backend/utils/adt/char.o src/backend/utils/adt/cryptohashfuncs.o src/backend/utils/adt/date.o src/backend/utils/adt/datetime.o src/backend/utils/adt/datum.o src/backend/utils/adt/dbsize.o src/backend/utils/adt/domains.o src/backend/utils/adt/encode.o src/backend/utils/adt/enum.o src/backend/utils/adt/expandeddatum.o src/backend/utils/adt/expandedrecord.o src/backend/utils/adt/float.o src/backend/utils/adt/format_type.o src/backend/utils/adt/formatting.o src/backend/utils/adt/genfile.o src/backend/utils/adt/int.o src/backend/utils/adt/int8.o src/backend/utils/adt/json_escape.o src/backend/utils/adt/like.o src/backend/utils/adt/like_support.o src/backend/utils/adt/lockfuncs.o src/backend/utils/adt/mcxtfuncs.o src/backend/utils/adt/misc.o src/backend/utils/adt/name.o src/backend/utils/adt/numeric.o src/backend/utils/adt/numutils.o src/backend/utils/adt/oid.o src/backend/utils/adt/oracle_compat.o src/backend/utils/adt/orderedsetaggs.o src/backend/utils/adt/multirangetypes.o src/backend/utils/adt/multirangetypes_selfuncs.o src/backend/utils/adt/pg_locale.o src/backend/utils/adt/pg_lsn.o src/backend/utils/adt/pgstatfuncs.o src/backend/utils/adt/pseudotypes.o src/backend/utils/adt/quote.o src/backend/utils/adt/regproc.o src/backend/utils/adt/rowtypes.o src/backend/utils/adt/ruleutils.o src/backend/utils/adt/rangetypes.o src/backend/utils/adt/rangetypes_selfuncs.o src/backend/utils/adt/rangetypes_typanalyze.o src/backend/utils/adt/selfuncs_geo.o src/backend/utils/adt/selfuncs.o src/backend/utils/adt/tid.o src/backend/utils/adt/timestamp.o src/backend/utils/adt/trigfuncs.o src/backend/utils/adt/varbit.o src/backend/utils/adt/varchar.o src/backend/utils/adt/varlena.o src/backend/utils/adt/version.o src/backend/utils/adt/xid.o src/backend/utils/adt/xid8funcs.o ) >objfiles.txt
make[4]: Leaving directory '/home/postgres/works/my-github/minipg/src/backend/utils/adt'
make -C cache all
make[4]: Entering directory '/home/postgres/works/my-github/minipg/src/backend/utils/cache'
gcc -Wall -Wmissing-prototypes -Wpointer-arith -Wdeclaration-after-statement -Werror=vla -Wendif-labels -Wmissing-format-attribute -Wimplicit-fallthrough=3 -Wcast-function-type -Wformat-security -fno-strict-aliasing -fwrapv -fexcess-precision=standard -Wno-format-truncation -Wno-stringop-truncation -g -O2 -I../../../../src/include -D_GNU_SOURCE   -c -o attoptcache.o attoptcache.c
gcc -Wall -Wmissing-prototypes -Wpointer-arith -Wdeclaration-after-statement -Werror=vla -Wendif-labels -Wmissing-format-attribute -Wimplicit-fallthrough=3 -Wcast-function-type -Wformat-security -fno-strict-aliasing -fwrapv -fexcess-precision=standard -Wno-format-truncation -Wno-stringop-truncation -g -O2 -I../../../../src/include -D_GNU_SOURCE   -c -o catcache.o catcache.c
gcc -Wall -Wmissing-prototypes -Wpointer-arith -Wdeclaration-after-statement -Werror=vla -Wendif-labels -Wmissing-format-attribute -Wimplicit-fallthrough=3 -Wcast-function-type -Wformat-security -fno-strict-aliasing -fwrapv -fexcess-precision=standard -Wno-format-truncation -Wno-stringop-truncation -g -O2 -I../../../../src/include -D_GNU_SOURCE   -c -o inval.o inval.c
gcc -Wall -Wmissing-prototypes -Wpointer-arith -Wdeclaration-after-statement -Werror=vla -Wendif-labels -Wmissing-format-attribute -Wimplicit-fallthrough=3 -Wcast-function-type -Wformat-security -fno-strict-aliasing -fwrapv -fexcess-precision=standard -Wno-format-truncation -Wno-stringop-truncation -g -O2 -I../../../../src/include -D_GNU_SOURCE   -c -o lsyscache.o lsyscache.c
gcc -Wall -Wmissing-prototypes -Wpointer-arith -Wdeclaration-after-statement -Werror=vla -Wendif-labels -Wmissing-format-attribute -Wimplicit-fallthrough=3 -Wcast-function-type -Wformat-security -fno-strict-aliasing -fwrapv -fexcess-precision=standard -Wno-format-truncation -Wno-stringop-truncation -g -O2 -I../../../../src/include -D_GNU_SOURCE   -c -o plancache.o plancache.c
gcc -Wall -Wmissing-prototypes -Wpointer-arith -Wdeclaration-after-statement -Werror=vla -Wendif-labels -Wmissing-format-attribute -Wimplicit-fallthrough=3 -Wcast-function-type -Wformat-security -fno-strict-aliasing -fwrapv -fexcess-precision=standard -Wno-format-truncation -Wno-stringop-truncation -g -O2 -I../../../../src/include -D_GNU_SOURCE   -c -o relcache.o relcache.c
gcc -Wall -Wmissing-prototypes -Wpointer-arith -Wdeclaration-after-statement -Werror=vla -Wendif-labels -Wmissing-format-attribute -Wimplicit-fallthrough=3 -Wcast-function-type -Wformat-security -fno-strict-aliasing -fwrapv -fexcess-precision=standard -Wno-format-truncation -Wno-stringop-truncation -g -O2 -I../../../../src/include -D_GNU_SOURCE   -c -o relfilenodemap.o relfilenodemap.c
gcc -Wall -Wmissing-prototypes -Wpointer-arith -Wdeclaration-after-statement -Werror=vla -Wendif-labels -Wmissing-format-attribute -Wimplicit-fallthrough=3 -Wcast-function-type -Wformat-security -fno-strict-aliasing -fwrapv -fexcess-precision=standard -Wno-format-truncation -Wno-stringop-truncation -g -O2 -I../../../../src/include -D_GNU_SOURCE   -c -o relmapper.o relmapper.c
gcc -Wall -Wmissing-prototypes -Wpointer-arith -Wdeclaration-after-statement -Werror=vla -Wendif-labels -Wmissing-format-attribute -Wimplicit-fallthrough=3 -Wcast-function-type -Wformat-security -fno-strict-aliasing -fwrapv -fexcess-precision=standard -Wno-format-truncation -Wno-stringop-truncation -g -O2 -I../../../../src/include -D_GNU_SOURCE   -c -o spccache.o spccache.c
gcc -Wall -Wmissing-prototypes -Wpointer-arith -Wdeclaration-after-statement -Werror=vla -Wendif-labels -Wmissing-format-attribute -Wimplicit-fallthrough=3 -Wcast-function-type -Wformat-security -fno-strict-aliasing -fwrapv -fexcess-precision=standard -Wno-format-truncation -Wno-stringop-truncation -g -O2 -I../../../../src/include -D_GNU_SOURCE   -c -o syscache.o syscache.c
gcc -Wall -Wmissing-prototypes -Wpointer-arith -Wdeclaration-after-statement -Werror=vla -Wendif-labels -Wmissing-format-attribute -Wimplicit-fallthrough=3 -Wcast-function-type -Wformat-security -fno-strict-aliasing -fwrapv -fexcess-precision=standard -Wno-format-truncation -Wno-stringop-truncation -g -O2 -I../../../../src/include -D_GNU_SOURCE   -c -o typcache.o typcache.c
( echo src/backend/utils/cache/attoptcache.o src/backend/utils/cache/catcache.o src/backend/utils/cache/inval.o src/backend/utils/cache/lsyscache.o src/backend/utils/cache/plancache.o src/backend/utils/cache/relcache.o src/backend/utils/cache/relfilenodemap.o src/backend/utils/cache/relmapper.o src/backend/utils/cache/spccache.o src/backend/utils/cache/syscache.o src/backend/utils/cache/typcache.o ) >objfiles.txt
make[4]: Leaving directory '/home/postgres/works/my-github/minipg/src/backend/utils/cache'
make -C error all
make[4]: Entering directory '/home/postgres/works/my-github/minipg/src/backend/utils/error'
gcc -Wall -Wmissing-prototypes -Wpointer-arith -Wdeclaration-after-statement -Werror=vla -Wendif-labels -Wmissing-format-attribute -Wimplicit-fallthrough=3 -Wcast-function-type -Wformat-security -fno-strict-aliasing -fwrapv -fexcess-precision=standard -Wno-format-truncation -Wno-stringop-truncation -g -O2 -I../../../../src/include -D_GNU_SOURCE   -c -o assert.o assert.c
gcc -Wall -Wmissing-prototypes -Wpointer-arith -Wdeclaration-after-statement -Werror=vla -Wendif-labels -Wmissing-format-attribute -Wimplicit-fallthrough=3 -Wcast-function-type -Wformat-security -fno-strict-aliasing -fwrapv -fexcess-precision=standard -Wno-format-truncation -Wno-stringop-truncation -g -O2 -I../../../../src/include -D_GNU_SOURCE   -c -o elog.o elog.c
( echo src/backend/utils/error/assert.o src/backend/utils/error/elog.o ) >objfiles.txt
make[4]: Leaving directory '/home/postgres/works/my-github/minipg/src/backend/utils/error'
make -C fmgr all
make[4]: Entering directory '/home/postgres/works/my-github/minipg/src/backend/utils/fmgr'
gcc -Wall -Wmissing-prototypes -Wpointer-arith -Wdeclaration-after-statement -Werror=vla -Wendif-labels -Wmissing-format-attribute -Wimplicit-fallthrough=3 -Wcast-function-type -Wformat-security -fno-strict-aliasing -fwrapv -fexcess-precision=standard -Wno-format-truncation -Wno-stringop-truncation -g -O2 -I../../../../src/include -D_GNU_SOURCE  -DDLSUFFIX=\".so\"  -c -o dfmgr.o dfmgr.c
gcc -Wall -Wmissing-prototypes -Wpointer-arith -Wdeclaration-after-statement -Werror=vla -Wendif-labels -Wmissing-format-attribute -Wimplicit-fallthrough=3 -Wcast-function-type -Wformat-security -fno-strict-aliasing -fwrapv -fexcess-precision=standard -Wno-format-truncation -Wno-stringop-truncation -g -O2 -I../../../../src/include -D_GNU_SOURCE  -DDLSUFFIX=\".so\"  -c -o fmgr.o fmgr.c
gcc -Wall -Wmissing-prototypes -Wpointer-arith -Wdeclaration-after-statement -Werror=vla -Wendif-labels -Wmissing-format-attribute -Wimplicit-fallthrough=3 -Wcast-function-type -Wformat-security -fno-strict-aliasing -fwrapv -fexcess-precision=standard -Wno-format-truncation -Wno-stringop-truncation -g -O2 -I../../../../src/include -D_GNU_SOURCE  -DDLSUFFIX=\".so\"  -c -o funcapi.o funcapi.c
( echo src/backend/utils/fmgr/dfmgr.o src/backend/utils/fmgr/fmgr.o src/backend/utils/fmgr/funcapi.o ) >objfiles.txt
make[4]: Leaving directory '/home/postgres/works/my-github/minipg/src/backend/utils/fmgr'
make -C hash all
make[4]: Entering directory '/home/postgres/works/my-github/minipg/src/backend/utils/hash'
gcc -Wall -Wmissing-prototypes -Wpointer-arith -Wdeclaration-after-statement -Werror=vla -Wendif-labels -Wmissing-format-attribute -Wimplicit-fallthrough=3 -Wcast-function-type -Wformat-security -fno-strict-aliasing -fwrapv -fexcess-precision=standard -Wno-format-truncation -Wno-stringop-truncation -g -O2 -I../../../../src/include -D_GNU_SOURCE   -c -o dynahash.o dynahash.c
gcc -Wall -Wmissing-prototypes -Wpointer-arith -Wdeclaration-after-statement -Werror=vla -Wendif-labels -Wmissing-format-attribute -Wimplicit-fallthrough=3 -Wcast-function-type -Wformat-security -fno-strict-aliasing -fwrapv -fexcess-precision=standard -Wno-format-truncation -Wno-stringop-truncation -g -O2 -I../../../../src/include -D_GNU_SOURCE   -c -o pg_crc.o pg_crc.c
( echo src/backend/utils/hash/dynahash.o src/backend/utils/hash/pg_crc.o ) >objfiles.txt
make[4]: Leaving directory '/home/postgres/works/my-github/minipg/src/backend/utils/hash'
make -C init all
make[4]: Entering directory '/home/postgres/works/my-github/minipg/src/backend/utils/init'
gcc -Wall -Wmissing-prototypes -Wpointer-arith -Wdeclaration-after-statement -Werror=vla -Wendif-labels -Wmissing-format-attribute -Wimplicit-fallthrough=3 -Wcast-function-type -Wformat-security -fno-strict-aliasing -fwrapv -fexcess-precision=standard -Wno-format-truncation -Wno-stringop-truncation -g -O2 -I../../../../src/include -D_GNU_SOURCE   -c -o globals.o globals.c
gcc -Wall -Wmissing-prototypes -Wpointer-arith -Wdeclaration-after-statement -Werror=vla -Wendif-labels -Wmissing-format-attribute -Wimplicit-fallthrough=3 -Wcast-function-type -Wformat-security -fno-strict-aliasing -fwrapv -fexcess-precision=standard -Wno-format-truncation -Wno-stringop-truncation -g -O2 -I../../../../src/include -D_GNU_SOURCE   -c -o miscinit.o miscinit.c
gcc -Wall -Wmissing-prototypes -Wpointer-arith -Wdeclaration-after-statement -Werror=vla -Wendif-labels -Wmissing-format-attribute -Wimplicit-fallthrough=3 -Wcast-function-type -Wformat-security -fno-strict-aliasing -fwrapv -fexcess-precision=standard -Wno-format-truncation -Wno-stringop-truncation -g -O2 -I../../../../src/include -D_GNU_SOURCE   -c -o postinit.o postinit.c
( echo src/backend/utils/init/globals.o src/backend/utils/init/miscinit.o src/backend/utils/init/postinit.o ) >objfiles.txt
make[4]: Leaving directory '/home/postgres/works/my-github/minipg/src/backend/utils/init'
make -C mb all
make[4]: Entering directory '/home/postgres/works/my-github/minipg/src/backend/utils/mb'
gcc -Wall -Wmissing-prototypes -Wpointer-arith -Wdeclaration-after-statement -Werror=vla -Wendif-labels -Wmissing-format-attribute -Wimplicit-fallthrough=3 -Wcast-function-type -Wformat-security -fno-strict-aliasing -fwrapv -fexcess-precision=standard -Wno-format-truncation -Wno-stringop-truncation -g -O2 -I../../../../src/include -D_GNU_SOURCE   -c -o conv.o conv.c
gcc -Wall -Wmissing-prototypes -Wpointer-arith -Wdeclaration-after-statement -Werror=vla -Wendif-labels -Wmissing-format-attribute -Wimplicit-fallthrough=3 -Wcast-function-type -Wformat-security -fno-strict-aliasing -fwrapv -fexcess-precision=standard -Wno-format-truncation -Wno-stringop-truncation -g -O2 -I../../../../src/include -D_GNU_SOURCE   -c -o mbutils.o mbutils.c
gcc -Wall -Wmissing-prototypes -Wpointer-arith -Wdeclaration-after-statement -Werror=vla -Wendif-labels -Wmissing-format-attribute -Wimplicit-fallthrough=3 -Wcast-function-type -Wformat-security -fno-strict-aliasing -fwrapv -fexcess-precision=standard -Wno-format-truncation -Wno-stringop-truncation -g -O2 -I../../../../src/include -D_GNU_SOURCE   -c -o stringinfo_mb.o stringinfo_mb.c
gcc -Wall -Wmissing-prototypes -Wpointer-arith -Wdeclaration-after-statement -Werror=vla -Wendif-labels -Wmissing-format-attribute -Wimplicit-fallthrough=3 -Wcast-function-type -Wformat-security -fno-strict-aliasing -fwrapv -fexcess-precision=standard -Wno-format-truncation -Wno-stringop-truncation -g -O2 -I../../../../src/include -D_GNU_SOURCE   -c -o wstrcmp.o wstrcmp.c
gcc -Wall -Wmissing-prototypes -Wpointer-arith -Wdeclaration-after-statement -Werror=vla -Wendif-labels -Wmissing-format-attribute -Wimplicit-fallthrough=3 -Wcast-function-type -Wformat-security -fno-strict-aliasing -fwrapv -fexcess-precision=standard -Wno-format-truncation -Wno-stringop-truncation -g -O2 -I../../../../src/include -D_GNU_SOURCE   -c -o wstrncmp.o wstrncmp.c
( echo src/backend/utils/mb/conv.o src/backend/utils/mb/mbutils.o src/backend/utils/mb/stringinfo_mb.o src/backend/utils/mb/wstrcmp.o src/backend/utils/mb/wstrncmp.o ) >objfiles.txt
make[4]: Leaving directory '/home/postgres/works/my-github/minipg/src/backend/utils/mb'
make -C misc all
make[4]: Entering directory '/home/postgres/works/my-github/minipg/src/backend/utils/misc'
/usr/bin/flex   -o'guc-file.c' guc-file.l
gcc -Wall -Wmissing-prototypes -Wpointer-arith -Wdeclaration-after-statement -Werror=vla -Wendif-labels -Wmissing-format-attribute -Wimplicit-fallthrough=3 -Wcast-function-type -Wformat-security -fno-strict-aliasing -fwrapv -fexcess-precision=standard -Wno-format-truncation -Wno-stringop-truncation -g -O2 -I. -I. -I../../../../src/include -D_GNU_SOURCE   -c -o guc.o guc.c
gcc -Wall -Wmissing-prototypes -Wpointer-arith -Wdeclaration-after-statement -Werror=vla -Wendif-labels -Wmissing-format-attribute -Wimplicit-fallthrough=3 -Wcast-function-type -Wformat-security -fno-strict-aliasing -fwrapv -fexcess-precision=standard -Wno-format-truncation -Wno-stringop-truncation -g -O2 -I. -I. -I../../../../src/include -D_GNU_SOURCE   -c -o pg_config.o pg_config.c
gcc -Wall -Wmissing-prototypes -Wpointer-arith -Wdeclaration-after-statement -Werror=vla -Wendif-labels -Wmissing-format-attribute -Wimplicit-fallthrough=3 -Wcast-function-type -Wformat-security -fno-strict-aliasing -fwrapv -fexcess-precision=standard -Wno-format-truncation -Wno-stringop-truncation -g -O2 -I. -I. -I../../../../src/include -D_GNU_SOURCE   -c -o pg_controldata.o pg_controldata.c
gcc -Wall -Wmissing-prototypes -Wpointer-arith -Wdeclaration-after-statement -Werror=vla -Wendif-labels -Wmissing-format-attribute -Wimplicit-fallthrough=3 -Wcast-function-type -Wformat-security -fno-strict-aliasing -fwrapv -fexcess-precision=standard -Wno-format-truncation -Wno-stringop-truncation -g -O2 -I. -I. -I../../../../src/include -D_GNU_SOURCE   -c -o pg_rusage.o pg_rusage.c
gcc -Wall -Wmissing-prototypes -Wpointer-arith -Wdeclaration-after-statement -Werror=vla -Wendif-labels -Wmissing-format-attribute -Wimplicit-fallthrough=3 -Wcast-function-type -Wformat-security -fno-strict-aliasing -fwrapv -fexcess-precision=standard -Wno-format-truncation -Wno-stringop-truncation -g -O2 -I. -I. -I../../../../src/include -D_GNU_SOURCE   -c -o ps_status.o ps_status.c
gcc -Wall -Wmissing-prototypes -Wpointer-arith -Wdeclaration-after-statement -Werror=vla -Wendif-labels -Wmissing-format-attribute -Wimplicit-fallthrough=3 -Wcast-function-type -Wformat-security -fno-strict-aliasing -fwrapv -fexcess-precision=standard -Wno-format-truncation -Wno-stringop-truncation -g -O2 -I. -I. -I../../../../src/include -D_GNU_SOURCE   -c -o queryenvironment.o queryenvironment.c
gcc -Wall -Wmissing-prototypes -Wpointer-arith -Wdeclaration-after-statement -Werror=vla -Wendif-labels -Wmissing-format-attribute -Wimplicit-fallthrough=3 -Wcast-function-type -Wformat-security -fno-strict-aliasing -fwrapv -fexcess-precision=standard -Wno-format-truncation -Wno-stringop-truncation -g -O2 -I. -I. -I../../../../src/include -D_GNU_SOURCE   -c -o queryjumble.o queryjumble.c
gcc -Wall -Wmissing-prototypes -Wpointer-arith -Wdeclaration-after-statement -Werror=vla -Wendif-labels -Wmissing-format-attribute -Wimplicit-fallthrough=3 -Wcast-function-type -Wformat-security -fno-strict-aliasing -fwrapv -fexcess-precision=standard -Wno-format-truncation -Wno-stringop-truncation -g -O2 -I. -I. -I../../../../src/include -D_GNU_SOURCE   -c -o sampling.o sampling.c
gcc -Wall -Wmissing-prototypes -Wpointer-arith -Wdeclaration-after-statement -Werror=vla -Wendif-labels -Wmissing-format-attribute -Wimplicit-fallthrough=3 -Wcast-function-type -Wformat-security -fno-strict-aliasing -fwrapv -fexcess-precision=standard -Wno-format-truncation -Wno-stringop-truncation -g -O2 -I. -I. -I../../../../src/include -D_GNU_SOURCE   -c -o timeout.o timeout.c
gcc -Wall -Wmissing-prototypes -Wpointer-arith -Wdeclaration-after-statement -Werror=vla -Wendif-labels -Wmissing-format-attribute -Wimplicit-fallthrough=3 -Wcast-function-type -Wformat-security -fno-strict-aliasing -fwrapv -fexcess-precision=standard -Wno-format-truncation -Wno-stringop-truncation -g -O2 -I. -I. -I../../../../src/include -D_GNU_SOURCE   -c -o tzparser.o tzparser.c
( echo src/backend/utils/misc/guc.o src/backend/utils/misc/pg_config.o src/backend/utils/misc/pg_controldata.o src/backend/utils/misc/pg_rusage.o src/backend/utils/misc/ps_status.o src/backend/utils/misc/queryenvironment.o src/backend/utils/misc/queryjumble.o src/backend/utils/misc/sampling.o src/backend/utils/misc/timeout.o src/backend/utils/misc/tzparser.o ) >objfiles.txt
make[4]: Leaving directory '/home/postgres/works/my-github/minipg/src/backend/utils/misc'
make -C mmgr all
make[4]: Entering directory '/home/postgres/works/my-github/minipg/src/backend/utils/mmgr'
gcc -Wall -Wmissing-prototypes -Wpointer-arith -Wdeclaration-after-statement -Werror=vla -Wendif-labels -Wmissing-format-attribute -Wimplicit-fallthrough=3 -Wcast-function-type -Wformat-security -fno-strict-aliasing -fwrapv -fexcess-precision=standard -Wno-format-truncation -Wno-stringop-truncation -g -O2 -I../../../../src/include -D_GNU_SOURCE   -c -o aset.o aset.c
gcc -Wall -Wmissing-prototypes -Wpointer-arith -Wdeclaration-after-statement -Werror=vla -Wendif-labels -Wmissing-format-attribute -Wimplicit-fallthrough=3 -Wcast-function-type -Wformat-security -fno-strict-aliasing -fwrapv -fexcess-precision=standard -Wno-format-truncation -Wno-stringop-truncation -g -O2 -I../../../../src/include -D_GNU_SOURCE   -c -o dsa.o dsa.c
gcc -Wall -Wmissing-prototypes -Wpointer-arith -Wdeclaration-after-statement -Werror=vla -Wendif-labels -Wmissing-format-attribute -Wimplicit-fallthrough=3 -Wcast-function-type -Wformat-security -fno-strict-aliasing -fwrapv -fexcess-precision=standard -Wno-format-truncation -Wno-stringop-truncation -g -O2 -I../../../../src/include -D_GNU_SOURCE   -c -o freepage.o freepage.c
gcc -Wall -Wmissing-prototypes -Wpointer-arith -Wdeclaration-after-statement -Werror=vla -Wendif-labels -Wmissing-format-attribute -Wimplicit-fallthrough=3 -Wcast-function-type -Wformat-security -fno-strict-aliasing -fwrapv -fexcess-precision=standard -Wno-format-truncation -Wno-stringop-truncation -g -O2 -I../../../../src/include -D_GNU_SOURCE   -c -o generation.o generation.c
gcc -Wall -Wmissing-prototypes -Wpointer-arith -Wdeclaration-after-statement -Werror=vla -Wendif-labels -Wmissing-format-attribute -Wimplicit-fallthrough=3 -Wcast-function-type -Wformat-security -fno-strict-aliasing -fwrapv -fexcess-precision=standard -Wno-format-truncation -Wno-stringop-truncation -g -O2 -I../../../../src/include -D_GNU_SOURCE   -c -o mcxt.o mcxt.c
gcc -Wall -Wmissing-prototypes -Wpointer-arith -Wdeclaration-after-statement -Werror=vla -Wendif-labels -Wmissing-format-attribute -Wimplicit-fallthrough=3 -Wcast-function-type -Wformat-security -fno-strict-aliasing -fwrapv -fexcess-precision=standard -Wno-format-truncation -Wno-stringop-truncation -g -O2 -I../../../../src/include -D_GNU_SOURCE   -c -o memdebug.o memdebug.c
gcc -Wall -Wmissing-prototypes -Wpointer-arith -Wdeclaration-after-statement -Werror=vla -Wendif-labels -Wmissing-format-attribute -Wimplicit-fallthrough=3 -Wcast-function-type -Wformat-security -fno-strict-aliasing -fwrapv -fexcess-precision=standard -Wno-format-truncation -Wno-stringop-truncation -g -O2 -I../../../../src/include -D_GNU_SOURCE   -c -o portalmem.o portalmem.c
gcc -Wall -Wmissing-prototypes -Wpointer-arith -Wdeclaration-after-statement -Werror=vla -Wendif-labels -Wmissing-format-attribute -Wimplicit-fallthrough=3 -Wcast-function-type -Wformat-security -fno-strict-aliasing -fwrapv -fexcess-precision=standard -Wno-format-truncation -Wno-stringop-truncation -g -O2 -I../../../../src/include -D_GNU_SOURCE   -c -o slab.o slab.c
( echo src/backend/utils/mmgr/aset.o src/backend/utils/mmgr/dsa.o src/backend/utils/mmgr/freepage.o src/backend/utils/mmgr/generation.o src/backend/utils/mmgr/mcxt.o src/backend/utils/mmgr/memdebug.o src/backend/utils/mmgr/portalmem.o src/backend/utils/mmgr/slab.o ) >objfiles.txt
make[4]: Leaving directory '/home/postgres/works/my-github/minipg/src/backend/utils/mmgr'
make -C resowner all
make[4]: Entering directory '/home/postgres/works/my-github/minipg/src/backend/utils/resowner'
gcc -Wall -Wmissing-prototypes -Wpointer-arith -Wdeclaration-after-statement -Werror=vla -Wendif-labels -Wmissing-format-attribute -Wimplicit-fallthrough=3 -Wcast-function-type -Wformat-security -fno-strict-aliasing -fwrapv -fexcess-precision=standard -Wno-format-truncation -Wno-stringop-truncation -g -O2 -I../../../../src/include -D_GNU_SOURCE   -c -o resowner.o resowner.c
( echo src/backend/utils/resowner/resowner.o ) >objfiles.txt
make[4]: Leaving directory '/home/postgres/works/my-github/minipg/src/backend/utils/resowner'
make -C sort all
make[4]: Entering directory '/home/postgres/works/my-github/minipg/src/backend/utils/sort'
gcc -Wall -Wmissing-prototypes -Wpointer-arith -Wdeclaration-after-statement -Werror=vla -Wendif-labels -Wmissing-format-attribute -Wimplicit-fallthrough=3 -Wcast-function-type -Wformat-security -fno-strict-aliasing -fwrapv -fexcess-precision=standard -Wno-format-truncation -Wno-stringop-truncation -g -O2 -I. -I. -I../../../../src/include -D_GNU_SOURCE   -c -o logtape.o logtape.c
gcc -Wall -Wmissing-prototypes -Wpointer-arith -Wdeclaration-after-statement -Werror=vla -Wendif-labels -Wmissing-format-attribute -Wimplicit-fallthrough=3 -Wcast-function-type -Wformat-security -fno-strict-aliasing -fwrapv -fexcess-precision=standard -Wno-format-truncation -Wno-stringop-truncation -g -O2 -I. -I. -I../../../../src/include -D_GNU_SOURCE   -c -o qsort_interruptible.o qsort_interruptible.c
gcc -Wall -Wmissing-prototypes -Wpointer-arith -Wdeclaration-after-statement -Werror=vla -Wendif-labels -Wmissing-format-attribute -Wimplicit-fallthrough=3 -Wcast-function-type -Wformat-security -fno-strict-aliasing -fwrapv -fexcess-precision=standard -Wno-format-truncation -Wno-stringop-truncation -g -O2 -I. -I. -I../../../../src/include -D_GNU_SOURCE   -c -o sharedtuplestore.o sharedtuplestore.c
gcc -Wall -Wmissing-prototypes -Wpointer-arith -Wdeclaration-after-statement -Werror=vla -Wendif-labels -Wmissing-format-attribute -Wimplicit-fallthrough=3 -Wcast-function-type -Wformat-security -fno-strict-aliasing -fwrapv -fexcess-precision=standard -Wno-format-truncation -Wno-stringop-truncation -g -O2 -I. -I. -I../../../../src/include -D_GNU_SOURCE   -c -o sortsupport.o sortsupport.c
gcc -Wall -Wmissing-prototypes -Wpointer-arith -Wdeclaration-after-statement -Werror=vla -Wendif-labels -Wmissing-format-attribute -Wimplicit-fallthrough=3 -Wcast-function-type -Wformat-security -fno-strict-aliasing -fwrapv -fexcess-precision=standard -Wno-format-truncation -Wno-stringop-truncation -g -O2 -I. -I. -I../../../../src/include -D_GNU_SOURCE   -c -o tuplesort.o tuplesort.c
gcc -Wall -Wmissing-prototypes -Wpointer-arith -Wdeclaration-after-statement -Werror=vla -Wendif-labels -Wmissing-format-attribute -Wimplicit-fallthrough=3 -Wcast-function-type -Wformat-security -fno-strict-aliasing -fwrapv -fexcess-precision=standard -Wno-format-truncation -Wno-stringop-truncation -g -O2 -I. -I. -I../../../../src/include -D_GNU_SOURCE   -c -o tuplestore.o tuplestore.c
( echo src/backend/utils/sort/logtape.o src/backend/utils/sort/qsort_interruptible.o src/backend/utils/sort/sharedtuplestore.o src/backend/utils/sort/sortsupport.o src/backend/utils/sort/tuplesort.o src/backend/utils/sort/tuplestore.o ) >objfiles.txt
make[4]: Leaving directory '/home/postgres/works/my-github/minipg/src/backend/utils/sort'
make -C time all
make[4]: Entering directory '/home/postgres/works/my-github/minipg/src/backend/utils/time'
gcc -Wall -Wmissing-prototypes -Wpointer-arith -Wdeclaration-after-statement -Werror=vla -Wendif-labels -Wmissing-format-attribute -Wimplicit-fallthrough=3 -Wcast-function-type -Wformat-security -fno-strict-aliasing -fwrapv -fexcess-precision=standard -Wno-format-truncation -Wno-stringop-truncation -g -O2 -I../../../../src/include -D_GNU_SOURCE   -c -o combocid.o combocid.c
gcc -Wall -Wmissing-prototypes -Wpointer-arith -Wdeclaration-after-statement -Werror=vla -Wendif-labels -Wmissing-format-attribute -Wimplicit-fallthrough=3 -Wcast-function-type -Wformat-security -fno-strict-aliasing -fwrapv -fexcess-precision=standard -Wno-format-truncation -Wno-stringop-truncation -g -O2 -I../../../../src/include -D_GNU_SOURCE   -c -o snapmgr.o snapmgr.c
( echo src/backend/utils/time/combocid.o src/backend/utils/time/snapmgr.o ) >objfiles.txt
make[4]: Leaving directory '/home/postgres/works/my-github/minipg/src/backend/utils/time'
gcc -Wall -Wmissing-prototypes -Wpointer-arith -Wdeclaration-after-statement -Werror=vla -Wendif-labels -Wmissing-format-attribute -Wimplicit-fallthrough=3 -Wcast-function-type -Wformat-security -fno-strict-aliasing -fwrapv -fexcess-precision=standard -Wno-format-truncation -Wno-stringop-truncation -g -O2 -I../../../src/include -D_GNU_SOURCE   -c -o fmgrtab.o fmgrtab.c
( cat activity/objfiles.txt adt/objfiles.txt cache/objfiles.txt error/objfiles.txt fmgr/objfiles.txt hash/objfiles.txt init/objfiles.txt mb/objfiles.txt misc/objfiles.txt mmgr/objfiles.txt resowner/objfiles.txt sort/objfiles.txt time/objfiles.txt; echo src/backend/utils/fmgrtab.o ) >objfiles.txt
make[3]: Leaving directory '/home/postgres/works/my-github/minipg/src/backend/utils'
make -C ../../src/timezone all
make[3]: Entering directory '/home/postgres/works/my-github/minipg/src/timezone'
make -C ../../src/port all
make[4]: Entering directory '/home/postgres/works/my-github/minipg/src/port'
make[4]: Nothing to be done for 'all'.
make[4]: Leaving directory '/home/postgres/works/my-github/minipg/src/port'
make -C ../../src/common all
make[4]: Entering directory '/home/postgres/works/my-github/minipg/src/common'
make[4]: Nothing to be done for 'all'.
make[4]: Leaving directory '/home/postgres/works/my-github/minipg/src/common'
make[3]: Leaving directory '/home/postgres/works/my-github/minipg/src/timezone'
gcc -Wall -Wmissing-prototypes -Wpointer-arith -Wdeclaration-after-statement -Werror=vla -Wendif-labels -Wmissing-format-attribute -Wimplicit-fallthrough=3 -Wcast-function-type -Wformat-security -fno-strict-aliasing -fwrapv -fexcess-precision=standard -Wno-format-truncation -Wno-stringop-truncation -g -O2 access/common/attmap.o access/common/bufmask.o access/common/detoast.o access/common/heaptuple.o access/common/indextuple.o access/common/printsimple.o access/common/printtup.o access/common/relation.o access/common/reloptions.o access/common/scankey.o access/common/session.o access/common/syncscan.o access/common/toast_compression.o access/common/toast_internals.o access/common/tupconvert.o access/common/tupdesc.o access/hash/hash.o access/hash/hash_xlog.o access/hash/hashfunc.o access/hash/hashinsert.o access/hash/hashovfl.o access/hash/hashpage.o access/hash/hashsearch.o access/hash/hashsort.o access/hash/hashutil.o access/hash/hashvalidate.o access/heap/heapam.o access/heap/heapam_handler.o access/heap/heapam_visibility.o access/heap/heaptoast.o access/heap/hio.o access/heap/pruneheap.o access/heap/rewriteheap.o access/heap/vacuumlazy.o access/heap/visibilitymap.o access/index/amapi.o access/index/amvalidate.o access/index/genam.o access/index/indexam.o access/nbtree/nbtcompare.o access/nbtree/nbtdedup.o access/nbtree/nbtinsert.o access/nbtree/nbtpage.o access/nbtree/nbtree.o access/nbtree/nbtsearch.o access/nbtree/nbtsort.o access/nbtree/nbtsplitloc.o access/nbtree/nbtutils.o access/nbtree/nbtvalidate.o access/nbtree/nbtxlog.o access/rmgrdesc/clogdesc.o access/rmgrdesc/committsdesc.o access/rmgrdesc/dbasedesc.o access/rmgrdesc/genericdesc.o access/rmgrdesc/hashdesc.o access/rmgrdesc/heapdesc.o access/rmgrdesc/mxactdesc.o access/rmgrdesc/nbtdesc.o access/rmgrdesc/relmapdesc.o access/rmgrdesc/smgrdesc.o access/rmgrdesc/standbydesc.o access/rmgrdesc/tblspcdesc.o access/rmgrdesc/xactdesc.o access/rmgrdesc/xlogdesc.o access/table/table.o access/table/tableam.o access/table/tableamapi.o access/table/toast_helper.o access/tablesample/bernoulli.o access/tablesample/system.o access/tablesample/tablesample.o access/transam/clog.o access/transam/commit_ts.o access/transam/generic_xlog.o access/transam/multixact.o access/transam/parallel.o access/transam/rmgr.o access/transam/slru.o access/transam/subtrans.o access/transam/timeline.o access/transam/transam.o access/transam/twophase.o access/transam/twophase_rmgr.o access/transam/varsup.o access/transam/xact.o access/transam/xlog.o access/transam/xlogarchive.o access/transam/xlogfuncs.o access/transam/xloginsert.o access/transam/xlogreader.o access/transam/xlogutils.o bootstrap/bootparse.o bootstrap/bootstrap.o catalog/catalog.o catalog/dependency.o catalog/heap.o catalog/index.o catalog/indexing.o catalog/namespace.o catalog/objectaccess.o catalog/objectaddress.o catalog/pg_aggregate.o catalog/pg_cast.o catalog/pg_collation.o catalog/pg_constraint.o catalog/pg_conversion.o catalog/pg_depend.o catalog/pg_enum.o catalog/pg_namespace.o catalog/pg_operator.o catalog/pg_proc.o catalog/pg_range.o catalog/pg_shdepend.o catalog/pg_type.o catalog/storage.o catalog/toasting.o parser/analyze.o parser/gram.o parser/parse_agg.o parser/parse_clause.o parser/parse_coerce.o parser/parse_collate.o parser/parse_enr.o parser/parse_expr.o parser/parse_func.o parser/parse_node.o parser/parse_oper.o parser/parse_param.o parser/parse_relation.o parser/parse_target.o parser/parse_type.o parser/parse_utilcmd.o parser/parser.o parser/scan.o parser/scansup.o commands/aggregatecmds.o commands/alter.o commands/amcmds.o commands/analyze.o commands/cluster.o commands/collationcmds.o commands/constraint.o commands/conversioncmds.o commands/copy.o commands/copyfrom.o commands/copyfromparse.o commands/copyto.o commands/dbcommands.o commands/define.o commands/discard.o commands/dropcmds.o commands/explain.o commands/extension.o commands/functioncmds.o commands/indexcmds.o commands/lockcmds.o commands/opclasscmds.o commands/operatorcmds.o commands/portalcmds.o commands/prepare.o commands/proclang.o commands/schemacmds.o commands/statscmds.o commands/tablecmds.o commands/tablespace.o commands/trigger.o commands/typecmds.o commands/vacuum.o commands/variable.o commands/view.o executor/execAmi.o executor/execCurrent.o executor/execExpr.o executor/execExprInterp.o executor/execGrouping.o executor/execIndexing.o executor/execJunk.o executor/execMain.o executor/execParallel.o executor/execProcnode.o executor/execSRF.o executor/execScan.o executor/execTuples.o executor/execUtils.o executor/functions.o executor/instrument.o executor/nodeAgg.o executor/nodeAppend.o executor/nodeBitmapAnd.o executor/nodeBitmapHeapscan.o executor/nodeBitmapIndexscan.o executor/nodeBitmapOr.o executor/nodeCustom.o executor/nodeFunctionscan.o executor/nodeGather.o executor/nodeGatherMerge.o executor/nodeGroup.o executor/nodeHash.o executor/nodeHashjoin.o executor/nodeIncrementalSort.o executor/nodeIndexonlyscan.o executor/nodeIndexscan.o executor/nodeLimit.o executor/nodeLockRows.o executor/nodeMaterial.o executor/nodeMemoize.o executor/nodeMergeAppend.o executor/nodeMergejoin.o executor/nodeModifyTable.o executor/nodeNamedtuplestorescan.o executor/nodeNestloop.o executor/nodeProjectSet.o executor/nodeResult.o executor/nodeSamplescan.o executor/nodeSeqscan.o executor/spi.o executor/nodeSort.o executor/nodeSubplan.o executor/nodeSubqueryscan.o executor/nodeTidrangescan.o executor/nodeTidscan.o executor/nodeUnique.o executor/nodeValuesscan.o executor/tqueue.o executor/tstoreReceiver.o lib/binaryheap.o lib/bipartite_match.o lib/bloomfilter.o lib/dshash.o lib/hyperloglog.o lib/ilist.o lib/integerset.o lib/knapsack.o lib/pairingheap.o lib/rbtree.o libpq/auth.o libpq/be-secure.o libpq/ifaddr.o libpq/pqcomm.o libpq/pqformat.o libpq/pqmq.o libpq/pqsignal.o main/main.o nodes/bitmapset.o nodes/copyfuncs.o nodes/equalfuncs.o nodes/extensible.o nodes/list.o nodes/makefuncs.o nodes/nodeFuncs.o nodes/nodes.o nodes/outfuncs.o nodes/params.o nodes/print.o nodes/read.o nodes/readfuncs.o nodes/tidbitmap.o nodes/value.o optimizer/path/allpaths.o optimizer/path/clausesel.o optimizer/path/costsize.o optimizer/path/equivclass.o optimizer/path/indxpath.o optimizer/path/joinpath.o optimizer/path/joinrels.o optimizer/path/pathkeys.o optimizer/path/tidpath.o optimizer/plan/analyzejoins.o optimizer/plan/createplan.o optimizer/plan/initsplan.o optimizer/plan/planagg.o optimizer/plan/planmain.o optimizer/plan/planner.o optimizer/plan/setrefs.o optimizer/plan/subselect.o optimizer/prep/prepagg.o optimizer/prep/prepjointree.o optimizer/prep/prepqual.o optimizer/prep/preptlist.o optimizer/util/appendinfo.o optimizer/util/clauses.o optimizer/util/joininfo.o optimizer/util/orclauses.o optimizer/util/paramassign.o optimizer/util/pathnode.o optimizer/util/placeholder.o optimizer/util/plancat.o optimizer/util/predtest.o optimizer/util/relnode.o optimizer/util/restrictinfo.o optimizer/util/tlist.o optimizer/util/var.o port/atomics.o port/pg_sema.o port/pg_shmem.o postmaster/autovacuum.o postmaster/bgworker.o postmaster/bgwriter.o postmaster/checkpointer.o postmaster/fork_process.o postmaster/interrupt.o postmaster/pgstat.o postmaster/postmaster.o postmaster/startup.o postmaster/syslogger.o postmaster/walwriter.o rewrite/rewriteDefine.o rewrite/rewriteHandler.o rewrite/rewriteManip.o rewrite/rewriteRemove.o rewrite/rewriteSupport.o statistics/dependencies.o statistics/extended_stats.o statistics/mcv.o statistics/mvdistinct.o storage/buffer/buf_init.o storage/buffer/buf_table.o storage/buffer/bufmgr.o storage/buffer/freelist.o storage/buffer/localbuf.o storage/file/buffile.o storage/file/copydir.o storage/file/fd.o storage/file/reinit.o storage/file/sharedfileset.o storage/freespace/freespace.o storage/freespace/fsmpage.o storage/freespace/indexfsm.o storage/ipc/barrier.o storage/ipc/dsm.o storage/ipc/dsm_impl.o storage/ipc/ipc.o storage/ipc/ipci.o storage/ipc/latch.o storage/ipc/pmsignal.o storage/ipc/procarray.o storage/ipc/procsignal.o storage/ipc/shm_mq.o storage/ipc/shm_toc.o storage/ipc/shmem.o storage/ipc/shmqueue.o storage/ipc/signalfuncs.o storage/ipc/sinval.o storage/ipc/sinvaladt.o storage/ipc/standby.o storage/lmgr/condition_variable.o storage/lmgr/deadlock.o storage/lmgr/lmgr.o storage/lmgr/lock.o storage/lmgr/lwlock.o storage/lmgr/lwlocknames.o storage/lmgr/predicate.o storage/lmgr/proc.o storage/lmgr/s_lock.o storage/lmgr/spin.o storage/page/bufpage.o storage/page/checksum.o storage/page/itemptr.o storage/smgr/md.o storage/smgr/smgr.o storage/sync/sync.o tcop/cmdtag.o tcop/dest.o tcop/fastpath.o tcop/postgres.o tcop/pquery.o tcop/utility.o utils/activity/backend_progress.o utils/activity/backend_status.o utils/activity/wait_event.o utils/adt/amutils.o utils/adt/array_expanded.o utils/adt/array_selfuncs.o utils/adt/array_typanalyze.o utils/adt/array_userfuncs.o utils/adt/arrayfuncs.o utils/adt/arraysubs.o utils/adt/arrayutils.o utils/adt/ascii.o utils/adt/bool.o utils/adt/char.o utils/adt/cryptohashfuncs.o utils/adt/date.o utils/adt/datetime.o utils/adt/datum.o utils/adt/dbsize.o utils/adt/domains.o utils/adt/encode.o utils/adt/enum.o utils/adt/expandeddatum.o utils/adt/expandedrecord.o utils/adt/float.o utils/adt/format_type.o utils/adt/formatting.o utils/adt/genfile.o utils/adt/int.o utils/adt/int8.o utils/adt/json_escape.o utils/adt/like.o utils/adt/like_support.o utils/adt/lockfuncs.o utils/adt/mcxtfuncs.o utils/adt/misc.o utils/adt/name.o utils/adt/numeric.o utils/adt/numutils.o utils/adt/oid.o utils/adt/oracle_compat.o utils/adt/orderedsetaggs.o utils/adt/multirangetypes.o utils/adt/multirangetypes_selfuncs.o utils/adt/pg_locale.o utils/adt/pg_lsn.o utils/adt/pgstatfuncs.o utils/adt/pseudotypes.o utils/adt/quote.o utils/adt/regproc.o utils/adt/rowtypes.o utils/adt/ruleutils.o utils/adt/rangetypes.o utils/adt/rangetypes_selfuncs.o utils/adt/rangetypes_typanalyze.o utils/adt/selfuncs_geo.o utils/adt/selfuncs.o utils/adt/tid.o utils/adt/timestamp.o utils/adt/trigfuncs.o utils/adt/varbit.o utils/adt/varchar.o utils/adt/varlena.o utils/adt/version.o utils/adt/xid.o utils/adt/xid8funcs.o utils/cache/attoptcache.o utils/cache/catcache.o utils/cache/inval.o utils/cache/lsyscache.o utils/cache/plancache.o utils/cache/relcache.o utils/cache/relfilenodemap.o utils/cache/relmapper.o utils/cache/spccache.o utils/cache/syscache.o utils/cache/typcache.o utils/error/assert.o utils/error/elog.o utils/fmgr/dfmgr.o utils/fmgr/fmgr.o utils/fmgr/funcapi.o utils/hash/dynahash.o utils/hash/pg_crc.o utils/init/globals.o utils/init/miscinit.o utils/init/postinit.o utils/mb/conv.o utils/mb/mbutils.o utils/mb/stringinfo_mb.o utils/mb/wstrcmp.o utils/mb/wstrncmp.o utils/misc/guc.o utils/misc/pg_config.o utils/misc/pg_controldata.o utils/misc/pg_rusage.o utils/misc/ps_status.o utils/misc/queryenvironment.o utils/misc/queryjumble.o utils/misc/sampling.o utils/misc/timeout.o utils/misc/tzparser.o utils/mmgr/aset.o utils/mmgr/dsa.o utils/mmgr/freepage.o utils/mmgr/generation.o utils/mmgr/mcxt.o utils/mmgr/memdebug.o utils/mmgr/portalmem.o utils/mmgr/slab.o utils/resowner/resowner.o utils/sort/logtape.o utils/sort/qsort_interruptible.o utils/sort/sharedtuplestore.o utils/sort/sortsupport.o utils/sort/tuplesort.o utils/sort/tuplestore.o utils/time/combocid.o utils/time/snapmgr.o utils/fmgrtab.o ../../src/timezone/localtime.o ../../src/timezone/pgtz.o ../../src/timezone/strftime.o ../../src/common/libpgcommon_srv.a ../../src/port/libpgport_srv.a -L../../src/port -L../../src/common   -Wl,--as-needed -Wl,-rpath,'/home/postgres/minipg/lib',--enable-new-dtags  -Wl,-E -lm -o postgres
make[2]: Leaving directory '/home/postgres/works/my-github/minipg/src/backend'
make -C backend/utils/mb/conversion_procs all
make[2]: Entering directory '/home/postgres/works/my-github/minipg/src/backend/utils/mb/conversion_procs'
make -C cyrillic_and_mic all
make[3]: Entering directory '/home/postgres/works/my-github/minipg/src/backend/utils/mb/conversion_procs/cyrillic_and_mic'
gcc -Wall -Wmissing-prototypes -Wpointer-arith -Wdeclaration-after-statement -Werror=vla -Wendif-labels -Wmissing-format-attribute -Wimplicit-fallthrough=3 -Wcast-function-type -Wformat-security -fno-strict-aliasing -fwrapv -fexcess-precision=standard -Wno-format-truncation -Wno-stringop-truncation -g -O2 -fPIC -I../../../../../../src/include -D_GNU_SOURCE   -c -o cyrillic_and_mic.o cyrillic_and_mic.c
gcc -Wall -Wmissing-prototypes -Wpointer-arith -Wdeclaration-after-statement -Werror=vla -Wendif-labels -Wmissing-format-attribute -Wimplicit-fallthrough=3 -Wcast-function-type -Wformat-security -fno-strict-aliasing -fwrapv -fexcess-precision=standard -Wno-format-truncation -Wno-stringop-truncation -g -O2 -fPIC -shared -o cyrillic_and_mic.so cyrillic_and_mic.o  -L../../../../../../src/port -L../../../../../../src/common    -Wl,--as-needed   
make[3]: Leaving directory '/home/postgres/works/my-github/minipg/src/backend/utils/mb/conversion_procs/cyrillic_and_mic'
make -C euc_cn_and_mic all
make[3]: Entering directory '/home/postgres/works/my-github/minipg/src/backend/utils/mb/conversion_procs/euc_cn_and_mic'
gcc -Wall -Wmissing-prototypes -Wpointer-arith -Wdeclaration-after-statement -Werror=vla -Wendif-labels -Wmissing-format-attribute -Wimplicit-fallthrough=3 -Wcast-function-type -Wformat-security -fno-strict-aliasing -fwrapv -fexcess-precision=standard -Wno-format-truncation -Wno-stringop-truncation -g -O2 -fPIC -I../../../../../../src/include -D_GNU_SOURCE   -c -o euc_cn_and_mic.o euc_cn_and_mic.c
gcc -Wall -Wmissing-prototypes -Wpointer-arith -Wdeclaration-after-statement -Werror=vla -Wendif-labels -Wmissing-format-attribute -Wimplicit-fallthrough=3 -Wcast-function-type -Wformat-security -fno-strict-aliasing -fwrapv -fexcess-precision=standard -Wno-format-truncation -Wno-stringop-truncation -g -O2 -fPIC -shared -o euc_cn_and_mic.so euc_cn_and_mic.o  -L../../../../../../src/port -L../../../../../../src/common    -Wl,--as-needed   
make[3]: Leaving directory '/home/postgres/works/my-github/minipg/src/backend/utils/mb/conversion_procs/euc_cn_and_mic'
make -C euc_jp_and_sjis all
make[3]: Entering directory '/home/postgres/works/my-github/minipg/src/backend/utils/mb/conversion_procs/euc_jp_and_sjis'
gcc -Wall -Wmissing-prototypes -Wpointer-arith -Wdeclaration-after-statement -Werror=vla -Wendif-labels -Wmissing-format-attribute -Wimplicit-fallthrough=3 -Wcast-function-type -Wformat-security -fno-strict-aliasing -fwrapv -fexcess-precision=standard -Wno-format-truncation -Wno-stringop-truncation -g -O2 -fPIC -I../../../../../../src/include -D_GNU_SOURCE   -c -o euc_jp_and_sjis.o euc_jp_and_sjis.c
gcc -Wall -Wmissing-prototypes -Wpointer-arith -Wdeclaration-after-statement -Werror=vla -Wendif-labels -Wmissing-format-attribute -Wimplicit-fallthrough=3 -Wcast-function-type -Wformat-security -fno-strict-aliasing -fwrapv -fexcess-precision=standard -Wno-format-truncation -Wno-stringop-truncation -g -O2 -fPIC -shared -o euc_jp_and_sjis.so euc_jp_and_sjis.o  -L../../../../../../src/port -L../../../../../../src/common    -Wl,--as-needed   
make[3]: Leaving directory '/home/postgres/works/my-github/minipg/src/backend/utils/mb/conversion_procs/euc_jp_and_sjis'
make -C euc_kr_and_mic all
make[3]: Entering directory '/home/postgres/works/my-github/minipg/src/backend/utils/mb/conversion_procs/euc_kr_and_mic'
gcc -Wall -Wmissing-prototypes -Wpointer-arith -Wdeclaration-after-statement -Werror=vla -Wendif-labels -Wmissing-format-attribute -Wimplicit-fallthrough=3 -Wcast-function-type -Wformat-security -fno-strict-aliasing -fwrapv -fexcess-precision=standard -Wno-format-truncation -Wno-stringop-truncation -g -O2 -fPIC -I../../../../../../src/include -D_GNU_SOURCE   -c -o euc_kr_and_mic.o euc_kr_and_mic.c
gcc -Wall -Wmissing-prototypes -Wpointer-arith -Wdeclaration-after-statement -Werror=vla -Wendif-labels -Wmissing-format-attribute -Wimplicit-fallthrough=3 -Wcast-function-type -Wformat-security -fno-strict-aliasing -fwrapv -fexcess-precision=standard -Wno-format-truncation -Wno-stringop-truncation -g -O2 -fPIC -shared -o euc_kr_and_mic.so euc_kr_and_mic.o  -L../../../../../../src/port -L../../../../../../src/common    -Wl,--as-needed   
make[3]: Leaving directory '/home/postgres/works/my-github/minipg/src/backend/utils/mb/conversion_procs/euc_kr_and_mic'
make -C euc_tw_and_big5 all
make[3]: Entering directory '/home/postgres/works/my-github/minipg/src/backend/utils/mb/conversion_procs/euc_tw_and_big5'
gcc -Wall -Wmissing-prototypes -Wpointer-arith -Wdeclaration-after-statement -Werror=vla -Wendif-labels -Wmissing-format-attribute -Wimplicit-fallthrough=3 -Wcast-function-type -Wformat-security -fno-strict-aliasing -fwrapv -fexcess-precision=standard -Wno-format-truncation -Wno-stringop-truncation -g -O2 -fPIC -I../../../../../../src/include -D_GNU_SOURCE   -c -o big5.o big5.c
gcc -Wall -Wmissing-prototypes -Wpointer-arith -Wdeclaration-after-statement -Werror=vla -Wendif-labels -Wmissing-format-attribute -Wimplicit-fallthrough=3 -Wcast-function-type -Wformat-security -fno-strict-aliasing -fwrapv -fexcess-precision=standard -Wno-format-truncation -Wno-stringop-truncation -g -O2 -fPIC -I../../../../../../src/include -D_GNU_SOURCE   -c -o euc_tw_and_big5.o euc_tw_and_big5.c
gcc -Wall -Wmissing-prototypes -Wpointer-arith -Wdeclaration-after-statement -Werror=vla -Wendif-labels -Wmissing-format-attribute -Wimplicit-fallthrough=3 -Wcast-function-type -Wformat-security -fno-strict-aliasing -fwrapv -fexcess-precision=standard -Wno-format-truncation -Wno-stringop-truncation -g -O2 -fPIC -shared -o euc_tw_and_big5.so big5.o euc_tw_and_big5.o  -L../../../../../../src/port -L../../../../../../src/common    -Wl,--as-needed   
make[3]: Leaving directory '/home/postgres/works/my-github/minipg/src/backend/utils/mb/conversion_procs/euc_tw_and_big5'
make -C latin2_and_win1250 all
make[3]: Entering directory '/home/postgres/works/my-github/minipg/src/backend/utils/mb/conversion_procs/latin2_and_win1250'
gcc -Wall -Wmissing-prototypes -Wpointer-arith -Wdeclaration-after-statement -Werror=vla -Wendif-labels -Wmissing-format-attribute -Wimplicit-fallthrough=3 -Wcast-function-type -Wformat-security -fno-strict-aliasing -fwrapv -fexcess-precision=standard -Wno-format-truncation -Wno-stringop-truncation -g -O2 -fPIC -I../../../../../../src/include -D_GNU_SOURCE   -c -o latin2_and_win1250.o latin2_and_win1250.c
gcc -Wall -Wmissing-prototypes -Wpointer-arith -Wdeclaration-after-statement -Werror=vla -Wendif-labels -Wmissing-format-attribute -Wimplicit-fallthrough=3 -Wcast-function-type -Wformat-security -fno-strict-aliasing -fwrapv -fexcess-precision=standard -Wno-format-truncation -Wno-stringop-truncation -g -O2 -fPIC -shared -o latin2_and_win1250.so latin2_and_win1250.o  -L../../../../../../src/port -L../../../../../../src/common    -Wl,--as-needed   
make[3]: Leaving directory '/home/postgres/works/my-github/minipg/src/backend/utils/mb/conversion_procs/latin2_and_win1250'
make -C latin_and_mic all
make[3]: Entering directory '/home/postgres/works/my-github/minipg/src/backend/utils/mb/conversion_procs/latin_and_mic'
gcc -Wall -Wmissing-prototypes -Wpointer-arith -Wdeclaration-after-statement -Werror=vla -Wendif-labels -Wmissing-format-attribute -Wimplicit-fallthrough=3 -Wcast-function-type -Wformat-security -fno-strict-aliasing -fwrapv -fexcess-precision=standard -Wno-format-truncation -Wno-stringop-truncation -g -O2 -fPIC -I../../../../../../src/include -D_GNU_SOURCE   -c -o latin_and_mic.o latin_and_mic.c
gcc -Wall -Wmissing-prototypes -Wpointer-arith -Wdeclaration-after-statement -Werror=vla -Wendif-labels -Wmissing-format-attribute -Wimplicit-fallthrough=3 -Wcast-function-type -Wformat-security -fno-strict-aliasing -fwrapv -fexcess-precision=standard -Wno-format-truncation -Wno-stringop-truncation -g -O2 -fPIC -shared -o latin_and_mic.so latin_and_mic.o  -L../../../../../../src/port -L../../../../../../src/common    -Wl,--as-needed   
make[3]: Leaving directory '/home/postgres/works/my-github/minipg/src/backend/utils/mb/conversion_procs/latin_and_mic'
make -C utf8_and_big5 all
make[3]: Entering directory '/home/postgres/works/my-github/minipg/src/backend/utils/mb/conversion_procs/utf8_and_big5'
gcc -Wall -Wmissing-prototypes -Wpointer-arith -Wdeclaration-after-statement -Werror=vla -Wendif-labels -Wmissing-format-attribute -Wimplicit-fallthrough=3 -Wcast-function-type -Wformat-security -fno-strict-aliasing -fwrapv -fexcess-precision=standard -Wno-format-truncation -Wno-stringop-truncation -g -O2 -fPIC -I../../../../../../src/include -D_GNU_SOURCE   -c -o utf8_and_big5.o utf8_and_big5.c
gcc -Wall -Wmissing-prototypes -Wpointer-arith -Wdeclaration-after-statement -Werror=vla -Wendif-labels -Wmissing-format-attribute -Wimplicit-fallthrough=3 -Wcast-function-type -Wformat-security -fno-strict-aliasing -fwrapv -fexcess-precision=standard -Wno-format-truncation -Wno-stringop-truncation -g -O2 -fPIC -shared -o utf8_and_big5.so utf8_and_big5.o  -L../../../../../../src/port -L../../../../../../src/common    -Wl,--as-needed   
make[3]: Leaving directory '/home/postgres/works/my-github/minipg/src/backend/utils/mb/conversion_procs/utf8_and_big5'
make -C utf8_and_cyrillic all
make[3]: Entering directory '/home/postgres/works/my-github/minipg/src/backend/utils/mb/conversion_procs/utf8_and_cyrillic'
gcc -Wall -Wmissing-prototypes -Wpointer-arith -Wdeclaration-after-statement -Werror=vla -Wendif-labels -Wmissing-format-attribute -Wimplicit-fallthrough=3 -Wcast-function-type -Wformat-security -fno-strict-aliasing -fwrapv -fexcess-precision=standard -Wno-format-truncation -Wno-stringop-truncation -g -O2 -fPIC -I../../../../../../src/include -D_GNU_SOURCE   -c -o utf8_and_cyrillic.o utf8_and_cyrillic.c
gcc -Wall -Wmissing-prototypes -Wpointer-arith -Wdeclaration-after-statement -Werror=vla -Wendif-labels -Wmissing-format-attribute -Wimplicit-fallthrough=3 -Wcast-function-type -Wformat-security -fno-strict-aliasing -fwrapv -fexcess-precision=standard -Wno-format-truncation -Wno-stringop-truncation -g -O2 -fPIC -shared -o utf8_and_cyrillic.so utf8_and_cyrillic.o  -L../../../../../../src/port -L../../../../../../src/common    -Wl,--as-needed   
make[3]: Leaving directory '/home/postgres/works/my-github/minipg/src/backend/utils/mb/conversion_procs/utf8_and_cyrillic'
make -C utf8_and_euc_cn all
make[3]: Entering directory '/home/postgres/works/my-github/minipg/src/backend/utils/mb/conversion_procs/utf8_and_euc_cn'
gcc -Wall -Wmissing-prototypes -Wpointer-arith -Wdeclaration-after-statement -Werror=vla -Wendif-labels -Wmissing-format-attribute -Wimplicit-fallthrough=3 -Wcast-function-type -Wformat-security -fno-strict-aliasing -fwrapv -fexcess-precision=standard -Wno-format-truncation -Wno-stringop-truncation -g -O2 -fPIC -I../../../../../../src/include -D_GNU_SOURCE   -c -o utf8_and_euc_cn.o utf8_and_euc_cn.c
gcc -Wall -Wmissing-prototypes -Wpointer-arith -Wdeclaration-after-statement -Werror=vla -Wendif-labels -Wmissing-format-attribute -Wimplicit-fallthrough=3 -Wcast-function-type -Wformat-security -fno-strict-aliasing -fwrapv -fexcess-precision=standard -Wno-format-truncation -Wno-stringop-truncation -g -O2 -fPIC -shared -o utf8_and_euc_cn.so utf8_and_euc_cn.o  -L../../../../../../src/port -L../../../../../../src/common    -Wl,--as-needed   
make[3]: Leaving directory '/home/postgres/works/my-github/minipg/src/backend/utils/mb/conversion_procs/utf8_and_euc_cn'
make -C utf8_and_euc_jp all
make[3]: Entering directory '/home/postgres/works/my-github/minipg/src/backend/utils/mb/conversion_procs/utf8_and_euc_jp'
gcc -Wall -Wmissing-prototypes -Wpointer-arith -Wdeclaration-after-statement -Werror=vla -Wendif-labels -Wmissing-format-attribute -Wimplicit-fallthrough=3 -Wcast-function-type -Wformat-security -fno-strict-aliasing -fwrapv -fexcess-precision=standard -Wno-format-truncation -Wno-stringop-truncation -g -O2 -fPIC -I../../../../../../src/include -D_GNU_SOURCE   -c -o utf8_and_euc_jp.o utf8_and_euc_jp.c
gcc -Wall -Wmissing-prototypes -Wpointer-arith -Wdeclaration-after-statement -Werror=vla -Wendif-labels -Wmissing-format-attribute -Wimplicit-fallthrough=3 -Wcast-function-type -Wformat-security -fno-strict-aliasing -fwrapv -fexcess-precision=standard -Wno-format-truncation -Wno-stringop-truncation -g -O2 -fPIC -shared -o utf8_and_euc_jp.so utf8_and_euc_jp.o  -L../../../../../../src/port -L../../../../../../src/common    -Wl,--as-needed   
make[3]: Leaving directory '/home/postgres/works/my-github/minipg/src/backend/utils/mb/conversion_procs/utf8_and_euc_jp'
make -C utf8_and_euc_kr all
make[3]: Entering directory '/home/postgres/works/my-github/minipg/src/backend/utils/mb/conversion_procs/utf8_and_euc_kr'
gcc -Wall -Wmissing-prototypes -Wpointer-arith -Wdeclaration-after-statement -Werror=vla -Wendif-labels -Wmissing-format-attribute -Wimplicit-fallthrough=3 -Wcast-function-type -Wformat-security -fno-strict-aliasing -fwrapv -fexcess-precision=standard -Wno-format-truncation -Wno-stringop-truncation -g -O2 -fPIC -I../../../../../../src/include -D_GNU_SOURCE   -c -o utf8_and_euc_kr.o utf8_and_euc_kr.c
gcc -Wall -Wmissing-prototypes -Wpointer-arith -Wdeclaration-after-statement -Werror=vla -Wendif-labels -Wmissing-format-attribute -Wimplicit-fallthrough=3 -Wcast-function-type -Wformat-security -fno-strict-aliasing -fwrapv -fexcess-precision=standard -Wno-format-truncation -Wno-stringop-truncation -g -O2 -fPIC -shared -o utf8_and_euc_kr.so utf8_and_euc_kr.o  -L../../../../../../src/port -L../../../../../../src/common    -Wl,--as-needed   
make[3]: Leaving directory '/home/postgres/works/my-github/minipg/src/backend/utils/mb/conversion_procs/utf8_and_euc_kr'
make -C utf8_and_euc_tw all
make[3]: Entering directory '/home/postgres/works/my-github/minipg/src/backend/utils/mb/conversion_procs/utf8_and_euc_tw'
gcc -Wall -Wmissing-prototypes -Wpointer-arith -Wdeclaration-after-statement -Werror=vla -Wendif-labels -Wmissing-format-attribute -Wimplicit-fallthrough=3 -Wcast-function-type -Wformat-security -fno-strict-aliasing -fwrapv -fexcess-precision=standard -Wno-format-truncation -Wno-stringop-truncation -g -O2 -fPIC -I../../../../../../src/include -D_GNU_SOURCE   -c -o utf8_and_euc_tw.o utf8_and_euc_tw.c
gcc -Wall -Wmissing-prototypes -Wpointer-arith -Wdeclaration-after-statement -Werror=vla -Wendif-labels -Wmissing-format-attribute -Wimplicit-fallthrough=3 -Wcast-function-type -Wformat-security -fno-strict-aliasing -fwrapv -fexcess-precision=standard -Wno-format-truncation -Wno-stringop-truncation -g -O2 -fPIC -shared -o utf8_and_euc_tw.so utf8_and_euc_tw.o  -L../../../../../../src/port -L../../../../../../src/common    -Wl,--as-needed   
make[3]: Leaving directory '/home/postgres/works/my-github/minipg/src/backend/utils/mb/conversion_procs/utf8_and_euc_tw'
make -C utf8_and_gb18030 all
make[3]: Entering directory '/home/postgres/works/my-github/minipg/src/backend/utils/mb/conversion_procs/utf8_and_gb18030'
gcc -Wall -Wmissing-prototypes -Wpointer-arith -Wdeclaration-after-statement -Werror=vla -Wendif-labels -Wmissing-format-attribute -Wimplicit-fallthrough=3 -Wcast-function-type -Wformat-security -fno-strict-aliasing -fwrapv -fexcess-precision=standard -Wno-format-truncation -Wno-stringop-truncation -g -O2 -fPIC -I../../../../../../src/include -D_GNU_SOURCE   -c -o utf8_and_gb18030.o utf8_and_gb18030.c
gcc -Wall -Wmissing-prototypes -Wpointer-arith -Wdeclaration-after-statement -Werror=vla -Wendif-labels -Wmissing-format-attribute -Wimplicit-fallthrough=3 -Wcast-function-type -Wformat-security -fno-strict-aliasing -fwrapv -fexcess-precision=standard -Wno-format-truncation -Wno-stringop-truncation -g -O2 -fPIC -shared -o utf8_and_gb18030.so utf8_and_gb18030.o  -L../../../../../../src/port -L../../../../../../src/common    -Wl,--as-needed   
make[3]: Leaving directory '/home/postgres/works/my-github/minipg/src/backend/utils/mb/conversion_procs/utf8_and_gb18030'
make -C utf8_and_gbk all
make[3]: Entering directory '/home/postgres/works/my-github/minipg/src/backend/utils/mb/conversion_procs/utf8_and_gbk'
gcc -Wall -Wmissing-prototypes -Wpointer-arith -Wdeclaration-after-statement -Werror=vla -Wendif-labels -Wmissing-format-attribute -Wimplicit-fallthrough=3 -Wcast-function-type -Wformat-security -fno-strict-aliasing -fwrapv -fexcess-precision=standard -Wno-format-truncation -Wno-stringop-truncation -g -O2 -fPIC -I../../../../../../src/include -D_GNU_SOURCE   -c -o utf8_and_gbk.o utf8_and_gbk.c
gcc -Wall -Wmissing-prototypes -Wpointer-arith -Wdeclaration-after-statement -Werror=vla -Wendif-labels -Wmissing-format-attribute -Wimplicit-fallthrough=3 -Wcast-function-type -Wformat-security -fno-strict-aliasing -fwrapv -fexcess-precision=standard -Wno-format-truncation -Wno-stringop-truncation -g -O2 -fPIC -shared -o utf8_and_gbk.so utf8_and_gbk.o  -L../../../../../../src/port -L../../../../../../src/common    -Wl,--as-needed   
make[3]: Leaving directory '/home/postgres/works/my-github/minipg/src/backend/utils/mb/conversion_procs/utf8_and_gbk'
make -C utf8_and_iso8859 all
make[3]: Entering directory '/home/postgres/works/my-github/minipg/src/backend/utils/mb/conversion_procs/utf8_and_iso8859'
gcc -Wall -Wmissing-prototypes -Wpointer-arith -Wdeclaration-after-statement -Werror=vla -Wendif-labels -Wmissing-format-attribute -Wimplicit-fallthrough=3 -Wcast-function-type -Wformat-security -fno-strict-aliasing -fwrapv -fexcess-precision=standard -Wno-format-truncation -Wno-stringop-truncation -g -O2 -fPIC -I../../../../../../src/include -D_GNU_SOURCE   -c -o utf8_and_iso8859.o utf8_and_iso8859.c
gcc -Wall -Wmissing-prototypes -Wpointer-arith -Wdeclaration-after-statement -Werror=vla -Wendif-labels -Wmissing-format-attribute -Wimplicit-fallthrough=3 -Wcast-function-type -Wformat-security -fno-strict-aliasing -fwrapv -fexcess-precision=standard -Wno-format-truncation -Wno-stringop-truncation -g -O2 -fPIC -shared -o utf8_and_iso8859.so utf8_and_iso8859.o  -L../../../../../../src/port -L../../../../../../src/common    -Wl,--as-needed   
make[3]: Leaving directory '/home/postgres/works/my-github/minipg/src/backend/utils/mb/conversion_procs/utf8_and_iso8859'
make -C utf8_and_iso8859_1 all
make[3]: Entering directory '/home/postgres/works/my-github/minipg/src/backend/utils/mb/conversion_procs/utf8_and_iso8859_1'
gcc -Wall -Wmissing-prototypes -Wpointer-arith -Wdeclaration-after-statement -Werror=vla -Wendif-labels -Wmissing-format-attribute -Wimplicit-fallthrough=3 -Wcast-function-type -Wformat-security -fno-strict-aliasing -fwrapv -fexcess-precision=standard -Wno-format-truncation -Wno-stringop-truncation -g -O2 -fPIC -I../../../../../../src/include -D_GNU_SOURCE   -c -o utf8_and_iso8859_1.o utf8_and_iso8859_1.c
gcc -Wall -Wmissing-prototypes -Wpointer-arith -Wdeclaration-after-statement -Werror=vla -Wendif-labels -Wmissing-format-attribute -Wimplicit-fallthrough=3 -Wcast-function-type -Wformat-security -fno-strict-aliasing -fwrapv -fexcess-precision=standard -Wno-format-truncation -Wno-stringop-truncation -g -O2 -fPIC -shared -o utf8_and_iso8859_1.so utf8_and_iso8859_1.o  -L../../../../../../src/port -L../../../../../../src/common    -Wl,--as-needed   
make[3]: Leaving directory '/home/postgres/works/my-github/minipg/src/backend/utils/mb/conversion_procs/utf8_and_iso8859_1'
make -C utf8_and_johab all
make[3]: Entering directory '/home/postgres/works/my-github/minipg/src/backend/utils/mb/conversion_procs/utf8_and_johab'
gcc -Wall -Wmissing-prototypes -Wpointer-arith -Wdeclaration-after-statement -Werror=vla -Wendif-labels -Wmissing-format-attribute -Wimplicit-fallthrough=3 -Wcast-function-type -Wformat-security -fno-strict-aliasing -fwrapv -fexcess-precision=standard -Wno-format-truncation -Wno-stringop-truncation -g -O2 -fPIC -I../../../../../../src/include -D_GNU_SOURCE   -c -o utf8_and_johab.o utf8_and_johab.c
gcc -Wall -Wmissing-prototypes -Wpointer-arith -Wdeclaration-after-statement -Werror=vla -Wendif-labels -Wmissing-format-attribute -Wimplicit-fallthrough=3 -Wcast-function-type -Wformat-security -fno-strict-aliasing -fwrapv -fexcess-precision=standard -Wno-format-truncation -Wno-stringop-truncation -g -O2 -fPIC -shared -o utf8_and_johab.so utf8_and_johab.o  -L../../../../../../src/port -L../../../../../../src/common    -Wl,--as-needed   
make[3]: Leaving directory '/home/postgres/works/my-github/minipg/src/backend/utils/mb/conversion_procs/utf8_and_johab'
make -C utf8_and_sjis all
make[3]: Entering directory '/home/postgres/works/my-github/minipg/src/backend/utils/mb/conversion_procs/utf8_and_sjis'
gcc -Wall -Wmissing-prototypes -Wpointer-arith -Wdeclaration-after-statement -Werror=vla -Wendif-labels -Wmissing-format-attribute -Wimplicit-fallthrough=3 -Wcast-function-type -Wformat-security -fno-strict-aliasing -fwrapv -fexcess-precision=standard -Wno-format-truncation -Wno-stringop-truncation -g -O2 -fPIC -I../../../../../../src/include -D_GNU_SOURCE   -c -o utf8_and_sjis.o utf8_and_sjis.c
gcc -Wall -Wmissing-prototypes -Wpointer-arith -Wdeclaration-after-statement -Werror=vla -Wendif-labels -Wmissing-format-attribute -Wimplicit-fallthrough=3 -Wcast-function-type -Wformat-security -fno-strict-aliasing -fwrapv -fexcess-precision=standard -Wno-format-truncation -Wno-stringop-truncation -g -O2 -fPIC -shared -o utf8_and_sjis.so utf8_and_sjis.o  -L../../../../../../src/port -L../../../../../../src/common    -Wl,--as-needed   
make[3]: Leaving directory '/home/postgres/works/my-github/minipg/src/backend/utils/mb/conversion_procs/utf8_and_sjis'
make -C utf8_and_win all
make[3]: Entering directory '/home/postgres/works/my-github/minipg/src/backend/utils/mb/conversion_procs/utf8_and_win'
gcc -Wall -Wmissing-prototypes -Wpointer-arith -Wdeclaration-after-statement -Werror=vla -Wendif-labels -Wmissing-format-attribute -Wimplicit-fallthrough=3 -Wcast-function-type -Wformat-security -fno-strict-aliasing -fwrapv -fexcess-precision=standard -Wno-format-truncation -Wno-stringop-truncation -g -O2 -fPIC -I../../../../../../src/include -D_GNU_SOURCE   -c -o utf8_and_win.o utf8_and_win.c
gcc -Wall -Wmissing-prototypes -Wpointer-arith -Wdeclaration-after-statement -Werror=vla -Wendif-labels -Wmissing-format-attribute -Wimplicit-fallthrough=3 -Wcast-function-type -Wformat-security -fno-strict-aliasing -fwrapv -fexcess-precision=standard -Wno-format-truncation -Wno-stringop-truncation -g -O2 -fPIC -shared -o utf8_and_win.so utf8_and_win.o  -L../../../../../../src/port -L../../../../../../src/common    -Wl,--as-needed   
make[3]: Leaving directory '/home/postgres/works/my-github/minipg/src/backend/utils/mb/conversion_procs/utf8_and_win'
make -C utf8_and_uhc all
make[3]: Entering directory '/home/postgres/works/my-github/minipg/src/backend/utils/mb/conversion_procs/utf8_and_uhc'
gcc -Wall -Wmissing-prototypes -Wpointer-arith -Wdeclaration-after-statement -Werror=vla -Wendif-labels -Wmissing-format-attribute -Wimplicit-fallthrough=3 -Wcast-function-type -Wformat-security -fno-strict-aliasing -fwrapv -fexcess-precision=standard -Wno-format-truncation -Wno-stringop-truncation -g -O2 -fPIC -I../../../../../../src/include -D_GNU_SOURCE   -c -o utf8_and_uhc.o utf8_and_uhc.c
gcc -Wall -Wmissing-prototypes -Wpointer-arith -Wdeclaration-after-statement -Werror=vla -Wendif-labels -Wmissing-format-attribute -Wimplicit-fallthrough=3 -Wcast-function-type -Wformat-security -fno-strict-aliasing -fwrapv -fexcess-precision=standard -Wno-format-truncation -Wno-stringop-truncation -g -O2 -fPIC -shared -o utf8_and_uhc.so utf8_and_uhc.o  -L../../../../../../src/port -L../../../../../../src/common    -Wl,--as-needed   
make[3]: Leaving directory '/home/postgres/works/my-github/minipg/src/backend/utils/mb/conversion_procs/utf8_and_uhc'
make -C utf8_and_euc2004 all
make[3]: Entering directory '/home/postgres/works/my-github/minipg/src/backend/utils/mb/conversion_procs/utf8_and_euc2004'
gcc -Wall -Wmissing-prototypes -Wpointer-arith -Wdeclaration-after-statement -Werror=vla -Wendif-labels -Wmissing-format-attribute -Wimplicit-fallthrough=3 -Wcast-function-type -Wformat-security -fno-strict-aliasing -fwrapv -fexcess-precision=standard -Wno-format-truncation -Wno-stringop-truncation -g -O2 -fPIC -I../../../../../../src/include -D_GNU_SOURCE   -c -o utf8_and_euc2004.o utf8_and_euc2004.c
gcc -Wall -Wmissing-prototypes -Wpointer-arith -Wdeclaration-after-statement -Werror=vla -Wendif-labels -Wmissing-format-attribute -Wimplicit-fallthrough=3 -Wcast-function-type -Wformat-security -fno-strict-aliasing -fwrapv -fexcess-precision=standard -Wno-format-truncation -Wno-stringop-truncation -g -O2 -fPIC -shared -o utf8_and_euc2004.so utf8_and_euc2004.o  -L../../../../../../src/port -L../../../../../../src/common    -Wl,--as-needed   
make[3]: Leaving directory '/home/postgres/works/my-github/minipg/src/backend/utils/mb/conversion_procs/utf8_and_euc2004'
make -C utf8_and_sjis2004 all
make[3]: Entering directory '/home/postgres/works/my-github/minipg/src/backend/utils/mb/conversion_procs/utf8_and_sjis2004'
gcc -Wall -Wmissing-prototypes -Wpointer-arith -Wdeclaration-after-statement -Werror=vla -Wendif-labels -Wmissing-format-attribute -Wimplicit-fallthrough=3 -Wcast-function-type -Wformat-security -fno-strict-aliasing -fwrapv -fexcess-precision=standard -Wno-format-truncation -Wno-stringop-truncation -g -O2 -fPIC -I../../../../../../src/include -D_GNU_SOURCE   -c -o utf8_and_sjis2004.o utf8_and_sjis2004.c
gcc -Wall -Wmissing-prototypes -Wpointer-arith -Wdeclaration-after-statement -Werror=vla -Wendif-labels -Wmissing-format-attribute -Wimplicit-fallthrough=3 -Wcast-function-type -Wformat-security -fno-strict-aliasing -fwrapv -fexcess-precision=standard -Wno-format-truncation -Wno-stringop-truncation -g -O2 -fPIC -shared -o utf8_and_sjis2004.so utf8_and_sjis2004.o  -L../../../../../../src/port -L../../../../../../src/common    -Wl,--as-needed   
make[3]: Leaving directory '/home/postgres/works/my-github/minipg/src/backend/utils/mb/conversion_procs/utf8_and_sjis2004'
make -C euc2004_sjis2004 all
make[3]: Entering directory '/home/postgres/works/my-github/minipg/src/backend/utils/mb/conversion_procs/euc2004_sjis2004'
gcc -Wall -Wmissing-prototypes -Wpointer-arith -Wdeclaration-after-statement -Werror=vla -Wendif-labels -Wmissing-format-attribute -Wimplicit-fallthrough=3 -Wcast-function-type -Wformat-security -fno-strict-aliasing -fwrapv -fexcess-precision=standard -Wno-format-truncation -Wno-stringop-truncation -g -O2 -fPIC -I../../../../../../src/include -D_GNU_SOURCE   -c -o euc2004_sjis2004.o euc2004_sjis2004.c
gcc -Wall -Wmissing-prototypes -Wpointer-arith -Wdeclaration-after-statement -Werror=vla -Wendif-labels -Wmissing-format-attribute -Wimplicit-fallthrough=3 -Wcast-function-type -Wformat-security -fno-strict-aliasing -fwrapv -fexcess-precision=standard -Wno-format-truncation -Wno-stringop-truncation -g -O2 -fPIC -shared -o euc2004_sjis2004.so euc2004_sjis2004.o  -L../../../../../../src/port -L../../../../../../src/common    -Wl,--as-needed   
make[3]: Leaving directory '/home/postgres/works/my-github/minipg/src/backend/utils/mb/conversion_procs/euc2004_sjis2004'
make[2]: Leaving directory '/home/postgres/works/my-github/minipg/src/backend/utils/mb/conversion_procs'
make -C include all
make[2]: Entering directory '/home/postgres/works/my-github/minipg/src/include'
make[2]: Nothing to be done for 'all'.
make[2]: Leaving directory '/home/postgres/works/my-github/minipg/src/include'
make -C interfaces all
make[2]: Entering directory '/home/postgres/works/my-github/minipg/src/interfaces'
make -C libpq all
make[3]: Entering directory '/home/postgres/works/my-github/minipg/src/interfaces/libpq'
make -C ../../../src/port all
make[4]: Entering directory '/home/postgres/works/my-github/minipg/src/port'
make[4]: Nothing to be done for 'all'.
make[4]: Leaving directory '/home/postgres/works/my-github/minipg/src/port'
make -C ../../../src/common all
make[4]: Entering directory '/home/postgres/works/my-github/minipg/src/common'
make[4]: Nothing to be done for 'all'.
make[4]: Leaving directory '/home/postgres/works/my-github/minipg/src/common'
gcc -Wall -Wmissing-prototypes -Wpointer-arith -Wdeclaration-after-statement -Werror=vla -Wendif-labels -Wmissing-format-attribute -Wimplicit-fallthrough=3 -Wcast-function-type -Wformat-security -fno-strict-aliasing -fwrapv -fexcess-precision=standard -Wno-format-truncation -Wno-stringop-truncation -g -O2 -pthread -D_REENTRANT -D_THREAD_SAFE -D_POSIX_PTHREAD_SEMANTICS -fPIC -DFRONTEND -DUNSAFE_STAT_OK -I. -I../../../src/port -I../../../src/port -I../../../src/include -D_GNU_SOURCE  -DSO_MAJOR_VERSION=5  -c -o fe-auth-scram.o fe-auth-scram.c
gcc -Wall -Wmissing-prototypes -Wpointer-arith -Wdeclaration-after-statement -Werror=vla -Wendif-labels -Wmissing-format-attribute -Wimplicit-fallthrough=3 -Wcast-function-type -Wformat-security -fno-strict-aliasing -fwrapv -fexcess-precision=standard -Wno-format-truncation -Wno-stringop-truncation -g -O2 -pthread -D_REENTRANT -D_THREAD_SAFE -D_POSIX_PTHREAD_SEMANTICS -fPIC -DFRONTEND -DUNSAFE_STAT_OK -I. -I../../../src/port -I../../../src/port -I../../../src/include -D_GNU_SOURCE  -DSO_MAJOR_VERSION=5  -c -o fe-connect.o fe-connect.c
gcc -Wall -Wmissing-prototypes -Wpointer-arith -Wdeclaration-after-statement -Werror=vla -Wendif-labels -Wmissing-format-attribute -Wimplicit-fallthrough=3 -Wcast-function-type -Wformat-security -fno-strict-aliasing -fwrapv -fexcess-precision=standard -Wno-format-truncation -Wno-stringop-truncation -g -O2 -pthread -D_REENTRANT -D_THREAD_SAFE -D_POSIX_PTHREAD_SEMANTICS -fPIC -DFRONTEND -DUNSAFE_STAT_OK -I. -I../../../src/port -I../../../src/port -I../../../src/include -D_GNU_SOURCE  -DSO_MAJOR_VERSION=5  -c -o fe-exec.o fe-exec.c
gcc -Wall -Wmissing-prototypes -Wpointer-arith -Wdeclaration-after-statement -Werror=vla -Wendif-labels -Wmissing-format-attribute -Wimplicit-fallthrough=3 -Wcast-function-type -Wformat-security -fno-strict-aliasing -fwrapv -fexcess-precision=standard -Wno-format-truncation -Wno-stringop-truncation -g -O2 -pthread -D_REENTRANT -D_THREAD_SAFE -D_POSIX_PTHREAD_SEMANTICS -fPIC -DFRONTEND -DUNSAFE_STAT_OK -I. -I../../../src/port -I../../../src/port -I../../../src/include -D_GNU_SOURCE  -DSO_MAJOR_VERSION=5  -c -o fe-misc.o fe-misc.c
gcc -Wall -Wmissing-prototypes -Wpointer-arith -Wdeclaration-after-statement -Werror=vla -Wendif-labels -Wmissing-format-attribute -Wimplicit-fallthrough=3 -Wcast-function-type -Wformat-security -fno-strict-aliasing -fwrapv -fexcess-precision=standard -Wno-format-truncation -Wno-stringop-truncation -g -O2 -pthread -D_REENTRANT -D_THREAD_SAFE -D_POSIX_PTHREAD_SEMANTICS -fPIC -DFRONTEND -DUNSAFE_STAT_OK -I. -I../../../src/port -I../../../src/port -I../../../src/include -D_GNU_SOURCE  -DSO_MAJOR_VERSION=5  -c -o fe-print.o fe-print.c
gcc -Wall -Wmissing-prototypes -Wpointer-arith -Wdeclaration-after-statement -Werror=vla -Wendif-labels -Wmissing-format-attribute -Wimplicit-fallthrough=3 -Wcast-function-type -Wformat-security -fno-strict-aliasing -fwrapv -fexcess-precision=standard -Wno-format-truncation -Wno-stringop-truncation -g -O2 -pthread -D_REENTRANT -D_THREAD_SAFE -D_POSIX_PTHREAD_SEMANTICS -fPIC -DFRONTEND -DUNSAFE_STAT_OK -I. -I../../../src/port -I../../../src/port -I../../../src/include -D_GNU_SOURCE  -DSO_MAJOR_VERSION=5  -c -o fe-protocol3.o fe-protocol3.c
gcc -Wall -Wmissing-prototypes -Wpointer-arith -Wdeclaration-after-statement -Werror=vla -Wendif-labels -Wmissing-format-attribute -Wimplicit-fallthrough=3 -Wcast-function-type -Wformat-security -fno-strict-aliasing -fwrapv -fexcess-precision=standard -Wno-format-truncation -Wno-stringop-truncation -g -O2 -pthread -D_REENTRANT -D_THREAD_SAFE -D_POSIX_PTHREAD_SEMANTICS -fPIC -DFRONTEND -DUNSAFE_STAT_OK -I. -I../../../src/port -I../../../src/port -I../../../src/include -D_GNU_SOURCE  -DSO_MAJOR_VERSION=5  -c -o fe-secure.o fe-secure.c
gcc -Wall -Wmissing-prototypes -Wpointer-arith -Wdeclaration-after-statement -Werror=vla -Wendif-labels -Wmissing-format-attribute -Wimplicit-fallthrough=3 -Wcast-function-type -Wformat-security -fno-strict-aliasing -fwrapv -fexcess-precision=standard -Wno-format-truncation -Wno-stringop-truncation -g -O2 -pthread -D_REENTRANT -D_THREAD_SAFE -D_POSIX_PTHREAD_SEMANTICS -fPIC -DFRONTEND -DUNSAFE_STAT_OK -I. -I../../../src/port -I../../../src/port -I../../../src/include -D_GNU_SOURCE  -DSO_MAJOR_VERSION=5  -c -o fe-trace.o fe-trace.c
gcc -Wall -Wmissing-prototypes -Wpointer-arith -Wdeclaration-after-statement -Werror=vla -Wendif-labels -Wmissing-format-attribute -Wimplicit-fallthrough=3 -Wcast-function-type -Wformat-security -fno-strict-aliasing -fwrapv -fexcess-precision=standard -Wno-format-truncation -Wno-stringop-truncation -g -O2 -pthread -D_REENTRANT -D_THREAD_SAFE -D_POSIX_PTHREAD_SEMANTICS -fPIC -DFRONTEND -DUNSAFE_STAT_OK -I. -I../../../src/port -I../../../src/port -I../../../src/include -D_GNU_SOURCE  -DSO_MAJOR_VERSION=5  -c -o legacy-pqsignal.o legacy-pqsignal.c
gcc -Wall -Wmissing-prototypes -Wpointer-arith -Wdeclaration-after-statement -Werror=vla -Wendif-labels -Wmissing-format-attribute -Wimplicit-fallthrough=3 -Wcast-function-type -Wformat-security -fno-strict-aliasing -fwrapv -fexcess-precision=standard -Wno-format-truncation -Wno-stringop-truncation -g -O2 -pthread -D_REENTRANT -D_THREAD_SAFE -D_POSIX_PTHREAD_SEMANTICS -fPIC -DFRONTEND -DUNSAFE_STAT_OK -I. -I../../../src/port -I../../../src/port -I../../../src/include -D_GNU_SOURCE  -DSO_MAJOR_VERSION=5  -c -o libpq-events.o libpq-events.c
gcc -Wall -Wmissing-prototypes -Wpointer-arith -Wdeclaration-after-statement -Werror=vla -Wendif-labels -Wmissing-format-attribute -Wimplicit-fallthrough=3 -Wcast-function-type -Wformat-security -fno-strict-aliasing -fwrapv -fexcess-precision=standard -Wno-format-truncation -Wno-stringop-truncation -g -O2 -pthread -D_REENTRANT -D_THREAD_SAFE -D_POSIX_PTHREAD_SEMANTICS -fPIC -DFRONTEND -DUNSAFE_STAT_OK -I. -I../../../src/port -I../../../src/port -I../../../src/include -D_GNU_SOURCE  -DSO_MAJOR_VERSION=5  -c -o pqexpbuffer.o pqexpbuffer.c
gcc -Wall -Wmissing-prototypes -Wpointer-arith -Wdeclaration-after-statement -Werror=vla -Wendif-labels -Wmissing-format-attribute -Wimplicit-fallthrough=3 -Wcast-function-type -Wformat-security -fno-strict-aliasing -fwrapv -fexcess-precision=standard -Wno-format-truncation -Wno-stringop-truncation -g -O2 -pthread -D_REENTRANT -D_THREAD_SAFE -D_POSIX_PTHREAD_SEMANTICS -fPIC -DFRONTEND -DUNSAFE_STAT_OK -I. -I../../../src/port -I../../../src/port -I../../../src/include -D_GNU_SOURCE  -DSO_MAJOR_VERSION=5  -c -o fe-auth.o fe-auth.c
( echo '{ global:'; gawk '/^[^#]/ {printf "%s;\n",$1}' exports.txt; echo ' local: *; };' ) >exports.list
gcc -Wall -Wmissing-prototypes -Wpointer-arith -Wdeclaration-after-statement -Werror=vla -Wendif-labels -Wmissing-format-attribute -Wimplicit-fallthrough=3 -Wcast-function-type -Wformat-security -fno-strict-aliasing -fwrapv -fexcess-precision=standard -Wno-format-truncation -Wno-stringop-truncation -g -O2 -pthread -D_REENTRANT -D_THREAD_SAFE -D_POSIX_PTHREAD_SEMANTICS -fPIC -shared -Wl,-soname,libpq.so.5 -Wl,--version-script=exports.list -o libpq.so.5.14  fe-auth-scram.o fe-connect.o fe-exec.o fe-misc.o fe-print.o fe-protocol3.o fe-secure.o fe-trace.o legacy-pqsignal.o libpq-events.o pqexpbuffer.o fe-auth.o -L../../../src/port -L../../../src/common -lpgcommon_shlib -lpgport_shlib   -Wl,--as-needed -Wl,-rpath,'/home/postgres/minipg/lib',--enable-new-dtags  -lm 
rm -f libpq.so.5
ln -s libpq.so.5.14 libpq.so.5
rm -f libpq.so
ln -s libpq.so.5.14 libpq.so
rm -f libpq.a
ar crs libpq.a fe-auth-scram.o fe-connect.o fe-exec.o fe-misc.o fe-print.o fe-protocol3.o fe-secure.o fe-trace.o legacy-pqsignal.o libpq-events.o pqexpbuffer.o fe-auth.o
ranlib libpq.a
touch libpq.a
echo 'Name: libpq' >libpq.pc
echo 'Description: PostgreSQL libpq library' >>libpq.pc
echo 'Url: https://www.postgresql.org/' >>libpq.pc
echo 'Version: 14.23' >>libpq.pc
echo 'Requires: ' >>libpq.pc
echo 'Requires.private: ' >>libpq.pc
echo 'Cflags: -I/home/postgres/minipg/include' >>libpq.pc
echo 'Libs: -L/home/postgres/minipg/lib -lpq' >>libpq.pc
echo 'Libs.private:  -lpgcommon -lpgport -lm' >>libpq.pc
make[3]: Leaving directory '/home/postgres/works/my-github/minipg/src/interfaces/libpq'
make[2]: Leaving directory '/home/postgres/works/my-github/minipg/src/interfaces'
make -C fe_utils all
make[2]: Entering directory '/home/postgres/works/my-github/minipg/src/fe_utils'
gcc -Wall -Wmissing-prototypes -Wpointer-arith -Wdeclaration-after-statement -Werror=vla -Wendif-labels -Wmissing-format-attribute -Wimplicit-fallthrough=3 -Wcast-function-type -Wformat-security -fno-strict-aliasing -fwrapv -fexcess-precision=standard -Wno-format-truncation -Wno-stringop-truncation -g -O2 -DFRONTEND -I../../src/interfaces/libpq -I../../src/include -D_GNU_SOURCE   -c -o archive.o archive.c
gcc -Wall -Wmissing-prototypes -Wpointer-arith -Wdeclaration-after-statement -Werror=vla -Wendif-labels -Wmissing-format-attribute -Wimplicit-fallthrough=3 -Wcast-function-type -Wformat-security -fno-strict-aliasing -fwrapv -fexcess-precision=standard -Wno-format-truncation -Wno-stringop-truncation -g -O2 -DFRONTEND -I../../src/interfaces/libpq -I../../src/include -D_GNU_SOURCE   -c -o cancel.o cancel.c
gcc -Wall -Wmissing-prototypes -Wpointer-arith -Wdeclaration-after-statement -Werror=vla -Wendif-labels -Wmissing-format-attribute -Wimplicit-fallthrough=3 -Wcast-function-type -Wformat-security -fno-strict-aliasing -fwrapv -fexcess-precision=standard -Wno-format-truncation -Wno-stringop-truncation -g -O2 -DFRONTEND -I../../src/interfaces/libpq -I../../src/include -D_GNU_SOURCE   -c -o conditional.o conditional.c
gcc -Wall -Wmissing-prototypes -Wpointer-arith -Wdeclaration-after-statement -Werror=vla -Wendif-labels -Wmissing-format-attribute -Wimplicit-fallthrough=3 -Wcast-function-type -Wformat-security -fno-strict-aliasing -fwrapv -fexcess-precision=standard -Wno-format-truncation -Wno-stringop-truncation -g -O2 -DFRONTEND -I../../src/interfaces/libpq -I../../src/include -D_GNU_SOURCE   -c -o mbprint.o mbprint.c
gcc -Wall -Wmissing-prototypes -Wpointer-arith -Wdeclaration-after-statement -Werror=vla -Wendif-labels -Wmissing-format-attribute -Wimplicit-fallthrough=3 -Wcast-function-type -Wformat-security -fno-strict-aliasing -fwrapv -fexcess-precision=standard -Wno-format-truncation -Wno-stringop-truncation -g -O2 -DFRONTEND -I../../src/interfaces/libpq -I../../src/include -D_GNU_SOURCE   -c -o print.o print.c
/usr/bin/flex -b -Cfe -p -p -o'psqlscan.c' psqlscan.l
'/usr/bin/perl' ../../src/tools/fix-old-flex-code.pl 'psqlscan.c'
gcc -Wall -Wmissing-prototypes -Wpointer-arith -Wdeclaration-after-statement -Werror=vla -Wendif-labels -Wmissing-format-attribute -Wimplicit-fallthrough=3 -Wcast-function-type -Wformat-security -fno-strict-aliasing -fwrapv -fexcess-precision=standard -Wno-format-truncation -Wno-stringop-truncation -g -O2 -DFRONTEND -I../../src/interfaces/libpq -I../../src/include -D_GNU_SOURCE   -c -o psqlscan.o psqlscan.c
gcc -Wall -Wmissing-prototypes -Wpointer-arith -Wdeclaration-after-statement -Werror=vla -Wendif-labels -Wmissing-format-attribute -Wimplicit-fallthrough=3 -Wcast-function-type -Wformat-security -fno-strict-aliasing -fwrapv -fexcess-precision=standard -Wno-format-truncation -Wno-stringop-truncation -g -O2 -DFRONTEND -I../../src/interfaces/libpq -I../../src/include -D_GNU_SOURCE   -c -o recovery_gen.o recovery_gen.c
gcc -Wall -Wmissing-prototypes -Wpointer-arith -Wdeclaration-after-statement -Werror=vla -Wendif-labels -Wmissing-format-attribute -Wimplicit-fallthrough=3 -Wcast-function-type -Wformat-security -fno-strict-aliasing -fwrapv -fexcess-precision=standard -Wno-format-truncation -Wno-stringop-truncation -g -O2 -DFRONTEND -I../../src/interfaces/libpq -I../../src/include -D_GNU_SOURCE   -c -o string_utils.o string_utils.c
rm -f libpgfeutils.a
ar crs libpgfeutils.a archive.o cancel.o conditional.o mbprint.o print.o psqlscan.o recovery_gen.o string_utils.o
make[2]: Leaving directory '/home/postgres/works/my-github/minipg/src/fe_utils'
make -C bin all
make[2]: Entering directory '/home/postgres/works/my-github/minipg/src/bin'
make -C initdb all
make[3]: Entering directory '/home/postgres/works/my-github/minipg/src/bin/initdb'
make -C ../../../src/interfaces/libpq all
make[4]: Entering directory '/home/postgres/works/my-github/minipg/src/interfaces/libpq'
make -C ../../../src/port all
make[5]: Entering directory '/home/postgres/works/my-github/minipg/src/port'
make[5]: Nothing to be done for 'all'.
make[5]: Leaving directory '/home/postgres/works/my-github/minipg/src/port'
make -C ../../../src/common all
make[5]: Entering directory '/home/postgres/works/my-github/minipg/src/common'
make[5]: Nothing to be done for 'all'.
make[5]: Leaving directory '/home/postgres/works/my-github/minipg/src/common'
make[4]: Leaving directory '/home/postgres/works/my-github/minipg/src/interfaces/libpq'
make -C ../../../src/port all
make[4]: Entering directory '/home/postgres/works/my-github/minipg/src/port'
make[4]: Nothing to be done for 'all'.
make[4]: Leaving directory '/home/postgres/works/my-github/minipg/src/port'
make -C ../../../src/common all
make[4]: Entering directory '/home/postgres/works/my-github/minipg/src/common'
make[4]: Nothing to be done for 'all'.
make[4]: Leaving directory '/home/postgres/works/my-github/minipg/src/common'
make -C ../../../src/port all
make[4]: Entering directory '/home/postgres/works/my-github/minipg/src/port'
make[4]: Nothing to be done for 'all'.
make[4]: Leaving directory '/home/postgres/works/my-github/minipg/src/port'
make -C ../../../src/common all
make[4]: Entering directory '/home/postgres/works/my-github/minipg/src/common'
make[4]: Nothing to be done for 'all'.
make[4]: Leaving directory '/home/postgres/works/my-github/minipg/src/common'
make -C ../../../src/fe_utils all
make[4]: Entering directory '/home/postgres/works/my-github/minipg/src/fe_utils'
make[4]: Nothing to be done for 'all'.
make[4]: Leaving directory '/home/postgres/works/my-github/minipg/src/fe_utils'
gcc -Wall -Wmissing-prototypes -Wpointer-arith -Wdeclaration-after-statement -Werror=vla -Wendif-labels -Wmissing-format-attribute -Wimplicit-fallthrough=3 -Wcast-function-type -Wformat-security -fno-strict-aliasing -fwrapv -fexcess-precision=standard -Wno-format-truncation -Wno-stringop-truncation -g -O2 -DFRONTEND -I../../../src/interfaces/libpq -I../../../src/timezone -I../../../src/include -D_GNU_SOURCE   -c -o findtimezone.o findtimezone.c
gcc -Wall -Wmissing-prototypes -Wpointer-arith -Wdeclaration-after-statement -Werror=vla -Wendif-labels -Wmissing-format-attribute -Wimplicit-fallthrough=3 -Wcast-function-type -Wformat-security -fno-strict-aliasing -fwrapv -fexcess-precision=standard -Wno-format-truncation -Wno-stringop-truncation -g -O2 -DFRONTEND -I../../../src/interfaces/libpq -I../../../src/timezone -I../../../src/include -D_GNU_SOURCE   -c -o initdb.o initdb.c
rm -f localtime.c && ln -s ../../../src/timezone/localtime.c .
gcc -Wall -Wmissing-prototypes -Wpointer-arith -Wdeclaration-after-statement -Werror=vla -Wendif-labels -Wmissing-format-attribute -Wimplicit-fallthrough=3 -Wcast-function-type -Wformat-security -fno-strict-aliasing -fwrapv -fexcess-precision=standard -Wno-format-truncation -Wno-stringop-truncation -g -O2 -DFRONTEND -I../../../src/interfaces/libpq -I../../../src/timezone -I../../../src/include -D_GNU_SOURCE   -c -o localtime.o localtime.c
gcc -Wall -Wmissing-prototypes -Wpointer-arith -Wdeclaration-after-statement -Werror=vla -Wendif-labels -Wmissing-format-attribute -Wimplicit-fallthrough=3 -Wcast-function-type -Wformat-security -fno-strict-aliasing -fwrapv -fexcess-precision=standard -Wno-format-truncation -Wno-stringop-truncation -g -O2  findtimezone.o initdb.o localtime.o -L../../../src/port -L../../../src/common -L../../../src/fe_utils -lpgfeutils -L../../../src/common -lpgcommon -L../../../src/port -lpgport -L../../../src/interfaces/libpq -lpq   -Wl,--as-needed -Wl,-rpath,'/home/postgres/minipg/lib',--enable-new-dtags  -lpgcommon -lpgport -lz -lreadline -lm  -o initdb
make[3]: Leaving directory '/home/postgres/works/my-github/minipg/src/bin/initdb'
make -C pg_config all
make[3]: Entering directory '/home/postgres/works/my-github/minipg/src/bin/pg_config'
make -C ../../../src/port all
make[4]: Entering directory '/home/postgres/works/my-github/minipg/src/port'
make[4]: Nothing to be done for 'all'.
make[4]: Leaving directory '/home/postgres/works/my-github/minipg/src/port'
make -C ../../../src/common all
make[4]: Entering directory '/home/postgres/works/my-github/minipg/src/common'
make[4]: Nothing to be done for 'all'.
make[4]: Leaving directory '/home/postgres/works/my-github/minipg/src/common'
gcc -Wall -Wmissing-prototypes -Wpointer-arith -Wdeclaration-after-statement -Werror=vla -Wendif-labels -Wmissing-format-attribute -Wimplicit-fallthrough=3 -Wcast-function-type -Wformat-security -fno-strict-aliasing -fwrapv -fexcess-precision=standard -Wno-format-truncation -Wno-stringop-truncation -g -O2 -I../../../src/include -D_GNU_SOURCE   -c -o pg_config.o pg_config.c
gcc -Wall -Wmissing-prototypes -Wpointer-arith -Wdeclaration-after-statement -Werror=vla -Wendif-labels -Wmissing-format-attribute -Wimplicit-fallthrough=3 -Wcast-function-type -Wformat-security -fno-strict-aliasing -fwrapv -fexcess-precision=standard -Wno-format-truncation -Wno-stringop-truncation -g -O2  pg_config.o -L../../../src/port -L../../../src/common   -Wl,--as-needed -Wl,-rpath,'/home/postgres/minipg/lib',--enable-new-dtags  -lpgcommon -lpgport -lz -lreadline -lm  -o pg_config
make[3]: Leaving directory '/home/postgres/works/my-github/minipg/src/bin/pg_config'
make -C pg_controldata all
make[3]: Entering directory '/home/postgres/works/my-github/minipg/src/bin/pg_controldata'
make -C ../../../src/port all
make[4]: Entering directory '/home/postgres/works/my-github/minipg/src/port'
make[4]: Nothing to be done for 'all'.
make[4]: Leaving directory '/home/postgres/works/my-github/minipg/src/port'
make -C ../../../src/common all
make[4]: Entering directory '/home/postgres/works/my-github/minipg/src/common'
make[4]: Nothing to be done for 'all'.
make[4]: Leaving directory '/home/postgres/works/my-github/minipg/src/common'
gcc -Wall -Wmissing-prototypes -Wpointer-arith -Wdeclaration-after-statement -Werror=vla -Wendif-labels -Wmissing-format-attribute -Wimplicit-fallthrough=3 -Wcast-function-type -Wformat-security -fno-strict-aliasing -fwrapv -fexcess-precision=standard -Wno-format-truncation -Wno-stringop-truncation -g -O2 -I../../../src/include -D_GNU_SOURCE   -c -o pg_controldata.o pg_controldata.c
gcc -Wall -Wmissing-prototypes -Wpointer-arith -Wdeclaration-after-statement -Werror=vla -Wendif-labels -Wmissing-format-attribute -Wimplicit-fallthrough=3 -Wcast-function-type -Wformat-security -fno-strict-aliasing -fwrapv -fexcess-precision=standard -Wno-format-truncation -Wno-stringop-truncation -g -O2 pg_controldata.o -L../../../src/port -L../../../src/common   -Wl,--as-needed -Wl,-rpath,'/home/postgres/minipg/lib',--enable-new-dtags  -lpgcommon -lpgport -lz -lreadline -lm  -o pg_controldata
make[3]: Leaving directory '/home/postgres/works/my-github/minipg/src/bin/pg_controldata'
make -C pg_ctl all
make[3]: Entering directory '/home/postgres/works/my-github/minipg/src/bin/pg_ctl'
make -C ../../../src/port all
make[4]: Entering directory '/home/postgres/works/my-github/minipg/src/port'
make[4]: Nothing to be done for 'all'.
make[4]: Leaving directory '/home/postgres/works/my-github/minipg/src/port'
make -C ../../../src/common all
make[4]: Entering directory '/home/postgres/works/my-github/minipg/src/common'
make[4]: Nothing to be done for 'all'.
make[4]: Leaving directory '/home/postgres/works/my-github/minipg/src/common'
gcc -Wall -Wmissing-prototypes -Wpointer-arith -Wdeclaration-after-statement -Werror=vla -Wendif-labels -Wmissing-format-attribute -Wimplicit-fallthrough=3 -Wcast-function-type -Wformat-security -fno-strict-aliasing -fwrapv -fexcess-precision=standard -Wno-format-truncation -Wno-stringop-truncation -g -O2 -I../../../src/include -D_GNU_SOURCE   -c -o pg_ctl.o pg_ctl.c
gcc -Wall -Wmissing-prototypes -Wpointer-arith -Wdeclaration-after-statement -Werror=vla -Wendif-labels -Wmissing-format-attribute -Wimplicit-fallthrough=3 -Wcast-function-type -Wformat-security -fno-strict-aliasing -fwrapv -fexcess-precision=standard -Wno-format-truncation -Wno-stringop-truncation -g -O2  pg_ctl.o -L../../../src/port -L../../../src/common   -Wl,--as-needed -Wl,-rpath,'/home/postgres/minipg/lib',--enable-new-dtags  -lpgcommon -lpgport -lz -lreadline -lm  -o pg_ctl
make[3]: Leaving directory '/home/postgres/works/my-github/minipg/src/bin/pg_ctl'
make -C pg_rewind all
make[3]: Entering directory '/home/postgres/works/my-github/minipg/src/bin/pg_rewind'
make -C ../../../src/interfaces/libpq all
make[4]: Entering directory '/home/postgres/works/my-github/minipg/src/interfaces/libpq'
make -C ../../../src/port all
make[5]: Entering directory '/home/postgres/works/my-github/minipg/src/port'
make[5]: Nothing to be done for 'all'.
make[5]: Leaving directory '/home/postgres/works/my-github/minipg/src/port'
make -C ../../../src/common all
make[5]: Entering directory '/home/postgres/works/my-github/minipg/src/common'
make[5]: Nothing to be done for 'all'.
make[5]: Leaving directory '/home/postgres/works/my-github/minipg/src/common'
make[4]: Leaving directory '/home/postgres/works/my-github/minipg/src/interfaces/libpq'
make -C ../../../src/port all
make[4]: Entering directory '/home/postgres/works/my-github/minipg/src/port'
make[4]: Nothing to be done for 'all'.
make[4]: Leaving directory '/home/postgres/works/my-github/minipg/src/port'
make -C ../../../src/common all
make[4]: Entering directory '/home/postgres/works/my-github/minipg/src/common'
make[4]: Nothing to be done for 'all'.
make[4]: Leaving directory '/home/postgres/works/my-github/minipg/src/common'
gcc -Wall -Wmissing-prototypes -Wpointer-arith -Wdeclaration-after-statement -Werror=vla -Wendif-labels -Wmissing-format-attribute -Wimplicit-fallthrough=3 -Wcast-function-type -Wformat-security -fno-strict-aliasing -fwrapv -fexcess-precision=standard -Wno-format-truncation -Wno-stringop-truncation -g -O2 -I../../../src/interfaces/libpq -DFRONTEND -I../../../src/include -D_GNU_SOURCE   -c -o datapagemap.o datapagemap.c
gcc -Wall -Wmissing-prototypes -Wpointer-arith -Wdeclaration-after-statement -Werror=vla -Wendif-labels -Wmissing-format-attribute -Wimplicit-fallthrough=3 -Wcast-function-type -Wformat-security -fno-strict-aliasing -fwrapv -fexcess-precision=standard -Wno-format-truncation -Wno-stringop-truncation -g -O2 -I../../../src/interfaces/libpq -DFRONTEND -I../../../src/include -D_GNU_SOURCE   -c -o file_ops.o file_ops.c
gcc -Wall -Wmissing-prototypes -Wpointer-arith -Wdeclaration-after-statement -Werror=vla -Wendif-labels -Wmissing-format-attribute -Wimplicit-fallthrough=3 -Wcast-function-type -Wformat-security -fno-strict-aliasing -fwrapv -fexcess-precision=standard -Wno-format-truncation -Wno-stringop-truncation -g -O2 -I../../../src/interfaces/libpq -DFRONTEND -I../../../src/include -D_GNU_SOURCE   -c -o filemap.o filemap.c
gcc -Wall -Wmissing-prototypes -Wpointer-arith -Wdeclaration-after-statement -Werror=vla -Wendif-labels -Wmissing-format-attribute -Wimplicit-fallthrough=3 -Wcast-function-type -Wformat-security -fno-strict-aliasing -fwrapv -fexcess-precision=standard -Wno-format-truncation -Wno-stringop-truncation -g -O2 -I../../../src/interfaces/libpq -DFRONTEND -I../../../src/include -D_GNU_SOURCE   -c -o libpq_source.o libpq_source.c
gcc -Wall -Wmissing-prototypes -Wpointer-arith -Wdeclaration-after-statement -Werror=vla -Wendif-labels -Wmissing-format-attribute -Wimplicit-fallthrough=3 -Wcast-function-type -Wformat-security -fno-strict-aliasing -fwrapv -fexcess-precision=standard -Wno-format-truncation -Wno-stringop-truncation -g -O2 -I../../../src/interfaces/libpq -DFRONTEND -I../../../src/include -D_GNU_SOURCE   -c -o local_source.o local_source.c
gcc -Wall -Wmissing-prototypes -Wpointer-arith -Wdeclaration-after-statement -Werror=vla -Wendif-labels -Wmissing-format-attribute -Wimplicit-fallthrough=3 -Wcast-function-type -Wformat-security -fno-strict-aliasing -fwrapv -fexcess-precision=standard -Wno-format-truncation -Wno-stringop-truncation -g -O2 -I../../../src/interfaces/libpq -DFRONTEND -I../../../src/include -D_GNU_SOURCE   -c -o parsexlog.o parsexlog.c
gcc -Wall -Wmissing-prototypes -Wpointer-arith -Wdeclaration-after-statement -Werror=vla -Wendif-labels -Wmissing-format-attribute -Wimplicit-fallthrough=3 -Wcast-function-type -Wformat-security -fno-strict-aliasing -fwrapv -fexcess-precision=standard -Wno-format-truncation -Wno-stringop-truncation -g -O2 -I../../../src/interfaces/libpq -DFRONTEND -I../../../src/include -D_GNU_SOURCE   -c -o pg_rewind.o pg_rewind.c
gcc -Wall -Wmissing-prototypes -Wpointer-arith -Wdeclaration-after-statement -Werror=vla -Wendif-labels -Wmissing-format-attribute -Wimplicit-fallthrough=3 -Wcast-function-type -Wformat-security -fno-strict-aliasing -fwrapv -fexcess-precision=standard -Wno-format-truncation -Wno-stringop-truncation -g -O2 -I../../../src/interfaces/libpq -DFRONTEND -I../../../src/include -D_GNU_SOURCE   -c -o timeline.o timeline.c
rm -f xlogreader.c && ln -s ../../../src/backend/access/transam/xlogreader.c .
gcc -Wall -Wmissing-prototypes -Wpointer-arith -Wdeclaration-after-statement -Werror=vla -Wendif-labels -Wmissing-format-attribute -Wimplicit-fallthrough=3 -Wcast-function-type -Wformat-security -fno-strict-aliasing -fwrapv -fexcess-precision=standard -Wno-format-truncation -Wno-stringop-truncation -g -O2 -I../../../src/interfaces/libpq -DFRONTEND -I../../../src/include -D_GNU_SOURCE   -c -o xlogreader.o xlogreader.c
gcc -Wall -Wmissing-prototypes -Wpointer-arith -Wdeclaration-after-statement -Werror=vla -Wendif-labels -Wmissing-format-attribute -Wimplicit-fallthrough=3 -Wcast-function-type -Wformat-security -fno-strict-aliasing -fwrapv -fexcess-precision=standard -Wno-format-truncation -Wno-stringop-truncation -g -O2 datapagemap.o file_ops.o filemap.o libpq_source.o local_source.o parsexlog.o pg_rewind.o timeline.o xlogreader.o -L../../../src/port -L../../../src/common -L../../../src/fe_utils -lpgfeutils -L../../../src/common -lpgcommon -L../../../src/port -lpgport -L../../../src/interfaces/libpq -lpq   -Wl,--as-needed -Wl,-rpath,'/home/postgres/minipg/lib',--enable-new-dtags  -lpgcommon -lpgport -lz -lreadline -lm  -o pg_rewind
make[3]: Leaving directory '/home/postgres/works/my-github/minipg/src/bin/pg_rewind'
make -C pg_waldump all
make[3]: Entering directory '/home/postgres/works/my-github/minipg/src/bin/pg_waldump'
make -C ../../../src/port all
make[4]: Entering directory '/home/postgres/works/my-github/minipg/src/port'
make[4]: Nothing to be done for 'all'.
make[4]: Leaving directory '/home/postgres/works/my-github/minipg/src/port'
make -C ../../../src/common all
make[4]: Entering directory '/home/postgres/works/my-github/minipg/src/common'
make[4]: Nothing to be done for 'all'.
make[4]: Leaving directory '/home/postgres/works/my-github/minipg/src/common'
rm -f clogdesc.c && ln -s ../../../src/backend/access/rmgrdesc/clogdesc.c .
gcc -Wall -Wmissing-prototypes -Wpointer-arith -Wdeclaration-after-statement -Werror=vla -Wendif-labels -Wmissing-format-attribute -Wimplicit-fallthrough=3 -Wcast-function-type -Wformat-security -fno-strict-aliasing -fwrapv -fexcess-precision=standard -Wno-format-truncation -Wno-stringop-truncation -g -O2 -DFRONTEND -I../../../src/include -D_GNU_SOURCE   -c -o clogdesc.o clogdesc.c
rm -f committsdesc.c && ln -s ../../../src/backend/access/rmgrdesc/committsdesc.c .
gcc -Wall -Wmissing-prototypes -Wpointer-arith -Wdeclaration-after-statement -Werror=vla -Wendif-labels -Wmissing-format-attribute -Wimplicit-fallthrough=3 -Wcast-function-type -Wformat-security -fno-strict-aliasing -fwrapv -fexcess-precision=standard -Wno-format-truncation -Wno-stringop-truncation -g -O2 -DFRONTEND -I../../../src/include -D_GNU_SOURCE   -c -o committsdesc.o committsdesc.c
rm -f dbasedesc.c && ln -s ../../../src/backend/access/rmgrdesc/dbasedesc.c .
gcc -Wall -Wmissing-prototypes -Wpointer-arith -Wdeclaration-after-statement -Werror=vla -Wendif-labels -Wmissing-format-attribute -Wimplicit-fallthrough=3 -Wcast-function-type -Wformat-security -fno-strict-aliasing -fwrapv -fexcess-precision=standard -Wno-format-truncation -Wno-stringop-truncation -g -O2 -DFRONTEND -I../../../src/include -D_GNU_SOURCE   -c -o dbasedesc.o dbasedesc.c
rm -f genericdesc.c && ln -s ../../../src/backend/access/rmgrdesc/genericdesc.c .
gcc -Wall -Wmissing-prototypes -Wpointer-arith -Wdeclaration-after-statement -Werror=vla -Wendif-labels -Wmissing-format-attribute -Wimplicit-fallthrough=3 -Wcast-function-type -Wformat-security -fno-strict-aliasing -fwrapv -fexcess-precision=standard -Wno-format-truncation -Wno-stringop-truncation -g -O2 -DFRONTEND -I../../../src/include -D_GNU_SOURCE   -c -o genericdesc.o genericdesc.c
rm -f hashdesc.c && ln -s ../../../src/backend/access/rmgrdesc/hashdesc.c .
gcc -Wall -Wmissing-prototypes -Wpointer-arith -Wdeclaration-after-statement -Werror=vla -Wendif-labels -Wmissing-format-attribute -Wimplicit-fallthrough=3 -Wcast-function-type -Wformat-security -fno-strict-aliasing -fwrapv -fexcess-precision=standard -Wno-format-truncation -Wno-stringop-truncation -g -O2 -DFRONTEND -I../../../src/include -D_GNU_SOURCE   -c -o hashdesc.o hashdesc.c
rm -f heapdesc.c && ln -s ../../../src/backend/access/rmgrdesc/heapdesc.c .
gcc -Wall -Wmissing-prototypes -Wpointer-arith -Wdeclaration-after-statement -Werror=vla -Wendif-labels -Wmissing-format-attribute -Wimplicit-fallthrough=3 -Wcast-function-type -Wformat-security -fno-strict-aliasing -fwrapv -fexcess-precision=standard -Wno-format-truncation -Wno-stringop-truncation -g -O2 -DFRONTEND -I../../../src/include -D_GNU_SOURCE   -c -o heapdesc.o heapdesc.c
rm -f mxactdesc.c && ln -s ../../../src/backend/access/rmgrdesc/mxactdesc.c .
gcc -Wall -Wmissing-prototypes -Wpointer-arith -Wdeclaration-after-statement -Werror=vla -Wendif-labels -Wmissing-format-attribute -Wimplicit-fallthrough=3 -Wcast-function-type -Wformat-security -fno-strict-aliasing -fwrapv -fexcess-precision=standard -Wno-format-truncation -Wno-stringop-truncation -g -O2 -DFRONTEND -I../../../src/include -D_GNU_SOURCE   -c -o mxactdesc.o mxactdesc.c
rm -f nbtdesc.c && ln -s ../../../src/backend/access/rmgrdesc/nbtdesc.c .
gcc -Wall -Wmissing-prototypes -Wpointer-arith -Wdeclaration-after-statement -Werror=vla -Wendif-labels -Wmissing-format-attribute -Wimplicit-fallthrough=3 -Wcast-function-type -Wformat-security -fno-strict-aliasing -fwrapv -fexcess-precision=standard -Wno-format-truncation -Wno-stringop-truncation -g -O2 -DFRONTEND -I../../../src/include -D_GNU_SOURCE   -c -o nbtdesc.o nbtdesc.c
rm -f relmapdesc.c && ln -s ../../../src/backend/access/rmgrdesc/relmapdesc.c .
gcc -Wall -Wmissing-prototypes -Wpointer-arith -Wdeclaration-after-statement -Werror=vla -Wendif-labels -Wmissing-format-attribute -Wimplicit-fallthrough=3 -Wcast-function-type -Wformat-security -fno-strict-aliasing -fwrapv -fexcess-precision=standard -Wno-format-truncation -Wno-stringop-truncation -g -O2 -DFRONTEND -I../../../src/include -D_GNU_SOURCE   -c -o relmapdesc.o relmapdesc.c
rm -f smgrdesc.c && ln -s ../../../src/backend/access/rmgrdesc/smgrdesc.c .
gcc -Wall -Wmissing-prototypes -Wpointer-arith -Wdeclaration-after-statement -Werror=vla -Wendif-labels -Wmissing-format-attribute -Wimplicit-fallthrough=3 -Wcast-function-type -Wformat-security -fno-strict-aliasing -fwrapv -fexcess-precision=standard -Wno-format-truncation -Wno-stringop-truncation -g -O2 -DFRONTEND -I../../../src/include -D_GNU_SOURCE   -c -o smgrdesc.o smgrdesc.c
rm -f standbydesc.c && ln -s ../../../src/backend/access/rmgrdesc/standbydesc.c .
gcc -Wall -Wmissing-prototypes -Wpointer-arith -Wdeclaration-after-statement -Werror=vla -Wendif-labels -Wmissing-format-attribute -Wimplicit-fallthrough=3 -Wcast-function-type -Wformat-security -fno-strict-aliasing -fwrapv -fexcess-precision=standard -Wno-format-truncation -Wno-stringop-truncation -g -O2 -DFRONTEND -I../../../src/include -D_GNU_SOURCE   -c -o standbydesc.o standbydesc.c
rm -f tblspcdesc.c && ln -s ../../../src/backend/access/rmgrdesc/tblspcdesc.c .
gcc -Wall -Wmissing-prototypes -Wpointer-arith -Wdeclaration-after-statement -Werror=vla -Wendif-labels -Wmissing-format-attribute -Wimplicit-fallthrough=3 -Wcast-function-type -Wformat-security -fno-strict-aliasing -fwrapv -fexcess-precision=standard -Wno-format-truncation -Wno-stringop-truncation -g -O2 -DFRONTEND -I../../../src/include -D_GNU_SOURCE   -c -o tblspcdesc.o tblspcdesc.c
rm -f xactdesc.c && ln -s ../../../src/backend/access/rmgrdesc/xactdesc.c .
gcc -Wall -Wmissing-prototypes -Wpointer-arith -Wdeclaration-after-statement -Werror=vla -Wendif-labels -Wmissing-format-attribute -Wimplicit-fallthrough=3 -Wcast-function-type -Wformat-security -fno-strict-aliasing -fwrapv -fexcess-precision=standard -Wno-format-truncation -Wno-stringop-truncation -g -O2 -DFRONTEND -I../../../src/include -D_GNU_SOURCE   -c -o xactdesc.o xactdesc.c
rm -f xlogdesc.c && ln -s ../../../src/backend/access/rmgrdesc/xlogdesc.c .
gcc -Wall -Wmissing-prototypes -Wpointer-arith -Wdeclaration-after-statement -Werror=vla -Wendif-labels -Wmissing-format-attribute -Wimplicit-fallthrough=3 -Wcast-function-type -Wformat-security -fno-strict-aliasing -fwrapv -fexcess-precision=standard -Wno-format-truncation -Wno-stringop-truncation -g -O2 -DFRONTEND -I../../../src/include -D_GNU_SOURCE   -c -o xlogdesc.o xlogdesc.c
gcc -Wall -Wmissing-prototypes -Wpointer-arith -Wdeclaration-after-statement -Werror=vla -Wendif-labels -Wmissing-format-attribute -Wimplicit-fallthrough=3 -Wcast-function-type -Wformat-security -fno-strict-aliasing -fwrapv -fexcess-precision=standard -Wno-format-truncation -Wno-stringop-truncation -g -O2 -DFRONTEND -I../../../src/include -D_GNU_SOURCE   -c -o compat.o compat.c
gcc -Wall -Wmissing-prototypes -Wpointer-arith -Wdeclaration-after-statement -Werror=vla -Wendif-labels -Wmissing-format-attribute -Wimplicit-fallthrough=3 -Wcast-function-type -Wformat-security -fno-strict-aliasing -fwrapv -fexcess-precision=standard -Wno-format-truncation -Wno-stringop-truncation -g -O2 -DFRONTEND -I../../../src/include -D_GNU_SOURCE   -c -o pg_waldump.o pg_waldump.c
gcc -Wall -Wmissing-prototypes -Wpointer-arith -Wdeclaration-after-statement -Werror=vla -Wendif-labels -Wmissing-format-attribute -Wimplicit-fallthrough=3 -Wcast-function-type -Wformat-security -fno-strict-aliasing -fwrapv -fexcess-precision=standard -Wno-format-truncation -Wno-stringop-truncation -g -O2 -DFRONTEND -I../../../src/include -D_GNU_SOURCE   -c -o rmgrdesc.o rmgrdesc.c
rm -f xlogreader.c && ln -s ../../../src/backend/access/transam/xlogreader.c .
gcc -Wall -Wmissing-prototypes -Wpointer-arith -Wdeclaration-after-statement -Werror=vla -Wendif-labels -Wmissing-format-attribute -Wimplicit-fallthrough=3 -Wcast-function-type -Wformat-security -fno-strict-aliasing -fwrapv -fexcess-precision=standard -Wno-format-truncation -Wno-stringop-truncation -g -O2 -DFRONTEND -I../../../src/include -D_GNU_SOURCE   -c -o xlogreader.o xlogreader.c
gcc -Wall -Wmissing-prototypes -Wpointer-arith -Wdeclaration-after-statement -Werror=vla -Wendif-labels -Wmissing-format-attribute -Wimplicit-fallthrough=3 -Wcast-function-type -Wformat-security -fno-strict-aliasing -fwrapv -fexcess-precision=standard -Wno-format-truncation -Wno-stringop-truncation -g -O2 clogdesc.o committsdesc.o dbasedesc.o genericdesc.o hashdesc.o heapdesc.o mxactdesc.o nbtdesc.o relmapdesc.o smgrdesc.o standbydesc.o tblspcdesc.o xactdesc.o xlogdesc.o compat.o pg_waldump.o rmgrdesc.o xlogreader.o -L../../../src/port -L../../../src/common   -Wl,--as-needed -Wl,-rpath,'/home/postgres/minipg/lib',--enable-new-dtags  -lpgcommon -lpgport -lz -lreadline -lm  -o pg_waldump
make[3]: Leaving directory '/home/postgres/works/my-github/minipg/src/bin/pg_waldump'
make -C psql all
make[3]: Entering directory '/home/postgres/works/my-github/minipg/src/bin/psql'
make -C ../../../src/interfaces/libpq all
make[4]: Entering directory '/home/postgres/works/my-github/minipg/src/interfaces/libpq'
make -C ../../../src/port all
make[5]: Entering directory '/home/postgres/works/my-github/minipg/src/port'
make[5]: Nothing to be done for 'all'.
make[5]: Leaving directory '/home/postgres/works/my-github/minipg/src/port'
make -C ../../../src/common all
make[5]: Entering directory '/home/postgres/works/my-github/minipg/src/common'
make[5]: Nothing to be done for 'all'.
make[5]: Leaving directory '/home/postgres/works/my-github/minipg/src/common'
make[4]: Leaving directory '/home/postgres/works/my-github/minipg/src/interfaces/libpq'
make -C ../../../src/port all
make[4]: Entering directory '/home/postgres/works/my-github/minipg/src/port'
make[4]: Nothing to be done for 'all'.
make[4]: Leaving directory '/home/postgres/works/my-github/minipg/src/port'
make -C ../../../src/common all
make[4]: Entering directory '/home/postgres/works/my-github/minipg/src/common'
make[4]: Nothing to be done for 'all'.
make[4]: Leaving directory '/home/postgres/works/my-github/minipg/src/common'
make -C ../../../src/port all
make[4]: Entering directory '/home/postgres/works/my-github/minipg/src/port'
make[4]: Nothing to be done for 'all'.
make[4]: Leaving directory '/home/postgres/works/my-github/minipg/src/port'
make -C ../../../src/common all
make[4]: Entering directory '/home/postgres/works/my-github/minipg/src/common'
make[4]: Nothing to be done for 'all'.
make[4]: Leaving directory '/home/postgres/works/my-github/minipg/src/common'
make -C ../../../src/fe_utils all
make[4]: Entering directory '/home/postgres/works/my-github/minipg/src/fe_utils'
make[4]: Nothing to be done for 'all'.
make[4]: Leaving directory '/home/postgres/works/my-github/minipg/src/fe_utils'
gcc -Wall -Wmissing-prototypes -Wpointer-arith -Wdeclaration-after-statement -Werror=vla -Wendif-labels -Wmissing-format-attribute -Wimplicit-fallthrough=3 -Wcast-function-type -Wformat-security -fno-strict-aliasing -fwrapv -fexcess-precision=standard -Wno-format-truncation -Wno-stringop-truncation -g -O2 -I. -I. -I../../../src/interfaces/libpq -I../../../src/include -D_GNU_SOURCE   -c -o command.o command.c
gcc -Wall -Wmissing-prototypes -Wpointer-arith -Wdeclaration-after-statement -Werror=vla -Wendif-labels -Wmissing-format-attribute -Wimplicit-fallthrough=3 -Wcast-function-type -Wformat-security -fno-strict-aliasing -fwrapv -fexcess-precision=standard -Wno-format-truncation -Wno-stringop-truncation -g -O2 -I. -I. -I../../../src/interfaces/libpq -I../../../src/include -D_GNU_SOURCE   -c -o common.o common.c
gcc -Wall -Wmissing-prototypes -Wpointer-arith -Wdeclaration-after-statement -Werror=vla -Wendif-labels -Wmissing-format-attribute -Wimplicit-fallthrough=3 -Wcast-function-type -Wformat-security -fno-strict-aliasing -fwrapv -fexcess-precision=standard -Wno-format-truncation -Wno-stringop-truncation -g -O2 -I. -I. -I../../../src/interfaces/libpq -I../../../src/include -D_GNU_SOURCE   -c -o crosstabview.o crosstabview.c
gcc -Wall -Wmissing-prototypes -Wpointer-arith -Wdeclaration-after-statement -Werror=vla -Wendif-labels -Wmissing-format-attribute -Wimplicit-fallthrough=3 -Wcast-function-type -Wformat-security -fno-strict-aliasing -fwrapv -fexcess-precision=standard -Wno-format-truncation -Wno-stringop-truncation -g -O2 -I. -I. -I../../../src/interfaces/libpq -I../../../src/include -D_GNU_SOURCE   -c -o describe.o describe.c
'/usr/bin/perl' create_help.pl ../../../doc/src/sgml/ref sql_help
gcc -Wall -Wmissing-prototypes -Wpointer-arith -Wdeclaration-after-statement -Werror=vla -Wendif-labels -Wmissing-format-attribute -Wimplicit-fallthrough=3 -Wcast-function-type -Wformat-security -fno-strict-aliasing -fwrapv -fexcess-precision=standard -Wno-format-truncation -Wno-stringop-truncation -g -O2 -I. -I. -I../../../src/interfaces/libpq -I../../../src/include -D_GNU_SOURCE   -c -o help.o help.c
gcc -Wall -Wmissing-prototypes -Wpointer-arith -Wdeclaration-after-statement -Werror=vla -Wendif-labels -Wmissing-format-attribute -Wimplicit-fallthrough=3 -Wcast-function-type -Wformat-security -fno-strict-aliasing -fwrapv -fexcess-precision=standard -Wno-format-truncation -Wno-stringop-truncation -g -O2 -I. -I. -I../../../src/interfaces/libpq -I../../../src/include -D_GNU_SOURCE   -c -o input.o input.c
gcc -Wall -Wmissing-prototypes -Wpointer-arith -Wdeclaration-after-statement -Werror=vla -Wendif-labels -Wmissing-format-attribute -Wimplicit-fallthrough=3 -Wcast-function-type -Wformat-security -fno-strict-aliasing -fwrapv -fexcess-precision=standard -Wno-format-truncation -Wno-stringop-truncation -g -O2 -I. -I. -I../../../src/interfaces/libpq -I../../../src/include -D_GNU_SOURCE   -c -o mainloop.o mainloop.c
gcc -Wall -Wmissing-prototypes -Wpointer-arith -Wdeclaration-after-statement -Werror=vla -Wendif-labels -Wmissing-format-attribute -Wimplicit-fallthrough=3 -Wcast-function-type -Wformat-security -fno-strict-aliasing -fwrapv -fexcess-precision=standard -Wno-format-truncation -Wno-stringop-truncation -g -O2 -I. -I. -I../../../src/interfaces/libpq -I../../../src/include -D_GNU_SOURCE   -c -o prompt.o prompt.c
/usr/bin/flex -b -Cfe -p -p -o'psqlscanslash.c' psqlscanslash.l
'/usr/bin/perl' ../../../src/tools/fix-old-flex-code.pl 'psqlscanslash.c'
gcc -Wall -Wmissing-prototypes -Wpointer-arith -Wdeclaration-after-statement -Werror=vla -Wendif-labels -Wmissing-format-attribute -Wimplicit-fallthrough=3 -Wcast-function-type -Wformat-security -fno-strict-aliasing -fwrapv -fexcess-precision=standard -Wno-format-truncation -Wno-stringop-truncation -g -O2 -I. -I. -I../../../src/interfaces/libpq -I../../../src/include -D_GNU_SOURCE   -c -o psqlscanslash.o psqlscanslash.c
touch sql_help.c
gcc -Wall -Wmissing-prototypes -Wpointer-arith -Wdeclaration-after-statement -Werror=vla -Wendif-labels -Wmissing-format-attribute -Wimplicit-fallthrough=3 -Wcast-function-type -Wformat-security -fno-strict-aliasing -fwrapv -fexcess-precision=standard -Wno-format-truncation -Wno-stringop-truncation -g -O2 -I. -I. -I../../../src/interfaces/libpq -I../../../src/include -D_GNU_SOURCE   -c -o sql_help.o sql_help.c
gcc -Wall -Wmissing-prototypes -Wpointer-arith -Wdeclaration-after-statement -Werror=vla -Wendif-labels -Wmissing-format-attribute -Wimplicit-fallthrough=3 -Wcast-function-type -Wformat-security -fno-strict-aliasing -fwrapv -fexcess-precision=standard -Wno-format-truncation -Wno-stringop-truncation -g -O2 -I. -I. -I../../../src/interfaces/libpq -I../../../src/include -D_GNU_SOURCE   -c -o startup.o startup.c
gcc -Wall -Wmissing-prototypes -Wpointer-arith -Wdeclaration-after-statement -Werror=vla -Wendif-labels -Wmissing-format-attribute -Wimplicit-fallthrough=3 -Wcast-function-type -Wformat-security -fno-strict-aliasing -fwrapv -fexcess-precision=standard -Wno-format-truncation -Wno-stringop-truncation -g -O2 -I. -I. -I../../../src/interfaces/libpq -I../../../src/include -D_GNU_SOURCE   -c -o stringutils.o stringutils.c
gcc -Wall -Wmissing-prototypes -Wpointer-arith -Wdeclaration-after-statement -Werror=vla -Wendif-labels -Wmissing-format-attribute -Wimplicit-fallthrough=3 -Wcast-function-type -Wformat-security -fno-strict-aliasing -fwrapv -fexcess-precision=standard -Wno-format-truncation -Wno-stringop-truncation -g -O2 -I. -I. -I../../../src/interfaces/libpq -I../../../src/include -D_GNU_SOURCE   -c -o tab-complete.o tab-complete.c
gcc -Wall -Wmissing-prototypes -Wpointer-arith -Wdeclaration-after-statement -Werror=vla -Wendif-labels -Wmissing-format-attribute -Wimplicit-fallthrough=3 -Wcast-function-type -Wformat-security -fno-strict-aliasing -fwrapv -fexcess-precision=standard -Wno-format-truncation -Wno-stringop-truncation -g -O2 -I. -I. -I../../../src/interfaces/libpq -I../../../src/include -D_GNU_SOURCE   -c -o variables.o variables.c
gcc -Wall -Wmissing-prototypes -Wpointer-arith -Wdeclaration-after-statement -Werror=vla -Wendif-labels -Wmissing-format-attribute -Wimplicit-fallthrough=3 -Wcast-function-type -Wformat-security -fno-strict-aliasing -fwrapv -fexcess-precision=standard -Wno-format-truncation -Wno-stringop-truncation -g -O2  command.o common.o crosstabview.o describe.o help.o input.o mainloop.o prompt.o psqlscanslash.o sql_help.o startup.o stringutils.o tab-complete.o variables.o -L../../../src/port -L../../../src/common -L../../../src/fe_utils -lpgfeutils -L../../../src/common -lpgcommon -L../../../src/port -lpgport -L../../../src/interfaces/libpq -lpq   -Wl,--as-needed -Wl,-rpath,'/home/postgres/minipg/lib',--enable-new-dtags  -lpgcommon -lpgport -lz -lreadline -lm  -o psql
make[3]: Leaving directory '/home/postgres/works/my-github/minipg/src/bin/psql'
make[2]: Leaving directory '/home/postgres/works/my-github/minipg/src/bin'
make -C makefiles all
make[2]: Entering directory '/home/postgres/works/my-github/minipg/src/makefiles'
make[2]: Nothing to be done for 'all'.
make[2]: Leaving directory '/home/postgres/works/my-github/minipg/src/makefiles'
make -C test/regress all
make[2]: Entering directory '/home/postgres/works/my-github/minipg/src/test/regress'
make -C ../../../src/port all
make[3]: Entering directory '/home/postgres/works/my-github/minipg/src/port'
make[3]: Nothing to be done for 'all'.
make[3]: Leaving directory '/home/postgres/works/my-github/minipg/src/port'
make -C ../../../src/common all
make[3]: Entering directory '/home/postgres/works/my-github/minipg/src/common'
make[3]: Nothing to be done for 'all'.
make[3]: Leaving directory '/home/postgres/works/my-github/minipg/src/common'
gcc -Wall -Wmissing-prototypes -Wpointer-arith -Wdeclaration-after-statement -Werror=vla -Wendif-labels -Wmissing-format-attribute -Wimplicit-fallthrough=3 -Wcast-function-type -Wformat-security -fno-strict-aliasing -fwrapv -fexcess-precision=standard -Wno-format-truncation -Wno-stringop-truncation -g -O2 -fPIC -I../../../src/include -D_GNU_SOURCE   -c -o regress.o regress.c
gcc -Wall -Wmissing-prototypes -Wpointer-arith -Wdeclaration-after-statement -Werror=vla -Wendif-labels -Wmissing-format-attribute -Wimplicit-fallthrough=3 -Wcast-function-type -Wformat-security -fno-strict-aliasing -fwrapv -fexcess-precision=standard -Wno-format-truncation -Wno-stringop-truncation -g -O2 -fPIC -shared -o regress.so  regress.o -L../../../src/port -L../../../src/common    -Wl,--as-needed -Wl,-rpath,'/home/postgres/minipg/lib',--enable-new-dtags  
gcc -Wall -Wmissing-prototypes -Wpointer-arith -Wdeclaration-after-statement -Werror=vla -Wendif-labels -Wmissing-format-attribute -Wimplicit-fallthrough=3 -Wcast-function-type -Wformat-security -fno-strict-aliasing -fwrapv -fexcess-precision=standard -Wno-format-truncation -Wno-stringop-truncation -g -O2 -fPIC -I../../../src/include -D_GNU_SOURCE  -I../../../src/port '-DHOST_TUPLE="x86_64-pc-linux-gnu"' '-DSHELLPROG="/bin/sh"' '-DDLSUFFIX=".so"'  -c -o pg_regress.o pg_regress.c
gcc -Wall -Wmissing-prototypes -Wpointer-arith -Wdeclaration-after-statement -Werror=vla -Wendif-labels -Wmissing-format-attribute -Wimplicit-fallthrough=3 -Wcast-function-type -Wformat-security -fno-strict-aliasing -fwrapv -fexcess-precision=standard -Wno-format-truncation -Wno-stringop-truncation -g -O2 -fPIC -I../../../src/include -D_GNU_SOURCE   -c -o pg_regress_main.o pg_regress_main.c
gcc -Wall -Wmissing-prototypes -Wpointer-arith -Wdeclaration-after-statement -Werror=vla -Wendif-labels -Wmissing-format-attribute -Wimplicit-fallthrough=3 -Wcast-function-type -Wformat-security -fno-strict-aliasing -fwrapv -fexcess-precision=standard -Wno-format-truncation -Wno-stringop-truncation -g -O2 -fPIC pg_regress.o pg_regress_main.o -L../../../src/port -L../../../src/common    -Wl,--as-needed -Wl,-rpath,'/home/postgres/minipg/lib',--enable-new-dtags  -lpgcommon -lpgport -lz -lreadline -lm  -o pg_regress
make[2]: Leaving directory '/home/postgres/works/my-github/minipg/src/test/regress'
make -C test/isolation all
make[2]: Entering directory '/home/postgres/works/my-github/minipg/src/test/isolation'
make -C ../../../src/interfaces/libpq all
make[3]: Entering directory '/home/postgres/works/my-github/minipg/src/interfaces/libpq'
make -C ../../../src/port all
make[4]: Entering directory '/home/postgres/works/my-github/minipg/src/port'
make[4]: Nothing to be done for 'all'.
make[4]: Leaving directory '/home/postgres/works/my-github/minipg/src/port'
make -C ../../../src/common all
make[4]: Entering directory '/home/postgres/works/my-github/minipg/src/common'
make[4]: Nothing to be done for 'all'.
make[4]: Leaving directory '/home/postgres/works/my-github/minipg/src/common'
make[3]: Leaving directory '/home/postgres/works/my-github/minipg/src/interfaces/libpq'
make -C ../../../src/port all
make[3]: Entering directory '/home/postgres/works/my-github/minipg/src/port'
make[3]: Nothing to be done for 'all'.
make[3]: Leaving directory '/home/postgres/works/my-github/minipg/src/port'
make -C ../../../src/common all
make[3]: Entering directory '/home/postgres/works/my-github/minipg/src/common'
make[3]: Nothing to be done for 'all'.
make[3]: Leaving directory '/home/postgres/works/my-github/minipg/src/common'
gcc -Wall -Wmissing-prototypes -Wpointer-arith -Wdeclaration-after-statement -Werror=vla -Wendif-labels -Wmissing-format-attribute -Wimplicit-fallthrough=3 -Wcast-function-type -Wformat-security -fno-strict-aliasing -fwrapv -fexcess-precision=standard -Wno-format-truncation -Wno-stringop-truncation -g -O2 -I. -I. -I../../../src/interfaces/libpq -I./../regress -I../../../src/include -D_GNU_SOURCE   -c -o isolationtester.o isolationtester.c
/usr/bin/bison -Wno-deprecated  -o specparse.c specparse.y
/usr/bin/flex   -o'specscanner.c' specscanner.l
gcc -Wall -Wmissing-prototypes -Wpointer-arith -Wdeclaration-after-statement -Werror=vla -Wendif-labels -Wmissing-format-attribute -Wimplicit-fallthrough=3 -Wcast-function-type -Wformat-security -fno-strict-aliasing -fwrapv -fexcess-precision=standard -Wno-format-truncation -Wno-stringop-truncation -g -O2 -I. -I. -I../../../src/interfaces/libpq -I./../regress -I../../../src/include -D_GNU_SOURCE   -c -o specparse.o specparse.c
gcc -Wall -Wmissing-prototypes -Wpointer-arith -Wdeclaration-after-statement -Werror=vla -Wendif-labels -Wmissing-format-attribute -Wimplicit-fallthrough=3 -Wcast-function-type -Wformat-security -fno-strict-aliasing -fwrapv -fexcess-precision=standard -Wno-format-truncation -Wno-stringop-truncation -g -O2 isolationtester.o specparse.o -L../../../src/common -lpgcommon -L../../../src/port -lpgport -L../../../src/interfaces/libpq -lpq -L../../../src/port -L../../../src/common   -Wl,--as-needed -Wl,-rpath,'/home/postgres/minipg/lib',--enable-new-dtags  -lpgcommon -lpgport -lz -lreadline -lm  -o isolationtester
gcc -Wall -Wmissing-prototypes -Wpointer-arith -Wdeclaration-after-statement -Werror=vla -Wendif-labels -Wmissing-format-attribute -Wimplicit-fallthrough=3 -Wcast-function-type -Wformat-security -fno-strict-aliasing -fwrapv -fexcess-precision=standard -Wno-format-truncation -Wno-stringop-truncation -g -O2 -I. -I. -I../../../src/interfaces/libpq -I./../regress -I../../../src/include -D_GNU_SOURCE   -c -o isolation_main.o isolation_main.c
make -C ../../../src/test/regress pg_regress.o
make[3]: Entering directory '/home/postgres/works/my-github/minipg/src/test/regress'
make -C ../../../src/port all
make[4]: Entering directory '/home/postgres/works/my-github/minipg/src/port'
make[4]: Nothing to be done for 'all'.
make[4]: Leaving directory '/home/postgres/works/my-github/minipg/src/port'
make -C ../../../src/common all
make[4]: Entering directory '/home/postgres/works/my-github/minipg/src/common'
make[4]: Nothing to be done for 'all'.
make[4]: Leaving directory '/home/postgres/works/my-github/minipg/src/common'
make[3]: Leaving directory '/home/postgres/works/my-github/minipg/src/test/regress'
rm -f pg_regress.o && ln -s ../../../src/test/regress/pg_regress.o .
gcc -Wall -Wmissing-prototypes -Wpointer-arith -Wdeclaration-after-statement -Werror=vla -Wendif-labels -Wmissing-format-attribute -Wimplicit-fallthrough=3 -Wcast-function-type -Wformat-security -fno-strict-aliasing -fwrapv -fexcess-precision=standard -Wno-format-truncation -Wno-stringop-truncation -g -O2 isolation_main.o pg_regress.o -L../../../src/port -L../../../src/common   -Wl,--as-needed -Wl,-rpath,'/home/postgres/minipg/lib',--enable-new-dtags  -lpgcommon -lpgport -lz -lreadline -lm  -o pg_isolation_regress
make[2]: Leaving directory '/home/postgres/works/my-github/minipg/src/test/isolation'
make -C test/perl all
make[2]: Entering directory '/home/postgres/works/my-github/minipg/src/test/perl'
make[2]: Nothing to be done for 'all'.
make[2]: Leaving directory '/home/postgres/works/my-github/minipg/src/test/perl'
make[1]: Leaving directory '/home/postgres/works/my-github/minipg/src'
make -C config all
make[1]: Entering directory '/home/postgres/works/my-github/minipg/config'
make[1]: Nothing to be done for 'all'.
make[1]: Leaving directory '/home/postgres/works/my-github/minipg/config'
